Component: ARM Compiler 5.06 update 3 (build 300) Tool: armlink [4d35c9]

==============================================================================

Section Cross References

    key.o(i.Key_Scan) refers to key.o(.data) for .data
    normal_display.o(i.All_Color) refers to led_class.o(.bss) for LedData
    normal_display.o(i.All_Off) refers to normal_display.o(i.All_Color) for All_Color
    normal_display.o(i.All_Off) refers to display_ctrl.o(.data) for DisplayData
    normal_display.o(i.Blink) refers to uidiv.o(.text) for __aeabi_uidivmod
    normal_display.o(i.Blink) refers to rand.o(.text) for srand
    normal_display.o(i.Blink) refers to display_ctrl.o(.data) for DisplayData
    normal_display.o(i.Blink) refers to led_class.o(.bss) for LedData
    normal_display.o(i.Blink) refers to display_ctrl.o(.data) for TempLed
    normal_display.o(i.Blink) refers to display_ctrl.o(.data) for SpeedTime
    normal_display.o(i.Blink) refers to display_ctrl.o(.data) for ColorNum
    normal_display.o(i.Blink) refers to display_ctrl.o(.bss) for ColorData
    normal_display.o(i.Blink) refers to display_ctrl.o(.data) for TempColor
    normal_display.o(i.Blink) refers to display_ctrl.o(.bss) for ModeTime
    normal_display.o(i.Blink) refers to display_ctrl.o(.bss) for HoldTime
    normal_display.o(i.Blink) refers to display_ctrl.o(.bss) for ModeStep
    normal_display.o(i.Blue_Flash) refers to normal_display.o(i.All_Color) for All_Color
    normal_display.o(i.Blue_Flash) refers to display_ctrl.o(.data) for DisplayData
    normal_display.o(i.Blue_Flash) refers to display_ctrl.o(.data) for TempR
    normal_display.o(i.Blue_Flash) refers to display_ctrl.o(.data) for TempG
    normal_display.o(i.Blue_Flash) refers to display_ctrl.o(.data) for SpeedTime
    normal_display.o(i.Blue_Flash) refers to display_ctrl.o(.bss) for ModeStep
    normal_display.o(i.Blue_Flash) refers to display_ctrl.o(.data) for TempB
    normal_display.o(i.Color_Show) refers to normal_display.o(i.All_Color) for All_Color
    normal_display.o(i.Color_Show) refers to normal_display.o(i.__ARM_common_switch8) for __ARM_common_switch8
    normal_display.o(i.Color_Show) refers to display_ctrl.o(.data) for DisplayData
    normal_display.o(i.Color_Show) refers to display_ctrl.o(.bss) for ModeStep
    normal_display.o(i.Color_Show) refers to display_ctrl.o(.data) for TempR
    normal_display.o(i.Color_Show) refers to display_ctrl.o(.data) for TempG
    normal_display.o(i.Color_Show) refers to display_ctrl.o(.data) for TempB
    normal_display.o(i.Color_Show) refers to display_ctrl.o(.data) for HorseOrder
    normal_display.o(i.Color_Show) refers to display_ctrl.o(.bss) for ModeTime
    normal_display.o(i.Color_Show) refers to display_ctrl.o(.data) for HorseCnt
    normal_display.o(i.Color_Show) refers to display_ctrl.o(.data) for HorseWaitTime
    normal_display.o(i.Color_Show) refers to display_ctrl.o(.data) for TempLed
    normal_display.o(i.Color_Show) refers to display_ctrl.o(.bss) for HoldTime
    normal_display.o(i.Color_Show) refers to data_process.o(.data) for SynFlag
    normal_display.o(i.Color_Show) refers to display_ctrl.o(.data) for HorseStep
    normal_display.o(i.Color_Show) refers to display_ctrl.o(.data) for ModeSynFlag
    normal_display.o(i.Color_Show) refers to led_class.o(.bss) for LedData
    normal_display.o(i.Direct_Set) refers to normal_display.o(i.All_Color) for All_Color
    normal_display.o(i.Direct_Set) refers to display_ctrl.o(.data) for DisplayData
    normal_display.o(i.Direct_Set) refers to display_ctrl.o(.data) for SpeedTime
    normal_display.o(i.Direct_Set) refers to display_ctrl.o(.data) for TempR
    normal_display.o(i.Direct_Set) refers to display_ctrl.o(.data) for TempG
    normal_display.o(i.Direct_Set) refers to display_ctrl.o(.data) for TempB
    normal_display.o(i.Direct_Set) refers to display_ctrl.o(.bss) for ModeStep
    normal_display.o(i.Direct_Set) refers to display_ctrl.o(.data) for HorseStep
    normal_display.o(i.Direct_Set) refers to display_ctrl.o(.data) for TempLed
    normal_display.o(i.Direct_Set) refers to led_class.o(.bss) for LedData
    normal_display.o(i.Flower_Bloom) refers to normal_display.o(i.All_Color) for All_Color
    normal_display.o(i.Flower_Bloom) refers to rand.o(.text) for srand
    normal_display.o(i.Flower_Bloom) refers to uidiv.o(.text) for __aeabi_uidivmod
    normal_display.o(i.Flower_Bloom) refers to display_ctrl.o(.data) for DisplayData
    normal_display.o(i.Flower_Bloom) refers to display_ctrl.o(.bss) for ModeStep
    normal_display.o(i.Flower_Bloom) refers to display_ctrl.o(.data) for TempR
    normal_display.o(i.Flower_Bloom) refers to display_ctrl.o(.data) for HorseOrder
    normal_display.o(i.Flower_Bloom) refers to display_ctrl.o(.data) for SpeedTime
    normal_display.o(i.Flower_Bloom) refers to display_ctrl.o(.data) for ModeSynFlag
    normal_display.o(i.Flower_Bloom) refers to display_ctrl.o(.data) for TempLed
[...]
    printf3.o(i.__0fprintf$3) refers to printf3.o(i._printf_core) for _printf_core
    printf3.o(i.__0fprintf$3) refers to retarget.o(i.fputc) for fputc
    printf3.o(i.__0printf$3) refers to printf3.o(i._printf_core) for _printf_core
    printf3.o(i.__0printf$3) refers to retarget.o(i.fputc) for fputc
    printf3.o(i.__0printf$3) refers to retarget.o(.data) for __stdout
    printf3.o(i.__0snprintf$3) refers to printf3.o(i._printf_core) for _printf_core
    printf3.o(i.__0snprintf$3) refers to printf3.o(i._snputc) for _snputc
    printf3.o(i.__0sprintf$3) refers to printf3.o(i._printf_core) for _printf_core
    printf3.o(i.__0sprintf$3) refers to printf3.o(i._sputc) for _sputc
    printf3.o(i.__0vfprintf$3) refers to printf3.o(i._printf_core) for _printf_core
    printf3.o(i.__0vfprintf$3) refers to retarget.o(i.fputc) for fputc
    printf3.o(i.__0vprintf$3) refers to printf3.o(i._printf_core) for _printf_core
    printf3.o(i.__0vprintf$3) refers to retarget.o(i.fputc) for fputc
    printf3.o(i.__0vprintf$3) refers to retarget.o(.data) for __stdout
    printf3.o(i.__0vsnprintf$3) refers to printf3.o(i._printf_core) for _printf_core
    printf3.o(i.__0vsnprintf$3) refers to printf3.o(i._snputc) for _snputc
    printf3.o(i.__0vsprintf$3) refers to printf3.o(i._printf_core) for _printf_core
    printf3.o(i.__0vsprintf$3) refers to printf3.o(i._sputc) for _sputc
    printf3.o(i._printf_core) refers to uidiv.o(.text) for __aeabi_uidivmod
    printf4.o(i.__0fprintf$4) refers to printf4.o(i._printf_core) for _printf_core
    printf4.o(i.__0fprintf$4) refers to retarget.o(i.fputc) for fputc
    printf4.o(i.__0printf$4) refers to printf4.o(i._printf_core) for _printf_core
    printf4.o(i.__0printf$4) refers to retarget.o(i.fputc) for fputc
    printf4.o(i.__0printf$4) refers to retarget.o(.data) for __stdout
    printf4.o(i.__0snprintf$4) refers to printf4.o(i._printf_core) for _printf_core
    printf4.o(i.__0snprintf$4) refers to printf4.o(i._snputc) for _snputc
    printf4.o(i.__0sprintf$4) refers to printf4.o(i._printf_core) for _printf_core
    printf4.o(i.__0sprintf$4) refers to printf4.o(i._sputc) for _sputc
    printf4.o(i.__0vfprintf$4) refers to printf4.o(i._printf_core) for _printf_core
    printf4.o(i.__0vfprintf$4) refers to retarget.o(i.fputc) for fputc
    printf4.o(i.__0vprintf$4) refers to printf4.o(i._printf_core) for _printf_core
    printf4.o(i.__0vprintf$4) refers to retarget.o(i.fputc) for fputc
    printf4.o(i.__0vprintf$4) refers to retarget.o(.data) for __stdout
    printf4.o(i.__0vsnprintf$4) refers to printf4.o(i._printf_core) for _printf_core
    printf4.o(i.__0vsnprintf$4) refers to printf4.o(i._snputc) for _snputc
    printf4.o(i.__0vsprintf$4) refers to printf4.o(i._printf_core) for _printf_core
    printf4.o(i.__0vsprintf$4) refers to printf4.o(i._sputc) for _sputc
    printf4.o(i._printf_core) refers to uldiv.o(.text) for __aeabi_uldivmod
    printf5.o(i.__0fprintf$5) refers to printf5.o(i._printf_core) for _printf_core
    printf5.o(i.__0fprintf$5) refers to retarget.o(i.fputc) for fputc
    printf5.o(i.__0printf$5) refers to printf5.o(i._printf_core) for _printf_core
    printf5.o(i.__0printf$5) refers to retarget.o(i.fputc) for fputc
    printf5.o(i.__0printf$5) refers to retarget.o(.data) for __stdout
    printf5.o(i.__0snprintf$5) refers to printf5.o(i._printf_core) for _printf_core
    printf5.o(i.__0snprintf$5) refers to printf5.o(i._snputc) for _snputc
    printf5.o(i.__0sprintf$5) refers to printf5.o(i._printf_core) for _printf_core
    printf5.o(i.__0sprintf$5) refers to printf5.o(i._sputc) for _sputc
    printf5.o(i.__0vfprintf$5) refers to printf5.o(i._printf_core) for _printf_core
    printf5.o(i.__0vfprintf$5) refers to retarget.o(i.fputc) for fputc
    printf5.o(i.__0vprintf$5) refers to printf5.o(i._printf_core) for _printf_core
    printf5.o(i.__0vprintf$5) refers to retarget.o(i.fputc) for fputc
    printf5.o(i.__0vprintf$5) refers to retarget.o(.data) for __stdout
    printf5.o(i.__0vsnprintf$5) refers to printf5.o(i._printf_core) for _printf_core
    printf5.o(i.__0vsnprintf$5) refers to printf5.o(i._snputc) for _snputc
    printf5.o(i.__0vsprintf$5) refers to printf5.o(i._printf_core) for _printf_core
    printf5.o(i.__0vsprintf$5) refers to printf5.o(i._sputc) for _sputc
    printf5.o(i._printf_core) refers to uldiv.o(.text) for __aeabi_uldivmod
    printf6.o(i.__0fprintf$6) refers to printf6.o(i._printf_core) for _printf_core
    printf6.o(i.__0fprintf$6) refers to retarget.o(i.fputc) for fputc
    printf6.o(i.__0printf$6) refers to printf6.o(i._printf_core) for _printf_core
    printf6.o(i.__0printf$6) refers to retarget.o(i.fputc) for fputc
    printf6.o(i.__0printf$6) refers to retarget.o(.data) for __stdout
    printf6.o(i.__0snprintf$6) refers to printf6.o(i._printf_core) for _printf_core
    printf6.o(i.__0snprintf$6) refers to printf6.o(i._snputc) for _snputc
    printf6.o(i.__0sprintf$6) refers to printf6.o(i._printf_core) for _printf_core
    printf6.o(i.__0sprintf$6) refers to printf6.o(i._sputc) for _sputc
    printf6.o(i.__0vfprintf$6) refers to printf6.o(i._printf_core) for _printf_core
    printf6.o(i.__0vfprintf$6) refers to retarget.o(i.fputc) for fputc
    printf6.o(i.__0vprintf$6) refers to printf6.o(i._printf_core) for _printf_core
    printf6.o(i.__0vprintf$6) refers to retarget.o(i.fputc) for fputc
    printf6.o(i.__0vprintf$6) refers to retarget.o(.data) for __stdout
    printf6.o(i.__0vsnprintf$6) refers to printf6.o(i._printf_core) for _printf_core
    printf6.o(i.__0vsnprintf$6) refers to printf6.o(i._snputc) for _snputc
    printf6.o(i.__0vsprintf$6) refers to printf6.o(i._printf_core) for _printf_core
    printf6.o(i.__0vsprintf$6) refers to printf6.o(i._sputc) for _sputc
    printf6.o(i._printf_core) refers to printf6.o(i._printf_pre_padding) for _printf_pre_padding
    printf6.o(i._printf_core) refers to printf6.o(i._printf_post_padding) for _printf_post_padding
    printf6.o(i._printf_core) refers to uidiv.o(.text) for __aeabi_uidivmod
    printf7.o(i.__0fprintf$7) refers to printf7.o(i._printf_core) for _printf_core
    printf7.o(i.__0fprintf$7) refers to retarget.o(i.fputc) for fputc
    printf7.o(i.__0printf$7) refers to printf7.o(i._printf_core) for _printf_core
    printf7.o(i.__0printf$7) refers to retarget.o(i.fputc) for fputc
    printf7.o(i.__0printf$7) refers to retarget.o(.data) for __stdout
    printf7.o(i.__0snprintf$7) refers to printf7.o(i._printf_core) for _printf_core
    printf7.o(i.__0snprintf$7) refers to printf7.o(i._snputc) for _snputc
    printf7.o(i.__0sprintf$7) refers to printf7.o(i._printf_core) for _printf_core
    printf7.o(i.__0sprintf$7) refers to printf7.o(i._sputc) for _sputc
    printf7.o(i.__0vfprintf$7) refers to printf7.o(i._printf_core) for _printf_core
    printf7.o(i.__0vfprintf$7) refers to retarget.o(i.fputc) for fputc
    printf7.o(i.__0vprintf$7) refers to printf7.o(i._printf_core) for _printf_core
    printf7.o(i.__0vprintf$7) refers to retarget.o(i.fputc) for fputc
    printf7.o(i.__0vprintf$7) refers to retarget.o(.data) for __stdout
    printf7.o(i.__0vsnprintf$7) refers to printf7.o(i._printf_core) for _printf_core
    printf7.o(i.__0vsnprintf$7) refers to printf7.o(i._snputc) for _snputc
    printf7.o(i.__0vsprintf$7) refers to printf7.o(i._printf_core) for _printf_core
    printf7.o(i.__0vsprintf$7) refers to printf7.o(i._sputc) for _sputc
    printf7.o(i._printf_core) refers to printf7.o(i._printf_pre_padding) for _printf_pre_padding
    printf7.o(i._printf_core) refers to printf7.o(i._printf_post_padding) for _printf_post_padding
    printf7.o(i._printf_core) refers to uldiv.o(.text) for __aeabi_uldivmod
    printf8.o(i.__0fprintf$8) refers to printf8.o(i._printf_core) for _printf_core
    printf8.o(i.__0fprintf$8) refers to retarget.o(i.fputc) for fputc
    printf8.o(i.__0printf$8) refers to printf8.o(i._printf_core) for _printf_core
    printf8.o(i.__0printf$8) refers to retarget.o(i.fputc) for fputc
    printf8.o(i.__0printf$8) refers to retarget.o(.data) for __stdout
    printf8.o(i.__0snprintf$8) refers to printf8.o(i._printf_core) for _printf_core
    printf8.o(i.__0snprintf$8) refers to printf8.o(i._snputc) for _snputc
    printf8.o(i.__0sprintf$8) refers to printf8.o(i._printf_core) for _printf_core
    printf8.o(i.__0sprintf$8) refers to printf8.o(i._sputc) for _sputc
    printf8.o(i.__0vfprintf$8) refers to printf8.o(i._printf_core) for _printf_core
    printf8.o(i.__0vfprintf$8) refers to retarget.o(i.fputc) for fputc
    printf8.o(i.__0vprintf$8) refers to printf8.o(i._printf_core) for _printf_core
    printf8.o(i.__0vprintf$8) refers to retarget.o(i.fputc) for fputc
    printf8.o(i.__0vprintf$8) refers to retarget.o(.data) for __stdout
    printf8.o(i.__0vsnprintf$8) refers to printf8.o(i._printf_core) for _printf_core
    printf8.o(i.__0vsnprintf$8) refers to printf8.o(i._snputc) for _snputc
    printf8.o(i.__0vsprintf$8) refers to printf8.o(i._printf_core) for _printf_core
    printf8.o(i.__0vsprintf$8) refers to printf8.o(i._sputc) for _sputc
    printf8.o(i._printf_core) refers to printf8.o(i._printf_pre_padding) for _printf_pre_padding
    printf8.o(i._printf_core) refers to printf8.o(i._printf_post_padding) for _printf_post_padding
    printf8.o(i._printf_core) refers to uldiv.o(.text) for __aeabi_uldivmod
    printfa.o(i.__0fprintf) refers (Special) to iusefp.o(.text) for __I$use$fp
    printfa.o(i.__0fprintf) refers to printfa.o(i._printf_core) for _printf_core
    printfa.o(i.__0fprintf) refers to retarget.o(i.fputc) for fputc
    printfa.o(i.__0printf) refers (Special) to iusefp.o(.text) for __I$use$fp
    printfa.o(i.__0printf) refers to printfa.o(i._printf_core) for _printf_core
    printfa.o(i.__0printf) refers to retarget.o(i.fputc) for fputc
    printfa.o(i.__0printf) refers to retarget.o(.data) for __stdout
    printfa.o(i.__0snprintf) refers (Special) to iusefp.o(.text) for __I$use$fp
    printfa.o(i.__0snprintf) refers to printfa.o(i._printf_core) for _printf_core
    printfa.o(i.__0snprintf) refers to printfa.o(i._snputc) for _snputc
    printfa.o(i.__0sprintf) refers (Special) to iusefp.o(.text) for __I$use$fp
    printfa.o(i.__0sprintf) refers to printfa.o(i._printf_core) for _printf_core
    printfa.o(i.__0sprintf) refers to printfa.o(i._sputc) for _sputc
    printfa.o(i.__0vfprintf) refers (Special) to iusefp.o(.text) for __I$use$fp
    printfa.o(i.__0vfprintf) refers to printfa.o(i._printf_core) for _printf_core
    printfa.o(i.__0vfprintf) refers to retarget.o(i.fputc) for fputc
    printfa.o(i.__0vprintf) refers (Special) to iusefp.o(.text) for __I$use$fp
    printfa.o(i.__0vprintf) refers to printfa.o(i._printf_core) for _printf_core
    printfa.o(i.__0vprintf) refers to retarget.o(i.fputc) for fputc
    printfa.o(i.__0vprintf) refers to retarget.o(.data) for __stdout
    printfa.o(i.__0vsnprintf) refers (Special) to iusefp.o(.text) for __I$use$fp
    printfa.o(i.__0vsnprintf) refers to printfa.o(i._printf_core) for _printf_core
    printfa.o(i.__0vsnprintf) refers to printfa.o(i._snputc) for _snputc
    printfa.o(i.__0vsprintf) refers (Special) to iusefp.o(.text) for __I$use$fp
    printfa.o(i.__0vsprintf) refers to printfa.o(i._printf_core) for _printf_core
    printfa.o(i.__0vsprintf) refers to printfa.o(i._sputc) for _sputc
    printfa.o(i._fp_digits) refers (Special) to iusefp.o(.text) for __I$use$fp
    printfa.o(i._fp_digits) refers to dmul.o(.text) for __aeabi_dmul
    printfa.o(i._fp_digits) refers to ddiv.o(.text) for __aeabi_ddiv
    printfa.o(i._fp_digits) refers to cdrcmple.o(.text) for __aeabi_cdrcmple
    printfa.o(i._fp_digits) refers to dadd.o(.text) for __aeabi_dadd
    printfa.o(i._fp_digits) refers to dfixul.o(.text) for __aeabi_d2ulz
    printfa.o(i._fp_digits) refers to uldiv.o(.text) for __aeabi_uldivmod
    printfa.o(i._printf_core) refers (Special) to iusefp.o(.text) for __I$use$fp
    printfa.o(i._printf_core) refers to printfa.o(i._printf_pre_padding) for _printf_pre_padding
    printfa.o(i._printf_core) refers to uldiv.o(.text) for __aeabi_uldivmod
    printfa.o(i._printf_core) refers to printfa.o(i._printf_post_padding) for _printf_post_padding
    printfa.o(i._printf_core) refers to printfa.o(i._fp_digits) for _fp_digits
    printfa.o(i._printf_core) refers to uidiv.o(.text) for __aeabi_uidivmod
    printfa.o(i._printf_post_padding) refers (Special) to iusefp.o(.text) for __I$use$fp
    printfa.o(i._printf_pre_padding) refers (Special) to iusefp.o(.text) for __I$use$fp
    printfa.o(i._snputc) refers (Special) to iusefp.o(.text) for __I$use$fp
    printfa.o(i._sputc) refers (Special) to iusefp.o(.text) for __I$use$fp
    fmul.o(.text) refers (Special) to iusefp.o(.text) for __I$use$fp
    fdiv.o(.text) refers (Special) to iusefp.o(.text) for __I$use$fp
    fdiv.o(.text) refers to fepilogue.o(.text) for _float_round
    ffltui.o(.text) refers (Special) to iusefp.o(.text) for __I$use$fp
    ffltui.o(.text) refers to fepilogue.o(.text) for _float_epilogue
    ffixui.o(.text) refers (Special) to iusefp.o(.text) for __I$use$fp
    entry2.o(.ARM.Collect$$$$00000001) refers to entry2.o(.ARM.Collect$$$$00002712) for __lit__00000000
    entry2.o(.ARM.Collect$$$$00002712) refers to startup_mini58series.o(STACK) for __initial_sp
    entry2.o(__vectab_stack_and_reset_area) refers to startup_mini58series.o(STACK) for __initial_sp
    entry2.o(__vectab_stack_and_reset_area) refers to entry.o(.ARM.Collect$$$$00000000) for __main
    entry5.o(.ARM.Collect$$$$00000004) refers to init.o(.text) for __scatterload
    entry9a.o(.ARM.Collect$$$$0000000B) refers to showhomeapp.o(i.main) for main
    entry9b.o(.ARM.Collect$$$$0000000C) refers to showhomeapp.o(i.main) for main
    uldiv.o(.text) refers to llushr.o(.text) for __aeabi_llsr
    uldiv.o(.text) refers to llshl.o(.text) for __aeabi_llsl
    dadd.o(.text) refers to llshl.o(.text) for __aeabi_llsl
    dadd.o(.text) refers to llsshr.o(.text) for __aeabi_lasr
    dadd.o(.text) refers to depilogue.o(.text) for _double_epilogue
    dmul.o(.text) refers to depilogue.o(.text) for _double_epilogue
    ddiv.o(.text) refers to depilogue.o(.text) for _double_round
    dfixul.o(.text) refers to llushr.o(.text) for __aeabi_llsr
    dfixul.o(.text) refers to llshl.o(.text) for __aeabi_llsl
    init.o(.text) refers to entry5.o(.ARM.Collect$$$$00000004) for __main_after_scatterload
    depilogue.o(.text) refers to depilogue.o(i.__ARM_clz) for __ARM_clz
    depilogue.o(.text) refers to llshl.o(.text) for __aeabi_llsl
    depilogue.o(.text) refers to llushr.o(.text) for __aeabi_llsr


==============================================================================

Removing Unused input sections from the image.

    Removing key.o(.rev16_text), (4 bytes).
    Removing key.o(.revsh_text), (4 bytes).
    Removing normal_display.o(.rev16_text), (4 bytes).
    Removing normal_display.o(.revsh_text), (4 bytes).
    Removing show_1.o(.rev16_text), (4 bytes).
    Removing show_1.o(.revsh_text), (4 bytes).
    Removing show_2.o(.rev16_text), (4 bytes).
    Removing show_2.o(.revsh_text), (4 bytes).
    Removing show_3.o(.rev16_text), (4 bytes).
    Removing show_3.o(.revsh_text), (4 bytes).
    Removing csr1010.o(.rev16_text), (4 bytes).
    Removing csr1010.o(.revsh_text), (4 bytes).
    Removing data_process.o(.rev16_text), (4 bytes).
    Removing data_process.o(.revsh_text), (4 bytes).
    Removing display_ctrl.o(.rev16_text), (4 bytes).
    Removing display_ctrl.o(.revsh_text), (4 bytes).
    Removing display_ctrl.o(.data), (1 bytes).
    Removing display_ctrl.o(.data), (1 bytes).
    Removing display_ctrl.o(.data), (1 bytes).
    Removing display_ctrl.o(.data), (2 bytes).
    Removing flash_prgrm.o(.rev16_text), (4 bytes).
    Removing flash_prgrm.o(.revsh_text), (4 bytes).
    Removing led_class.o(.rev16_text), (4 bytes).
    Removing led_class.o(.revsh_text), (4 bytes).
    Removing mcu_config.o(.rev16_text), (4 bytes).
    Removing mcu_config.o(.revsh_text), (4 bytes).
    Removing showhomeapp.o(.rev16_text), (4 bytes).
    Removing showhomeapp.o(.revsh_text), (4 bytes).
    Removing timer_ctrl.o(.rev16_text), (4 bytes).
    Removing timer_ctrl.o(.revsh_text), (4 bytes).
    Removing bt_control.o(.rev16_text), (4 bytes).
    Removing bt_control.o(.revsh_text), (4 bytes).
    Removing clk.o(.rev16_text), (4 bytes).
    Removing clk.o(.revsh_text), (4 bytes).
    Removing clk.o(i.CLK_DisableCKO), (16 bytes).
    Removing clk.o(i.CLK_DisableModuleClock), (28 bytes).
    Removing clk.o(i.CLK_DisableSysTick), (12 bytes).
    Removing clk.o(i.CLK_DisableXtalRC), (16 bytes).
    Removing clk.o(i.CLK_EnableCKO), (36 bytes).
    Removing clk.o(i.CLK_EnableModuleClock), (28 bytes).
    Removing clk.o(i.CLK_EnableSysTick), (64 bytes).
    Removing clk.o(i.CLK_GetCPUFreq), (16 bytes).
    Removing clk.o(i.CLK_GetHCLKFreq), (16 bytes).
    Removing clk.o(i.CLK_GetHXTFreq), (28 bytes).
    Removing clk.o(i.CLK_GetLXTFreq), (28 bytes).
    Removing clk.o(i.CLK_Idle), (20 bytes).
    Removing clk.o(i.CLK_PowerDown), (28 bytes).
    Removing clk.o(i.CLK_SetModuleClock), (80 bytes).
    Removing clk.o(i.CLK_SetSysTickClockSrc), (20 bytes).
    Removing clk.o(i.CLK_SysTickDelay), (36 bytes).
    Removing fmc.o(.rev16_text), (4 bytes).
    Removing fmc.o(.revsh_text), (4 bytes).
    Removing fmc.o(i.FMC_Close), (16 bytes).
    Removing fmc.o(i.FMC_GetBootSource), (20 bytes).
    Removing fmc.o(i.FMC_GetCRC32Sum), (80 bytes).
    Removing fmc.o(i.FMC_GetVectorPageAddr), (20 bytes).
    Removing fmc.o(i.FMC_ReadCID), (28 bytes).
    Removing fmc.o(i.FMC_ReadConfig), (40 bytes).
    Removing fmc.o(i.FMC_ReadDataFlashBaseAddr), (12 bytes).
    Removing fmc.o(i.FMC_ReadPID), (28 bytes).
    Removing fmc.o(i.FMC_ReadUCID), (32 bytes).
    Removing fmc.o(i.FMC_ReadUID), (28 bytes).
    Removing fmc.o(i.FMC_SetVectorPageAddr), (24 bytes).
    Removing fmc.o(i.FMC_WriteConfig), (64 bytes).
    Removing gpio.o(.rev16_text), (4 bytes).
    Removing gpio.o(.revsh_text), (4 bytes).
    Removing gpio.o(i.GPIO_DisableInt), (28 bytes).
    Removing gpio.o(i.GPIO_EnableInt), (26 bytes).
    Removing pwm.o(.rev16_text), (4 bytes).
    Removing pwm.o(.revsh_text), (4 bytes).
    Removing pwm.o(i.PWM_ClearADCTriggerFlag), (36 bytes).
    Removing pwm.o(i.PWM_ClearCenterIntFlag), (16 bytes).
    Removing pwm.o(i.PWM_ClearDutyIntFlag), (16 bytes).
    Removing pwm.o(i.PWM_ClearFaultBrakeFlag), (12 bytes).
    Removing pwm.o(i.PWM_ClearFaultBrakeIntFlag), (12 bytes).
    Removing pwm.o(i.PWM_ClearPeriodIntFlag), (16 bytes).
    Removing pwm.o(i.PWM_ClearRiseIntFlag), (16 bytes).
    Removing pwm.o(i.PWM_ConfigOutputChannel), (244 bytes).
    Removing pwm.o(i.PWM_DisableADCTrigger), (36 bytes).
    Removing pwm.o(i.PWM_DisableCenterInt), (20 bytes).
    Removing pwm.o(i.PWM_DisableDeadZone), (20 bytes).
    Removing pwm.o(i.PWM_DisableDutyInt), (14 bytes).
    Removing pwm.o(i.PWM_DisableFaultBrakeInt), (20 bytes).
    Removing pwm.o(i.PWM_DisableOutput), (16 bytes).
    Removing pwm.o(i.PWM_DisablePeriodInt), (12 bytes).
    Removing pwm.o(i.PWM_DisableRiseInt), (14 bytes).
    Removing pwm.o(i.PWM_EnableADCTrigger), (48 bytes).
    Removing pwm.o(i.PWM_EnableCenterInt), (36 bytes).
    Removing pwm.o(i.PWM_EnableDeadZone), (40 bytes).
    Removing pwm.o(i.PWM_EnableDutyInt), (14 bytes).
    Removing pwm.o(i.PWM_EnableFaultBrake), (16 bytes).
    Removing pwm.o(i.PWM_EnableFaultBrakeInt), (20 bytes).
    Removing pwm.o(i.PWM_EnableOutput), (16 bytes).
    Removing pwm.o(i.PWM_EnablePeriodInt), (12 bytes).
    Removing pwm.o(i.PWM_EnableRiseInt), (14 bytes).
    Removing pwm.o(i.PWM_ForceStop), (44 bytes).
    Removing pwm.o(i.PWM_GetADCTriggerFlag), (40 bytes).
    Removing pwm.o(i.PWM_GetCenterIntFlag), (24 bytes).
    Removing pwm.o(i.PWM_GetDutyIntFlag), (24 bytes).
    Removing pwm.o(i.PWM_GetFaultBrakeIntFlag), (16 bytes).
    Removing pwm.o(i.PWM_GetPeriodIntFlag), (20 bytes).
    Removing pwm.o(i.PWM_GetRiseIntFlag), (24 bytes).
    Removing pwm.o(i.PWM_Start), (44 bytes).
    Removing pwm.o(i.PWM_Stop), (30 bytes).
    Removing sys.o(.rev16_text), (4 bytes).
    Removing sys.o(.revsh_text), (4 bytes).
    Removing sys.o(i.SYS_ClearResetSrc), (12 bytes).
    Removing sys.o(i.SYS_DisableBOD), (22 bytes).
    Removing sys.o(i.SYS_EnableBOD), (36 bytes).
    Removing sys.o(i.SYS_GetBODStatus), (12 bytes).
    Removing sys.o(i.SYS_GetResetSrc), (8 bytes).
    Removing sys.o(i.SYS_IsRegLocked), (24 bytes).
    Removing sys.o(i.SYS_ReadPDID), (8 bytes).
    Removing sys.o(i.SYS_ResetCPU), (14 bytes).
    Removing sys.o(i.SYS_ResetChip), (14 bytes).
    Removing sys.o(i.SYS_ResetModule), (28 bytes).
    Removing timer.o(.rev16_text), (4 bytes).
    Removing timer.o(.revsh_text), (4 bytes).
    Removing timer.o(i.TIMER_Close), (8 bytes).
    Removing timer.o(i.TIMER_Delay), (168 bytes).
    Removing timer.o(i.TIMER_DisableCapture), (10 bytes).
    Removing timer.o(i.TIMER_DisableEventCounter), (12 bytes).
    Removing timer.o(i.TIMER_EnableCapture), (22 bytes).
    Removing timer.o(i.TIMER_EnableEventCounter), (22 bytes).
    Removing uart.o(.rev16_text), (4 bytes).
    Removing uart.o(.revsh_text), (4 bytes).
    Removing uart.o(i.UART_ClearIntFlag), (44 bytes).
    Removing uart.o(i.UART_Close), (6 bytes).
    Removing uart.o(i.UART_DisableFlowCtrl), (12 bytes).
    Removing uart.o(i.UART_DisableInt), (8 bytes).
    Removing uart.o(i.UART_EnableFlowCtrl), (38 bytes).
    Removing uart.o(i.UART_EnableInt), (8 bytes).
    Removing uart.o(i.UART_Read), (44 bytes).
    Removing uart.o(i.UART_SelectIrDAMode), (120 bytes).
    Removing uart.o(i.UART_SelectRS485Mode), (20 bytes).
    Removing uart.o(i.UART_SetLine_Config), (136 bytes).
    Removing uart.o(i.UART_Write), (44 bytes).
    Removing retarget.o(.rev16_text), (4 bytes).
    Removing retarget.o(.revsh_text), (4 bytes).
    Removing retarget.o(i.GetChar), (20 bytes).
    Removing retarget.o(i.IsDebugFifoEmpty), (16 bytes).
    Removing retarget.o(i.SendChar), (8 bytes).
    Removing retarget.o(i._ttywrch), (8 bytes).
    Removing retarget.o(i.ferror), (6 bytes).
    Removing retarget.o(i.fgetc), (8 bytes).
    Removing retarget.o(i.kbhit), (16 bytes).
    Removing retarget.o(.data), (4 bytes).
    Removing startup_mini58series.o(HEAP), (0 bytes).
    Removing system_mini58series.o(.rev16_text), (4 bytes).
    Removing system_mini58series.o(.revsh_text), (4 bytes).
    Removing system_mini58series.o(i.SystemInit), (2 bytes).
    Removing fmul.o(.text), (122 bytes).
    Removing fdiv.o(.text), (124 bytes).
    Removing ffltui.o(.text), (14 bytes).
    Removing ffixui.o(.text), (40 bytes).
    Removing fepilogue.o(.text), (130 bytes).
    Removing dadd.o(.text), (356 bytes).
    Removing dmul.o(.text), (208 bytes).
    Removing ddiv.o(.text), (240 bytes).
    Removing dfixul.o(.text), (64 bytes).
    Removing cdrcmple.o(.text), (40 bytes).
    Removing depilogue.o(.text), (190 bytes).
    Removing depilogue.o(i.__ARM_clz), (46 bytes).

163 unused section(s) (total 4671 bytes) removed from the image.

==============================================================================

Image Symbol Table

    Local Symbols

    Symbol Name                              Value     Ov Type        Size  Object(Section)

    RESET                                    0x00000000   Section      192  startup_mini58series.o(RESET)
    ../clib/microlib/division.c              0x00000000   Number         0  uidiv.o ABSOLUTE
    ../clib/microlib/division.c              0x00000000   Number         0  uldiv.o ABSOLUTE
    ../clib/microlib/init/entry.s            0x00000000   Number         0  entry5.o ABSOLUTE
    ../clib/microlib/init/entry.s            0x00000000   Number         0  entry7b.o ABSOLUTE
    ../clib/microlib/init/entry.s            0x00000000   Number         0  entry9a.o ABSOLUTE
    ../clib/microlib/init/entry.s            0x00000000   Number         0  entry8b.o ABSOLUTE
    ../clib/microlib/init/entry.s            0x00000000   Number         0  entry.o ABSOLUTE
    ../clib/microlib/init/entry.s            0x00000000   Number         0  entry2.o ABSOLUTE
    ../clib/microlib/init/entry.s            0x00000000   Number         0  entry8a.o ABSOLUTE
    ../clib/microlib/init/entry.s            0x00000000   Number         0  entry7a.o ABSOLUTE
    ../clib/microlib/init/entry.s            0x00000000   Number         0  entry9b.o ABSOLUTE
    ../clib/microlib/init/entry.s            0x00000000   Number         0  entry10a.o ABSOLUTE
    ../clib/microlib/init/entry.s            0x00000000   Number         0  entry10b.o ABSOLUTE
    ../clib/microlib/init/entry.s            0x00000000   Number         0  entry11a.o ABSOLUTE
    ../clib/microlib/init/entry.s            0x00000000   Number         0  entry11b.o ABSOLUTE
    ../clib/microlib/longlong.c              0x00000000   Number         0  llushr.o ABSOLUTE
    ../clib/microlib/longlong.c              0x00000000   Number         0  llshl.o ABSOLUTE
    ../clib/microlib/longlong.c              0x00000000   Number         0  llsshr.o ABSOLUTE
    ../clib/microlib/printf/printf.c         0x00000000   Number         0  printf7.o ABSOLUTE
    ../clib/microlib/printf/printf.c         0x00000000   Number         0  printf8.o ABSOLUTE
    ../clib/microlib/printf/printf.c         0x00000000   Number         0  printfa.o ABSOLUTE
    ../clib/microlib/printf/printf.c         0x00000000   Number         0  printfb.o ABSOLUTE
    ../clib/microlib/printf/printf.c         0x00000000   Number         0  printf2.o ABSOLUTE
    ../clib/microlib/printf/printf.c         0x00000000   Number         0  printf5.o ABSOLUTE
    ../clib/microlib/printf/printf.c         0x00000000   Number         0  printf4.o ABSOLUTE
    ../clib/microlib/printf/printf.c         0x00000000   Number         0  printf3.o ABSOLUTE
    ../clib/microlib/printf/printf.c         0x00000000   Number         0  printf1.o ABSOLUTE
    ../clib/microlib/printf/printf.c         0x00000000   Number         0  printf0.o ABSOLUTE
    ../clib/microlib/printf/printf.c         0x00000000   Number         0  printf6.o ABSOLUTE
    ../clib/microlib/printf/stubs.s          0x00000000   Number         0  stubs.o ABSOLUTE
    ../clib/microlib/stdlib/rand.c           0x00000000   Number         0  rand.o ABSOLUTE
    ../clib/microlib/stubs.s                 0x00000000   Number         0  iusefp.o ABSOLUTE
    ../fplib/microlib/fpadd.c                0x00000000   Number         0  dadd.o ABSOLUTE
    ../fplib/microlib/fpdiv.c                0x00000000   Number         0  fdiv.o ABSOLUTE
    ../fplib/microlib/fpdiv.c                0x00000000   Number         0  ddiv.o ABSOLUTE
    ../fplib/microlib/fpepilogue.c           0x00000000   Number         0  depilogue.o ABSOLUTE
    ../fplib/microlib/fpepilogue.c           0x00000000   Number         0  fepilogue.o ABSOLUTE
    ../fplib/microlib/fpfix.c                0x00000000   Number         0  ffixui.o ABSOLUTE
    ../fplib/microlib/fpfix.c                0x00000000   Number         0  dfixul.o ABSOLUTE
    ../fplib/microlib/fpflt.c                0x00000000   Number         0  ffltui.o ABSOLUTE
    ../fplib/microlib/fpmul.c                0x00000000   Number         0  fmul.o ABSOLUTE
    ../fplib/microlib/fpmul.c                0x00000000   Number         0  dmul.o ABSOLUTE
    ..\AL91Pulic\Normal_Display.c            0x00000000   Number         0  normal_display.o ABSOLUTE
    ..\AL91Pulic\Show_1.c                    0x00000000   Number         0  show_1.o ABSOLUTE
    ..\AL91Pulic\Show_2.c                    0x00000000   Number         0  show_2.o ABSOLUTE
    ..\AL91Pulic\Show_3.c                    0x00000000   Number         0  show_3.o ABSOLUTE
    ..\FwLib\src\clk.c                       0x00000000   Number         0  clk.o ABSOLUTE
    ..\FwLib\src\fmc.c                       0x00000000   Number         0  fmc.o ABSOLUTE
    ..\FwLib\src\gpio.c                      0x00000000   Number         0  gpio.o ABSOLUTE
    ..\FwLib\src\pwm.c                       0x00000000   Number         0  pwm.o ABSOLUTE
    ..\FwLib\src\sys.c                       0x00000000   Number         0  sys.o ABSOLUTE
    ..\FwLib\src\timer.c                     0x00000000   Number         0  timer.o ABSOLUTE
    ..\FwLib\src\uart.c                      0x00000000   Number         0  uart.o ABSOLUTE
    ..\Public\PublicSrc\BT_Control.c         0x00000000   Number         0  bt_control.o ABSOLUTE
    ..\Public\PublicSrc\CSR1010.c            0x00000000   Number         0  csr1010.o ABSOLUTE
    ..\Public\PublicSrc\Data_Process.c       0x00000000   Number         0  data_process.o ABSOLUTE
    ..\Public\PublicSrc\Display_Ctrl.c       0x00000000   Number         0  display_ctrl.o ABSOLUTE
    ..\Public\PublicSrc\Flash_Prgrm.c        0x00000000   Number         0  flash_prgrm.o ABSOLUTE
    ..\Public\PublicSrc\Led_Class.c          0x00000000   Number         0  led_class.o ABSOLUTE
    ..\Public\PublicSrc\MCU_Config.c         0x00000000   Number         0  mcu_config.o ABSOLUTE
    ..\Public\PublicSrc\ShowHomeApp.c        0x00000000   Number         0  showhomeapp.o ABSOLUTE
    ..\Public\PublicSrc\Timer_Ctrl.c         0x00000000   Number         0  timer_ctrl.o ABSOLUTE
    ..\\AL91Pulic\\Normal_Display.c          0x00000000   Number         0  normal_display.o ABSOLUTE
    ..\\AL91Pulic\\Show_1.c                  0x00000000   Number         0  show_1.o ABSOLUTE
    ..\\AL91Pulic\\Show_2.c                  0x00000000   Number         0  show_2.o ABSOLUTE
    ..\\AL91Pulic\\Show_3.c                  0x00000000   Number         0  show_3.o ABSOLUTE
    ..\\FwLib\\src\\clk.c                    0x00000000   Number         0  clk.o ABSOLUTE
    ..\\FwLib\\src\\fmc.c                    0x00000000   Number         0  fmc.o ABSOLUTE
    ..\\FwLib\\src\\gpio.c                   0x00000000   Number         0  gpio.o ABSOLUTE
    ..\\FwLib\\src\\pwm.c                    0x00000000   Number         0  pwm.o ABSOLUTE
    ..\\FwLib\\src\\sys.c                    0x00000000   Number         0  sys.o ABSOLUTE
    ..\\FwLib\\src\\timer.c                  0x00000000   Number         0  timer.o ABSOLUTE
    ..\\FwLib\\src\\uart.c                   0x00000000   Number         0  uart.o ABSOLUTE
    ..\\Public\\PublicSrc\\BT_Control.c      0x00000000   Number         0  bt_control.o ABSOLUTE
    ..\\Public\\PublicSrc\\CSR1010.c         0x00000000   Number         0  csr1010.o ABSOLUTE
    ..\\Public\\PublicSrc\\Data_Process.c    0x00000000   Number         0  data_process.o ABSOLUTE
    ..\\Public\\PublicSrc\\Display_Ctrl.c    0x00000000   Number         0  display_ctrl.o ABSOLUTE
    ..\\Public\\PublicSrc\\Flash_Prgrm.c     0x00000000   Number         0  flash_prgrm.o ABSOLUTE
    ..\\Public\\PublicSrc\\Led_Class.c       0x00000000   Number         0  led_class.o ABSOLUTE
    ..\\Public\\PublicSrc\\MCU_Config.c      0x00000000   Number         0  mcu_config.o ABSOLUTE
    ..\\Public\\PublicSrc\\ShowHomeApp.c     0x00000000   Number         0  showhomeapp.o ABSOLUTE
    ..\\Public\\PublicSrc\\Timer_Ctrl.c      0x00000000   Number         0  timer_ctrl.o ABSOLUTE
    PrivateSrc\Key.c                         0x00000000   Number         0  key.o ABSOLUTE
    PrivateSrc\\Key.c                        0x00000000   Number         0  key.o ABSOLUTE
    RTE\Device\Mini58FDE\retarget.c          0x00000000   Number         0  retarget.o ABSOLUTE
    RTE\Device\Mini58FDE\startup_Mini58Series.s 0x00000000   Number         0  startup_mini58series.o ABSOLUTE
    RTE\Device\Mini58FDE\system_Mini58Series.c 0x00000000   Number         0  system_mini58series.o ABSOLUTE
    RTE\\Device\\Mini58FDE\\retarget.c       0x00000000   Number         0  retarget.o ABSOLUTE
    RTE\\Device\\Mini58FDE\\system_Mini58Series.c 0x00000000   Number         0  system_mini58series.o ABSOLUTE
    cdrcmple.s                               0x00000000   Number         0  cdrcmple.o ABSOLUTE
    dc.s                                     0x00000000   Number         0  dc.o ABSOLUTE
    handlers.s                               0x00000000   Number         0  handlers.o ABSOLUTE
    init.s                                   0x00000000   Number         0  init.o ABSOLUTE
    .ARM.Collect$$$$00000000                 0x000000c0   Section        0  entry.o(.ARM.Collect$$$$00000000)
    .ARM.Collect$$$$00000001                 0x000000c0   Section        4  entry2.o(.ARM.Collect$$$$00000001)
    .ARM.Collect$$$$00000004                 0x000000c4   Section        4  entry5.o(.ARM.Collect$$$$00000004)
    .ARM.Collect$$$$00000008                 0x000000c8   Section        0  entry7b.o(.ARM.Collect$$$$00000008)
    .ARM.Collect$$$$0000000A                 0x000000c8   Section        0  entry8b.o(.ARM.Collect$$$$0000000A)
    .ARM.Collect$$$$0000000B                 0x000000c8   Section        8  entry9a.o(.ARM.Collect$$$$0000000B)
    .ARM.Collect$$$$0000000D                 0x000000d0   Section        0  entry10a.o(.ARM.Collect$$$$0000000D)
    .ARM.Collect$$$$0000000F                 0x000000d0   Section        0  entry11a.o(.ARM.Collect$$$$0000000F)
    .ARM.Collect$$$$00002712                 0x000000d0   Section        4  entry2.o(.ARM.Collect$$$$00002712)
    __lit__00000000                          0x000000d0   Data           4  entry2.o(.ARM.Collect$$$$00002712)
    .emb_text                                0x000000d4   Section       28  retarget.o(.emb_text)
    .text                                    0x000000f0   Section       20  startup_mini58series.o(.text)
    Default_Handler                          0x000000ff   Thumb Code     2  startup_mini58series.o(.text)
    .text                                    0x00000104   Section        0  uidiv.o(.text)
    .text                                    0x00000130   Section        0  rand.o(.text)
    .text                                    0x00000154   Section        0  uldiv.o(.text)
    .text                                    0x000001b4   Section       36  init.o(.text)
    .text                                    0x000001d8   Section        0  llshl.o(.text)
    .text                                    0x000001f8   Section        0  llushr.o(.text)
    i.All_Color                              0x0000021c   Section        0  normal_display.o(i.All_Color)
    i.All_Off                                0x0000023c   Section        0  normal_display.o(i.All_Off)
    i.BT_Power_Control                       0x00000258   Section        0  bt_control.o(i.BT_Power_Control)
    BT_Power_Control                         0x00000259   Thumb Code   168  bt_control.o(i.BT_Power_Control)
    i.BT_Work_Detect                         0x00000310   Section        0  bt_control.o(i.BT_Work_Detect)
    i.Blink                                  0x000003bc   Section        0  normal_display.o(i.Blink)
    i.Blue_Flash                             0x0000058c   Section        0  normal_display.o(i.Blue_Flash)
    i.CLK_DisablePLL                         0x00000608   Section        0  clk.o(i.CLK_DisablePLL)
    i.CLK_EnablePLL                          0x00000618   Section        0  clk.o(i.CLK_EnablePLL)
    i.CLK_EnableXtalRC                       0x0000082c   Section        0  clk.o(i.CLK_EnableXtalRC)
    i.CLK_GetPLLClockFreq                    0x00000844   Section        0  uart.o(i.CLK_GetPLLClockFreq)
    CLK_GetPLLClockFreq                      0x00000845   Thumb Code    70  uart.o(i.CLK_GetPLLClockFreq)
    i.CLK_Init                               0x0000089c   Section        0  mcu_config.o(i.CLK_Init)
    CLK_Init                                 0x0000089d   Thumb Code   186  mcu_config.o(i.CLK_Init)
    i.CLK_SetCoreClock                       0x00000970   Section        0  clk.o(i.CLK_SetCoreClock)
    i.CLK_SetHCLK                            0x000009f4   Section        0  clk.o(i.CLK_SetHCLK)
    i.CLK_WaitClockReady                     0x00000a18   Section        0  clk.o(i.CLK_WaitClockReady)
    i.CSR1010_Process                        0x00000a40   Section        0  data_process.o(i.CSR1010_Process)
    CSR1010_Process                          0x00000a41   Thumb Code  1052  data_process.o(i.CSR1010_Process)
    i.Color_Show                             0x00000e5c   Section        0  normal_display.o(i.Color_Show)
    i.Color_Value_Get                        0x00001140   Section        0  data_process.o(i.Color_Value_Get)
    Color_Value_Get                          0x00001141   Thumb Code  1260  data_process.o(i.Color_Value_Get)
    i.Count_Down_Control                     0x00001630   Section        0  timer_ctrl.o(i.Count_Down_Control)
    i.Csr1010_Rcv_Byte                       0x000016f4   Section        0  csr1010.o(i.Csr1010_Rcv_Byte)
    Csr1010_Rcv_Byte                         0x000016f5   Thumb Code    88  csr1010.o(i.Csr1010_Rcv_Byte)
    i.Csr1010_Rcv_Data                       0x00001758   Section        0  csr1010.o(i.Csr1010_Rcv_Data)
    i.Csr1010_Snd_Data                       0x000017ac   Section        0  csr1010.o(i.Csr1010_Snd_Data)
    i.Data_Process                           0x0000183c   Section        0  data_process.o(i.Data_Process)
    i.Direct_Set                             0x00001880   Section        0  normal_display.o(i.Direct_Set)
    i.FMC_Erase                              0x00001948   Section        0  fmc.o(i.FMC_Erase)
    i.FMC_Open                               0x00001978   Section        0  fmc.o(i.FMC_Open)
    i.FMC_Read                               0x00001988   Section        0  fmc.o(i.FMC_Read)
    i.FMC_Write                              0x000019a4   Section        0  fmc.o(i.FMC_Write)
    i.Flash_Read_Data                        0x000019c0   Section        0  flash_prgrm.o(i.Flash_Read_Data)
    i.Flash_Write_Data                       0x00001a88   Section        0  flash_prgrm.o(i.Flash_Write_Data)
    i.Flower_Bloom                           0x00001b5c   Section        0  normal_display.o(i.Flower_Bloom)
    i.GPIO_SetMode                           0x00002094   Section        0  gpio.o(i.GPIO_SetMode)
    i.Green_Flash                            0x000020c4   Section        0  normal_display.o(i.Green_Flash)
    i.Hard_Fault_Handler                     0x00002140   Section        0  retarget.o(i.Hard_Fault_Handler)
    __tagsym$$used                           0x00002141   Number         0  retarget.o(i.Hard_Fault_Handler)
    i.Hex_To_Char                            0x00002168   Section        0  data_process.o(i.Hex_To_Char)
    Hex_To_Char                              0x00002169   Thumb Code    22  data_process.o(i.Hex_To_Char)
    i.Horse_Whole_Test                       0x00002180   Section        0  normal_display.o(i.Horse_Whole_Test)
    i.Instead                                0x000022a0   Section        0  normal_display.o(i.Instead)
    i.Key_Process                            0x00002544   Section        0  data_process.o(i.Key_Process)
    Key_Process                              0x00002545   Thumb Code   124  data_process.o(i.Key_Process)
    i.Key_Scan                               0x000025cc   Section        0  key.o(i.Key_Scan)
    i.Led_Display                            0x00002610   Section        0  display_ctrl.o(i.Led_Display)
    i.Led_Update                             0x000026dc   Section        0  led_class.o(i.Led_Update)
    i.MCU_Config                             0x000028f0   Section        0  mcu_config.o(i.MCU_Config)
    i.Password_Process                       0x000029c0   Section        0  data_process.o(i.Password_Process)
    Password_Process                         0x000029c1   Thumb Code    60  data_process.o(i.Password_Process)
    i.Polar_Light                            0x00002a04   Section        0  normal_display.o(i.Polar_Light)
    i.Red_Flash                              0x00002d10   Section        0  normal_display.o(i.Red_Flash)
    i.Ripple                                 0x00002d8c   Section        0  normal_display.o(i.Ripple)
    i.Roll                                   0x00002f64   Section        0  normal_display.o(i.Roll)
    i.SYS_UnlockReg                          0x00003324   Section        0  flash_prgrm.o(i.SYS_UnlockReg)
    SYS_UnlockReg                            0x00003325   Thumb Code    24  flash_prgrm.o(i.SYS_UnlockReg)
    i.SYS_UnlockReg                          0x00003340   Section        0  mcu_config.o(i.SYS_UnlockReg)
    SYS_UnlockReg                            0x00003341   Thumb Code    24  mcu_config.o(i.SYS_UnlockReg)
    i.Sea_Wave                               0x0000335c   Section        0  normal_display.o(i.Sea_Wave)
    i.SendChar_ToUART                        0x00003548   Section        0  retarget.o(i.SendChar_ToUART)
    i.Show_1                                 0x00003568   Section        0  show_1.o(i.Show_1)
    i.Show_1_0                               0x0000361c   Section        0  show_1.o(i.Show_1_0)
    i.Show_1_1                               0x00003778   Section        0  show_1.o(i.Show_1_1)
    i.Show_1_2                               0x00003a78   Section        0  show_1.o(i.Show_1_2)
    i.Show_1_3                               0x00003c0c   Section        0  show_1.o(i.Show_1_3)
    i.Show_2                                 0x00003f30   Section        0  show_2.o(i.Show_2)
    i.Show_2_0                               0x00003ffc   Section        0  show_2.o(i.Show_2_0)
    i.Show_2_1                               0x000042cc   Section        0  show_2.o(i.Show_2_1)
    i.Show_2_2                               0x00004514   Section        0  show_2.o(i.Show_2_2)
    i.Show_2_3                               0x0000487c   Section        0  show_2.o(i.Show_2_3)
    i.Show_2_4                               0x00004ccc   Section        0  show_2.o(i.Show_2_4)
    i.Show_3                                 0x00004e04   Section        0  show_3.o(i.Show_3)
    i.Show_3_0                               0x00004ecc   Section        0  show_3.o(i.Show_3_0)
    i.Show_3_1                               0x0000520c   Section        0  show_3.o(i.Show_3_1)
    i.Show_3_2                               0x000057b0   Section        0  show_3.o(i.Show_3_2)
    i.Show_3_3                               0x00005914   Section        0  show_3.o(i.Show_3_3)
    i.Show_3_4                               0x00005b74   Section        0  show_3.o(i.Show_3_4)
    i.Sparkle                                0x00005e40   Section        0  normal_display.o(i.Sparkle)
    i.Steady                                 0x00006004   Section        0  normal_display.o(i.Steady)
    i.Syn_Process                            0x0000606c   Section        0  data_process.o(i.Syn_Process)
    Syn_Process                              0x0000606d   Thumb Code    76  data_process.o(i.Syn_Process)
    i.SystemCoreClockUpdate                  0x000060cc   Section        0  system_mini58series.o(i.SystemCoreClockUpdate)
    i.TIMER_GetModuleClock                   0x0000616c   Section        0  timer.o(i.TIMER_GetModuleClock)
    i.TIMER_Open                             0x000061c4   Section        0  timer.o(i.TIMER_Open)
    i.UART0_IRQHandler                       0x00006214   Section        0  csr1010.o(i.UART0_IRQHandler)
    i.UART_Open                              0x0000621c   Section        0  uart.o(i.UART_Open)
    i.UART_SetTimeoutCnt                     0x000062a0   Section        0  uart.o(i.UART_SetTimeoutCnt)
    i.Uart_Clear_Buf                         0x000062b8   Section        0  csr1010.o(i.Uart_Clear_Buf)
    i.User_Data_Init                         0x000062e8   Section        0  data_process.o(i.User_Data_Init)
    i.__0printf$5                            0x0000641c   Section        0  printf5.o(i.__0printf$5)
    i.__ARM_common_switch8                   0x0000643c   Section        0  normal_display.o(i.__ARM_common_switch8)
    i.__scatterload_copy                     0x00006456   Section       14  handlers.o(i.__scatterload_copy)
    i.__scatterload_null                     0x00006464   Section        2  handlers.o(i.__scatterload_null)
    i.__scatterload_zeroinit                 0x00006466   Section       14  handlers.o(i.__scatterload_zeroinit)
    i._printf_core                           0x00006474   Section        0  printf5.o(i._printf_core)
    _printf_core                             0x00006475   Thumb Code   688  printf5.o(i._printf_core)
    i.fputc                                  0x00006750   Section        0  retarget.o(i.fputc)
    i.main                                   0x0000675c   Section        0  showhomeapp.o(i.main)
    i.stackDump                              0x000067e0   Section        0  retarget.o(i.stackDump)
    .constdata                               0x00006888   Section       54  data_process.o(.constdata)
    .data                                    0x20000000   Section        3  key.o(.data)
    KeyDoneFlag                              0x20000000   Data           1  key.o(.data)
    KeyTime                                  0x20000001   Data           1  key.o(.data)
    .data                                    0x20000003   Section       17  csr1010.o(.data)
    .data                                    0x20000014   Section       19  data_process.o(.data)
    PasswordTime                             0x20000014   Data           1  data_process.o(.data)
    SynRcvTime                               0x20000015   Data           1  data_process.o(.data)
    TypeReplyTime                            0x20000016   Data           1  data_process.o(.data)
    BtInitFlag                               0x20000017   Data           1  data_process.o(.data)
    FlagBuffer                               0x20000018   Data           1  data_process.o(.data)
    .data                                    0x20000028   Section        6  display_ctrl.o(.data)
    .data                                    0x2000002e   Section        1  display_ctrl.o(.data)
    .data                                    0x2000002f   Section        1  display_ctrl.o(.data)
    .data                                    0x20000030   Section        1  display_ctrl.o(.data)
    .data                                    0x20000031   Section        1  display_ctrl.o(.data)
    .data                                    0x20000032   Section        1  display_ctrl.o(.data)
    .data                                    0x20000033   Section        1  display_ctrl.o(.data)
    .data                                    0x20000034   Section        1  display_ctrl.o(.data)
    .data                                    0x20000035   Section        1  display_ctrl.o(.data)
    .data                                    0x20000036   Section        1  display_ctrl.o(.data)
    .data                                    0x20000037   Section        1  display_ctrl.o(.data)
    .data                                    0x20000038   Section        1  display_ctrl.o(.data)
    .data                                    0x20000039   Section        1  display_ctrl.o(.data)
    .data                                    0x2000003a   Section        1  display_ctrl.o(.data)
    .data                                    0x2000003b   Section        1  display_ctrl.o(.data)
    .data                                    0x2000003c   Section        1  display_ctrl.o(.data)
    .data                                    0x2000003d   Section        1  display_ctrl.o(.data)
    .data                                    0x2000003e   Section        1  display_ctrl.o(.data)
    .data                                    0x2000003f   Section        1  display_ctrl.o(.data)
    .data                                    0x20000040   Section        1  display_ctrl.o(.data)
    .data                                    0x20000042   Section        2  display_ctrl.o(.data)
    .data                                    0x20000044   Section        1  display_ctrl.o(.data)
    .data                                    0x20000046   Section        2  display_ctrl.o(.data)
    .data                                    0x20000048   Section        2  display_ctrl.o(.data)
    .data                                    0x2000004a   Section        2  display_ctrl.o(.data)
    .data                                    0x2000004c   Section        2  display_ctrl.o(.data)
    .data                                    0x2000004e   Section        1  display_ctrl.o(.data)
    .data                                    0x2000004f   Section        1  flash_prgrm.o(.data)
    .data                                    0x20000050   Section        1  led_class.o(.data)
    .data                                    0x20000051   Section        1  mcu_config.o(.data)
    .data                                    0x20000052   Section       10  timer_ctrl.o(.data)
    TimerChk                                 0x20000052   Data           2  timer_ctrl.o(.data)
    .data                                    0x2000005c   Section       11  bt_control.o(.data)
    BtTime                                   0x2000005c   Data           1  bt_control.o(.data)
    PIO11_HighTime                           0x20000060   Data           2  bt_control.o(.data)
    PIO11_LowTime                            0x20000062   Data           2  bt_control.o(.data)
    BtRcvDataTime                            0x20000064   Data           3  bt_control.o(.data)
    .data                                    0x20000068   Section        4  retarget.o(.data)
    .data                                    0x2000006c   Section        4  system_mini58series.o(.data)
    .data                                    0x20000070   Section       12  system_mini58series.o(.data)
    .data                                    0x2000007c   Section        4  rand.o(.data)
    _rand_state                              0x2000007c   Data           4  rand.o(.data)
    .bss                                     0x20000080   Section       25  csr1010.o(.bss)
    .bss                                     0x20000099   Section       48  display_ctrl.o(.bss)
    .bss                                     0x200000c9   Section       50  display_ctrl.o(.bss)
    .bss                                     0x200000fb   Section       50  display_ctrl.o(.bss)
    .bss                                     0x2000012d   Section       50  display_ctrl.o(.bss)
    .bss                                     0x2000015f   Section       50  display_ctrl.o(.bss)
    .bss                                     0x20000191   Section       50  display_ctrl.o(.bss)
    .bss                                     0x200001c3   Section       90  led_class.o(.bss)
    STACK                                    0x20000220   Section      512  startup_mini58series.o(STACK)

    Global Symbols

    Symbol Name                              Value     Ov Type        Size  Object(Section)

    BuildAttributes$$THM_ISAv3M$S$PE$A:L22$X:L11$S22$IEEE1$IW$USESV6$~STKCKD$USESV7$~SHL$OTIME$ROPI$EBA8$MICROLIB$REQ8$PRES8$EABIv2 0x00000000   Number         0  anon$$obj.o ABSOLUTE
    __ARM_use_no_argv                        0x00000000   Number         0  showhomeapp.o ABSOLUTE
    __Vectors                                0x00000000   Data           4  startup_mini58series.o(RESET)
    _printf_a                                0x00000000   Number         0  stubs.o ABSOLUTE
    _printf_c                                0x00000000   Number         0  stubs.o ABSOLUTE
    _printf_charcount                        0x00000000   Number         0  stubs.o ABSOLUTE
    _printf_d                                0x00000000   Number         0  stubs.o ABSOLUTE
    _printf_e                                0x00000000   Number         0  stubs.o ABSOLUTE
    _printf_f                                0x00000000   Number         0  stubs.o ABSOLUTE
    _printf_flags                            0x00000000   Number         0  stubs.o ABSOLUTE
    _printf_fp_dec                           0x00000000   Number         0  stubs.o ABSOLUTE
    _printf_fp_hex                           0x00000000   Number         0  stubs.o ABSOLUTE
    _printf_g                                0x00000000   Number         0  stubs.o ABSOLUTE
    _printf_i                                0x00000000   Number         0  stubs.o ABSOLUTE
    _printf_int_dec                          0x00000000   Number         0  stubs.o ABSOLUTE
    _printf_l                                0x00000000   Number         0  stubs.o ABSOLUTE
    _printf_lc                               0x00000000   Number         0  stubs.o ABSOLUTE
    _printf_ll                               0x00000000   Number         0  stubs.o ABSOLUTE
    _printf_lld                              0x00000000   Number         0  stubs.o ABSOLUTE
    _printf_lli                              0x00000000   Number         0  stubs.o ABSOLUTE
    _printf_llo                              0x00000000   Number         0  stubs.o ABSOLUTE
    _printf_llu                              0x00000000   Number         0  stubs.o ABSOLUTE
    _printf_llx                              0x00000000   Number         0  stubs.o ABSOLUTE
    _printf_longlong_dec                     0x00000000   Number         0  stubs.o ABSOLUTE
    _printf_longlong_hex                     0x00000000   Number         0  stubs.o ABSOLUTE
    _printf_longlong_oct                     0x00000000   Number         0  stubs.o ABSOLUTE
    _printf_ls                               0x00000000   Number         0  stubs.o ABSOLUTE
    _printf_mbtowc                           0x00000000   Number         0  stubs.o ABSOLUTE
    _printf_n                                0x00000000   Number         0  stubs.o ABSOLUTE
    _printf_o                                0x00000000   Number         0  stubs.o ABSOLUTE
    _printf_p                                0x00000000   Number         0  stubs.o ABSOLUTE
    _printf_percent                          0x00000000   Number         0  stubs.o ABSOLUTE
    _printf_pre_padding                      0x00000000   Number         0  stubs.o ABSOLUTE
    _printf_return_value                     0x00000000   Number         0  stubs.o ABSOLUTE
    _printf_s                                0x00000000   Number         0  stubs.o ABSOLUTE
    _printf_sizespec                         0x00000000   Number         0  stubs.o ABSOLUTE
    _printf_str                              0x00000000   Number         0  stubs.o ABSOLUTE
    _printf_truncate_signed                  0x00000000   Number         0  stubs.o ABSOLUTE
    _printf_truncate_unsigned                0x00000000   Number         0  stubs.o ABSOLUTE
    _printf_u                                0x00000000   Number         0  stubs.o ABSOLUTE
    _printf_wc                               0x00000000   Number         0  stubs.o ABSOLUTE
    _printf_wctomb                           0x00000000   Number         0  stubs.o ABSOLUTE
    _printf_widthprec                        0x00000000   Number         0  stubs.o ABSOLUTE
    _printf_x                                0x00000000   Number         0  stubs.o ABSOLUTE
    __cpp_initialize__aeabi_                  - Undefined Weak Reference
    __cxa_finalize                            - Undefined Weak Reference
    __decompress                              - Undefined Weak Reference
    _clock_init                               - Undefined Weak Reference
    _microlib_exit                            - Undefined Weak Reference
    __main                                   0x000000c1   Thumb Code     0  entry.o(.ARM.Collect$$$$00000000)
    _main_stk                                0x000000c1   Thumb Code     0  entry2.o(.ARM.Collect$$$$00000001)
    _main_scatterload                        0x000000c5   Thumb Code     0  entry5.o(.ARM.Collect$$$$00000004)
    __main_after_scatterload                 0x000000c9   Thumb Code     0  entry5.o(.ARM.Collect$$$$00000004)
    _main_clock                              0x000000c9   Thumb Code     0  entry7b.o(.ARM.Collect$$$$00000008)
    _main_cpp_init                           0x000000c9   Thumb Code     0  entry8b.o(.ARM.Collect$$$$0000000A)
    _main_init                               0x000000c9   Thumb Code     0  entry9a.o(.ARM.Collect$$$$0000000B)
    __rt_final_cpp                           0x000000d1   Thumb Code     0  entry10a.o(.ARM.Collect$$$$0000000D)
    __rt_final_exit                          0x000000d1   Thumb Code     0  entry11a.o(.ARM.Collect$$$$0000000F)
    HardFault_Handler                        0x000000d5   Thumb Code    24  retarget.o(.emb_text)
    Reset_Handler                            0x000000f1   Thumb Code     4  startup_mini58series.o(.text)
    NMI_Handler                              0x000000f5   Thumb Code     2  startup_mini58series.o(.text)
    SVC_Handler                              0x000000f9   Thumb Code     2  startup_mini58series.o(.text)
    PendSV_Handler                           0x000000fb   Thumb Code     2  startup_mini58series.o(.text)
    SysTick_Handler                          0x000000fd   Thumb Code     2  startup_mini58series.o(.text)
    ACMP_IRQHandler                          0x000000ff   Thumb Code     0  startup_mini58series.o(.text)
    ADC_IRQHandler                           0x000000ff   Thumb Code     0  startup_mini58series.o(.text)
    BOD_IRQHandler                           0x000000ff   Thumb Code     0  startup_mini58series.o(.text)
    EINT0_IRQHandler                         0x000000ff   Thumb Code     0  startup_mini58series.o(.text)
    EINT1_IRQHandler                         0x000000ff   Thumb Code     0  startup_mini58series.o(.text)
    FB_IRQHandler                            0x000000ff   Thumb Code     0  startup_mini58series.o(.text)
    GPIO01_IRQHandler                        0x000000ff   Thumb Code     0  startup_mini58series.o(.text)
    GPIO234_IRQHandler                       0x000000ff   Thumb Code     0  startup_mini58series.o(.text)
    GPIO5_IRQHandler                         0x000000ff   Thumb Code     0  startup_mini58series.o(.text)
    HIRC_IRQHandler                          0x000000ff   Thumb Code     0  startup_mini58series.o(.text)
    I2C0_IRQHandler                          0x000000ff   Thumb Code     0  startup_mini58series.o(.text)
    I2C1_IRQHandler                          0x000000ff   Thumb Code     0  startup_mini58series.o(.text)
    PDWU_IRQHandler                          0x000000ff   Thumb Code     0  startup_mini58series.o(.text)
    PWM_IRQHandler                           0x000000ff   Thumb Code     0  startup_mini58series.o(.text)
    SPI_IRQHandler                           0x000000ff   Thumb Code     0  startup_mini58series.o(.text)
    TMR0_IRQHandler                          0x000000ff   Thumb Code     0  startup_mini58series.o(.text)
    TMR1_IRQHandler                          0x000000ff   Thumb Code     0  startup_mini58series.o(.text)
    UART1_IRQHandler                         0x000000ff   Thumb Code     0  startup_mini58series.o(.text)
    WDT_IRQHandler                           0x000000ff   Thumb Code     0  startup_mini58series.o(.text)
    __aeabi_uidiv                            0x00000105   Thumb Code     0  uidiv.o(.text)
    __aeabi_uidivmod                         0x00000105   Thumb Code    44  uidiv.o(.text)
    rand                                     0x00000131   Thumb Code    18  rand.o(.text)
    srand                                    0x00000143   Thumb Code     6  rand.o(.text)
    __aeabi_uldivmod                         0x00000155   Thumb Code    96  uldiv.o(.text)
    __scatterload                            0x000001b5   Thumb Code    28  init.o(.text)
    __scatterload_rt2                        0x000001b5   Thumb Code     0  init.o(.text)
    __aeabi_llsl                             0x000001d9   Thumb Code    32  llshl.o(.text)
    _ll_shift_l                              0x000001d9   Thumb Code     0  llshl.o(.text)
    __aeabi_llsr                             0x000001f9   Thumb Code    34  llushr.o(.text)
    _ll_ushift_r                             0x000001f9   Thumb Code     0  llushr.o(.text)
    All_Color                                0x0000021d   Thumb Code    28  normal_display.o(i.All_Color)
    All_Off                                  0x0000023d   Thumb Code    24  normal_display.o(i.All_Off)
    BT_Work_Detect                           0x00000311   Thumb Code   164  bt_control.o(i.BT_Work_Detect)
    Blink                                    0x000003bd   Thumb Code   420  normal_display.o(i.Blink)
    Blue_Flash                               0x0000058d   Thumb Code   100  normal_display.o(i.Blue_Flash)
    CLK_DisablePLL                           0x00000609   Thumb Code    12  clk.o(i.CLK_DisablePLL)
    CLK_EnablePLL                            0x00000619   Thumb Code   478  clk.o(i.CLK_EnablePLL)
    CLK_EnableXtalRC                         0x0000082d   Thumb Code    18  clk.o(i.CLK_EnableXtalRC)
    CLK_SetCoreClock                         0x00000971   Thumb Code   122  clk.o(i.CLK_SetCoreClock)
    CLK_SetHCLK                              0x000009f5   Thumb Code    30  clk.o(i.CLK_SetHCLK)
    CLK_WaitClockReady                       0x00000a19   Thumb Code    32  clk.o(i.CLK_WaitClockReady)
    Color_Show                               0x00000e5d   Thumb Code   680  normal_display.o(i.Color_Show)
    Count_Down_Control                       0x00001631   Thumb Code   184  timer_ctrl.o(i.Count_Down_Control)
    Csr1010_Rcv_Data                         0x00001759   Thumb Code    74  csr1010.o(i.Csr1010_Rcv_Data)
    Csr1010_Snd_Data                         0x000017ad   Thumb Code   130  csr1010.o(i.Csr1010_Snd_Data)
    Data_Process                             0x0000183d   Thumb Code    58  data_process.o(i.Data_Process)
    Direct_Set                               0x00001881   Thumb Code   164  normal_display.o(i.Direct_Set)
    FMC_Erase                                0x00001949   Thumb Code    42  fmc.o(i.FMC_Erase)
    FMC_Open                                 0x00001979   Thumb Code    12  fmc.o(i.FMC_Open)
    FMC_Read                                 0x00001989   Thumb Code    22  fmc.o(i.FMC_Read)
    FMC_Write                                0x000019a5   Thumb Code    22  fmc.o(i.FMC_Write)
    Flash_Read_Data                          0x000019c1   Thumb Code   150  flash_prgrm.o(i.Flash_Read_Data)
    Flash_Write_Data                         0x00001a89   Thumb Code   160  flash_prgrm.o(i.Flash_Write_Data)
    Flower_Bloom                             0x00001b5d   Thumb Code  1318  normal_display.o(i.Flower_Bloom)
    GPIO_SetMode                             0x00002095   Thumb Code    46  gpio.o(i.GPIO_SetMode)
    Green_Flash                              0x000020c5   Thumb Code   100  normal_display.o(i.Green_Flash)
    Hard_Fault_Handler                       0x00002141   Thumb Code    16  retarget.o(i.Hard_Fault_Handler)
    Horse_Whole_Test                         0x00002181   Thumb Code   240  normal_display.o(i.Horse_Whole_Test)
    Instead                                  0x000022a1   Thumb Code   596  normal_display.o(i.Instead)
    Key_Scan                                 0x000025cd   Thumb Code    60  key.o(i.Key_Scan)
    Led_Display                              0x00002611   Thumb Code   198  display_ctrl.o(i.Led_Display)
    Led_Update                               0x000026dd   Thumb Code   518  led_class.o(i.Led_Update)
    MCU_Config                               0x000028f1   Thumb Code   172  mcu_config.o(i.MCU_Config)
    Polar_Light                              0x00002a05   Thumb Code   720  normal_display.o(i.Polar_Light)
    Red_Flash                                0x00002d11   Thumb Code   100  normal_display.o(i.Red_Flash)
    Ripple                                   0x00002d8d   Thumb Code   388  normal_display.o(i.Ripple)
    Roll                                     0x00002f65   Thumb Code   872  normal_display.o(i.Roll)
    Sea_Wave                                 0x0000335d   Thumb Code   416  normal_display.o(i.Sea_Wave)
    SendChar_ToUART                          0x00003549   Thumb Code    26  retarget.o(i.SendChar_ToUART)
    Show_1                                   0x00003569   Thumb Code   150  show_1.o(i.Show_1)
    Show_1_0                                 0x0000361d   Thumb Code   296  show_1.o(i.Show_1_0)
    Show_1_1                                 0x00003779   Thumb Code   704  show_1.o(i.Show_1_1)
    Show_1_2                                 0x00003a79   Thumb Code   358  show_1.o(i.Show_1_2)
    Show_1_3                                 0x00003c0d   Thumb Code   726  show_1.o(i.Show_1_3)
    Show_2                                   0x00003f31   Thumb Code   166  show_2.o(i.Show_2)
    Show_2_0                                 0x00003ffd   Thumb Code   638  show_2.o(i.Show_2_0)
    Show_2_1                                 0x000042cd   Thumb Code   530  show_2.o(i.Show_2_1)
    Show_2_2                                 0x00004515   Thumb Code   814  show_2.o(i.Show_2_2)
    Show_2_3                                 0x0000487d   Thumb Code  1104  show_2.o(i.Show_2_3)
    Show_2_4                                 0x00004ccd   Thumb Code   270  show_2.o(i.Show_2_4)
    Show_3                                   0x00004e05   Thumb Code   162  show_3.o(i.Show_3)
    Show_3_0                                 0x00004ecd   Thumb Code   772  show_3.o(i.Show_3_0)
    Show_3_1                                 0x0000520d   Thumb Code  1412  show_3.o(i.Show_3_1)
    Show_3_2                                 0x000057b1   Thumb Code   302  show_3.o(i.Show_3_2)
    Show_3_3                                 0x00005915   Thumb Code   542  show_3.o(i.Show_3_3)
    Show_3_4                                 0x00005b75   Thumb Code   648  show_3.o(i.Show_3_4)
    Sparkle                                  0x00005e41   Thumb Code   394  normal_display.o(i.Sparkle)
    Steady                                   0x00006005   Thumb Code    78  normal_display.o(i.Steady)
    SystemCoreClockUpdate                    0x000060cd   Thumb Code   130  system_mini58series.o(i.SystemCoreClockUpdate)
    TIMER_GetModuleClock                     0x0000616d   Thumb Code    64  timer.o(i.TIMER_GetModuleClock)
    TIMER_Open                               0x000061c5   Thumb Code    80  timer.o(i.TIMER_Open)
    UART0_IRQHandler                         0x00006215   Thumb Code     8  csr1010.o(i.UART0_IRQHandler)
    UART_Open                                0x0000621d   Thumb Code   114  uart.o(i.UART_Open)
    UART_SetTimeoutCnt                       0x000062a1   Thumb Code    22  uart.o(i.UART_SetTimeoutCnt)
    Uart_Clear_Buf                           0x000062b9   Thumb Code    40  csr1010.o(i.Uart_Clear_Buf)
    User_Data_Init                           0x000062e9   Thumb Code   274  data_process.o(i.User_Data_Init)
    __0printf$5                              0x0000641d   Thumb Code    24  printf5.o(i.__0printf$5)
    __1printf$5                              0x0000641d   Thumb Code     0  printf5.o(i.__0printf$5)
    __2printf                                0x0000641d   Thumb Code     0  printf5.o(i.__0printf$5)
    __ARM_common_switch8                     0x0000643d   Thumb Code    26  normal_display.o(i.__ARM_common_switch8)
    __scatterload_copy                       0x00006457   Thumb Code    14  handlers.o(i.__scatterload_copy)
    __scatterload_null                       0x00006465   Thumb Code     2  handlers.o(i.__scatterload_null)
    __scatterload_zeroinit                   0x00006467   Thumb Code    14  handlers.o(i.__scatterload_zeroinit)
    fputc                                    0x00006751   Thumb Code    12  retarget.o(i.fputc)
    main                                     0x0000675d   Thumb Code   114  showhomeapp.o(i.main)
    stackDump                                0x000067e1   Thumb Code    70  retarget.o(i.stackDump)
    COLOR_VECTOR                             0x00006888   Data          54  data_process.o(.constdata)
    Region$$Table$$Base                      0x000068c0   Number         0  anon$$obj.o(Region$$Table)
    Region$$Table$$Limit                     0x000068e0   Number         0  anon$$obj.o(Region$$Table)
    KeyStatus                                0x20000002   Data           1  key.o(.data)
    RcvFlag                                  0x20000003   Data           1  csr1010.o(.data)
    RcvByteStatus                            0x20000004   Data           1  csr1010.o(.data)
    ChkSumReply                              0x20000005   Data           4  csr1010.o(.data)
    SynData                                  0x20000009   Data           5  csr1010.o(.data)
    RcvData                                  0x2000000e   Data           6  csr1010.o(.data)
    SynFlag                                  0x20000019   Data           1  data_process.o(.data)
    ChkSumH                                  0x2000001a   Data           1  data_process.o(.data)
    ChkSumL                                  0x2000001b   Data           1  data_process.o(.data)
    ChkSumRst                                0x2000001c   Data           1  data_process.o(.data)
    ChkSumRstSave                            0x2000001d   Data           1  data_process.o(.data)
    PowerOnNum                               0x2000001e   Data           1  data_process.o(.data)
    WdtRstFlag                               0x2000001f   Data           1  data_process.o(.data)
    NewChkSumH                               0x20000020   Data           1  data_process.o(.data)
    NewChkSumL                               0x20000021   Data           1  data_process.o(.data)
    ChkSumRstTime                            0x20000022   Data           1  data_process.o(.data)
    PasswordFlag                             0x20000023   Data           1  data_process.o(.data)
    SynRcvFlag                               0x20000024   Data           1  data_process.o(.data)
    FlagChkTime                              0x20000025   Data           1  data_process.o(.data)
    FlagChkFlag                              0x20000026   Data           1  data_process.o(.data)
    RndSeed                                  0x20000028   Data           2  display_ctrl.o(.data)
    DisplayData                              0x2000002a   Data           4  display_ctrl.o(.data)
    ColorNum                                 0x2000002e   Data           1  display_ctrl.o(.data)
    TempCnt                                  0x2000002f   Data           1  display_ctrl.o(.data)
    TempLed                                  0x20000030   Data           1  display_ctrl.o(.data)
    LedCnt                                   0x20000031   Data           1  display_ctrl.o(.data)
    TempR                                    0x20000032   Data           1  display_ctrl.o(.data)
    TempG                                    0x20000033   Data           1  display_ctrl.o(.data)
    TempB                                    0x20000034   Data           1  display_ctrl.o(.data)
    TempDuty                                 0x20000035   Data           1  display_ctrl.o(.data)
    FadeR                                    0x20000036   Data           1  display_ctrl.o(.data)
    FadeG                                    0x20000037   Data           1  display_ctrl.o(.data)
    FadeB                                    0x20000038   Data           1  display_ctrl.o(.data)
    TempColor                                0x20000039   Data           1  display_ctrl.o(.data)
    SpeedTime                                0x2000003a   Data           1  display_ctrl.o(.data)
    KeepTime                                 0x2000003b   Data           1  display_ctrl.o(.data)
    ShowMode                                 0x2000003c   Data           1  display_ctrl.o(.data)
    ShowInit                                 0x2000003d   Data           1  display_ctrl.o(.data)
    HorseCnt                                 0x2000003e   Data           1  display_ctrl.o(.data)
    RndCnt                                   0x2000003f   Data           1  display_ctrl.o(.data)
    SteadyTime                               0x20000040   Data           1  display_ctrl.o(.data)
    TimeLine                                 0x20000042   Data           2  display_ctrl.o(.data)
    TempStep                                 0x20000044   Data           1  display_ctrl.o(.data)
    HorseOrder                               0x20000046   Data           2  display_ctrl.o(.data)
    HorseTotal                               0x20000048   Data           2  display_ctrl.o(.data)
    HorseWaitTime                            0x2000004a   Data           2  display_ctrl.o(.data)
    HorseStep                                0x2000004c   Data           2  display_ctrl.o(.data)
    ModeSynFlag                              0x2000004e   Data           1  display_ctrl.o(.data)
    FlashSaveFlag                            0x2000004f   Data           1  flash_prgrm.o(.data)
    DirectFlag                               0x20000050   Data           1  led_class.o(.data)
    HseStatus                                0x20000051   Data           1  mcu_config.o(.data)
    TimerData                                0x20000054   Data           8  timer_ctrl.o(.data)
    BtConStatus                              0x2000005d   Data           1  bt_control.o(.data)
    BtRcvDataFlag                            0x2000005e   Data           1  bt_control.o(.data)
    BtPowerInitFlag                          0x2000005f   Data           1  bt_control.o(.data)
    __stdout                                 0x20000068   Data           4  retarget.o(.data)
    __HSI                                    0x2000006c   Data           4  system_mini58series.o(.data)
    PllClock                                 0x20000070   Data           4  system_mini58series.o(.data)
    SystemCoreClock                          0x20000074   Data           4  system_mini58series.o(.data)
    CyclesPerUs                              0x20000078   Data           4  system_mini58series.o(.data)
    SndData                                  0x20000080   Data           9  csr1010.o(.bss)
    RcvBuffer                                0x20000089   Data          16  csr1010.o(.bss)
    ColorData                                0x20000099   Data          48  display_ctrl.o(.bss)
    ModeTime                                 0x200000c9   Data          50  display_ctrl.o(.bss)
    ModeStep                                 0x200000fb   Data          50  display_ctrl.o(.bss)
    HoldTime                                 0x2000012d   Data          50  display_ctrl.o(.bss)
    ModeColor                                0x2000015f   Data          50  display_ctrl.o(.bss)
    ModeLed                                  0x20000191   Data          50  display_ctrl.o(.bss)
    LedData                                  0x200001c3   Data          90  led_class.o(.bss)
    __initial_sp                             0x20000420   Data           0  startup_mini58series.o(STACK)



==============================================================================

Memory Map of the image

  Image Entry point : 0x000000f1

  Load Region LR_IROM1 (Base: 0x00000000, Size: 0x00006960, Max: 0x00008000, ABSOLUTE)

    Execution Region ER_IROM1 (Base: 0x00000000, Size: 0x000068e0, Max: 0x00008000, ABSOLUTE)

    Base Addr    Size         Type   Attr      Idx    E Section Name        Object

    0x00000000   0x000000c0   Data   RO         1602    RESET               startup_mini58series.o
    0x000000c0   0x00000000   Code   RO         1640  * .ARM.Collect$$$$00000000  mc_p.l(entry.o)
    0x000000c0   0x00000004   Code   RO         1917    .ARM.Collect$$$$00000001  mc_p.l(entry2.o)
    0x000000c4   0x00000004   Code   RO         1920    .ARM.Collect$$$$00000004  mc_p.l(entry5.o)
    0x000000c8   0x00000000   Code   RO         1922    .ARM.Collect$$$$00000008  mc_p.l(entry7b.o)
    0x000000c8   0x00000000   Code   RO         1924    .ARM.Collect$$$$0000000A  mc_p.l(entry8b.o)
    0x000000c8   0x00000008   Code   RO         1925    .ARM.Collect$$$$0000000B  mc_p.l(entry9a.o)
    0x000000d0   0x00000000   Code   RO         1927    .ARM.Collect$$$$0000000D  mc_p.l(entry10a.o)
    0x000000d0   0x00000000   Code   RO         1929    .ARM.Collect$$$$0000000F  mc_p.l(entry11a.o)
    0x000000d0   0x00000004   Code   RO         1918    .ARM.Collect$$$$00002712  mc_p.l(entry2.o)
    0x000000d4   0x0000001c   Code   RO         1512    .emb_text           retarget.o
    0x000000f0   0x00000014   Code   RO         1603  * .text               startup_mini58series.o
    0x00000104   0x0000002c   Code   RO         1643    .text               mc_p.l(uidiv.o)
    0x00000130   0x00000024   Code   RO         1645    .text               mc_p.l(rand.o)
    0x00000154   0x00000060   Code   RO         1931    .text               mc_p.l(uldiv.o)
    0x000001b4   0x00000024   Code   RO         1946    .text               mc_p.l(init.o)
    0x000001d8   0x00000020   Code   RO         1948    .text               mc_p.l(llshl.o)
    0x000001f8   0x00000022   Code   RO         1950    .text               mc_p.l(llushr.o)
    0x0000021a   0x00000002   PAD
    0x0000021c   0x00000020   Code   RO           86    i.All_Color         normal_display.o
    0x0000023c   0x0000001c   Code   RO           87    i.All_Off           normal_display.o
    0x00000258   0x000000b8   Code   RO          722    i.BT_Power_Control  bt_control.o
    0x00000310   0x000000ac   Code   RO          723    i.BT_Work_Detect    bt_control.o
    0x000003bc   0x000001d0   Code   RO           88    i.Blink             normal_display.o
    0x0000058c   0x0000007c   Code   RO           89    i.Blue_Flash        normal_display.o
    0x00000608   0x00000010   Code   RO          755    i.CLK_DisablePLL    clk.o
    0x00000618   0x00000214   Code   RO          760    i.CLK_EnablePLL     clk.o
    0x0000082c   0x00000018   Code   RO          762    i.CLK_EnableXtalRC  clk.o
    0x00000844   0x00000058   Code   RO         1412    i.CLK_GetPLLClockFreq  uart.o
    0x0000089c   0x000000d4   Code   RO          625    i.CLK_Init          mcu_config.o
    0x00000970   0x00000084   Code   RO          769    i.CLK_SetCoreClock  clk.o
    0x000009f4   0x00000024   Code   RO          770    i.CLK_SetHCLK       clk.o
    0x00000a18   0x00000028   Code   RO          774    i.CLK_WaitClockReady  clk.o
    0x00000a40   0x0000041c   Code   RO          433    i.CSR1010_Process   data_process.o
    0x00000e5c   0x000002e4   Code   RO           90    i.Color_Show        normal_display.o
    0x00001140   0x000004f0   Code   RO          434    i.Color_Value_Get   data_process.o
    0x00001630   0x000000c4   Code   RO          693    i.Count_Down_Control  timer_ctrl.o
    0x000016f4   0x00000064   Code   RO          383    i.Csr1010_Rcv_Byte  csr1010.o
    0x00001758   0x00000054   Code   RO          384    i.Csr1010_Rcv_Data  csr1010.o
    0x000017ac   0x00000090   Code   RO          385    i.Csr1010_Snd_Data  csr1010.o
    0x0000183c   0x00000044   Code   RO          435    i.Data_Process      data_process.o
    0x00001880   0x000000c8   Code   RO           91    i.Direct_Set        normal_display.o
    0x00001948   0x00000030   Code   RO          901    i.FMC_Erase         fmc.o
    0x00001978   0x00000010   Code   RO          905    i.FMC_Open          fmc.o
    0x00001988   0x0000001c   Code   RO          906    i.FMC_Read          fmc.o
    0x000019a4   0x0000001c   Code   RO          914    i.FMC_Write         fmc.o
    0x000019c0   0x000000c8   Code   RO          558    i.Flash_Read_Data   flash_prgrm.o
    0x00001a88   0x000000d4   Code   RO          559    i.Flash_Write_Data  flash_prgrm.o
    0x00001b5c   0x00000538   Code   RO           92    i.Flower_Bloom      normal_display.o
    0x00002094   0x0000002e   Code   RO         1028    i.GPIO_SetMode      gpio.o
    0x000020c2   0x00000002   PAD
    0x000020c4   0x0000007c   Code   RO           93    i.Green_Flash       normal_display.o
    0x00002140   0x00000028   Code   RO         1514    i.Hard_Fault_Handler  retarget.o
    0x00002168   0x00000016   Code   RO          436    i.Hex_To_Char       data_process.o
    0x0000217e   0x00000002   PAD
    0x00002180   0x00000120   Code   RO           94    i.Horse_Whole_Test  normal_display.o
    0x000022a0   0x000002a4   Code   RO           95    i.Instead           normal_display.o
    0x00002544   0x00000088   Code   RO          437    i.Key_Process       data_process.o
    0x000025cc   0x00000044   Code   RO            3    i.Key_Scan          key.o
    0x00002610   0x000000cc   Code   RO          496    i.Led_Display       display_ctrl.o
    0x000026dc   0x00000214   Code   RO          598    i.Led_Update        led_class.o
    0x000028f0   0x000000d0   Code   RO          626    i.MCU_Config        mcu_config.o
    0x000029c0   0x00000044   Code   RO          438    i.Password_Process  data_process.o
    0x00002a04   0x0000030c   Code   RO           96    i.Polar_Light       normal_display.o
    0x00002d10   0x0000007c   Code   RO           97    i.Red_Flash         normal_display.o
    0x00002d8c   0x000001d8   Code   RO           98    i.Ripple            normal_display.o
    0x00002f64   0x000003c0   Code   RO           99    i.Roll              normal_display.o
    0x00003324   0x0000001c   Code   RO          560    i.SYS_UnlockReg     flash_prgrm.o
    0x00003340   0x0000001c   Code   RO          627    i.SYS_UnlockReg     mcu_config.o
    0x0000335c   0x000001ec   Code   RO          100    i.Sea_Wave          normal_display.o
    0x00003548   0x00000020   Code   RO         1517    i.SendChar_ToUART   retarget.o
    0x00003568   0x000000b4   Code   RO          239    i.Show_1            show_1.o
    0x0000361c   0x0000015c   Code   RO          240    i.Show_1_0          show_1.o
    0x00003778   0x00000300   Code   RO          241    i.Show_1_1          show_1.o
    0x00003a78   0x00000194   Code   RO          242    i.Show_1_2          show_1.o
    0x00003c0c   0x00000324   Code   RO          243    i.Show_1_3          show_1.o
    0x00003f30   0x000000cc   Code   RO          283    i.Show_2            show_2.o
    0x00003ffc   0x000002d0   Code   RO          284    i.Show_2_0          show_2.o
    0x000042cc   0x00000248   Code   RO          285    i.Show_2_1          show_2.o
    0x00004514   0x00000368   Code   RO          286    i.Show_2_2          show_2.o
    0x0000487c   0x00000450   Code   RO          287    i.Show_2_3          show_2.o
    0x00004ccc   0x00000138   Code   RO          288    i.Show_2_4          show_2.o
    0x00004e04   0x000000c8   Code   RO          333    i.Show_3            show_3.o
    0x00004ecc   0x00000340   Code   RO          334    i.Show_3_0          show_3.o
    0x0000520c   0x000005a4   Code   RO          335    i.Show_3_1          show_3.o
    0x000057b0   0x00000164   Code   RO          336    i.Show_3_2          show_3.o
    0x00005914   0x00000260   Code   RO          337    i.Show_3_3          show_3.o
    0x00005b74   0x000002cc   Code   RO          338    i.Show_3_4          show_3.o
    0x00005e40   0x000001c4   Code   RO          101    i.Sparkle           normal_display.o
    0x00006004   0x00000068   Code   RO          102    i.Steady            normal_display.o
    0x0000606c   0x00000060   Code   RO          439    i.Syn_Process       data_process.o
    0x000060cc   0x000000a0   Code   RO         1609    i.SystemCoreClockUpdate  system_mini58series.o
    0x0000616c   0x00000058   Code   RO         1356    i.TIMER_GetModuleClock  timer.o
    0x000061c4   0x00000050   Code   RO         1357    i.TIMER_Open        timer.o
    0x00006214   0x00000008   Code   RO          386    i.UART0_IRQHandler  csr1010.o
    0x0000621c   0x00000084   Code   RO         1419    i.UART_Open         uart.o
    0x000062a0   0x00000016   Code   RO         1424    i.UART_SetTimeoutCnt  uart.o
    0x000062b6   0x00000002   PAD
    0x000062b8   0x00000030   Code   RO          387    i.Uart_Clear_Buf    csr1010.o
    0x000062e8   0x00000134   Code   RO          440    i.User_Data_Init    data_process.o
    0x0000641c   0x00000020   Code   RO         1781    i.__0printf$5       mc_p.l(printf5.o)
    0x0000643c   0x0000001a   Code   RO          197    i.__ARM_common_switch8  normal_display.o
    0x00006456   0x0000000e   Code   RO         1960    i.__scatterload_copy  mc_p.l(handlers.o)
    0x00006464   0x00000002   Code   RO         1961    i.__scatterload_null  mc_p.l(handlers.o)
    0x00006466   0x0000000e   Code   RO         1962    i.__scatterload_zeroinit  mc_p.l(handlers.o)
    0x00006474   0x000002dc   Code   RO         1788    i._printf_core      mc_p.l(printf5.o)
    0x00006750   0x0000000c   Code   RO         1521    i.fputc             retarget.o
    0x0000675c   0x00000084   Code   RO          667    i.main              showhomeapp.o
    0x000067e0   0x000000a8   Code   RO         1523    i.stackDump         retarget.o
    0x00006888   0x00000036   Data   RO          441    .constdata          data_process.o
    0x000068be   0x00000002   PAD
    0x000068c0   0x00000020   Data   RO         1958    Region$$Table       anon$$obj.o


    Execution Region RW_IRAM1 (Base: 0x20000000, Size: 0x00000420, Max: 0x00001000, ABSOLUTE)

    Base Addr    Size         Type   Attr      Idx    E Section Name        Object

    0x20000000   0x00000003   Data   RW            4    .data               key.o
    0x20000003   0x00000011   Data   RW          389    .data               csr1010.o
    0x20000014   0x00000013   Data   RW          442    .data               data_process.o
    0x20000027   0x00000001   PAD
    0x20000028   0x00000006   Data   RW          503    .data               display_ctrl.o
    0x2000002e   0x00000001   Data   RW          504    .data               display_ctrl.o
    0x2000002f   0x00000001   Data   RW          505    .data               display_ctrl.o
    0x20000030   0x00000001   Data   RW          506    .data               display_ctrl.o
    0x20000031   0x00000001   Data   RW          507    .data               display_ctrl.o
    0x20000032   0x00000001   Data   RW          508    .data               display_ctrl.o
    0x20000033   0x00000001   Data   RW          509    .data               display_ctrl.o
    0x20000034   0x00000001   Data   RW          510    .data               display_ctrl.o
    0x20000035   0x00000001   Data   RW          511    .data               display_ctrl.o
    0x20000036   0x00000001   Data   RW          512    .data               display_ctrl.o
    0x20000037   0x00000001   Data   RW          513    .data               display_ctrl.o
    0x20000038   0x00000001   Data   RW          514    .data               display_ctrl.o
    0x20000039   0x00000001   Data   RW          515    .data               display_ctrl.o
    0x2000003a   0x00000001   Data   RW          517    .data               display_ctrl.o
    0x2000003b   0x00000001   Data   RW          518    .data               display_ctrl.o
    0x2000003c   0x00000001   Data   RW          519    .data               display_ctrl.o
    0x2000003d   0x00000001   Data   RW          520    .data               display_ctrl.o
    0x2000003e   0x00000001   Data   RW          521    .data               display_ctrl.o
    0x2000003f   0x00000001   Data   RW          523    .data               display_ctrl.o
    0x20000040   0x00000001   Data   RW          524    .data               display_ctrl.o
    0x20000041   0x00000001   PAD
    0x20000042   0x00000002   Data   RW          525    .data               display_ctrl.o
    0x20000044   0x00000001   Data   RW          526    .data               display_ctrl.o
    0x20000045   0x00000001   PAD
    0x20000046   0x00000002   Data   RW          528    .data               display_ctrl.o
    0x20000048   0x00000002   Data   RW          529    .data               display_ctrl.o
    0x2000004a   0x00000002   Data   RW          531    .data               display_ctrl.o
    0x2000004c   0x00000002   Data   RW          532    .data               display_ctrl.o
    0x2000004e   0x00000001   Data   RW          533    .data               display_ctrl.o
    0x2000004f   0x00000001   Data   RW          561    .data               flash_prgrm.o
    0x20000050   0x00000001   Data   RW          600    .data               led_class.o
    0x20000051   0x00000001   Data   RW          628    .data               mcu_config.o
    0x20000052   0x0000000a   Data   RW          694    .data               timer_ctrl.o
    0x2000005c   0x0000000b   Data   RW          724    .data               bt_control.o
    0x20000067   0x00000001   PAD
    0x20000068   0x00000004   Data   RW         1524    .data               retarget.o
    0x2000006c   0x00000004   Data   RW         1611    .data               system_mini58series.o
    0x20000070   0x0000000c   Data   RW         1612    .data               system_mini58series.o
    0x2000007c   0x00000004   Data   RW         1646    .data               mc_p.l(rand.o)
    0x20000080   0x00000019   Zero   RW          388    .bss                csr1010.o
    0x20000099   0x00000030   Zero   RW          497    .bss                display_ctrl.o
    0x200000c9   0x00000032   Zero   RW          498    .bss                display_ctrl.o
    0x200000fb   0x00000032   Zero   RW          499    .bss                display_ctrl.o
    0x2000012d   0x00000032   Zero   RW          500    .bss                display_ctrl.o
    0x2000015f   0x00000032   Zero   RW          501    .bss                display_ctrl.o
    0x20000191   0x00000032   Zero   RW          502    .bss                display_ctrl.o
    0x200001c3   0x0000005a   Zero   RW          599    .bss                led_class.o
    0x2000021d   0x00000003   PAD
    0x20000220   0x00000200   Zero   RW         1600    STACK               startup_mini58series.o


==============================================================================

Image component sizes


      Code (inc. data)   RO Data    RW Data    ZI Data      Debug   Object Name

       356         24          0         11          0       2033   bt_control.o
       780         88          0          0          0      10354   clk.o
       384         44          0         17         25       4536   csr1010.o
      3014        228         54         19          0       8365   data_process.o
       204         18          0         37        298       3158   display_ctrl.o
       440        106          0          1          0       8833   flash_prgrm.o
       120         22          0          0          0     125452   fmc.o
        46          0          0          0          0        883   gpio.o
        68          8          0          3          0     129743   key.o
       532         14          0          1         90       2286   led_class.o
       448         66          0          1          0      11789   mcu_config.o
      7422        902          0          0          0      14063   normal_display.o
       280        132          0          4          0       4354   retarget.o
      2504        290          0          0          0       4233   show_1.o
      3796        370          0          0          0       5700   show_2.o
      4156        450          0          0          0       6228   show_3.o
       132         18          0          0          0       3015   showhomeapp.o
        20          4        192          0        512        620   startup_mini58series.o
       160         30          0         16          0       1209   system_mini58series.o
       168         24          0          0          0       1672   timer.o
       196         12          0         10          0       3961   timer_ctrl.o
       242         36          0          0          0       2289   uart.o

    ----------------------------------------------------------------------
     25474       2886        280        124        928     354776   Object Totals
         0          0         32          0          0          0   (incl. Generated)
         6          0          2          4          3          0   (incl. Padding)

    ----------------------------------------------------------------------

      Code (inc. data)   RO Data    RW Data    ZI Data      Debug   Library Member Name

         0          0          0          0          0          0   entry.o
         0          0          0          0          0          0   entry10a.o
         0          0          0          0          0          0   entry11a.o
         8          4          0          0          0          0   entry2.o
         4          0          0          0          0          0   entry5.o
         0          0          0          0          0          0   entry7b.o
         0          0          0          0          0          0   entry8b.o
         8          4          0          0          0          0   entry9a.o
        30          0          0          0          0          0   handlers.o
        36          8          0          0          0         68   init.o
        32          0          0          0          0         68   llshl.o
        34          0          0          0          0         68   llushr.o
       764         52          0          0          0        168   printf5.o
        36         12          0          4          0        120   rand.o
        44          0          0          0          0         72   uidiv.o
        96          0          0          0          0         84   uldiv.o

    ----------------------------------------------------------------------
      1094         80          0          4          0        648   Library Totals
         2          0          0          0          0          0   (incl. Padding)

    ----------------------------------------------------------------------

      Code (inc. data)   RO Data    RW Data    ZI Data      Debug   Library Name

      1092         80          0          4          0        648   mc_p.l

    ----------------------------------------------------------------------
      1094         80          0          4          0        648   Library Totals

    ----------------------------------------------------------------------

==============================================================================


      Code (inc. data)   RO Data    RW Data    ZI Data      Debug   

     26568       2966        280        128        928     351740   Grand Totals
     26568       2966        280        128        928     351740   ELF Image Totals
     26568       2966        280        128          0          0   ROM Totals

==============================================================================

    Total RO  Size (Code + RO Data)                26848 (  26.22kB)
    Total RW  Size (RW Data + ZI Data)              1056 (   1.03kB)
    Total ROM Size (Code + RO Data + RW Data)      26976 (  26.34kB)

==============================================================================

