Component: ARM Compiler 5.06 update 3 (build 300) Tool: armlink [4d35c9]

==============================================================================

Section Cross References

    key.o(i.Key_Scan) refers to sleep.o(.data) for SleepKeyFlag
    key.o(i.Key_Scan) refers to key.o(.data) for .data
    normal_display.o(i.All_Color) refers to led_class.o(.data) for DutyR
    normal_display.o(i.All_Off) refers to display_ctrl.o(.data) for DisplayData
    normal_display.o(i.All_Off) refers to led_class.o(.data) for DutyR
    normal_display.o(i.Blink) refers to rand.o(.text) for srand
    normal_display.o(i.Blink) refers to uidiv.o(.text) for __aeabi_uidivmod
    normal_display.o(i.Blink) refers to display_ctrl.o(.data) for DisplayData
    normal_display.o(i.Blink) refers to display_ctrl.o(.data) for SpeedTime
    normal_display.o(i.Blink) refers to display_ctrl.o(.bss) for ModeTime
    normal_display.o(i.Blink) refers to display_ctrl.o(.data) for TempColor
    normal_display.o(i.Blink) refers to display_ctrl.o(.bss) for ModeStep
    normal_display.o(i.Blink) refers to display_ctrl.o(.bss) for ColorData
    normal_display.o(i.Blink) refers to led_class.o(.data) for DutyR
    normal_display.o(i.Blink) refers to display_ctrl.o(.bss) for HoldTime
    normal_display.o(i.Blink) refers to display_ctrl.o(.data) for ColorNum
    normal_display.o(i.Blue_Flash) refers to normal_display.o(i.All_Color) for All_Color
    normal_display.o(i.Blue_Flash) refers to display_ctrl.o(.data) for DisplayData
    normal_display.o(i.Blue_Flash) refers to display_ctrl.o(.data) for TempR
    normal_display.o(i.Blue_Flash) refers to display_ctrl.o(.data) for TempG
    normal_display.o(i.Blue_Flash) refers to display_ctrl.o(.data) for SpeedTime
    normal_display.o(i.Blue_Flash) refers to display_ctrl.o(.bss) for ModeStep
    normal_display.o(i.Blue_Flash) refers to display_ctrl.o(.data) for TempB
    normal_display.o(i.Blue_Flash) refers to display_ctrl.o(.data) for TempW
    normal_display.o(i.Color_Show) refers to normal_display.o(i.__ARM_common_switch8) for __ARM_common_switch8
    normal_display.o(i.Color_Show) refers to display_ctrl.o(.data) for DisplayData
    normal_display.o(i.Color_Show) refers to display_ctrl.o(.bss) for ModeTime
    normal_display.o(i.Color_Show) refers to display_ctrl.o(.data) for TempR
    normal_display.o(i.Color_Show) refers to display_ctrl.o(.data) for TempG
    normal_display.o(i.Color_Show) refers to display_ctrl.o(.data) for TempB
    normal_display.o(i.Color_Show) refers to display_ctrl.o(.bss) for ModeStep
    normal_display.o(i.Color_Show) refers to display_ctrl.o(.data) for HorseCnt
    normal_display.o(i.Color_Show) refers to data_process.o(.data) for SynFlag
    normal_display.o(i.Color_Show) refers to led_class.o(.data) for DutyR
    normal_display.o(i.Color_Show) refers to display_ctrl.o(.data) for TempW
    normal_display.o(i.Flower_Bloom) refers to uidiv.o(.text) for __aeabi_uidivmod
    normal_display.o(i.Flower_Bloom) refers to display_ctrl.o(.data) for DisplayData
    normal_display.o(i.Flower_Bloom) refers to display_ctrl.o(.data) for SpeedTime
    normal_display.o(i.Flower_Bloom) refers to display_ctrl.o(.bss) for ModeStep
    normal_display.o(i.Flower_Bloom) refers to led_class.o(.data) for DutyR
    normal_display.o(i.Flower_Bloom) refers to display_ctrl.o(.data) for TempColor
    normal_display.o(i.Flower_Bloom) refers to display_ctrl.o(.bss) for ColorData
    normal_display.o(i.Flower_Bloom) refers to display_ctrl.o(.data) for FadeR
    normal_display.o(i.Flower_Bloom) refers to display_ctrl.o(.data) for FadeG
    normal_display.o(i.Flower_Bloom) refers to display_ctrl.o(.data) for FadeB
    normal_display.o(i.Flower_Bloom) refers to display_ctrl.o(.data) for FadeW
    normal_display.o(i.Flower_Bloom) refers to display_ctrl.o(.bss) for ModeTime
    normal_display.o(i.Flower_Bloom) refers to display_ctrl.o(.data) for LedCnt
    normal_display.o(i.Flower_Bloom) refers to display_ctrl.o(.data) for ColorNum
    normal_display.o(i.Green_Flash) refers to normal_display.o(i.All_Color) for All_Color
    normal_display.o(i.Green_Flash) refers to display_ctrl.o(.data) for DisplayData
    normal_display.o(i.Green_Flash) refers to display_ctrl.o(.data) for TempR
    normal_display.o(i.Green_Flash) refers to display_ctrl.o(.data) for TempB
    normal_display.o(i.Green_Flash) refers to display_ctrl.o(.data) for SpeedTime
    normal_display.o(i.Green_Flash) refers to display_ctrl.o(.bss) for ModeStep
    normal_display.o(i.Green_Flash) refers to display_ctrl.o(.data) for TempG
    normal_display.o(i.Green_Flash) refers to display_ctrl.o(.data) for TempW
    normal_display.o(i.Instead) refers to uidiv.o(.text) for __aeabi_uidivmod
    normal_display.o(i.Instead) refers to display_ctrl.o(.data) for DisplayData
    normal_display.o(i.Instead) refers to display_ctrl.o(.data) for SpeedTime
    normal_display.o(i.Instead) refers to display_ctrl.o(.bss) for ModeStep
[...]
    printf5.o(i.__0vsnprintf$5) refers to printf5.o(i._snputc) for _snputc
    printf5.o(i.__0vsprintf$5) refers to printf5.o(i._printf_core) for _printf_core
    printf5.o(i.__0vsprintf$5) refers to printf5.o(i._sputc) for _sputc
    printf5.o(i._printf_core) refers to uldiv.o(.text) for __aeabi_uldivmod
    printf6.o(i.__0fprintf$6) refers to printf6.o(i._printf_core) for _printf_core
    printf6.o(i.__0fprintf$6) refers to retarget_1.o(i.fputc) for fputc
    printf6.o(i.__0printf$6) refers to printf6.o(i._printf_core) for _printf_core
    printf6.o(i.__0printf$6) refers to retarget_1.o(i.fputc) for fputc
    printf6.o(i.__0printf$6) refers to retarget_1.o(.data) for __stdout
    printf6.o(i.__0snprintf$6) refers to printf6.o(i._printf_core) for _printf_core
    printf6.o(i.__0snprintf$6) refers to printf6.o(i._snputc) for _snputc
    printf6.o(i.__0sprintf$6) refers to printf6.o(i._printf_core) for _printf_core
    printf6.o(i.__0sprintf$6) refers to printf6.o(i._sputc) for _sputc
    printf6.o(i.__0vfprintf$6) refers to printf6.o(i._printf_core) for _printf_core
    printf6.o(i.__0vfprintf$6) refers to retarget_1.o(i.fputc) for fputc
    printf6.o(i.__0vprintf$6) refers to printf6.o(i._printf_core) for _printf_core
    printf6.o(i.__0vprintf$6) refers to retarget_1.o(i.fputc) for fputc
    printf6.o(i.__0vprintf$6) refers to retarget_1.o(.data) for __stdout
    printf6.o(i.__0vsnprintf$6) refers to printf6.o(i._printf_core) for _printf_core
    printf6.o(i.__0vsnprintf$6) refers to printf6.o(i._snputc) for _snputc
    printf6.o(i.__0vsprintf$6) refers to printf6.o(i._printf_core) for _printf_core
    printf6.o(i.__0vsprintf$6) refers to printf6.o(i._sputc) for _sputc
    printf6.o(i._printf_core) refers to printf6.o(i._printf_pre_padding) for _printf_pre_padding
    printf6.o(i._printf_core) refers to printf6.o(i._printf_post_padding) for _printf_post_padding
    printf6.o(i._printf_core) refers to uidiv.o(.text) for __aeabi_uidivmod
    printf7.o(i.__0fprintf$7) refers to printf7.o(i._printf_core) for _printf_core
    printf7.o(i.__0fprintf$7) refers to retarget_1.o(i.fputc) for fputc
    printf7.o(i.__0printf$7) refers to printf7.o(i._printf_core) for _printf_core
    printf7.o(i.__0printf$7) refers to retarget_1.o(i.fputc) for fputc
    printf7.o(i.__0printf$7) refers to retarget_1.o(.data) for __stdout
    printf7.o(i.__0snprintf$7) refers to printf7.o(i._printf_core) for _printf_core
    printf7.o(i.__0snprintf$7) refers to printf7.o(i._snputc) for _snputc
    printf7.o(i.__0sprintf$7) refers to printf7.o(i._printf_core) for _printf_core
    printf7.o(i.__0sprintf$7) refers to printf7.o(i._sputc) for _sputc
    printf7.o(i.__0vfprintf$7) refers to printf7.o(i._printf_core) for _printf_core
    printf7.o(i.__0vfprintf$7) refers to retarget_1.o(i.fputc) for fputc
    printf7.o(i.__0vprintf$7) refers to printf7.o(i._printf_core) for _printf_core
    printf7.o(i.__0vprintf$7) refers to retarget_1.o(i.fputc) for fputc
    printf7.o(i.__0vprintf$7) refers to retarget_1.o(.data) for __stdout
    printf7.o(i.__0vsnprintf$7) refers to printf7.o(i._printf_core) for _printf_core
    printf7.o(i.__0vsnprintf$7) refers to printf7.o(i._snputc) for _snputc
    printf7.o(i.__0vsprintf$7) refers to printf7.o(i._printf_core) for _printf_core
    printf7.o(i.__0vsprintf$7) refers to printf7.o(i._sputc) for _sputc
    printf7.o(i._printf_core) refers to printf7.o(i._printf_pre_padding) for _printf_pre_padding
    printf7.o(i._printf_core) refers to printf7.o(i._printf_post_padding) for _printf_post_padding
    printf7.o(i._printf_core) refers to uldiv.o(.text) for __aeabi_uldivmod
    printf8.o(i.__0fprintf$8) refers to printf8.o(i._printf_core) for _printf_core
    printf8.o(i.__0fprintf$8) refers to retarget_1.o(i.fputc) for fputc
    printf8.o(i.__0printf$8) refers to printf8.o(i._printf_core) for _printf_core
    printf8.o(i.__0printf$8) refers to retarget_1.o(i.fputc) for fputc
    printf8.o(i.__0printf$8) refers to retarget_1.o(.data) for __stdout
    printf8.o(i.__0snprintf$8) refers to printf8.o(i._printf_core) for _printf_core
    printf8.o(i.__0snprintf$8) refers to printf8.o(i._snputc) for _snputc
    printf8.o(i.__0sprintf$8) refers to printf8.o(i._printf_core) for _printf_core
    printf8.o(i.__0sprintf$8) refers to printf8.o(i._sputc) for _sputc
    printf8.o(i.__0vfprintf$8) refers to printf8.o(i._printf_core) for _printf_core
    printf8.o(i.__0vfprintf$8) refers to retarget_1.o(i.fputc) for fputc
    printf8.o(i.__0vprintf$8) refers to printf8.o(i._printf_core) for _printf_core
    printf8.o(i.__0vprintf$8) refers to retarget_1.o(i.fputc) for fputc
    printf8.o(i.__0vprintf$8) refers to retarget_1.o(.data) for __stdout
    printf8.o(i.__0vsnprintf$8) refers to printf8.o(i._printf_core) for _printf_core
    printf8.o(i.__0vsnprintf$8) refers to printf8.o(i._snputc) for _snputc
    printf8.o(i.__0vsprintf$8) refers to printf8.o(i._printf_core) for _printf_core
    printf8.o(i.__0vsprintf$8) refers to printf8.o(i._sputc) for _sputc
    printf8.o(i._printf_core) refers to printf8.o(i._printf_pre_padding) for _printf_pre_padding
    printf8.o(i._printf_core) refers to printf8.o(i._printf_post_padding) for _printf_post_padding
    printf8.o(i._printf_core) refers to uldiv.o(.text) for __aeabi_uldivmod
    printfa.o(i.__0fprintf) refers (Special) to iusefp.o(.text) for __I$use$fp
    printfa.o(i.__0fprintf) refers to printfa.o(i._printf_core) for _printf_core
    printfa.o(i.__0fprintf) refers to retarget_1.o(i.fputc) for fputc
    printfa.o(i.__0printf) refers (Special) to iusefp.o(.text) for __I$use$fp
    printfa.o(i.__0printf) refers to printfa.o(i._printf_core) for _printf_core
    printfa.o(i.__0printf) refers to retarget_1.o(i.fputc) for fputc
    printfa.o(i.__0printf) refers to retarget_1.o(.data) for __stdout
    printfa.o(i.__0snprintf) refers (Special) to iusefp.o(.text) for __I$use$fp
    printfa.o(i.__0snprintf) refers to printfa.o(i._printf_core) for _printf_core
    printfa.o(i.__0snprintf) refers to printfa.o(i._snputc) for _snputc
    printfa.o(i.__0sprintf) refers (Special) to iusefp.o(.text) for __I$use$fp
    printfa.o(i.__0sprintf) refers to printfa.o(i._printf_core) for _printf_core
    printfa.o(i.__0sprintf) refers to printfa.o(i._sputc) for _sputc
    printfa.o(i.__0vfprintf) refers (Special) to iusefp.o(.text) for __I$use$fp
    printfa.o(i.__0vfprintf) refers to printfa.o(i._printf_core) for _printf_core
    printfa.o(i.__0vfprintf) refers to retarget_1.o(i.fputc) for fputc
    printfa.o(i.__0vprintf) refers (Special) to iusefp.o(.text) for __I$use$fp
    printfa.o(i.__0vprintf) refers to printfa.o(i._printf_core) for _printf_core
    printfa.o(i.__0vprintf) refers to retarget_1.o(i.fputc) for fputc
    printfa.o(i.__0vprintf) refers to retarget_1.o(.data) for __stdout
    printfa.o(i.__0vsnprintf) refers (Special) to iusefp.o(.text) for __I$use$fp
    printfa.o(i.__0vsnprintf) refers to printfa.o(i._printf_core) for _printf_core
    printfa.o(i.__0vsnprintf) refers to printfa.o(i._snputc) for _snputc
    printfa.o(i.__0vsprintf) refers (Special) to iusefp.o(.text) for __I$use$fp
    printfa.o(i.__0vsprintf) refers to printfa.o(i._printf_core) for _printf_core
    printfa.o(i.__0vsprintf) refers to printfa.o(i._sputc) for _sputc
    printfa.o(i._fp_digits) refers (Special) to iusefp.o(.text) for __I$use$fp
    printfa.o(i._fp_digits) refers to dmul.o(.text) for __aeabi_dmul
    printfa.o(i._fp_digits) refers to ddiv.o(.text) for __aeabi_ddiv
    printfa.o(i._fp_digits) refers to cdrcmple.o(.text) for __aeabi_cdrcmple
    printfa.o(i._fp_digits) refers to dadd.o(.text) for __aeabi_dadd
    printfa.o(i._fp_digits) refers to dfixul.o(.text) for __aeabi_d2ulz
    printfa.o(i._fp_digits) refers to uldiv.o(.text) for __aeabi_uldivmod
    printfa.o(i._printf_core) refers (Special) to iusefp.o(.text) for __I$use$fp
    printfa.o(i._printf_core) refers to printfa.o(i._printf_pre_padding) for _printf_pre_padding
    printfa.o(i._printf_core) refers to uldiv.o(.text) for __aeabi_uldivmod
    printfa.o(i._printf_core) refers to printfa.o(i._printf_post_padding) for _printf_post_padding
    printfa.o(i._printf_core) refers to printfa.o(i._fp_digits) for _fp_digits
    printfa.o(i._printf_core) refers to uidiv.o(.text) for __aeabi_uidivmod
    printfa.o(i._printf_post_padding) refers (Special) to iusefp.o(.text) for __I$use$fp
    printfa.o(i._printf_pre_padding) refers (Special) to iusefp.o(.text) for __I$use$fp
    printfa.o(i._snputc) refers (Special) to iusefp.o(.text) for __I$use$fp
    printfa.o(i._sputc) refers (Special) to iusefp.o(.text) for __I$use$fp
    fmul.o(.text) refers (Special) to iusefp.o(.text) for __I$use$fp
    fdiv.o(.text) refers (Special) to iusefp.o(.text) for __I$use$fp
    fdiv.o(.text) refers to fepilogue.o(.text) for _float_round
    ffltui.o(.text) refers (Special) to iusefp.o(.text) for __I$use$fp
    ffltui.o(.text) refers to fepilogue.o(.text) for _float_epilogue
    ffixui.o(.text) refers (Special) to iusefp.o(.text) for __I$use$fp
    entry2.o(.ARM.Collect$$$$00000001) refers to entry2.o(.ARM.Collect$$$$00002712) for __lit__00000000
    entry2.o(.ARM.Collect$$$$00002712) refers to startup_mini58series.o(STACK) for __initial_sp
    entry2.o(__vectab_stack_and_reset_area) refers to startup_mini58series.o(STACK) for __initial_sp
    entry2.o(__vectab_stack_and_reset_area) refers to entry.o(.ARM.Collect$$$$00000000) for __main
    entry5.o(.ARM.Collect$$$$00000004) refers to init.o(.text) for __scatterload
    entry9a.o(.ARM.Collect$$$$0000000B) refers to showhomeapp.o(i.main) for main
    entry9b.o(.ARM.Collect$$$$0000000C) refers to showhomeapp.o(i.main) for main
    uldiv.o(.text) refers to llushr.o(.text) for __aeabi_llsr
    uldiv.o(.text) refers to llshl.o(.text) for __aeabi_llsl
    dadd.o(.text) refers to llshl.o(.text) for __aeabi_llsl
    dadd.o(.text) refers to llsshr.o(.text) for __aeabi_lasr
    dadd.o(.text) refers to depilogue.o(.text) for _double_epilogue
    dmul.o(.text) refers to depilogue.o(.text) for _double_epilogue
    ddiv.o(.text) refers to depilogue.o(.text) for _double_round
    dfixul.o(.text) refers to llushr.o(.text) for __aeabi_llsr
    dfixul.o(.text) refers to llshl.o(.text) for __aeabi_llsl
    init.o(.text) refers to entry5.o(.ARM.Collect$$$$00000004) for __main_after_scatterload
    depilogue.o(.text) refers to depilogue.o(i.__ARM_clz) for __ARM_clz
    depilogue.o(.text) refers to llshl.o(.text) for __aeabi_llsl
    depilogue.o(.text) refers to llushr.o(.text) for __aeabi_llsr


==============================================================================

Removing Unused input sections from the image.

    Removing key.o(.rev16_text), (4 bytes).
    Removing key.o(.revsh_text), (4 bytes).
    Removing normal_display.o(.rev16_text), (4 bytes).
    Removing normal_display.o(.revsh_text), (4 bytes).
    Removing show_1.o(.rev16_text), (4 bytes).
    Removing show_1.o(.revsh_text), (4 bytes).
    Removing show_2.o(.rev16_text), (4 bytes).
    Removing show_2.o(.revsh_text), (4 bytes).
    Removing show_3.o(.rev16_text), (4 bytes).
    Removing show_3.o(.revsh_text), (4 bytes).
    Removing sleep.o(.rev16_text), (4 bytes).
    Removing sleep.o(.revsh_text), (4 bytes).
    Removing csr1010.o(.rev16_text), (4 bytes).
    Removing csr1010.o(.revsh_text), (4 bytes).
    Removing data_process.o(.rev16_text), (4 bytes).
    Removing data_process.o(.revsh_text), (4 bytes).
    Removing display_ctrl.o(.rev16_text), (4 bytes).
    Removing display_ctrl.o(.revsh_text), (4 bytes).
    Removing display_ctrl.o(.data), (1 bytes).
    Removing display_ctrl.o(.data), (1 bytes).
    Removing display_ctrl.o(.data), (1 bytes).
    Removing display_ctrl.o(.data), (2 bytes).
    Removing display_ctrl.o(.data), (2 bytes).
    Removing display_ctrl.o(.data), (2 bytes).
    Removing flash_prgrm.o(.rev16_text), (4 bytes).
    Removing flash_prgrm.o(.revsh_text), (4 bytes).
    Removing led_class.o(.rev16_text), (4 bytes).
    Removing led_class.o(.revsh_text), (4 bytes).
    Removing mcu_config.o(.rev16_text), (4 bytes).
    Removing mcu_config.o(.revsh_text), (4 bytes).
    Removing showhomeapp.o(.rev16_text), (4 bytes).
    Removing showhomeapp.o(.revsh_text), (4 bytes).
    Removing timer_ctrl.o(.rev16_text), (4 bytes).
    Removing timer_ctrl.o(.revsh_text), (4 bytes).
    Removing bt_control.o(.rev16_text), (4 bytes).
    Removing bt_control.o(.revsh_text), (4 bytes).
    Removing clk.o(.rev16_text), (4 bytes).
    Removing clk.o(.revsh_text), (4 bytes).
    Removing clk.o(i.CLK_DisableCKO), (16 bytes).
    Removing clk.o(i.CLK_DisableModuleClock), (28 bytes).
    Removing clk.o(i.CLK_DisableSysTick), (12 bytes).
    Removing clk.o(i.CLK_DisableXtalRC), (16 bytes).
    Removing clk.o(i.CLK_EnableCKO), (36 bytes).
    Removing clk.o(i.CLK_EnableModuleClock), (28 bytes).
    Removing clk.o(i.CLK_EnableSysTick), (64 bytes).
    Removing clk.o(i.CLK_GetCPUFreq), (16 bytes).
    Removing clk.o(i.CLK_GetHCLKFreq), (16 bytes).
    Removing clk.o(i.CLK_GetHXTFreq), (28 bytes).
    Removing clk.o(i.CLK_GetLXTFreq), (28 bytes).
    Removing clk.o(i.CLK_Idle), (20 bytes).
    Removing clk.o(i.CLK_SetSysTickClockSrc), (20 bytes).
    Removing clk.o(i.CLK_SysTickDelay), (36 bytes).
    Removing fmc.o(.rev16_text), (4 bytes).
    Removing fmc.o(.revsh_text), (4 bytes).
    Removing fmc.o(i.FMC_Close), (16 bytes).
    Removing fmc.o(i.FMC_GetBootSource), (20 bytes).
    Removing fmc.o(i.FMC_GetCRC32Sum), (80 bytes).
    Removing fmc.o(i.FMC_GetVectorPageAddr), (20 bytes).
    Removing fmc.o(i.FMC_ReadCID), (28 bytes).
    Removing fmc.o(i.FMC_ReadConfig), (40 bytes).
    Removing fmc.o(i.FMC_ReadDataFlashBaseAddr), (12 bytes).
    Removing fmc.o(i.FMC_ReadPID), (28 bytes).
    Removing fmc.o(i.FMC_ReadUCID), (32 bytes).
    Removing fmc.o(i.FMC_ReadUID), (28 bytes).
    Removing fmc.o(i.FMC_SetVectorPageAddr), (24 bytes).
    Removing fmc.o(i.FMC_WriteConfig), (64 bytes).
    Removing gpio.o(.rev16_text), (4 bytes).
    Removing gpio.o(.revsh_text), (4 bytes).
    Removing pwm.o(.rev16_text), (4 bytes).
    Removing pwm.o(.revsh_text), (4 bytes).
    Removing pwm.o(i.PWM_ClearADCTriggerFlag), (36 bytes).
    Removing pwm.o(i.PWM_ClearCenterIntFlag), (16 bytes).
    Removing pwm.o(i.PWM_ClearDutyIntFlag), (16 bytes).
    Removing pwm.o(i.PWM_ClearFaultBrakeFlag), (12 bytes).
    Removing pwm.o(i.PWM_ClearFaultBrakeIntFlag), (12 bytes).
    Removing pwm.o(i.PWM_ClearPeriodIntFlag), (16 bytes).
    Removing pwm.o(i.PWM_ClearRiseIntFlag), (16 bytes).
    Removing pwm.o(i.PWM_ConfigOutputChannel), (244 bytes).
    Removing pwm.o(i.PWM_DisableADCTrigger), (36 bytes).
    Removing pwm.o(i.PWM_DisableCenterInt), (20 bytes).
    Removing pwm.o(i.PWM_DisableDeadZone), (20 bytes).
    Removing pwm.o(i.PWM_DisableDutyInt), (14 bytes).
    Removing pwm.o(i.PWM_DisableFaultBrakeInt), (20 bytes).
    Removing pwm.o(i.PWM_DisableOutput), (16 bytes).
    Removing pwm.o(i.PWM_DisablePeriodInt), (12 bytes).
    Removing pwm.o(i.PWM_DisableRiseInt), (14 bytes).
    Removing pwm.o(i.PWM_EnableADCTrigger), (48 bytes).
    Removing pwm.o(i.PWM_EnableCenterInt), (36 bytes).
    Removing pwm.o(i.PWM_EnableDeadZone), (40 bytes).
    Removing pwm.o(i.PWM_EnableDutyInt), (14 bytes).
    Removing pwm.o(i.PWM_EnableFaultBrake), (16 bytes).
    Removing pwm.o(i.PWM_EnableFaultBrakeInt), (20 bytes).
    Removing pwm.o(i.PWM_EnableOutput), (16 bytes).
    Removing pwm.o(i.PWM_EnablePeriodInt), (12 bytes).
    Removing pwm.o(i.PWM_EnableRiseInt), (14 bytes).
    Removing pwm.o(i.PWM_ForceStop), (44 bytes).
    Removing pwm.o(i.PWM_GetADCTriggerFlag), (40 bytes).
    Removing pwm.o(i.PWM_GetCenterIntFlag), (24 bytes).
    Removing pwm.o(i.PWM_GetDutyIntFlag), (24 bytes).
    Removing pwm.o(i.PWM_GetFaultBrakeIntFlag), (16 bytes).
    Removing pwm.o(i.PWM_GetPeriodIntFlag), (20 bytes).
    Removing pwm.o(i.PWM_GetRiseIntFlag), (24 bytes).
    Removing pwm.o(i.PWM_Start), (44 bytes).
    Removing pwm.o(i.PWM_Stop), (30 bytes).
    Removing sys.o(.rev16_text), (4 bytes).
    Removing sys.o(.revsh_text), (4 bytes).
    Removing sys.o(i.SYS_ClearResetSrc), (12 bytes).
    Removing sys.o(i.SYS_DisableBOD), (22 bytes).
    Removing sys.o(i.SYS_EnableBOD), (36 bytes).
    Removing sys.o(i.SYS_GetBODStatus), (12 bytes).
    Removing sys.o(i.SYS_GetResetSrc), (8 bytes).
    Removing sys.o(i.SYS_IsRegLocked), (24 bytes).
    Removing sys.o(i.SYS_ReadPDID), (8 bytes).
    Removing sys.o(i.SYS_ResetCPU), (14 bytes).
    Removing sys.o(i.SYS_ResetChip), (14 bytes).
    Removing sys.o(i.SYS_ResetModule), (28 bytes).
    Removing timer.o(.rev16_text), (4 bytes).
    Removing timer.o(.revsh_text), (4 bytes).
    Removing timer.o(i.TIMER_Close), (8 bytes).
    Removing timer.o(i.TIMER_Delay), (168 bytes).
    Removing timer.o(i.TIMER_DisableCapture), (10 bytes).
    Removing timer.o(i.TIMER_DisableEventCounter), (12 bytes).
    Removing timer.o(i.TIMER_EnableCapture), (22 bytes).
    Removing timer.o(i.TIMER_EnableEventCounter), (22 bytes).
    Removing uart.o(.rev16_text), (4 bytes).
    Removing uart.o(.revsh_text), (4 bytes).
    Removing uart.o(i.UART_ClearIntFlag), (44 bytes).
    Removing uart.o(i.UART_Close), (6 bytes).
    Removing uart.o(i.UART_DisableFlowCtrl), (12 bytes).
    Removing uart.o(i.UART_DisableInt), (8 bytes).
    Removing uart.o(i.UART_EnableFlowCtrl), (38 bytes).
    Removing uart.o(i.UART_EnableInt), (8 bytes).
    Removing uart.o(i.UART_Read), (44 bytes).
    Removing uart.o(i.UART_SelectIrDAMode), (120 bytes).
    Removing uart.o(i.UART_SelectRS485Mode), (20 bytes).
    Removing uart.o(i.UART_SetLine_Config), (136 bytes).
    Removing uart.o(i.UART_Write), (44 bytes).
    Removing wdt.o(.rev16_text), (4 bytes).
    Removing wdt.o(.revsh_text), (4 bytes).
    Removing wdt.o(i.WDT_Close), (12 bytes).
    Removing wdt.o(i.WDT_DisableInt), (16 bytes).
    Removing wdt.o(i.WDT_EnableInt), (20 bytes).
    Removing wdt.o(i.WDT_Open), (24 bytes).
    Removing retarget_1.o(.rev16_text), (4 bytes).
    Removing retarget_1.o(.revsh_text), (4 bytes).
    Removing retarget_1.o(i.GetChar), (20 bytes).
    Removing retarget_1.o(i.IsDebugFifoEmpty), (16 bytes).
    Removing retarget_1.o(i.SendChar), (8 bytes).
    Removing retarget_1.o(i._ttywrch), (8 bytes).
    Removing retarget_1.o(i.ferror), (6 bytes).
    Removing retarget_1.o(i.fgetc), (8 bytes).
    Removing retarget_1.o(i.kbhit), (16 bytes).
    Removing retarget_1.o(.data), (4 bytes).
    Removing startup_mini58series.o(HEAP), (0 bytes).
    Removing system_mini58series.o(.rev16_text), (4 bytes).
    Removing system_mini58series.o(.revsh_text), (4 bytes).
    Removing system_mini58series.o(i.SystemInit), (2 bytes).
    Removing fmul.o(.text), (122 bytes).
    Removing fdiv.o(.text), (124 bytes).
    Removing ffltui.o(.text), (14 bytes).
    Removing ffixui.o(.text), (40 bytes).
    Removing fepilogue.o(.text), (130 bytes).
    Removing dadd.o(.text), (356 bytes).
    Removing dmul.o(.text), (208 bytes).
    Removing ddiv.o(.text), (240 bytes).
    Removing dfixul.o(.text), (64 bytes).
    Removing cdrcmple.o(.text), (40 bytes).
    Removing depilogue.o(.text), (190 bytes).
    Removing depilogue.o(i.__ARM_clz), (46 bytes).

169 unused section(s) (total 4601 bytes) removed from the image.

==============================================================================

Image Symbol Table

    Local Symbols

    Symbol Name                              Value     Ov Type        Size  Object(Section)

    RESET                                    0x00000000   Section      192  startup_mini58series.o(RESET)
    ../clib/microlib/division.c              0x00000000   Number         0  uidiv.o ABSOLUTE
    ../clib/microlib/division.c              0x00000000   Number         0  uldiv.o ABSOLUTE
    ../clib/microlib/init/entry.s            0x00000000   Number         0  entry7a.o ABSOLUTE
    ../clib/microlib/init/entry.s            0x00000000   Number         0  entry.o ABSOLUTE
    ../clib/microlib/init/entry.s            0x00000000   Number         0  entry7b.o ABSOLUTE
    ../clib/microlib/init/entry.s            0x00000000   Number         0  entry8a.o ABSOLUTE
    ../clib/microlib/init/entry.s            0x00000000   Number         0  entry9a.o ABSOLUTE
    ../clib/microlib/init/entry.s            0x00000000   Number         0  entry5.o ABSOLUTE
    ../clib/microlib/init/entry.s            0x00000000   Number         0  entry8b.o ABSOLUTE
    ../clib/microlib/init/entry.s            0x00000000   Number         0  entry11a.o ABSOLUTE
    ../clib/microlib/init/entry.s            0x00000000   Number         0  entry9b.o ABSOLUTE
    ../clib/microlib/init/entry.s            0x00000000   Number         0  entry2.o ABSOLUTE
    ../clib/microlib/init/entry.s            0x00000000   Number         0  entry10a.o ABSOLUTE
    ../clib/microlib/init/entry.s            0x00000000   Number         0  entry10b.o ABSOLUTE
    ../clib/microlib/init/entry.s            0x00000000   Number         0  entry11b.o ABSOLUTE
    ../clib/microlib/longlong.c              0x00000000   Number         0  llushr.o ABSOLUTE
    ../clib/microlib/longlong.c              0x00000000   Number         0  llsshr.o ABSOLUTE
    ../clib/microlib/longlong.c              0x00000000   Number         0  llshl.o ABSOLUTE
    ../clib/microlib/printf/printf.c         0x00000000   Number         0  printf5.o ABSOLUTE
    ../clib/microlib/printf/printf.c         0x00000000   Number         0  printf7.o ABSOLUTE
    ../clib/microlib/printf/printf.c         0x00000000   Number         0  printf6.o ABSOLUTE
    ../clib/microlib/printf/printf.c         0x00000000   Number         0  printf8.o ABSOLUTE
    ../clib/microlib/printf/printf.c         0x00000000   Number         0  printfa.o ABSOLUTE
    ../clib/microlib/printf/printf.c         0x00000000   Number         0  printf0.o ABSOLUTE
    ../clib/microlib/printf/printf.c         0x00000000   Number         0  printf4.o ABSOLUTE
    ../clib/microlib/printf/printf.c         0x00000000   Number         0  printf3.o ABSOLUTE
    ../clib/microlib/printf/printf.c         0x00000000   Number         0  printf2.o ABSOLUTE
    ../clib/microlib/printf/printf.c         0x00000000   Number         0  printf1.o ABSOLUTE
    ../clib/microlib/printf/printf.c         0x00000000   Number         0  printfb.o ABSOLUTE
    ../clib/microlib/printf/stubs.s          0x00000000   Number         0  stubs.o ABSOLUTE
    ../clib/microlib/stdlib/rand.c           0x00000000   Number         0  rand.o ABSOLUTE
    ../clib/microlib/stubs.s                 0x00000000   Number         0  iusefp.o ABSOLUTE
    ../fplib/microlib/fpadd.c                0x00000000   Number         0  dadd.o ABSOLUTE
    ../fplib/microlib/fpdiv.c                0x00000000   Number         0  fdiv.o ABSOLUTE
    ../fplib/microlib/fpdiv.c                0x00000000   Number         0  ddiv.o ABSOLUTE
    ../fplib/microlib/fpepilogue.c           0x00000000   Number         0  depilogue.o ABSOLUTE
    ../fplib/microlib/fpepilogue.c           0x00000000   Number         0  fepilogue.o ABSOLUTE
    ../fplib/microlib/fpfix.c                0x00000000   Number         0  ffixui.o ABSOLUTE
    ../fplib/microlib/fpfix.c                0x00000000   Number         0  dfixul.o ABSOLUTE
    ../fplib/microlib/fpflt.c                0x00000000   Number         0  ffltui.o ABSOLUTE
    ../fplib/microlib/fpmul.c                0x00000000   Number         0  fmul.o ABSOLUTE
    ../fplib/microlib/fpmul.c                0x00000000   Number         0  dmul.o ABSOLUTE
    ..\AL92Public\Show_1.c                   0x00000000   Number         0  show_1.o ABSOLUTE
    ..\AL92Public\Show_2.c                   0x00000000   Number         0  show_2.o ABSOLUTE
    ..\AL92Public\Show_3.c                   0x00000000   Number         0  show_3.o ABSOLUTE
    ..\FwLib\src\clk.c                       0x00000000   Number         0  clk.o ABSOLUTE
    ..\FwLib\src\fmc.c                       0x00000000   Number         0  fmc.o ABSOLUTE
    ..\FwLib\src\gpio.c                      0x00000000   Number         0  gpio.o ABSOLUTE
    ..\FwLib\src\pwm.c                       0x00000000   Number         0  pwm.o ABSOLUTE
    ..\FwLib\src\sys.c                       0x00000000   Number         0  sys.o ABSOLUTE
    ..\FwLib\src\timer.c                     0x00000000   Number         0  timer.o ABSOLUTE
    ..\FwLib\src\uart.c                      0x00000000   Number         0  uart.o ABSOLUTE
    ..\FwLib\src\wdt.c                       0x00000000   Number         0  wdt.o ABSOLUTE
    ..\Public\PublicSrc\BT_Control.c         0x00000000   Number         0  bt_control.o ABSOLUTE
    ..\Public\PublicSrc\CSR1010.c            0x00000000   Number         0  csr1010.o ABSOLUTE
    ..\Public\PublicSrc\Data_Process.c       0x00000000   Number         0  data_process.o ABSOLUTE
    ..\Public\PublicSrc\Display_Ctrl.c       0x00000000   Number         0  display_ctrl.o ABSOLUTE
    ..\Public\PublicSrc\Flash_Prgrm.c        0x00000000   Number         0  flash_prgrm.o ABSOLUTE
    ..\Public\PublicSrc\Led_Class.c          0x00000000   Number         0  led_class.o ABSOLUTE
    ..\Public\PublicSrc\MCU_Config.c         0x00000000   Number         0  mcu_config.o ABSOLUTE
    ..\Public\PublicSrc\ShowHomeApp.c        0x00000000   Number         0  showhomeapp.o ABSOLUTE
    ..\Public\PublicSrc\Timer_Ctrl.c         0x00000000   Number         0  timer_ctrl.o ABSOLUTE
    ..\\AL92Public\\Show_1.c                 0x00000000   Number         0  show_1.o ABSOLUTE
    ..\\AL92Public\\Show_2.c                 0x00000000   Number         0  show_2.o ABSOLUTE
    ..\\AL92Public\\Show_3.c                 0x00000000   Number         0  show_3.o ABSOLUTE
    ..\\FwLib\\src\\clk.c                    0x00000000   Number         0  clk.o ABSOLUTE
    ..\\FwLib\\src\\fmc.c                    0x00000000   Number         0  fmc.o ABSOLUTE
    ..\\FwLib\\src\\gpio.c                   0x00000000   Number         0  gpio.o ABSOLUTE
    ..\\FwLib\\src\\pwm.c                    0x00000000   Number         0  pwm.o ABSOLUTE
    ..\\FwLib\\src\\sys.c                    0x00000000   Number         0  sys.o ABSOLUTE
    ..\\FwLib\\src\\timer.c                  0x00000000   Number         0  timer.o ABSOLUTE
    ..\\FwLib\\src\\uart.c                   0x00000000   Number         0  uart.o ABSOLUTE
    ..\\FwLib\\src\\wdt.c                    0x00000000   Number         0  wdt.o ABSOLUTE
    ..\\Public\\PublicSrc\\BT_Control.c      0x00000000   Number         0  bt_control.o ABSOLUTE
    ..\\Public\\PublicSrc\\CSR1010.c         0x00000000   Number         0  csr1010.o ABSOLUTE
    ..\\Public\\PublicSrc\\Data_Process.c    0x00000000   Number         0  data_process.o ABSOLUTE
    ..\\Public\\PublicSrc\\Display_Ctrl.c    0x00000000   Number         0  display_ctrl.o ABSOLUTE
    ..\\Public\\PublicSrc\\Flash_Prgrm.c     0x00000000   Number         0  flash_prgrm.o ABSOLUTE
    ..\\Public\\PublicSrc\\Led_Class.c       0x00000000   Number         0  led_class.o ABSOLUTE
    ..\\Public\\PublicSrc\\MCU_Config.c      0x00000000   Number         0  mcu_config.o ABSOLUTE
    ..\\Public\\PublicSrc\\ShowHomeApp.c     0x00000000   Number         0  showhomeapp.o ABSOLUTE
    ..\\Public\\PublicSrc\\Timer_Ctrl.c      0x00000000   Number         0  timer_ctrl.o ABSOLUTE
    PrivateSrc\Key.c                         0x00000000   Number         0  key.o ABSOLUTE
    PrivateSrc\Normal_Display.c              0x00000000   Number         0  normal_display.o ABSOLUTE
    PrivateSrc\Sleep.c                       0x00000000   Number         0  sleep.o ABSOLUTE
    PrivateSrc\\Key.c                        0x00000000   Number         0  key.o ABSOLUTE
    PrivateSrc\\Normal_Display.c             0x00000000   Number         0  normal_display.o ABSOLUTE
    PrivateSrc\\Sleep.c                      0x00000000   Number         0  sleep.o ABSOLUTE
    RTE\Device\Mini58LDE\retarget.c          0x00000000   Number         0  retarget_1.o ABSOLUTE
    RTE\Device\Mini58LDE\startup_Mini58Series.s 0x00000000   Number         0  startup_mini58series.o ABSOLUTE
    RTE\Device\Mini58LDE\system_Mini58Series.c 0x00000000   Number         0  system_mini58series.o ABSOLUTE
    RTE\\Device\\Mini58LDE\\retarget.c       0x00000000   Number         0  retarget_1.o ABSOLUTE
    RTE\\Device\\Mini58LDE\\system_Mini58Series.c 0x00000000   Number         0  system_mini58series.o ABSOLUTE
    cdrcmple.s                               0x00000000   Number         0  cdrcmple.o ABSOLUTE
    dc.s                                     0x00000000   Number         0  dc.o ABSOLUTE
    handlers.s                               0x00000000   Number         0  handlers.o ABSOLUTE
    init.s                                   0x00000000   Number         0  init.o ABSOLUTE
    .ARM.Collect$$$$00000000                 0x000000c0   Section        0  entry.o(.ARM.Collect$$$$00000000)
    .ARM.Collect$$$$00000001                 0x000000c0   Section        4  entry2.o(.ARM.Collect$$$$00000001)
    .ARM.Collect$$$$00000004                 0x000000c4   Section        4  entry5.o(.ARM.Collect$$$$00000004)
    .ARM.Collect$$$$00000008                 0x000000c8   Section        0  entry7b.o(.ARM.Collect$$$$00000008)
    .ARM.Collect$$$$0000000A                 0x000000c8   Section        0  entry8b.o(.ARM.Collect$$$$0000000A)
    .ARM.Collect$$$$0000000B                 0x000000c8   Section        8  entry9a.o(.ARM.Collect$$$$0000000B)
    .ARM.Collect$$$$0000000D                 0x000000d0   Section        0  entry10a.o(.ARM.Collect$$$$0000000D)
    .ARM.Collect$$$$0000000F                 0x000000d0   Section        0  entry11a.o(.ARM.Collect$$$$0000000F)
    .ARM.Collect$$$$00002712                 0x000000d0   Section        4  entry2.o(.ARM.Collect$$$$00002712)
    __lit__00000000                          0x000000d0   Data           4  entry2.o(.ARM.Collect$$$$00002712)
    .emb_text                                0x000000d4   Section       28  retarget_1.o(.emb_text)
    .text                                    0x000000f0   Section       20  startup_mini58series.o(.text)
    Default_Handler                          0x000000ff   Thumb Code     2  startup_mini58series.o(.text)
    .text                                    0x00000104   Section        0  uidiv.o(.text)
    .text                                    0x00000130   Section        0  rand.o(.text)
    .text                                    0x00000154   Section        0  uldiv.o(.text)
    .text                                    0x000001b4   Section       36  init.o(.text)
    .text                                    0x000001d8   Section        0  llshl.o(.text)
    .text                                    0x000001f8   Section        0  llushr.o(.text)
    i.All_Color                              0x0000021c   Section        0  normal_display.o(i.All_Color)
    i.All_Off                                0x00000240   Section        0  normal_display.o(i.All_Off)
    i.BT_Power_Control                       0x00000274   Section        0  bt_control.o(i.BT_Power_Control)
    BT_Power_Control                         0x00000275   Thumb Code   176  bt_control.o(i.BT_Power_Control)
    i.BT_Work_Detect                         0x00000338   Section        0  bt_control.o(i.BT_Work_Detect)
    i.Blink                                  0x000003e4   Section        0  normal_display.o(i.Blink)
    i.Blue_Flash                             0x00000534   Section        0  normal_display.o(i.Blue_Flash)
    i.CLK_DisablePLL                         0x000005bc   Section        0  clk.o(i.CLK_DisablePLL)
    i.CLK_EnablePLL                          0x000005cc   Section        0  clk.o(i.CLK_EnablePLL)
    i.CLK_EnableXtalRC                       0x000007e0   Section        0  clk.o(i.CLK_EnableXtalRC)
    i.CLK_GetPLLClockFreq                    0x000007f8   Section        0  uart.o(i.CLK_GetPLLClockFreq)
    CLK_GetPLLClockFreq                      0x000007f9   Thumb Code    70  uart.o(i.CLK_GetPLLClockFreq)
    i.CLK_Init                               0x00000850   Section        0  mcu_config.o(i.CLK_Init)
    CLK_Init                                 0x00000851   Thumb Code   230  mcu_config.o(i.CLK_Init)
    i.CLK_PowerDown                          0x0000095c   Section        0  clk.o(i.CLK_PowerDown)
    i.CLK_SetCoreClock                       0x00000978   Section        0  clk.o(i.CLK_SetCoreClock)
    i.CLK_SetHCLK                            0x000009fc   Section        0  clk.o(i.CLK_SetHCLK)
    i.CLK_SetModuleClock                     0x00000a20   Section        0  clk.o(i.CLK_SetModuleClock)
    i.CLK_WaitClockReady                     0x00000a70   Section        0  clk.o(i.CLK_WaitClockReady)
    i.CSR1010_Process                        0x00000a98   Section        0  data_process.o(i.CSR1010_Process)
    CSR1010_Process                          0x00000a99   Thumb Code   878  data_process.o(i.CSR1010_Process)
    i.Color_Show                             0x00000e3c   Section        0  normal_display.o(i.Color_Show)
    i.Color_Value_Get                        0x00000fa0   Section        0  data_process.o(i.Color_Value_Get)
    Color_Value_Get                          0x00000fa1   Thumb Code  1290  data_process.o(i.Color_Value_Get)
    i.Count_Down_Control                     0x000014b0   Section        0  timer_ctrl.o(i.Count_Down_Control)
    i.Count_Down_Process                     0x00001574   Section        0  data_process.o(i.Count_Down_Process)
    Count_Down_Process                       0x00001575   Thumb Code    52  data_process.o(i.Count_Down_Process)
    i.Csr1010_Rcv_Byte                       0x000015b4   Section        0  csr1010.o(i.Csr1010_Rcv_Byte)
    Csr1010_Rcv_Byte                         0x000015b5   Thumb Code    88  csr1010.o(i.Csr1010_Rcv_Byte)
    i.Csr1010_Rcv_Data                       0x00001618   Section        0  csr1010.o(i.Csr1010_Rcv_Data)
    i.Csr1010_Snd_Data                       0x0000166c   Section        0  csr1010.o(i.Csr1010_Snd_Data)
    i.Data_Process                           0x000016fc   Section        0  data_process.o(i.Data_Process)
    i.FMC_Erase                              0x00001714   Section        0  fmc.o(i.FMC_Erase)
    i.FMC_Open                               0x00001744   Section        0  fmc.o(i.FMC_Open)
    i.FMC_Read                               0x00001754   Section        0  fmc.o(i.FMC_Read)
    i.FMC_Write                              0x00001770   Section        0  fmc.o(i.FMC_Write)
    i.Flash_Read_Data                        0x0000178c   Section        0  flash_prgrm.o(i.Flash_Read_Data)
    i.Flash_Write_Data                       0x00001854   Section        0  flash_prgrm.o(i.Flash_Write_Data)
    i.Flower_Bloom                           0x00001928   Section        0  normal_display.o(i.Flower_Bloom)
    i.GPIO01_IRQHandler                      0x00001b00   Section        0  sleep.o(i.GPIO01_IRQHandler)
    i.GPIO_DisableInt                        0x00001b24   Section        0  gpio.o(i.GPIO_DisableInt)
    i.GPIO_EnableInt                         0x00001b40   Section        0  gpio.o(i.GPIO_EnableInt)
    i.GPIO_SetMode                           0x00001b5a   Section        0  gpio.o(i.GPIO_SetMode)
    i.Green_Flash                            0x00001b88   Section        0  normal_display.o(i.Green_Flash)
    i.Hard_Fault_Handler                     0x00001c10   Section        0  retarget_1.o(i.Hard_Fault_Handler)
    __tagsym$$used                           0x00001c11   Number         0  retarget_1.o(i.Hard_Fault_Handler)
    i.Hex_To_Char                            0x00001c38   Section        0  data_process.o(i.Hex_To_Char)
    Hex_To_Char                              0x00001c39   Thumb Code    22  data_process.o(i.Hex_To_Char)
    i.Instead                                0x00001c50   Section        0  normal_display.o(i.Instead)
    i.Key_Process                            0x00001e24   Section        0  data_process.o(i.Key_Process)
    Key_Process                              0x00001e25   Thumb Code   238  data_process.o(i.Key_Process)
    i.Key_Scan                               0x00001f34   Section        0  key.o(i.Key_Scan)
    i.Led_Display                            0x00001fa0   Section        0  display_ctrl.o(i.Led_Display)
    i.Led_Update                             0x00002058   Section        0  led_class.o(i.Led_Update)
    i.MCU_Config                             0x0000212c   Section        0  mcu_config.o(i.MCU_Config)
    i.PWM_Init                               0x00002208   Section        0  mcu_config.o(i.PWM_Init)
    PWM_Init                                 0x00002209   Thumb Code    60  mcu_config.o(i.PWM_Init)
    i.Password_Process                       0x00002258   Section        0  data_process.o(i.Password_Process)
    Password_Process                         0x00002259   Thumb Code    60  data_process.o(i.Password_Process)
    i.Polar_Light                            0x0000229c   Section        0  normal_display.o(i.Polar_Light)
    i.Red_Flash                              0x0000242c   Section        0  normal_display.o(i.Red_Flash)
    i.Ripple                                 0x000024b4   Section        0  normal_display.o(i.Ripple)
    i.Roll                                   0x0000274c   Section        0  normal_display.o(i.Roll)
    i.SYS_UnlockReg                          0x000028f8   Section        0  flash_prgrm.o(i.SYS_UnlockReg)
    SYS_UnlockReg                            0x000028f9   Thumb Code    24  flash_prgrm.o(i.SYS_UnlockReg)
    i.SYS_UnlockReg                          0x00002914   Section        0  mcu_config.o(i.SYS_UnlockReg)
    SYS_UnlockReg                            0x00002915   Thumb Code    24  mcu_config.o(i.SYS_UnlockReg)
    i.Sea_Wave                               0x00002930   Section        0  normal_display.o(i.Sea_Wave)
    i.SendChar_ToUART                        0x00002b60   Section        0  retarget_1.o(i.SendChar_ToUART)
    i.Show_1                                 0x00002b80   Section        0  show_1.o(i.Show_1)
    i.Show_1_0                               0x00002c3c   Section        0  show_1.o(i.Show_1_0)
    i.Show_1_1                               0x00002ddc   Section        0  show_1.o(i.Show_1_1)
    i.Show_1_2                               0x00003028   Section        0  show_1.o(i.Show_1_2)
    i.Show_1_3                               0x000030c8   Section        0  show_1.o(i.Show_1_3)
    i.Show_2                                 0x00003444   Section        0  show_2.o(i.Show_2)
    i.Show_2_0                               0x0000350c   Section        0  show_2.o(i.Show_2_0)
    i.Show_2_1                               0x00003738   Section        0  show_2.o(i.Show_2_1)
    i.Show_2_2                               0x00003904   Section        0  show_2.o(i.Show_2_2)
    i.Show_2_3                               0x00003b00   Section        0  show_2.o(i.Show_2_3)
    i.Show_2_4                               0x00003f5c   Section        0  show_2.o(i.Show_2_4)
    i.Show_3                                 0x000040a0   Section        0  show_3.o(i.Show_3)
    i.Show_3_0                               0x0000416c   Section        0  show_3.o(i.Show_3_0)
    i.Show_3_1                               0x00004640   Section        0  show_3.o(i.Show_3_1)
    i.Show_3_2                               0x00004b6c   Section        0  show_3.o(i.Show_3_2)
    i.Show_3_3                               0x00004cb0   Section        0  show_3.o(i.Show_3_3)
    i.Show_3_4                               0x00004ed8   Section        0  show_3.o(i.Show_3_4)
    i.Sleep_Control                          0x00005184   Section        0  sleep.o(i.Sleep_Control)
    i.Sparkle                                0x00005220   Section        0  normal_display.o(i.Sparkle)
    i.Steady                                 0x000053b4   Section        0  normal_display.o(i.Steady)
    i.Syn_Process                            0x000053f4   Section        0  data_process.o(i.Syn_Process)
    Syn_Process                              0x000053f5   Thumb Code    74  data_process.o(i.Syn_Process)
    i.SystemCoreClockUpdate                  0x00005454   Section        0  system_mini58series.o(i.SystemCoreClockUpdate)
    i.TIMER_GetModuleClock                   0x000054f4   Section        0  timer.o(i.TIMER_GetModuleClock)
    i.TIMER_Open                             0x0000554c   Section        0  timer.o(i.TIMER_Open)
    i.UART0_IRQHandler                       0x0000559c   Section        0  csr1010.o(i.UART0_IRQHandler)
    i.UART_Open                              0x000055a4   Section        0  uart.o(i.UART_Open)
    i.UART_SetTimeoutCnt                     0x00005628   Section        0  uart.o(i.UART_SetTimeoutCnt)
    i.Uart_Clear_Buf                         0x00005640   Section        0  csr1010.o(i.Uart_Clear_Buf)
    i.User_Data_Init                         0x00005670   Section        0  data_process.o(i.User_Data_Init)
    i.__0printf$5                            0x0000576c   Section        0  printf5.o(i.__0printf$5)
    i.__ARM_common_switch8                   0x0000578c   Section        0  normal_display.o(i.__ARM_common_switch8)
    i.__NVIC_EnableIRQ                       0x000057a8   Section        0  mcu_config.o(i.__NVIC_EnableIRQ)
    __NVIC_EnableIRQ                         0x000057a9   Thumb Code    18  mcu_config.o(i.__NVIC_EnableIRQ)
    i.__scatterload_copy                     0x000057c0   Section       14  handlers.o(i.__scatterload_copy)
    i.__scatterload_null                     0x000057ce   Section        2  handlers.o(i.__scatterload_null)
    i.__scatterload_zeroinit                 0x000057d0   Section       14  handlers.o(i.__scatterload_zeroinit)
    i._printf_core                           0x000057e0   Section        0  printf5.o(i._printf_core)
    _printf_core                             0x000057e1   Thumb Code   688  printf5.o(i._printf_core)
    i.fputc                                  0x00005abc   Section        0  retarget_1.o(i.fputc)
    i.main                                   0x00005ac8   Section        0  showhomeapp.o(i.main)
    i.stackDump                              0x00005b50   Section        0  retarget_1.o(i.stackDump)
    .constdata                               0x00005bf8   Section       72  data_process.o(.constdata)
    .data                                    0x20000000   Section        6  key.o(.data)
    KeyDoneFlag                              0x20000000   Data           1  key.o(.data)
    KeyTime                                  0x20000001   Data           1  key.o(.data)
    RstTime                                  0x20000002   Data           1  key.o(.data)
    RstDoneFlag                              0x20000003   Data           1  key.o(.data)
    .data                                    0x20000006   Section        3  sleep.o(.data)
    .data                                    0x20000009   Section       17  csr1010.o(.data)
    .data                                    0x2000001a   Section       19  data_process.o(.data)
    PasswordTime                             0x2000001a   Data           1  data_process.o(.data)
    SynRcvTime                               0x2000001b   Data           1  data_process.o(.data)
    TypeReplyTime                            0x2000001c   Data           1  data_process.o(.data)
    BtInitFlag                               0x2000001d   Data           1  data_process.o(.data)
    FlagBuffer                               0x2000001e   Data           1  data_process.o(.data)
    .data                                    0x2000002e   Section        6  display_ctrl.o(.data)
    .data                                    0x20000034   Section        1  display_ctrl.o(.data)
    .data                                    0x20000035   Section        1  display_ctrl.o(.data)
    .data                                    0x20000036   Section        1  display_ctrl.o(.data)
    .data                                    0x20000037   Section        1  display_ctrl.o(.data)
    .data                                    0x20000038   Section        1  display_ctrl.o(.data)
    .data                                    0x20000039   Section        1  display_ctrl.o(.data)
    .data                                    0x2000003a   Section        1  display_ctrl.o(.data)
    .data                                    0x2000003b   Section        1  display_ctrl.o(.data)
    .data                                    0x2000003c   Section        1  display_ctrl.o(.data)
    .data                                    0x2000003d   Section        1  display_ctrl.o(.data)
    .data                                    0x2000003e   Section        1  display_ctrl.o(.data)
    .data                                    0x2000003f   Section        1  display_ctrl.o(.data)
    .data                                    0x20000040   Section        1  display_ctrl.o(.data)
    .data                                    0x20000041   Section        1  display_ctrl.o(.data)
    .data                                    0x20000042   Section        1  display_ctrl.o(.data)
    .data                                    0x20000043   Section        1  display_ctrl.o(.data)
    .data                                    0x20000044   Section        1  display_ctrl.o(.data)
    .data                                    0x20000045   Section        1  display_ctrl.o(.data)
    .data                                    0x20000046   Section        1  display_ctrl.o(.data)
    .data                                    0x20000047   Section        1  display_ctrl.o(.data)
    .data                                    0x20000048   Section        2  display_ctrl.o(.data)
    .data                                    0x2000004a   Section        1  display_ctrl.o(.data)
    .data                                    0x2000004b   Section        1  display_ctrl.o(.data)
    .data                                    0x2000004c   Section        2  display_ctrl.o(.data)
    .data                                    0x2000004e   Section        2  display_ctrl.o(.data)
    .data                                    0x20000050   Section        1  display_ctrl.o(.data)
    .data                                    0x20000051   Section        1  flash_prgrm.o(.data)
    .data                                    0x20000052   Section        8  led_class.o(.data)
    .data                                    0x2000005a   Section        1  led_class.o(.data)
    .data                                    0x2000005b   Section        1  mcu_config.o(.data)
    .data                                    0x2000005c   Section       10  timer_ctrl.o(.data)
    TimerChk                                 0x2000005c   Data           2  timer_ctrl.o(.data)
    .data                                    0x20000066   Section       11  bt_control.o(.data)
    BtTime                                   0x20000066   Data           1  bt_control.o(.data)
    PIO11_HighTime                           0x2000006a   Data           2  bt_control.o(.data)
    PIO11_LowTime                            0x2000006c   Data           2  bt_control.o(.data)
    BtRcvDataTime                            0x2000006e   Data           3  bt_control.o(.data)
    .data                                    0x20000074   Section        4  retarget_1.o(.data)
    .data                                    0x20000078   Section        4  system_mini58series.o(.data)
    .data                                    0x2000007c   Section       12  system_mini58series.o(.data)
    .data                                    0x20000088   Section        4  rand.o(.data)
    _rand_state                              0x20000088   Data           4  rand.o(.data)
    .bss                                     0x2000008c   Section       25  csr1010.o(.bss)
    .bss                                     0x200000a5   Section       64  display_ctrl.o(.bss)
    .bss                                     0x200000e5   Section       50  display_ctrl.o(.bss)
    .bss                                     0x20000117   Section       50  display_ctrl.o(.bss)
    .bss                                     0x20000149   Section       50  display_ctrl.o(.bss)
    .bss                                     0x2000017b   Section       50  display_ctrl.o(.bss)
    .bss                                     0x200001ad   Section       50  display_ctrl.o(.bss)
    STACK                                    0x200001e0   Section      512  startup_mini58series.o(STACK)

    Global Symbols

    Symbol Name                              Value     Ov Type        Size  Object(Section)

    BuildAttributes$$THM_ISAv3M$S$PE$A:L22$X:L11$S22$IEEE1$IW$USESV6$~STKCKD$USESV7$~SHL$OTIME$ROPI$EBA8$MICROLIB$REQ8$PRES8$EABIv2 0x00000000   Number         0  anon$$obj.o ABSOLUTE
    __ARM_use_no_argv                        0x00000000   Number         0  showhomeapp.o ABSOLUTE
    __Vectors                                0x00000000   Data           4  startup_mini58series.o(RESET)
    _printf_a                                0x00000000   Number         0  stubs.o ABSOLUTE
    _printf_c                                0x00000000   Number         0  stubs.o ABSOLUTE
    _printf_charcount                        0x00000000   Number         0  stubs.o ABSOLUTE
    _printf_d                                0x00000000   Number         0  stubs.o ABSOLUTE
    _printf_e                                0x00000000   Number         0  stubs.o ABSOLUTE
    _printf_f                                0x00000000   Number         0  stubs.o ABSOLUTE
    _printf_flags                            0x00000000   Number         0  stubs.o ABSOLUTE
    _printf_fp_dec                           0x00000000   Number         0  stubs.o ABSOLUTE
    _printf_fp_hex                           0x00000000   Number         0  stubs.o ABSOLUTE
    _printf_g                                0x00000000   Number         0  stubs.o ABSOLUTE
    _printf_i                                0x00000000   Number         0  stubs.o ABSOLUTE
    _printf_int_dec                          0x00000000   Number         0  stubs.o ABSOLUTE
    _printf_l                                0x00000000   Number         0  stubs.o ABSOLUTE
    _printf_lc                               0x00000000   Number         0  stubs.o ABSOLUTE
    _printf_ll                               0x00000000   Number         0  stubs.o ABSOLUTE
    _printf_lld                              0x00000000   Number         0  stubs.o ABSOLUTE
    _printf_lli                              0x00000000   Number         0  stubs.o ABSOLUTE
    _printf_llo                              0x00000000   Number         0  stubs.o ABSOLUTE
    _printf_llu                              0x00000000   Number         0  stubs.o ABSOLUTE
    _printf_llx                              0x00000000   Number         0  stubs.o ABSOLUTE
    _printf_longlong_dec                     0x00000000   Number         0  stubs.o ABSOLUTE
    _printf_longlong_hex                     0x00000000   Number         0  stubs.o ABSOLUTE
    _printf_longlong_oct                     0x00000000   Number         0  stubs.o ABSOLUTE
    _printf_ls                               0x00000000   Number         0  stubs.o ABSOLUTE
    _printf_mbtowc                           0x00000000   Number         0  stubs.o ABSOLUTE
    _printf_n                                0x00000000   Number         0  stubs.o ABSOLUTE
    _printf_o                                0x00000000   Number         0  stubs.o ABSOLUTE
    _printf_p                                0x00000000   Number         0  stubs.o ABSOLUTE
    _printf_percent                          0x00000000   Number         0  stubs.o ABSOLUTE
    _printf_pre_padding                      0x00000000   Number         0  stubs.o ABSOLUTE
    _printf_return_value                     0x00000000   Number         0  stubs.o ABSOLUTE
    _printf_s                                0x00000000   Number         0  stubs.o ABSOLUTE
    _printf_sizespec                         0x00000000   Number         0  stubs.o ABSOLUTE
    _printf_str                              0x00000000   Number         0  stubs.o ABSOLUTE
    _printf_truncate_signed                  0x00000000   Number         0  stubs.o ABSOLUTE
    _printf_truncate_unsigned                0x00000000   Number         0  stubs.o ABSOLUTE
    _printf_u                                0x00000000   Number         0  stubs.o ABSOLUTE
    _printf_wc                               0x00000000   Number         0  stubs.o ABSOLUTE
    _printf_wctomb                           0x00000000   Number         0  stubs.o ABSOLUTE
    _printf_widthprec                        0x00000000   Number         0  stubs.o ABSOLUTE
    _printf_x                                0x00000000   Number         0  stubs.o ABSOLUTE
    __cpp_initialize__aeabi_                  - Undefined Weak Reference
    __cxa_finalize                            - Undefined Weak Reference
    __decompress                              - Undefined Weak Reference
    _clock_init                               - Undefined Weak Reference
    _microlib_exit                            - Undefined Weak Reference
    __main                                   0x000000c1   Thumb Code     0  entry.o(.ARM.Collect$$$$00000000)
    _main_stk                                0x000000c1   Thumb Code     0  entry2.o(.ARM.Collect$$$$00000001)
    _main_scatterload                        0x000000c5   Thumb Code     0  entry5.o(.ARM.Collect$$$$00000004)
    __main_after_scatterload                 0x000000c9   Thumb Code     0  entry5.o(.ARM.Collect$$$$00000004)
    _main_clock                              0x000000c9   Thumb Code     0  entry7b.o(.ARM.Collect$$$$00000008)
    _main_cpp_init                           0x000000c9   Thumb Code     0  entry8b.o(.ARM.Collect$$$$0000000A)
    _main_init                               0x000000c9   Thumb Code     0  entry9a.o(.ARM.Collect$$$$0000000B)
    __rt_final_cpp                           0x000000d1   Thumb Code     0  entry10a.o(.ARM.Collect$$$$0000000D)
    __rt_final_exit                          0x000000d1   Thumb Code     0  entry11a.o(.ARM.Collect$$$$0000000F)
    HardFault_Handler                        0x000000d5   Thumb Code    24  retarget_1.o(.emb_text)
    Reset_Handler                            0x000000f1   Thumb Code     4  startup_mini58series.o(.text)
    NMI_Handler                              0x000000f5   Thumb Code     2  startup_mini58series.o(.text)
    SVC_Handler                              0x000000f9   Thumb Code     2  startup_mini58series.o(.text)
    PendSV_Handler                           0x000000fb   Thumb Code     2  startup_mini58series.o(.text)
    SysTick_Handler                          0x000000fd   Thumb Code     2  startup_mini58series.o(.text)
    ACMP_IRQHandler                          0x000000ff   Thumb Code     0  startup_mini58series.o(.text)
    ADC_IRQHandler                           0x000000ff   Thumb Code     0  startup_mini58series.o(.text)
    BOD_IRQHandler                           0x000000ff   Thumb Code     0  startup_mini58series.o(.text)
    EINT0_IRQHandler                         0x000000ff   Thumb Code     0  startup_mini58series.o(.text)
    EINT1_IRQHandler                         0x000000ff   Thumb Code     0  startup_mini58series.o(.text)
    FB_IRQHandler                            0x000000ff   Thumb Code     0  startup_mini58series.o(.text)
    GPIO234_IRQHandler                       0x000000ff   Thumb Code     0  startup_mini58series.o(.text)
    GPIO5_IRQHandler                         0x000000ff   Thumb Code     0  startup_mini58series.o(.text)
    HIRC_IRQHandler                          0x000000ff   Thumb Code     0  startup_mini58series.o(.text)
    I2C0_IRQHandler                          0x000000ff   Thumb Code     0  startup_mini58series.o(.text)
    I2C1_IRQHandler                          0x000000ff   Thumb Code     0  startup_mini58series.o(.text)
    PDWU_IRQHandler                          0x000000ff   Thumb Code     0  startup_mini58series.o(.text)
    PWM_IRQHandler                           0x000000ff   Thumb Code     0  startup_mini58series.o(.text)
    SPI_IRQHandler                           0x000000ff   Thumb Code     0  startup_mini58series.o(.text)
    TMR0_IRQHandler                          0x000000ff   Thumb Code     0  startup_mini58series.o(.text)
    TMR1_IRQHandler                          0x000000ff   Thumb Code     0  startup_mini58series.o(.text)
    UART1_IRQHandler                         0x000000ff   Thumb Code     0  startup_mini58series.o(.text)
    WDT_IRQHandler                           0x000000ff   Thumb Code     0  startup_mini58series.o(.text)
    __aeabi_uidiv                            0x00000105   Thumb Code     0  uidiv.o(.text)
    __aeabi_uidivmod                         0x00000105   Thumb Code    44  uidiv.o(.text)
    rand                                     0x00000131   Thumb Code    18  rand.o(.text)
    srand                                    0x00000143   Thumb Code     6  rand.o(.text)
    __aeabi_uldivmod                         0x00000155   Thumb Code    96  uldiv.o(.text)
    __scatterload                            0x000001b5   Thumb Code    28  init.o(.text)
    __scatterload_rt2                        0x000001b5   Thumb Code     0  init.o(.text)
    __aeabi_llsl                             0x000001d9   Thumb Code    32  llshl.o(.text)
    _ll_shift_l                              0x000001d9   Thumb Code     0  llshl.o(.text)
    __aeabi_llsr                             0x000001f9   Thumb Code    34  llushr.o(.text)
    _ll_ushift_r                             0x000001f9   Thumb Code     0  llushr.o(.text)
    All_Color                                0x0000021d   Thumb Code    20  normal_display.o(i.All_Color)
    All_Off                                  0x00000241   Thumb Code    30  normal_display.o(i.All_Off)
    BT_Work_Detect                           0x00000339   Thumb Code   164  bt_control.o(i.BT_Work_Detect)
    Blink                                    0x000003e5   Thumb Code   282  normal_display.o(i.Blink)
    Blue_Flash                               0x00000535   Thumb Code   106  normal_display.o(i.Blue_Flash)
    CLK_DisablePLL                           0x000005bd   Thumb Code    12  clk.o(i.CLK_DisablePLL)
    CLK_EnablePLL                            0x000005cd   Thumb Code   478  clk.o(i.CLK_EnablePLL)
    CLK_EnableXtalRC                         0x000007e1   Thumb Code    18  clk.o(i.CLK_EnableXtalRC)
    CLK_PowerDown                            0x0000095d   Thumb Code    20  clk.o(i.CLK_PowerDown)
    CLK_SetCoreClock                         0x00000979   Thumb Code   122  clk.o(i.CLK_SetCoreClock)
    CLK_SetHCLK                              0x000009fd   Thumb Code    30  clk.o(i.CLK_SetHCLK)
    CLK_SetModuleClock                       0x00000a21   Thumb Code    74  clk.o(i.CLK_SetModuleClock)
    CLK_WaitClockReady                       0x00000a71   Thumb Code    32  clk.o(i.CLK_WaitClockReady)
    Color_Show                               0x00000e3d   Thumb Code   304  normal_display.o(i.Color_Show)
    Count_Down_Control                       0x000014b1   Thumb Code   184  timer_ctrl.o(i.Count_Down_Control)
    Csr1010_Rcv_Data                         0x00001619   Thumb Code    74  csr1010.o(i.Csr1010_Rcv_Data)
    Csr1010_Snd_Data                         0x0000166d   Thumb Code   130  csr1010.o(i.Csr1010_Snd_Data)
    Data_Process                             0x000016fd   Thumb Code    24  data_process.o(i.Data_Process)
    FMC_Erase                                0x00001715   Thumb Code    42  fmc.o(i.FMC_Erase)
    FMC_Open                                 0x00001745   Thumb Code    12  fmc.o(i.FMC_Open)
    FMC_Read                                 0x00001755   Thumb Code    22  fmc.o(i.FMC_Read)
    FMC_Write                                0x00001771   Thumb Code    22  fmc.o(i.FMC_Write)
    Flash_Read_Data                          0x0000178d   Thumb Code   150  flash_prgrm.o(i.Flash_Read_Data)
    Flash_Write_Data                         0x00001855   Thumb Code   160  flash_prgrm.o(i.Flash_Write_Data)
    Flower_Bloom                             0x00001929   Thumb Code   406  normal_display.o(i.Flower_Bloom)
    GPIO01_IRQHandler                        0x00001b01   Thumb Code    26  sleep.o(i.GPIO01_IRQHandler)
    GPIO_DisableInt                          0x00001b25   Thumb Code    22  gpio.o(i.GPIO_DisableInt)
    GPIO_EnableInt                           0x00001b41   Thumb Code    26  gpio.o(i.GPIO_EnableInt)
    GPIO_SetMode                             0x00001b5b   Thumb Code    46  gpio.o(i.GPIO_SetMode)
    Green_Flash                              0x00001b89   Thumb Code   106  normal_display.o(i.Green_Flash)
    Hard_Fault_Handler                       0x00001c11   Thumb Code    16  retarget_1.o(i.Hard_Fault_Handler)
    Instead                                  0x00001c51   Thumb Code   392  normal_display.o(i.Instead)
    Key_Scan                                 0x00001f35   Thumb Code    96  key.o(i.Key_Scan)
    Led_Display                              0x00001fa1   Thumb Code   180  display_ctrl.o(i.Led_Display)
    Led_Update                               0x00002059   Thumb Code   190  led_class.o(i.Led_Update)
    MCU_Config                               0x0000212d   Thumb Code   188  mcu_config.o(i.MCU_Config)
    Polar_Light                              0x0000229d   Thumb Code   342  normal_display.o(i.Polar_Light)
    Red_Flash                                0x0000242d   Thumb Code   106  normal_display.o(i.Red_Flash)
    Ripple                                   0x000024b5   Thumb Code   594  normal_display.o(i.Ripple)
    Roll                                     0x0000274d   Thumb Code   372  normal_display.o(i.Roll)
    Sea_Wave                                 0x00002931   Thumb Code   468  normal_display.o(i.Sea_Wave)
    SendChar_ToUART                          0x00002b61   Thumb Code    26  retarget_1.o(i.SendChar_ToUART)
    Show_1                                   0x00002b81   Thumb Code   154  show_1.o(i.Show_1)
    Show_1_0                                 0x00002c3d   Thumb Code   352  show_1.o(i.Show_1_0)
    Show_1_1                                 0x00002ddd   Thumb Code   518  show_1.o(i.Show_1_1)
    Show_1_2                                 0x00003029   Thumb Code   106  show_1.o(i.Show_1_2)
    Show_1_3                                 0x000030c9   Thumb Code   800  show_1.o(i.Show_1_3)
    Show_2                                   0x00003445   Thumb Code   164  show_2.o(i.Show_2)
    Show_2_0                                 0x0000350d   Thumb Code   458  show_2.o(i.Show_2_0)
    Show_2_1                                 0x00003739   Thumb Code   404  show_2.o(i.Show_2_1)
    Show_2_2                                 0x00003905   Thumb Code   440  show_2.o(i.Show_2_2)
    Show_2_3                                 0x00003b01   Thumb Code  1116  show_2.o(i.Show_2_3)
    Show_2_4                                 0x00003f5d   Thumb Code   266  show_2.o(i.Show_2_4)
    Show_3                                   0x000040a1   Thumb Code   162  show_3.o(i.Show_3)
    Show_3_0                                 0x0000416d   Thumb Code  1196  show_3.o(i.Show_3_0)
    Show_3_1                                 0x00004641   Thumb Code  1290  show_3.o(i.Show_3_1)
    Show_3_2                                 0x00004b6d   Thumb Code   260  show_3.o(i.Show_3_2)
    Show_3_3                                 0x00004cb1   Thumb Code   470  show_3.o(i.Show_3_3)
    Show_3_4                                 0x00004ed9   Thumb Code   598  show_3.o(i.Show_3_4)
    Sleep_Control                            0x00005185   Thumb Code   128  sleep.o(i.Sleep_Control)
    Sparkle                                  0x00005221   Thumb Code   352  normal_display.o(i.Sparkle)
    Steady                                   0x000053b5   Thumb Code    40  normal_display.o(i.Steady)
    SystemCoreClockUpdate                    0x00005455   Thumb Code   130  system_mini58series.o(i.SystemCoreClockUpdate)
    TIMER_GetModuleClock                     0x000054f5   Thumb Code    64  timer.o(i.TIMER_GetModuleClock)
    TIMER_Open                               0x0000554d   Thumb Code    80  timer.o(i.TIMER_Open)
    UART0_IRQHandler                         0x0000559d   Thumb Code     8  csr1010.o(i.UART0_IRQHandler)
    UART_Open                                0x000055a5   Thumb Code   114  uart.o(i.UART_Open)
    UART_SetTimeoutCnt                       0x00005629   Thumb Code    22  uart.o(i.UART_SetTimeoutCnt)
    Uart_Clear_Buf                           0x00005641   Thumb Code    40  csr1010.o(i.Uart_Clear_Buf)
    User_Data_Init                           0x00005671   Thumb Code   232  data_process.o(i.User_Data_Init)
    __0printf$5                              0x0000576d   Thumb Code    24  printf5.o(i.__0printf$5)
    __1printf$5                              0x0000576d   Thumb Code     0  printf5.o(i.__0printf$5)
    __2printf                                0x0000576d   Thumb Code     0  printf5.o(i.__0printf$5)
    __ARM_common_switch8                     0x0000578d   Thumb Code    26  normal_display.o(i.__ARM_common_switch8)
    __scatterload_copy                       0x000057c1   Thumb Code    14  handlers.o(i.__scatterload_copy)
    __scatterload_null                       0x000057cf   Thumb Code     2  handlers.o(i.__scatterload_null)
    __scatterload_zeroinit                   0x000057d1   Thumb Code    14  handlers.o(i.__scatterload_zeroinit)
    fputc                                    0x00005abd   Thumb Code    12  retarget_1.o(i.fputc)
    main                                     0x00005ac9   Thumb Code   118  showhomeapp.o(i.main)
    stackDump                                0x00005b51   Thumb Code    70  retarget_1.o(i.stackDump)
    COLOR_VECTOR                             0x00005bf8   Data          72  data_process.o(.constdata)
    Region$$Table$$Base                      0x00005c40   Number         0  anon$$obj.o(Region$$Table)
    Region$$Table$$Limit                     0x00005c60   Number         0  anon$$obj.o(Region$$Table)
    KeyStatus                                0x20000004   Data           1  key.o(.data)
    RstFlag                                  0x20000005   Data           1  key.o(.data)
    SleepFlag                                0x20000006   Data           1  sleep.o(.data)
    SleepKeyFlag                             0x20000007   Data           1  sleep.o(.data)
    SleepTime                                0x20000008   Data           1  sleep.o(.data)
    RcvFlag                                  0x20000009   Data           1  csr1010.o(.data)
    RcvByteStatus                            0x2000000a   Data           1  csr1010.o(.data)
    ChkSumReply                              0x2000000b   Data           4  csr1010.o(.data)
    SynData                                  0x2000000f   Data           5  csr1010.o(.data)
    RcvData                                  0x20000014   Data           6  csr1010.o(.data)
    SynFlag                                  0x2000001f   Data           1  data_process.o(.data)
    ChkSumH                                  0x20000020   Data           1  data_process.o(.data)
    ChkSumL                                  0x20000021   Data           1  data_process.o(.data)
    ChkSumRst                                0x20000022   Data           1  data_process.o(.data)
    ChkSumRstSave                            0x20000023   Data           1  data_process.o(.data)
    PowerOnNum                               0x20000024   Data           1  data_process.o(.data)
    WdtRstFlag                               0x20000025   Data           1  data_process.o(.data)
    NewChkSumH                               0x20000026   Data           1  data_process.o(.data)
    NewChkSumL                               0x20000027   Data           1  data_process.o(.data)
    ChkSumRstTime                            0x20000028   Data           1  data_process.o(.data)
    PasswordFlag                             0x20000029   Data           1  data_process.o(.data)
    SynRcvFlag                               0x2000002a   Data           1  data_process.o(.data)
    FlagChkTime                              0x2000002b   Data           1  data_process.o(.data)
    FlagChkFlag                              0x2000002c   Data           1  data_process.o(.data)
    RndSeed                                  0x2000002e   Data           2  display_ctrl.o(.data)
    DisplayData                              0x20000030   Data           4  display_ctrl.o(.data)
    TempW                                    0x20000034   Data           1  display_ctrl.o(.data)
    FadeW                                    0x20000035   Data           1  display_ctrl.o(.data)
    ColorNum                                 0x20000036   Data           1  display_ctrl.o(.data)
    TempCnt                                  0x20000037   Data           1  display_ctrl.o(.data)
    TempLed                                  0x20000038   Data           1  display_ctrl.o(.data)
    LedCnt                                   0x20000039   Data           1  display_ctrl.o(.data)
    TempR                                    0x2000003a   Data           1  display_ctrl.o(.data)
    TempG                                    0x2000003b   Data           1  display_ctrl.o(.data)
    TempB                                    0x2000003c   Data           1  display_ctrl.o(.data)
    FadeR                                    0x2000003d   Data           1  display_ctrl.o(.data)
    FadeG                                    0x2000003e   Data           1  display_ctrl.o(.data)
    FadeB                                    0x2000003f   Data           1  display_ctrl.o(.data)
    TempColor                                0x20000040   Data           1  display_ctrl.o(.data)
    SpeedTime                                0x20000041   Data           1  display_ctrl.o(.data)
    KeepTime                                 0x20000042   Data           1  display_ctrl.o(.data)
    ShowMode                                 0x20000043   Data           1  display_ctrl.o(.data)
    ShowInit                                 0x20000044   Data           1  display_ctrl.o(.data)
    HorseCnt                                 0x20000045   Data           1  display_ctrl.o(.data)
    RndCnt                                   0x20000046   Data           1  display_ctrl.o(.data)
    SteadyTime                               0x20000047   Data           1  display_ctrl.o(.data)
    TimeLine                                 0x20000048   Data           2  display_ctrl.o(.data)
    TempStep                                 0x2000004a   Data           1  display_ctrl.o(.data)
    StepCnt                                  0x2000004b   Data           1  display_ctrl.o(.data)
    HorseOrder                               0x2000004c   Data           2  display_ctrl.o(.data)
    HorseTotal                               0x2000004e   Data           2  display_ctrl.o(.data)
    ModeSynFlag                              0x20000050   Data           1  display_ctrl.o(.data)
    FlashSaveFlag                            0x20000051   Data           1  flash_prgrm.o(.data)
    RedEn                                    0x20000052   Data           1  led_class.o(.data)
    GrnEn                                    0x20000053   Data           1  led_class.o(.data)
    BleEn                                    0x20000054   Data           1  led_class.o(.data)
    WhtEn                                    0x20000055   Data           1  led_class.o(.data)
    DutyR                                    0x20000056   Data           1  led_class.o(.data)
    DutyG                                    0x20000057   Data           1  led_class.o(.data)
    DutyB                                    0x20000058   Data           1  led_class.o(.data)
    DutyW                                    0x20000059   Data           1  led_class.o(.data)
    DirectFlag                               0x2000005a   Data           1  led_class.o(.data)
    HseStatus                                0x2000005b   Data           1  mcu_config.o(.data)
    TimerData                                0x2000005e   Data           8  timer_ctrl.o(.data)
    BtConStatus                              0x20000067   Data           1  bt_control.o(.data)
    BtRcvDataFlag                            0x20000068   Data           1  bt_control.o(.data)
    BtPowerInitFlag                          0x20000069   Data           1  bt_control.o(.data)
    __stdout                                 0x20000074   Data           4  retarget_1.o(.data)
    __HSI                                    0x20000078   Data           4  system_mini58series.o(.data)
    PllClock                                 0x2000007c   Data           4  system_mini58series.o(.data)
    SystemCoreClock                          0x20000080   Data           4  system_mini58series.o(.data)
    CyclesPerUs                              0x20000084   Data           4  system_mini58series.o(.data)
    SndData                                  0x2000008c   Data           9  csr1010.o(.bss)
    RcvBuffer                                0x20000095   Data          16  csr1010.o(.bss)
    ColorData                                0x200000a5   Data          64  display_ctrl.o(.bss)
    ModeTime                                 0x200000e5   Data          50  display_ctrl.o(.bss)
    ModeStep                                 0x20000117   Data          50  display_ctrl.o(.bss)
    HoldTime                                 0x20000149   Data          50  display_ctrl.o(.bss)
    ModeColor                                0x2000017b   Data          50  display_ctrl.o(.bss)
    ModeLed                                  0x200001ad   Data          50  display_ctrl.o(.bss)
    __initial_sp                             0x200003e0   Data           0  startup_mini58series.o(STACK)



==============================================================================

Memory Map of the image

  Image Entry point : 0x000000f1

  Load Region LR_IROM1 (Base: 0x00000000, Size: 0x00005cec, Max: 0x00008000, ABSOLUTE)

    Execution Region ER_IROM1 (Base: 0x00000000, Size: 0x00005c60, Max: 0x00008000, ABSOLUTE)

    Base Addr    Size         Type   Attr      Idx    E Section Name        Object

    0x00000000   0x000000c0   Data   RO         1681    RESET               startup_mini58series.o
    0x000000c0   0x00000000   Code   RO         1719  * .ARM.Collect$$$$00000000  mc_p.l(entry.o)
    0x000000c0   0x00000004   Code   RO         1996    .ARM.Collect$$$$00000001  mc_p.l(entry2.o)
    0x000000c4   0x00000004   Code   RO         1999    .ARM.Collect$$$$00000004  mc_p.l(entry5.o)
    0x000000c8   0x00000000   Code   RO         2001    .ARM.Collect$$$$00000008  mc_p.l(entry7b.o)
    0x000000c8   0x00000000   Code   RO         2003    .ARM.Collect$$$$0000000A  mc_p.l(entry8b.o)
    0x000000c8   0x00000008   Code   RO         2004    .ARM.Collect$$$$0000000B  mc_p.l(entry9a.o)
    0x000000d0   0x00000000   Code   RO         2006    .ARM.Collect$$$$0000000D  mc_p.l(entry10a.o)
    0x000000d0   0x00000000   Code   RO         2008    .ARM.Collect$$$$0000000F  mc_p.l(entry11a.o)
    0x000000d0   0x00000004   Code   RO         1997    .ARM.Collect$$$$00002712  mc_p.l(entry2.o)
    0x000000d4   0x0000001c   Code   RO         1591    .emb_text           retarget_1.o
    0x000000f0   0x00000014   Code   RO         1682  * .text               startup_mini58series.o
    0x00000104   0x0000002c   Code   RO         1722    .text               mc_p.l(uidiv.o)
    0x00000130   0x00000024   Code   RO         1724    .text               mc_p.l(rand.o)
    0x00000154   0x00000060   Code   RO         2010    .text               mc_p.l(uldiv.o)
    0x000001b4   0x00000024   Code   RO         2025    .text               mc_p.l(init.o)
    0x000001d8   0x00000020   Code   RO         2027    .text               mc_p.l(llshl.o)
    0x000001f8   0x00000022   Code   RO         2029    .text               mc_p.l(llushr.o)
    0x0000021a   0x00000002   PAD
    0x0000021c   0x00000024   Code   RO          121    i.All_Color         normal_display.o
    0x00000240   0x00000034   Code   RO          122    i.All_Off           normal_display.o
    0x00000274   0x000000c4   Code   RO          763    i.BT_Power_Control  bt_control.o
    0x00000338   0x000000ac   Code   RO          764    i.BT_Work_Detect    bt_control.o
    0x000003e4   0x00000150   Code   RO          123    i.Blink             normal_display.o
    0x00000534   0x00000088   Code   RO          124    i.Blue_Flash        normal_display.o
    0x000005bc   0x00000010   Code   RO          796    i.CLK_DisablePLL    clk.o
    0x000005cc   0x00000214   Code   RO          801    i.CLK_EnablePLL     clk.o
    0x000007e0   0x00000018   Code   RO          803    i.CLK_EnableXtalRC  clk.o
    0x000007f8   0x00000058   Code   RO         1453    i.CLK_GetPLLClockFreq  uart.o
    0x00000850   0x0000010c   Code   RO          656    i.CLK_Init          mcu_config.o
    0x0000095c   0x0000001c   Code   RO          809    i.CLK_PowerDown     clk.o
    0x00000978   0x00000084   Code   RO          810    i.CLK_SetCoreClock  clk.o
    0x000009fc   0x00000024   Code   RO          811    i.CLK_SetHCLK       clk.o
    0x00000a20   0x00000050   Code   RO          812    i.CLK_SetModuleClock  clk.o
    0x00000a70   0x00000028   Code   RO          815    i.CLK_WaitClockReady  clk.o
    0x00000a98   0x000003a4   Code   RO          460    i.CSR1010_Process   data_process.o
    0x00000e3c   0x00000164   Code   RO          125    i.Color_Show        normal_display.o
    0x00000fa0   0x00000510   Code   RO          461    i.Color_Value_Get   data_process.o
    0x000014b0   0x000000c4   Code   RO          734    i.Count_Down_Control  timer_ctrl.o
    0x00001574   0x00000040   Code   RO          462    i.Count_Down_Process  data_process.o
    0x000015b4   0x00000064   Code   RO          410    i.Csr1010_Rcv_Byte  csr1010.o
    0x00001618   0x00000054   Code   RO          411    i.Csr1010_Rcv_Data  csr1010.o
    0x0000166c   0x00000090   Code   RO          412    i.Csr1010_Snd_Data  csr1010.o
    0x000016fc   0x00000018   Code   RO          463    i.Data_Process      data_process.o
    0x00001714   0x00000030   Code   RO          942    i.FMC_Erase         fmc.o
    0x00001744   0x00000010   Code   RO          946    i.FMC_Open          fmc.o
    0x00001754   0x0000001c   Code   RO          947    i.FMC_Read          fmc.o
    0x00001770   0x0000001c   Code   RO          955    i.FMC_Write         fmc.o
    0x0000178c   0x000000c8   Code   RO          592    i.Flash_Read_Data   flash_prgrm.o
    0x00001854   0x000000d4   Code   RO          593    i.Flash_Write_Data  flash_prgrm.o
    0x00001928   0x000001d8   Code   RO          126    i.Flower_Bloom      normal_display.o
    0x00001b00   0x00000024   Code   RO          375    i.GPIO01_IRQHandler  sleep.o
    0x00001b24   0x0000001c   Code   RO         1067    i.GPIO_DisableInt   gpio.o
    0x00001b40   0x0000001a   Code   RO         1068    i.GPIO_EnableInt    gpio.o
    0x00001b5a   0x0000002e   Code   RO         1069    i.GPIO_SetMode      gpio.o
    0x00001b88   0x00000088   Code   RO          127    i.Green_Flash       normal_display.o
    0x00001c10   0x00000028   Code   RO         1593    i.Hard_Fault_Handler  retarget_1.o
    0x00001c38   0x00000016   Code   RO          464    i.Hex_To_Char       data_process.o
    0x00001c4e   0x00000002   PAD
    0x00001c50   0x000001d4   Code   RO          128    i.Instead           normal_display.o
    0x00001e24   0x00000110   Code   RO          465    i.Key_Process       data_process.o
    0x00001f34   0x0000006c   Code   RO            3    i.Key_Scan          key.o
    0x00001fa0   0x000000b8   Code   RO          528    i.Led_Display       display_ctrl.o
    0x00002058   0x000000d4   Code   RO          629    i.Led_Update        led_class.o
    0x0000212c   0x000000dc   Code   RO          657    i.MCU_Config        mcu_config.o
    0x00002208   0x00000050   Code   RO          658    i.PWM_Init          mcu_config.o
    0x00002258   0x00000044   Code   RO          466    i.Password_Process  data_process.o
    0x0000229c   0x00000190   Code   RO          129    i.Polar_Light       normal_display.o
    0x0000242c   0x00000088   Code   RO          130    i.Red_Flash         normal_display.o
    0x000024b4   0x00000298   Code   RO          131    i.Ripple            normal_display.o
    0x0000274c   0x000001ac   Code   RO          132    i.Roll              normal_display.o
    0x000028f8   0x0000001c   Code   RO          594    i.SYS_UnlockReg     flash_prgrm.o
    0x00002914   0x0000001c   Code   RO          659    i.SYS_UnlockReg     mcu_config.o
    0x00002930   0x00000230   Code   RO          133    i.Sea_Wave          normal_display.o
    0x00002b60   0x00000020   Code   RO         1596    i.SendChar_ToUART   retarget_1.o
    0x00002b80   0x000000bc   Code   RO          231    i.Show_1            show_1.o
    0x00002c3c   0x000001a0   Code   RO          232    i.Show_1_0          show_1.o
    0x00002ddc   0x0000024c   Code   RO          233    i.Show_1_1          show_1.o
    0x00003028   0x000000a0   Code   RO          234    i.Show_1_2          show_1.o
    0x000030c8   0x0000037c   Code   RO          235    i.Show_1_3          show_1.o
    0x00003444   0x000000c8   Code   RO          275    i.Show_2            show_2.o
    0x0000350c   0x0000022c   Code   RO          276    i.Show_2_0          show_2.o
    0x00003738   0x000001cc   Code   RO          277    i.Show_2_1          show_2.o
    0x00003904   0x000001fc   Code   RO          278    i.Show_2_2          show_2.o
    0x00003b00   0x0000045c   Code   RO          279    i.Show_2_3          show_2.o
    0x00003f5c   0x00000144   Code   RO          280    i.Show_2_4          show_2.o
    0x000040a0   0x000000cc   Code   RO          325    i.Show_3            show_3.o
    0x0000416c   0x000004d4   Code   RO          326    i.Show_3_0          show_3.o
    0x00004640   0x0000052c   Code   RO          327    i.Show_3_1          show_3.o
    0x00004b6c   0x00000144   Code   RO          328    i.Show_3_2          show_3.o
    0x00004cb0   0x00000228   Code   RO          329    i.Show_3_3          show_3.o
    0x00004ed8   0x000002ac   Code   RO          330    i.Show_3_4          show_3.o
    0x00005184   0x0000009c   Code   RO          376    i.Sleep_Control     sleep.o
    0x00005220   0x00000194   Code   RO          134    i.Sparkle           normal_display.o
    0x000053b4   0x00000040   Code   RO          135    i.Steady            normal_display.o
    0x000053f4   0x00000060   Code   RO          467    i.Syn_Process       data_process.o
    0x00005454   0x000000a0   Code   RO         1688    i.SystemCoreClockUpdate  system_mini58series.o
    0x000054f4   0x00000058   Code   RO         1397    i.TIMER_GetModuleClock  timer.o
    0x0000554c   0x00000050   Code   RO         1398    i.TIMER_Open        timer.o
    0x0000559c   0x00000008   Code   RO          413    i.UART0_IRQHandler  csr1010.o
    0x000055a4   0x00000084   Code   RO         1460    i.UART_Open         uart.o
    0x00005628   0x00000016   Code   RO         1465    i.UART_SetTimeoutCnt  uart.o
    0x0000563e   0x00000002   PAD
    0x00005640   0x00000030   Code   RO          414    i.Uart_Clear_Buf    csr1010.o
    0x00005670   0x000000fc   Code   RO          468    i.User_Data_Init    data_process.o
    0x0000576c   0x00000020   Code   RO         1860    i.__0printf$5       mc_p.l(printf5.o)
    0x0000578c   0x0000001a   Code   RO          219    i.__ARM_common_switch8  normal_display.o
    0x000057a6   0x00000002   PAD
    0x000057a8   0x00000018   Code   RO          660    i.__NVIC_EnableIRQ  mcu_config.o
    0x000057c0   0x0000000e   Code   RO         2039    i.__scatterload_copy  mc_p.l(handlers.o)
    0x000057ce   0x00000002   Code   RO         2040    i.__scatterload_null  mc_p.l(handlers.o)
    0x000057d0   0x0000000e   Code   RO         2041    i.__scatterload_zeroinit  mc_p.l(handlers.o)
    0x000057de   0x00000002   PAD
    0x000057e0   0x000002dc   Code   RO         1867    i._printf_core      mc_p.l(printf5.o)
    0x00005abc   0x0000000c   Code   RO         1600    i.fputc             retarget_1.o
    0x00005ac8   0x00000088   Code   RO          708    i.main              showhomeapp.o
    0x00005b50   0x000000a8   Code   RO         1602    i.stackDump         retarget_1.o
    0x00005bf8   0x00000048   Data   RO          469    .constdata          data_process.o
    0x00005c40   0x00000020   Data   RO         2037    Region$$Table       anon$$obj.o


    Execution Region RW_IRAM1 (Base: 0x20000000, Size: 0x000003e0, Max: 0x00001000, ABSOLUTE)

    Base Addr    Size         Type   Attr      Idx    E Section Name        Object

    0x20000000   0x00000006   Data   RW            4    .data               key.o
    0x20000006   0x00000003   Data   RW          377    .data               sleep.o
    0x20000009   0x00000011   Data   RW          416    .data               csr1010.o
    0x2000001a   0x00000013   Data   RW          470    .data               data_process.o
    0x2000002d   0x00000001   PAD
    0x2000002e   0x00000006   Data   RW          535    .data               display_ctrl.o
    0x20000034   0x00000001   Data   RW          536    .data               display_ctrl.o
    0x20000035   0x00000001   Data   RW          537    .data               display_ctrl.o
    0x20000036   0x00000001   Data   RW          538    .data               display_ctrl.o
    0x20000037   0x00000001   Data   RW          539    .data               display_ctrl.o
    0x20000038   0x00000001   Data   RW          540    .data               display_ctrl.o
    0x20000039   0x00000001   Data   RW          541    .data               display_ctrl.o
    0x2000003a   0x00000001   Data   RW          542    .data               display_ctrl.o
    0x2000003b   0x00000001   Data   RW          543    .data               display_ctrl.o
    0x2000003c   0x00000001   Data   RW          544    .data               display_ctrl.o
    0x2000003d   0x00000001   Data   RW          546    .data               display_ctrl.o
    0x2000003e   0x00000001   Data   RW          547    .data               display_ctrl.o
    0x2000003f   0x00000001   Data   RW          548    .data               display_ctrl.o
    0x20000040   0x00000001   Data   RW          549    .data               display_ctrl.o
    0x20000041   0x00000001   Data   RW          551    .data               display_ctrl.o
    0x20000042   0x00000001   Data   RW          552    .data               display_ctrl.o
    0x20000043   0x00000001   Data   RW          553    .data               display_ctrl.o
    0x20000044   0x00000001   Data   RW          554    .data               display_ctrl.o
    0x20000045   0x00000001   Data   RW          555    .data               display_ctrl.o
    0x20000046   0x00000001   Data   RW          557    .data               display_ctrl.o
    0x20000047   0x00000001   Data   RW          558    .data               display_ctrl.o
    0x20000048   0x00000002   Data   RW          559    .data               display_ctrl.o
    0x2000004a   0x00000001   Data   RW          560    .data               display_ctrl.o
    0x2000004b   0x00000001   Data   RW          561    .data               display_ctrl.o
    0x2000004c   0x00000002   Data   RW          562    .data               display_ctrl.o
    0x2000004e   0x00000002   Data   RW          563    .data               display_ctrl.o
    0x20000050   0x00000001   Data   RW          567    .data               display_ctrl.o
    0x20000051   0x00000001   Data   RW          595    .data               flash_prgrm.o
    0x20000052   0x00000008   Data   RW          630    .data               led_class.o
    0x2000005a   0x00000001   Data   RW          631    .data               led_class.o
    0x2000005b   0x00000001   Data   RW          661    .data               mcu_config.o
    0x2000005c   0x0000000a   Data   RW          735    .data               timer_ctrl.o
    0x20000066   0x0000000b   Data   RW          765    .data               bt_control.o
    0x20000071   0x00000003   PAD
    0x20000074   0x00000004   Data   RW         1603    .data               retarget_1.o
    0x20000078   0x00000004   Data   RW         1690    .data               system_mini58series.o
    0x2000007c   0x0000000c   Data   RW         1691    .data               system_mini58series.o
    0x20000088   0x00000004   Data   RW         1725    .data               mc_p.l(rand.o)
    0x2000008c   0x00000019   Zero   RW          415    .bss                csr1010.o
    0x200000a5   0x00000040   Zero   RW          529    .bss                display_ctrl.o
    0x200000e5   0x00000032   Zero   RW          530    .bss                display_ctrl.o
    0x20000117   0x00000032   Zero   RW          531    .bss                display_ctrl.o
    0x20000149   0x00000032   Zero   RW          532    .bss                display_ctrl.o
    0x2000017b   0x00000032   Zero   RW          533    .bss                display_ctrl.o
    0x200001ad   0x00000032   Zero   RW          534    .bss                display_ctrl.o
    0x200001df   0x00000001   PAD
    0x200001e0   0x00000200   Zero   RW         1679    STACK               startup_mini58series.o


==============================================================================

Image component sizes


      Code (inc. data)   RO Data    RW Data    ZI Data      Debug   Object Name

       368         28          0         11          0       2065   bt_control.o
       888        102          0          0          0      11423   clk.o
       384         44          0         17         25       4536   csr1010.o
      3026        228         72         19          0       8673   data_process.o
       184         14          0         35        314       3186   display_ctrl.o
       440        106          0          1          0       1889   flash_prgrm.o
       120         22          0          0          0     125452   fmc.o
       100          6          0          0          0       1894   gpio.o
       108         12          0          6          0     129795   key.o
       212         22          0          9          0       1122   led_class.o
       620        100          0          1          0      12573   mcu_config.o
      4674        760          0          0          0      10367   normal_display.o
       280        132          0          4          0       4354   retarget_1.o
      2244        334          0          0          0       4001   show_1.o
      3164        458          0          0          0       5248   show_2.o
      4324        586          0          0          0       6296   show_3.o
       136         18          0          0          0       3019   showhomeapp.o
       192         38          0          3          0       8303   sleep.o
        20          4        192          0        512        620   startup_mini58series.o
       160         30          0         16          0       1209   system_mini58series.o
       168         24          0          0          0       1672   timer.o
       196         12          0         10          0       3961   timer_ctrl.o
       242         36          0          0          0       2289   uart.o

    ----------------------------------------------------------------------
     22256       3116        296        136        852     353947   Object Totals
         0          0         32          0          0          0   (incl. Generated)
         6          0          0          4          1          0   (incl. Padding)

    ----------------------------------------------------------------------

      Code (inc. data)   RO Data    RW Data    ZI Data      Debug   Library Member Name

         0          0          0          0          0          0   entry.o
         0          0          0          0          0          0   entry10a.o
         0          0          0          0          0          0   entry11a.o
         8          4          0          0          0          0   entry2.o
         4          0          0          0          0          0   entry5.o
         0          0          0          0          0          0   entry7b.o
         0          0          0          0          0          0   entry8b.o
         8          4          0          0          0          0   entry9a.o
        30          0          0          0          0          0   handlers.o
        36          8          0          0          0         68   init.o
        32          0          0          0          0         68   llshl.o
        34          0          0          0          0         68   llushr.o
       764         52          0          0          0        168   printf5.o
        36         12          0          4          0        120   rand.o
        44          0          0          0          0         72   uidiv.o
        96          0          0          0          0         84   uldiv.o

    ----------------------------------------------------------------------
      1096         80          0          4          0        648   Library Totals
         4          0          0          0          0          0   (incl. Padding)

    ----------------------------------------------------------------------

      Code (inc. data)   RO Data    RW Data    ZI Data      Debug   Library Name

      1092         80          0          4          0        648   mc_p.l

    ----------------------------------------------------------------------
      1096         80          0          4          0        648   Library Totals

    ----------------------------------------------------------------------

==============================================================================


      Code (inc. data)   RO Data    RW Data    ZI Data      Debug   

     23352       3196        296        140        852     350603   Grand Totals
     23352       3196        296        140        852     350603   ELF Image Totals
     23352       3196        296        140          0          0   ROM Totals

==============================================================================

    Total RO  Size (Code + RO Data)                23648 (  23.09kB)
    Total RW  Size (RW Data + ZI Data)               992 (   0.97kB)
    Total ROM Size (Code + RO Data + RW Data)      23788 (  23.23kB)

==============================================================================

