BL51 BANKED LINKER/LOCATER V6.22                                                        03/19/2018  13:49:43  PAGE 1


BL51 BANKED LINKER/LOCATER V6.22, INVOKED BY:
C:\KEIL\C51\C51\BIN\BL51.EXE STARTUP.obj, AL67D.obj, KeyScan.obj, Led_Display.obj, MCU_Config.obj, Motor.obj, Ntc_Msr.ob
>> j, CSR1010.obj, Data_Process.obj, Flash_Prgrm.obj, Led_Class.obj, Timer_Ctrl.obj TO AL67D RAMSIZE (256)


MEMORY MODEL: SMALL


INPUT MODULES INCLUDED:
  STARTUP.obj (?C_STARTUP)
  AL67D.obj (AL67D)
  KeyScan.obj (KEYSCAN)
  Led_Display.obj (LED_DISPLAY)
  MCU_Config.obj (MCU_CONFIG)
  Motor.obj (MOTOR)
  Ntc_Msr.obj (NTC_MSR)
  CSR1010.obj (CSR1010)
  Data_Process.obj (DATA_PROCESS)
  Flash_Prgrm.obj (FLASH_PRGRM)
  Led_Class.obj (LED_CLASS)
  Timer_Ctrl.obj (TIMER_CTRL)
  C:\KEIL\C51\C51\LIB\C51S.LIB (?C_INIT)
  C:\KEIL\C51\C51\LIB\C51S.LIB (?C?CLDOPTR)
  C:\KEIL\C51\C51\LIB\C51S.LIB (?C?UIDIV)
  C:\KEIL\C51\C51\LIB\C51S.LIB (?C?SIDIV)
  C:\KEIL\C51\C51\LIB\C51S.LIB (?C?CCASE)
  C:\KEIL\C51\C51\LIB\C51S.LIB (RAND)


LINK MAP OF MODULE:  AL67D (?C_STARTUP)


            TYPE    BASE      LENGTH    RELOCATION   SEGMENT NAME
            -----------------------------------------------------

            * * * * * * *   D A T A   M E M O R Y   * * * * * * *
            REG     0000H     0008H     ABSOLUTE     "REG BANK 0"
            DATA    0008H     001DH     UNIT         ?DT?DATA_PROCESS
            DATA    0025H     001CH     UNIT         ?DT?LED_DISPLAY
            DATA    0041H     0019H     UNIT         ?DT?CSR1010
            DATA    005AH     000BH     UNIT         ?DT?MOTOR
            DATA    0065H     0008H     UNIT         ?DT?TIMER_CTRL
            DATA    006DH     0007H     UNIT         _DATA_GROUP_
            DATA    0074H     0004H     UNIT         ?DT?LED_CLASS
            DATA    0078H     0004H     UNIT         ?DT?RAND?RAND
            DATA    007CH     0001H     UNIT         ?DT?MCU_CONFIG
            DATA    007DH     0001H     UNIT         ?DT?NTC_MSR
            DATA    007EH     0001H     UNIT         ?DT?FLASH_PRGRM
            IDATA   007FH     0022H     UNIT         ?ID?LED_DISPLAY
            IDATA   00A1H     0010H     UNIT         ?ID?DATA_PROCESS
            IDATA   00B1H     000AH     UNIT         ?ID?CSR1010
            IDATA   00BBH     0005H     UNIT         ?ID?NTC_MSR
            IDATA   00C0H     0004H     UNIT         ?ID?MOTOR
            IDATA   00C4H     0003H     UNIT         ?ID?KEYSCAN
            IDATA   00C7H     0001H     UNIT         ?STACK

            * * * * * * *   C O D E   M E M O R Y   * * * * * * *
            CODE    0000H     0003H     ABSOLUTE     
BL51 BANKED LINKER/LOCATER V6.22                                                      03/19/2018  13:49:43  PAGE 2


            CODE    0003H     0007H     UNIT         ?PR?_BYTE_READ_FROM_APROM?FLASH_PRGRM
                    000AH     0001H                  *** GAP ***
            CODE    000BH     0003H     ABSOLUTE     
            CODE    000EH     006DH     UNIT         ?PR?MOTOR_DUTY_CONTROL?MOTOR
            CODE    007BH     0003H     ABSOLUTE     
            CODE    007EH     013EH     UNIT         ?PR?SHOW_3_1?LED_DISPLAY
            CODE    01BCH     0040H     UNIT         ?PR?LED_DUTY_CONTROL?AL67D
            CODE    01FCH     0004H     UNIT         ?PR?CSR1010_INIT?CSR1010
            CODE    0200H     0080H     ABSOLUTE     
            CODE    0280H     0312H     UNIT         ?PR?CSR1010_PROCESS?DATA_PROCESS
            CODE    0592H     0247H     UNIT         ?PR?SHOW_3_4?LED_DISPLAY
            CODE    07D9H     0242H     UNIT         ?PR?SHOW_2_3?LED_DISPLAY
            CODE    0A1BH     023BH     UNIT         ?PR?SHOW_3_2?LED_DISPLAY
            CODE    0C56H     01A4H     UNIT         ?PR?SHOW_2_4?LED_DISPLAY
            CODE    0DFAH     0186H     UNIT         ?PR?SHOW_2_2?LED_DISPLAY
            CODE    0F80H     0138H     UNIT         ?PR?USER_DATA_INIT?DATA_PROCESS
            CODE    10B8H     00F8H     UNIT         ?PR?BYTE_WRITE_TO_APROM?FLASH_PRGRM
            CODE    11B0H     00DEH     UNIT         ?C?LIB_CODE
            CODE    128EH     00CDH     UNIT         ?PR?SHOW_1_2?LED_DISPLAY
            CODE    135BH     00C7H     UNIT         ?PR?SHOW_1_4?LED_DISPLAY
            CODE    1422H     00B7H     UNIT         ?PR?_FADE?LED_DISPLAY
            CODE    14D9H     00ABH     UNIT         ?PR?SHOW_3_3?LED_DISPLAY
            CODE    1584H     009EH     UNIT         ?PR?SHOW_2?LED_DISPLAY
            CODE    1622H     009EH     UNIT         ?PR?SHOW_3?LED_DISPLAY
            CODE    16C0H     0098H     UNIT         ?PR?SHOW_1?LED_DISPLAY
            CODE    1758H     0097H     UNIT         ?PR?KEY_PROCESS?DATA_PROCESS
            CODE    17EFH     0090H     UNIT         ?PR?NTC_MSR?NTC_MSR
            CODE    187FH     008CH     UNIT         ?C_C51STARTUP
            CODE    190BH     0070H     UNIT         ?PR?COUNT_DOWN_CONTROL?TIMER_CTRL
            CODE    197BH     006EH     UNIT         ?PR?_FLASH?LED_DISPLAY
            CODE    19E9H     006DH     UNIT         ?PR?_COLOR_VALUE_GET?DATA_PROCESS
            CODE    1A56H     006AH     UNIT         ?PR?CSR1010_SND_DATA?CSR1010
            CODE    1AC0H     0069H     UNIT         ?PR?TMPRTR_PROCESS?DATA_PROCESS
            CODE    1B29H     0063H     UNIT         ?PR?SHOW_2_1?LED_DISPLAY
            CODE    1B8CH     0057H     UNIT         ?PR?BLUE_FLASH?LED_DISPLAY
            CODE    1BE3H     0057H     UNIT         ?PR?GREEN_FLASH?LED_DISPLAY
            CODE    1C3AH     0057H     UNIT         ?PR?RED_FLASH?LED_DISPLAY
            CODE    1C91H     0050H     UNIT         ?PR?LED_DISPLAY?LED_DISPLAY
            CODE    1CE1H     0050H     UNIT         ?PR?_CRC16_CAL?DATA_PROCESS
            CODE    1D31H     004FH     UNIT         ?PR?CSR1010_RCV_DATA?CSR1010
            CODE    1D80H     004DH     UNIT         ?PR?RAND?RAND
            CODE    1DCDH     004AH     UNIT         ?PR?AD_VAL_GET?NTC_MSR
            CODE    1E17H     0049H     UNIT         ?PR?CLK_INIT?MCU_CONFIG
            CODE    1E60H     0048H     UNIT         ?PR?UART_INTERRUPT?CSR1010
            CODE    1EA8H     003EH     UNIT         ?PR?TIM_INIT?MCU_CONFIG
            CODE    1EE6H     0037H     UNIT         ?PR?UART_INIT?MCU_CONFIG
            CODE    1F1DH     0034H     UNIT         ?PR?MAIN?AL67D
            CODE    1F51H     0033H     UNIT         ?PR?SHOW_1_1?LED_DISPLAY
            CODE    1F84H     0033H     UNIT         ?PR?SHOW_1_3?LED_DISPLAY
            CODE    1FB7H     0033H     UNIT         ?PR?CSR1010_RCV_BYTE?CSR1010
            CODE    1FEAH     0033H     UNIT         ?PR?LED_UPDATE?LED_CLASS
            CODE    201DH     002FH     UNIT         ?PR?KEY_SCAN?KEYSCAN
            CODE    204CH     002EH     UNIT         ?PR?PASSWORD_PROCESS?DATA_PROCESS
            CODE    207AH     002CH     UNIT         ?PR?MOTOR_CONTROL?MOTOR
            CODE    20A6H     002BH     UNIT         ?C_INITSEG
            CODE    20D1H     002AH     UNIT         ?PR?COUNT_DOWN_PROCESS?DATA_PROCESS
            CODE    20FBH     0020H     UNIT         ?PR?_HEX_TO_CHAR?DATA_PROCESS
BL51 BANKED LINKER/LOCATER V6.22                                                      03/19/2018  13:49:43  PAGE 3


            CODE    211BH     0019H     UNIT         ?PR?MCU_CONFIG?MCU_CONFIG
            CODE    2134H     0019H     UNIT         ?PR?GPIO_INIT?MCU_CONFIG
            CODE    214DH     0018H     UNIT         ?PR?SYN_PROCESS?DATA_PROCESS
            CODE    2165H     0016H     UNIT         ?PR?FADE_INIT?LED_DISPLAY
            CODE    217BH     0015H     UNIT         ?PR?ADC_INIT?MCU_CONFIG
            CODE    2190H     0012H     UNIT         ?PR?STEADY?LED_DISPLAY
            CODE    21A2H     0012H     UNIT         ?PR?FLASH_INIT?LED_DISPLAY
            CODE    21B4H     0012H     UNIT         ?PR?DATA_PROCESS?DATA_PROCESS
            CODE    21C6H     000FH     UNIT         ?PR?ALL_OFF?LED_DISPLAY
            CODE    21D5H     000AH     UNIT         ?PR?WDT_INIT?MCU_CONFIG
            CODE    21DFH     000AH     UNIT         ?PR?_CSR1010_SND_BYTE?CSR1010



OVERLAY MAP OF MODULE:   AL67D (?C_STARTUP)


SEGMENT                                         DATA_GROUP 
  +--> CALLED SEGMENT                         START    LENGTH
-------------------------------------------------------------
?C_C51STARTUP                                 -----    -----
  +--> ?PR?MAIN?AL67D
  +--> ?C_INITSEG

?PR?MAIN?AL67D                                -----    -----
  +--> ?PR?MCU_CONFIG?MCU_CONFIG
  +--> ?PR?USER_DATA_INIT?DATA_PROCESS
  +--> ?PR?CSR1010_INIT?CSR1010
  +--> ?PR?CSR1010_RCV_DATA?CSR1010
  +--> ?PR?DATA_PROCESS?DATA_PROCESS
  +--> ?PR?CSR1010_SND_DATA?CSR1010
  +--> ?PR?LED_DISPLAY?LED_DISPLAY
  +--> ?PR?NTC_MSR?NTC_MSR
  +--> ?PR?KEY_SCAN?KEYSCAN
  +--> ?PR?MOTOR_CONTROL?MOTOR
  +--> ?PR?COUNT_DOWN_CONTROL?TIMER_CTRL
  +--> ?PR?BYTE_WRITE_TO_APROM?FLASH_PRGRM

?PR?MCU_CONFIG?MCU_CONFIG                     -----    -----
  +--> ?PR?CLK_INIT?MCU_CONFIG
  +--> ?PR?GPIO_INIT?MCU_CONFIG
  +--> ?PR?TIM_INIT?MCU_CONFIG
  +--> ?PR?ADC_INIT?MCU_CONFIG
  +--> ?PR?UART_INIT?MCU_CONFIG
  +--> ?PR?WDT_INIT?MCU_CONFIG

?PR?USER_DATA_INIT?DATA_PROCESS               -----    -----
  +--> ?PR?_BYTE_READ_FROM_APROM?FLASH_PRGRM
  +--> ?PR?_COLOR_VALUE_GET?DATA_PROCESS
  +--> ?PR?_HEX_TO_CHAR?DATA_PROCESS

?PR?DATA_PROCESS?DATA_PROCESS                 -----    -----
  +--> ?PR?KEY_PROCESS?DATA_PROCESS
  +--> ?PR?TMPRTR_PROCESS?DATA_PROCESS
  +--> ?PR?COUNT_DOWN_PROCESS?DATA_PROCESS
  +--> ?PR?PASSWORD_PROCESS?DATA_PROCESS
  +--> ?PR?SYN_PROCESS?DATA_PROCESS
BL51 BANKED LINKER/LOCATER V6.22                                                      03/19/2018  13:49:43  PAGE 4


  +--> ?PR?CSR1010_PROCESS?DATA_PROCESS

?PR?KEY_PROCESS?DATA_PROCESS                  -----    -----
  +--> ?PR?_COLOR_VALUE_GET?DATA_PROCESS

?PR?CSR1010_PROCESS?DATA_PROCESS              006DH    0002H
  +--> ?PR?_COLOR_VALUE_GET?DATA_PROCESS
  +--> ?PR?_CRC16_CAL?DATA_PROCESS
  +--> ?PR?_HEX_TO_CHAR?DATA_PROCESS

?PR?_CRC16_CAL?DATA_PROCESS                   006FH    0005H

?PR?CSR1010_SND_DATA?CSR1010                  006DH    0001H
  +--> ?PR?_CSR1010_SND_BYTE?CSR1010

?PR?LED_DISPLAY?LED_DISPLAY                   -----    -----
  +--> ?PR?ALL_OFF?LED_DISPLAY
  +--> ?PR?STEADY?LED_DISPLAY
  +--> ?PR?_FLASH?LED_DISPLAY
  +--> ?PR?_FADE?LED_DISPLAY
  +--> ?PR?SHOW_1?LED_DISPLAY
  +--> ?PR?SHOW_2?LED_DISPLAY
  +--> ?PR?SHOW_3?LED_DISPLAY
  +--> ?PR?BLUE_FLASH?LED_DISPLAY
  +--> ?PR?GREEN_FLASH?LED_DISPLAY
  +--> ?PR?RED_FLASH?LED_DISPLAY

?PR?_FLASH?LED_DISPLAY                        -----    -----
  +--> ?PR?FLASH_INIT?LED_DISPLAY

?PR?_FADE?LED_DISPLAY                         -----    -----
  +--> ?PR?FADE_INIT?LED_DISPLAY

?PR?SHOW_1?LED_DISPLAY                        -----    -----
  +--> ?PR?ALL_OFF?LED_DISPLAY
  +--> ?PR?SHOW_1_1?LED_DISPLAY
  +--> ?PR?SHOW_1_2?LED_DISPLAY
  +--> ?PR?SHOW_1_3?LED_DISPLAY
  +--> ?PR?SHOW_1_4?LED_DISPLAY

?PR?SHOW_1_1?LED_DISPLAY                      -----    -----
  +--> ?PR?FLASH_INIT?LED_DISPLAY
  +--> ?PR?_FLASH?LED_DISPLAY

?PR?SHOW_1_2?LED_DISPLAY                      -----    -----
  +--> ?PR?FADE_INIT?LED_DISPLAY
  +--> ?PR?_FADE?LED_DISPLAY
  +--> ?PR?FLASH_INIT?LED_DISPLAY
  +--> ?PR?_FLASH?LED_DISPLAY

?PR?SHOW_1_3?LED_DISPLAY                      -----    -----
  +--> ?PR?FLASH_INIT?LED_DISPLAY
  +--> ?PR?_FLASH?LED_DISPLAY

?PR?SHOW_1_4?LED_DISPLAY                      -----    -----
  +--> ?PR?FADE_INIT?LED_DISPLAY
  +--> ?PR?_FADE?LED_DISPLAY
BL51 BANKED LINKER/LOCATER V6.22                                                      03/19/2018  13:49:43  PAGE 5



?PR?SHOW_2?LED_DISPLAY                        -----    -----
  +--> ?PR?ALL_OFF?LED_DISPLAY
  +--> ?PR?SHOW_2_1?LED_DISPLAY
  +--> ?PR?SHOW_2_2?LED_DISPLAY
  +--> ?PR?SHOW_2_3?LED_DISPLAY
  +--> ?PR?SHOW_2_4?LED_DISPLAY

?PR?SHOW_2_3?LED_DISPLAY                      -----    -----
  +--> ?PR?_FLASH?LED_DISPLAY
  +--> ?PR?RAND?RAND

?PR?SHOW_3?LED_DISPLAY                        -----    -----
  +--> ?PR?ALL_OFF?LED_DISPLAY
  +--> ?PR?SHOW_3_1?LED_DISPLAY
  +--> ?PR?SHOW_3_2?LED_DISPLAY
  +--> ?PR?SHOW_3_3?LED_DISPLAY
  +--> ?PR?SHOW_3_4?LED_DISPLAY

?PR?SHOW_3_2?LED_DISPLAY                      -----    -----
  +--> ?PR?RAND?RAND

?PR?SHOW_3_3?LED_DISPLAY                      -----    -----
  +--> ?PR?FLASH_INIT?LED_DISPLAY
  +--> ?PR?_FLASH?LED_DISPLAY

?PR?SHOW_3_4?LED_DISPLAY                      -----    -----
  +--> ?PR?FADE_INIT?LED_DISPLAY
  +--> ?PR?_FLASH?LED_DISPLAY
  +--> ?PR?_FADE?LED_DISPLAY

?PR?NTC_MSR?NTC_MSR                           -----    -----
  +--> ?PR?AD_VAL_GET?NTC_MSR

?PR?AD_VAL_GET?NTC_MSR                        006DH    0001H

*** NEW ROOT ***************************************************

?PR?LED_DUTY_CONTROL?AL67D                    -----    -----
  +--> ?PR?LED_UPDATE?LED_CLASS
  +--> ?PR?MOTOR_DUTY_CONTROL?MOTOR

*** NEW ROOT ***************************************************

?PR?UART_INTERRUPT?CSR1010                    -----    -----
  +--> ?PR?CSR1010_RCV_BYTE?CSR1010



SYMBOL TABLE OF MODULE:  AL67D (?C_STARTUP)

  VALUE           TYPE          NAME
  ----------------------------------

  -------         MODULE        ?C_STARTUP
  C:187FH         SEGMENT       ?C_C51STARTUP
  I:00C7H         SEGMENT       ?STACK
BL51 BANKED LINKER/LOCATER V6.22                                                      03/19/2018  13:49:43  PAGE 6


  C:0000H         PUBLIC        ?C_STARTUP
  D:00E0H         SYMBOL        ACC
  D:00F0H         SYMBOL        B
  D:0083H         SYMBOL        DPH
  D:0082H         SYMBOL        DPL
  N:0000H         SYMBOL        IBPSTACK
  N:0100H         SYMBOL        IBPSTACKTOP
  N:0080H         SYMBOL        IDATALEN
  C:1882H         SYMBOL        IDATALOOP
  N:0000H         SYMBOL        PBPSTACK
  N:0100H         SYMBOL        PBPSTACKTOP
  N:0000H         SYMBOL        PDATALEN
  N:0000H         SYMBOL        PDATASTART
  N:0000H         SYMBOL        PPAGE
  N:0000H         SYMBOL        PPAGEENABLE
  D:00A0H         SYMBOL        PPAGE_SFR
  D:0081H         SYMBOL        SP
  C:187FH         SYMBOL        STARTUP1
  N:0000H         SYMBOL        XBPSTACK
  N:0000H         SYMBOL        XBPSTACKTOP
  N:0000H         SYMBOL        XDATALEN
  N:0000H         SYMBOL        XDATASTART
  C:0000H         LINE#         126
  C:187FH         LINE#         133
  C:1881H         LINE#         134
  C:1882H         LINE#         135
  C:1883H         LINE#         136
  C:1885H         LINE#         185
  C:1888H         LINE#         196
  -------         ENDMOD        ?C_STARTUP

  -------         MODULE        AL67D
  C:0000H         SYMBOL        _ICE_DUMMY_
  D:0080H         PUBLIC        P0
  D:0090H         PUBLIC        P1
  D:00A0H         PUBLIC        P2
  D:00B0H         PUBLIC        P3
  D:00D8H         PUBLIC        PWMCON0
  D:00A8H         PUBLIC        IE
  D:00C7H         PUBLIC        TA
  D:00B8H         PUBLIC        IP
  C:1F1DH         PUBLIC        main
  D:0098H         PUBLIC        SCON
  D:0088H         PUBLIC        TCON
  D:00F8H         PUBLIC        SCON_1
  B:0088H.5       PUBLIC        TF0
  B:00C8H.7       PUBLIC        TF2
  D:00E8H         PUBLIC        ADCCON0
  D:00C0H         PUBLIC        I2CON
  C:01BCH         PUBLIC        Led_Duty_Control
  D:00C8H         PUBLIC        T2CON
  D:00D0H         PUBLIC        PSW
  D:00AAH         PUBLIC        WDCON
  -------         PROC          LED_DUTY_CONTROL
  C:01BCH         LINE#         19
  C:01D9H         LINE#         22
  C:01DBH         LINE#         25
BL51 BANKED LINKER/LOCATER V6.22                                                      03/19/2018  13:49:43  PAGE 7


  C:01DEH         LINE#         28
  C:01E1H         LINE#         29
  -------         ENDPROC       LED_DUTY_CONTROL
  -------         PROC          MAIN
  C:1F1DH         LINE#         35
  C:1F1DH         LINE#         36
  C:1F1DH         LINE#         38
  C:1F20H         LINE#         41
  C:1F23H         LINE#         43
  C:1F26H         LINE#         45
  C:1F26H         LINE#         46
  C:1F26H         LINE#         47
  C:1F29H         LINE#         48
  C:1F29H         LINE#         49
  C:1F2BH         LINE#         51
  C:1F2EH         LINE#         52
  C:1F31H         LINE#         53
  C:1F34H         LINE#         55
  C:1F37H         LINE#         57
  C:1F3AH         LINE#         59
  C:1F3DH         LINE#         61
  C:1F40H         LINE#         63
  C:1F43H         LINE#         65
  C:1F46H         LINE#         67
  C:1F49H         LINE#         69
  C:1F4CH         LINE#         71
  C:1F4FH         LINE#         72
  C:1F4FH         LINE#         73
  -------         ENDPROC       MAIN
  -------         ENDMOD        AL67D

  -------         MODULE        KEYSCAN
  C:0000H         SYMBOL        _ICE_DUMMY_
  D:0080H         PUBLIC        P0
  D:0090H         PUBLIC        P1
  D:00A0H         PUBLIC        P2
  D:00B0H         PUBLIC        P3
  D:00D8H         PUBLIC        PWMCON0
  D:00A8H         PUBLIC        IE
  C:201DH         PUBLIC        Key_Scan
  D:00B8H         PUBLIC        IP
  I:00C4H         PUBLIC        KeyStatus
  D:0098H         PUBLIC        SCON
  D:0088H         PUBLIC        TCON
  B:00A0H.6       PUBLIC        P26
  I:00C5H         PUBLIC        KeyLongFlag
  I:00C6H         PUBLIC        KeyTime
  D:00F8H         PUBLIC        SCON_1
  D:00E8H         PUBLIC        ADCCON0
  D:00C0H         PUBLIC        I2CON
  D:00C8H         PUBLIC        T2CON
  D:00D0H         PUBLIC        PSW
  -------         PROC          KEY_SCAN
  C:201DH         LINE#         21
  C:201DH         LINE#         22
  C:201DH         LINE#         23
  C:2020H         LINE#         24
BL51 BANKED LINKER/LOCATER V6.22                                                      03/19/2018  13:49:43  PAGE 8


  C:2020H         LINE#         25
  C:2023H         LINE#         26
  C:2029H         LINE#         27
  C:2029H         LINE#         28
  C:202BH         LINE#         29
  C:202FH         LINE#         30
  C:202FH         LINE#         31
  C:2031H         LINE#         32
  C:2034H         LINE#         33
  C:2034H         LINE#         34
  C:2034H         LINE#         35
  C:2035H         LINE#         39
  C:2035H         LINE#         40
  C:2041H         LINE#         41
  C:2041H         LINE#         42
  C:2045H         LINE#         43
  C:2045H         LINE#         45
  C:2049H         LINE#         46
  C:204BH         LINE#         47
  C:204BH         LINE#         50
  -------         ENDPROC       KEY_SCAN
  -------         ENDMOD        KEYSCAN

  -------         MODULE        LED_DISPLAY
  C:0000H         SYMBOL        _ICE_DUMMY_
  D:0025H         PUBLIC        ColorData
  D:0080H         PUBLIC        P0
  D:0090H         PUBLIC        P1
  D:00A0H         PUBLIC        P2
  D:00B0H         PUBLIC        P3
  I:007FH         PUBLIC        SpeedTime
  D:00D8H         PUBLIC        PWMCON0
  I:0080H         PUBLIC        ModeColor
  D:00A8H         PUBLIC        IE
  C:21C6H         SYMBOL        All_Off
  I:0083H         PUBLIC        ModeTime
  D:00B8H         PUBLIC        IP
  I:0086H         PUBLIC        HoldTime
  I:0089H         PUBLIC        TempColor
  I:008AH         PUBLIC        TimeLine
  I:008CH         PUBLIC        ModeLed
  I:008FH         PUBLIC        ModeMicroSec
  I:0091H         PUBLIC        ModeStep
  I:0094H         PUBLIC        RndSeed
  I:0096H         PUBLIC        ShowMode
  I:0097H         PUBLIC        TempLed
  I:0098H         PUBLIC        FadeB
  C:16C0H         SYMBOL        Show_1
  D:0098H         PUBLIC        SCON
  C:1584H         SYMBOL        Show_2
  D:0088H         PUBLIC        TCON
  C:1622H         SYMBOL        Show_3
  I:0099H         PUBLIC        FadeG
  I:009AH         PUBLIC        ShowInit
  I:009BH         PUBLIC        LedCnt
  I:009CH         PUBLIC        TempCnt
  I:009DH         PUBLIC        FadeR
BL51 BANKED LINKER/LOCATER V6.22                                                      03/19/2018  13:49:43  PAGE 9


  C:1F51H         SYMBOL        Show_1_1
  C:1BE3H         SYMBOL        Green_Flash
  D:00F8H         PUBLIC        SCON_1
  C:1B29H         SYMBOL        Show_2_1
  C:128EH         SYMBOL        Show_1_2
  C:007EH         SYMBOL        Show_3_1
  C:0DFAH         SYMBOL        Show_2_2
  C:1F84H         SYMBOL        Show_1_3
  C:0A1BH         SYMBOL        Show_3_2
  C:07D9H         SYMBOL        Show_2_3
  C:135BH         SYMBOL        Show_1_4
  C:14D9H         SYMBOL        Show_3_3
  C:0C56H         SYMBOL        Show_2_4
  C:0592H         SYMBOL        Show_3_4
  C:1C91H         PUBLIC        Led_Display
  D:003DH         PUBLIC        DisplayData
  I:009EH         PUBLIC        TempB
  D:00E8H         PUBLIC        ADCCON0
  C:1B8CH         SYMBOL        Blue_Flash
  D:00C0H         PUBLIC        I2CON
  I:009FH         PUBLIC        TempG
  C:21A2H         SYMBOL        Flash_Init
  D:00C8H         PUBLIC        T2CON
  C:2165H         SYMBOL        Fade_Init
  I:00A0H         PUBLIC        TempR
  C:2190H         SYMBOL        Steady
  C:1C3AH         SYMBOL        Red_Flash
  C:197BH         SYMBOL        _Flash
  C:1422H         SYMBOL        _Fade
  D:00D0H         PUBLIC        PSW
  -------         PROC          LED_DISPLAY
  C:1C91H         LINE#         49
  C:1C91H         LINE#         50
  C:1C91H         LINE#         51
  C:1CB8H         LINE#         52
  C:1CB8H         LINE#         53
  C:1CBBH         LINE#         54
  C:1CBEH         LINE#         55
  C:1CC3H         LINE#         56
  C:1CC8H         LINE#         58
  C:1CCBH         LINE#         59
  C:1CCEH         LINE#         60
  C:1CD1H         LINE#         62
  C:1CD4H         LINE#         63
  C:1CD7H         LINE#         64
  C:1CDAH         LINE#         65
  C:1CDAH         LINE#         66
  C:1CDAH         LINE#         67
  C:1CDDH         LINE#         68
  C:1CE0H         LINE#         69
  C:1CE0H         LINE#         70
  C:1CE0H         LINE#         71
  -------         ENDPROC       LED_DISPLAY
  -------         PROC          BLUE_FLASH
  C:1B8CH         LINE#         77
  C:1B8CH         LINE#         78
  C:1B8CH         LINE#         79
BL51 BANKED LINKER/LOCATER V6.22                                                      03/19/2018  13:49:43  PAGE 10


  C:1B91H         LINE#         80
  C:1B91H         LINE#         81
  C:1B94H         LINE#         82
  C:1B97H         LINE#         83
  C:1B99H         LINE#         84
  C:1B9BH         LINE#         85
  C:1B9DH         LINE#         86
  C:1B9FH         LINE#         87
  C:1BA1H         LINE#         88
  C:1BA4H         LINE#         89
  C:1BA8H         LINE#         92
  C:1BA8H         LINE#         95
  C:1BB0H         LINE#         96
  C:1BB0H         LINE#         97
  C:1BB2H         LINE#         99
  C:1BB2H         LINE#         100
  C:1BB6H         LINE#         103
  C:1BC2H         LINE#         104
  C:1BC6H         LINE#         107
  C:1BC9H         LINE#         108
  C:1BCFH         LINE#         109
  C:1BCFH         LINE#         110
  C:1BD2H         LINE#         111
  C:1BD5H         LINE#         112
  C:1BD5H         LINE#         115
  C:1BDAH         LINE#         116
  C:1BDEH         LINE#         117
  C:1BE2H         LINE#         118
  -------         ENDPROC       BLUE_FLASH
  -------         PROC          GREEN_FLASH
  C:1BE3H         LINE#         123
  C:1BE3H         LINE#         124
  C:1BE3H         LINE#         125
  C:1BE8H         LINE#         126
  C:1BE8H         LINE#         127
  C:1BEBH         LINE#         128
  C:1BEEH         LINE#         129
  C:1BF0H         LINE#         130
  C:1BF2H         LINE#         131
  C:1BF4H         LINE#         132
  C:1BF6H         LINE#         133
  C:1BF8H         LINE#         134
  C:1BFBH         LINE#         135
  C:1BFFH         LINE#         138
  C:1BFFH         LINE#         141
  C:1C07H         LINE#         142
  C:1C07H         LINE#         143
  C:1C09H         LINE#         145
  C:1C09H         LINE#         146
  C:1C0DH         LINE#         149
  C:1C19H         LINE#         150
  C:1C1DH         LINE#         153
  C:1C20H         LINE#         154
  C:1C26H         LINE#         155
  C:1C26H         LINE#         156
  C:1C29H         LINE#         157
  C:1C2CH         LINE#         158
BL51 BANKED LINKER/LOCATER V6.22                                                      03/19/2018  13:49:43  PAGE 11


  C:1C2CH         LINE#         161
  C:1C31H         LINE#         162
  C:1C35H         LINE#         163
  C:1C39H         LINE#         164
  -------         ENDPROC       GREEN_FLASH
  -------         PROC          RED_FLASH
  C:1C3AH         LINE#         170
  C:1C3AH         LINE#         171
  C:1C3AH         LINE#         172
  C:1C3FH         LINE#         173
  C:1C3FH         LINE#         174
  C:1C42H         LINE#         175
  C:1C45H         LINE#         176
  C:1C47H         LINE#         177
  C:1C49H         LINE#         178
  C:1C4BH         LINE#         179
  C:1C4DH         LINE#         180
  C:1C4FH         LINE#         181
  C:1C52H         LINE#         182
  C:1C56H         LINE#         185
  C:1C56H         LINE#         188
  C:1C5EH         LINE#         189
  C:1C5EH         LINE#         190
  C:1C60H         LINE#         192
  C:1C60H         LINE#         193
  C:1C64H         LINE#         196
  C:1C70H         LINE#         197
  C:1C74H         LINE#         200
  C:1C77H         LINE#         201
  C:1C7DH         LINE#         202
  C:1C7DH         LINE#         203
  C:1C80H         LINE#         204
  C:1C83H         LINE#         205
  C:1C83H         LINE#         208
  C:1C88H         LINE#         209
  C:1C8CH         LINE#         210
  C:1C90H         LINE#         211
  -------         ENDPROC       RED_FLASH
  -------         PROC          ALL_OFF
  C:21C6H         LINE#         218
  C:21C6H         LINE#         219
  C:21C6H         LINE#         220
  C:21CBH         LINE#         221
  C:21CBH         LINE#         222
  C:21CEH         LINE#         223
  C:21D0H         LINE#         224
  C:21D2H         LINE#         225
  C:21D4H         LINE#         226
  C:21D4H         LINE#         227
  -------         ENDPROC       ALL_OFF
  -------         PROC          STEADY
  C:2190H         LINE#         234
  C:2190H         LINE#         235
  C:2190H         LINE#         236
  C:2195H         LINE#         237
  C:2195H         LINE#         238
  C:2198H         LINE#         239
BL51 BANKED LINKER/LOCATER V6.22                                                      03/19/2018  13:49:43  PAGE 12


  C:219BH         LINE#         240
  C:219EH         LINE#         241
  C:21A1H         LINE#         242
  C:21A1H         LINE#         243
  -------         ENDPROC       STEADY
  -------         PROC          FLASH_INIT
  C:21A2H         LINE#         250
  C:21A2H         LINE#         251
  C:21A2H         LINE#         252
  C:21A5H         LINE#         253
  C:21A7H         LINE#         254
  C:21A9H         LINE#         255
  C:21ADH         LINE#         256
  C:21B0H         LINE#         257
  C:21B3H         LINE#         258
  -------         ENDPROC       FLASH_INIT
  -------         PROC          FADE_INIT
  C:2165H         LINE#         263
  C:2165H         LINE#         264
  C:2165H         LINE#         265
  C:2168H         LINE#         266
  C:216AH         LINE#         267
  C:216CH         LINE#         268
  C:216FH         LINE#         269
  C:2171H         LINE#         270
  C:2173H         LINE#         271
  C:2176H         LINE#         272
  C:2178H         LINE#         273
  C:217AH         LINE#         274
  -------         ENDPROC       FADE_INIT
  -------         PROC          _FLASH
  D:0007H         SYMBOL        AllFlag
  C:197BH         LINE#         281
  C:197BH         LINE#         282
  C:197BH         LINE#         283
  C:1980H         LINE#         284
  C:1980H         LINE#         285
  C:1983H         LINE#         287
  C:1986H         LINE#         289
  C:1986H         LINE#         291
  C:198FH         LINE#         292
  C:198FH         LINE#         293
  C:1992H         LINE#         294
  C:1997H         LINE#         295
  C:1997H         LINE#         296
  C:199AH         LINE#         297
  C:199CH         LINE#         298
  C:19A0H         LINE#         299
  C:19A0H         LINE#         300
  C:19A3H         LINE#         301
  C:19A7H         LINE#         302
  C:19A7H         LINE#         303
  C:19A7H         LINE#         305
  C:19B0H         LINE#         306
  C:19B0H         LINE#         307
  C:19B3H         LINE#         308
  C:19B8H         LINE#         309
BL51 BANKED LINKER/LOCATER V6.22                                                      03/19/2018  13:49:43  PAGE 13


  C:19B8H         LINE#         310
  C:19BBH         LINE#         311
  C:19BDH         LINE#         312
  C:19C1H         LINE#         313
  C:19C1H         LINE#         314
  C:19C4H         LINE#         315
  C:19C8H         LINE#         316
  C:19C8H         LINE#         317
  C:19C8H         LINE#         319
  C:19D1H         LINE#         320
  C:19D1H         LINE#         321
  C:19D4H         LINE#         322
  C:19D9H         LINE#         323
  C:19D9H         LINE#         324
  C:19DCH         LINE#         325
  C:19DDH         LINE#         326
  C:19E1H         LINE#         327
  C:19E1H         LINE#         328
  C:19E4H         LINE#         329
  C:19E8H         LINE#         330
  C:19E8H         LINE#         331
  C:19E8H         LINE#         332
  -------         ENDPROC       _FLASH
  -------         PROC          _FADE
  D:0007H         SYMBOL        AllFlag
  C:1422H         LINE#         339
  C:1422H         LINE#         340
  C:1422H         LINE#         341
  C:1427H         LINE#         342
  C:1427H         LINE#         343
  C:142AH         LINE#         345
  C:142DH         LINE#         347
  C:142DH         LINE#         350
  C:1438H         LINE#         351
  C:1438H         LINE#         352
  C:143BH         LINE#         353
  C:1441H         LINE#         354
  C:1441H         LINE#         355
  C:1443H         LINE#         356
  C:1448H         LINE#         357
  C:1448H         LINE#         358
  C:1448H         LINE#         359
  C:1448H         LINE#         360
  C:1453H         LINE#         361
  C:1456H         LINE#         362
  C:1458H         LINE#         364
  C:1458H         LINE#         365
  C:1458H         LINE#         366
  C:1463H         LINE#         367
  C:1467H         LINE#         368
  C:1467H         LINE#         369
  C:1467H         LINE#         370
  C:1467H         LINE#         371
  C:1467H         LINE#         373
  C:1472H         LINE#         374
  C:1472H         LINE#         375
  C:1475H         LINE#         376
BL51 BANKED LINKER/LOCATER V6.22                                                      03/19/2018  13:49:43  PAGE 14


  C:147BH         LINE#         377
  C:147BH         LINE#         378
  C:147DH         LINE#         379
  C:1482H         LINE#         380
  C:1482H         LINE#         381
  C:1482H         LINE#         382
  C:1482H         LINE#         383
  C:148DH         LINE#         384
  C:1490H         LINE#         385
  C:1492H         LINE#         387
  C:1492H         LINE#         388
  C:1492H         LINE#         389
  C:149DH         LINE#         390
  C:14A1H         LINE#         391
  C:14A1H         LINE#         392
  C:14A1H         LINE#         393
  C:14A1H         LINE#         394
  C:14A1H         LINE#         397
  C:14ACH         LINE#         398
  C:14ACH         LINE#         399
  C:14AFH         LINE#         400
  C:14B5H         LINE#         401
  C:14B5H         LINE#         402
  C:14B7H         LINE#         403
  C:14BCH         LINE#         404
  C:14BCH         LINE#         405
  C:14BCH         LINE#         406
  C:14BCH         LINE#         407
  C:14C6H         LINE#         408
  C:14C9H         LINE#         409
  C:14CAH         LINE#         411
  C:14CAH         LINE#         412
  C:14CAH         LINE#         413
  C:14D4H         LINE#         414
  C:14D8H         LINE#         415
  C:14D8H         LINE#         416
  C:14D8H         LINE#         417
  C:14D8H         LINE#         418
  C:14D8H         LINE#         420
  -------         ENDPROC       _FADE
  -------         PROC          SHOW_1
  C:16C0H         LINE#         431
  C:16C0H         LINE#         432
  C:16C0H         LINE#         434
  C:16C5H         LINE#         435
  C:16C5H         LINE#         436
  C:16C8H         LINE#         437
  C:16CBH         LINE#         439
  C:16D0H         LINE#         440
  C:16D4H         LINE#         441
  C:16D4H         LINE#         442
  C:16D7H         LINE#         443
  C:16DAH         LINE#         444
  C:16DAH         LINE#         445
  C:16DDH         LINE#         446
  C:16DFH         LINE#         447
  C:16E1H         LINE#         448
BL51 BANKED LINKER/LOCATER V6.22                                                      03/19/2018  13:49:43  PAGE 15


  C:16E2H         LINE#         453
  C:16E2H         LINE#         454
  C:16EAH         LINE#         455
  C:16FCH         LINE#         456
  C:1708H         LINE#         457
  C:1716H         LINE#         458
  C:1726H         LINE#         459
  C:172CH         LINE#         460
  C:172CH         LINE#         461
  C:1732H         LINE#         462
  C:1735H         LINE#         463
  C:1735H         LINE#         468
  C:1748H         LINE#         469
  C:1748H         LINE#         470
  C:1748H         LINE#         471
  C:174BH         LINE#         472
  C:174BH         LINE#         474
  C:174BH         LINE#         475
  C:174EH         LINE#         476
  C:174EH         LINE#         478
  C:174EH         LINE#         479
  C:1751H         LINE#         480
  C:1751H         LINE#         482
  C:1751H         LINE#         483
  C:1754H         LINE#         484
  C:1754H         LINE#         486
  C:1754H         LINE#         487
  C:1757H         LINE#         488
  C:1757H         LINE#         489
  C:1757H         LINE#         490
  C:1757H         LINE#         491
  -------         ENDPROC       SHOW_1
  -------         PROC          SHOW_1_1
  C:1F51H         LINE#         496
  C:1F51H         LINE#         497
  C:1F51H         LINE#         499
  C:1F57H         LINE#         500
  C:1F57H         LINE#         501
  C:1F59H         LINE#         503
  C:1F5EH         LINE#         504
  C:1F61H         LINE#         506
  C:1F61H         LINE#         509
  C:1F6DH         LINE#         510
  C:1F6DH         LINE#         511
  C:1F72H         LINE#         512
  C:1F74H         LINE#         515
  C:1F74H         LINE#         516
  C:1F77H         LINE#         517
  C:1F79H         LINE#         518
  C:1F7BH         LINE#         519
  C:1F7BH         LINE#         523
  C:1F83H         LINE#         524
  -------         ENDPROC       SHOW_1_1
  -------         PROC          SHOW_1_2
  C:128EH         LINE#         529
  C:128EH         LINE#         530
  C:128EH         LINE#         532
BL51 BANKED LINKER/LOCATER V6.22                                                      03/19/2018  13:49:43  PAGE 16


  C:1294H         LINE#         533
  C:1294H         LINE#         534
  C:1296H         LINE#         536
  C:1299H         LINE#         538
  C:12A0H         LINE#         540
  C:12A0H         LINE#         543
  C:12AFH         LINE#         544
  C:12AFH         LINE#         545
  C:12B4H         LINE#         546
  C:12B7H         LINE#         548
  C:12BDH         LINE#         549
  C:12BDH         LINE#         550
  C:12BDH         LINE#         551
  C:12BFH         LINE#         552
  C:12CEH         LINE#         553
  C:12CEH         LINE#         554
  C:12CEH         LINE#         555
  C:12D0H         LINE#         557
  C:12D6H         LINE#         558
  C:12D6H         LINE#         559
  C:12DAH         LINE#         560
  C:12DDH         LINE#         561
  C:12DFH         LINE#         562
  C:12EEH         LINE#         563
  C:12EEH         LINE#         564
  C:12F1H         LINE#         565
  C:12F6H         LINE#         566
  C:12F6H         LINE#         567
  C:12F8H         LINE#         568
  C:1306H         LINE#         569
  C:1311H         LINE#         570
  C:131EH         LINE#         571
  C:1321H         LINE#         572
  C:1329H         LINE#         573
  C:1329H         LINE#         574
  C:132BH         LINE#         576
  C:1331H         LINE#         577
  C:1331H         LINE#         578
  C:1334H         LINE#         579
  C:1336H         LINE#         580
  C:1342H         LINE#         581
  C:1342H         LINE#         582
  C:1347H         LINE#         583
  C:1349H         LINE#         585
  C:1349H         LINE#         586
  C:134DH         LINE#         587
  C:1350H         LINE#         588
  C:1352H         LINE#         589
  C:1352H         LINE#         591
  C:135AH         LINE#         592
  -------         ENDPROC       SHOW_1_2
  -------         PROC          SHOW_1_3
  C:1F84H         LINE#         597
  C:1F84H         LINE#         598
  C:1F84H         LINE#         599
  C:1F8AH         LINE#         600
  C:1F8AH         LINE#         601
BL51 BANKED LINKER/LOCATER V6.22                                                      03/19/2018  13:49:43  PAGE 17


  C:1F8CH         LINE#         603
  C:1F91H         LINE#         605
  C:1F94H         LINE#         607
  C:1F94H         LINE#         609
  C:1FA0H         LINE#         610
  C:1FA0H         LINE#         611
  C:1FA5H         LINE#         612
  C:1FA7H         LINE#         615
  C:1FA7H         LINE#         616
  C:1FAAH         LINE#         617
  C:1FACH         LINE#         618
  C:1FAEH         LINE#         619
  C:1FAEH         LINE#         621
  C:1FB6H         LINE#         622
  -------         ENDPROC       SHOW_1_3
  -------         PROC          SHOW_1_4
  C:135BH         LINE#         627
  C:135BH         LINE#         628
  C:135BH         LINE#         630
  C:1361H         LINE#         631
  C:1361H         LINE#         632
  C:1363H         LINE#         634
  C:1366H         LINE#         636
  C:136DH         LINE#         638
  C:136DH         LINE#         641
  C:137CH         LINE#         642
  C:137CH         LINE#         643
  C:1381H         LINE#         644
  C:1384H         LINE#         646
  C:138AH         LINE#         647
  C:138AH         LINE#         648
  C:138EH         LINE#         649
  C:1391H         LINE#         650
  C:1394H         LINE#         651
  C:13A0H         LINE#         652
  C:13A0H         LINE#         653
  C:13A3H         LINE#         654
  C:13A8H         LINE#         655
  C:13A8H         LINE#         656
  C:13AAH         LINE#         658
  C:13B8H         LINE#         659
  C:13C3H         LINE#         660
  C:13D0H         LINE#         662
  C:13D3H         LINE#         663
  C:13D9H         LINE#         664
  C:13D9H         LINE#         665
  C:13DBH         LINE#         666
  C:13DBH         LINE#         667
  C:13DBH         LINE#         668
  C:13DDH         LINE#         671
  C:13DDH         LINE#         672
  C:13E0H         LINE#         673
  C:13E6H         LINE#         674
  C:13E6H         LINE#         675
  C:13E8H         LINE#         677
  C:13F6H         LINE#         678
  C:1401H         LINE#         679
BL51 BANKED LINKER/LOCATER V6.22                                                      03/19/2018  13:49:43  PAGE 18


  C:140EH         LINE#         681
  C:1411H         LINE#         682
  C:1417H         LINE#         683
  C:1417H         LINE#         684
  C:1419H         LINE#         685
  C:1419H         LINE#         686
  C:1419H         LINE#         687
  C:1419H         LINE#         689
  C:1421H         LINE#         690
  -------         ENDPROC       SHOW_1_4
  -------         PROC          SHOW_2
  C:1584H         LINE#         712
  C:1584H         LINE#         713
  C:1584H         LINE#         715
  C:1589H         LINE#         716
  C:1589H         LINE#         717
  C:158CH         LINE#         718
  C:158FH         LINE#         720
  C:1594H         LINE#         721
  C:159BH         LINE#         722
  C:159BH         LINE#         723
  C:159EH         LINE#         724
  C:15A1H         LINE#         725
  C:15A1H         LINE#         726
  C:15A2H         LINE#         731
  C:15A2H         LINE#         732
  C:15AAH         LINE#         733
  C:15BCH         LINE#         734
  C:15C8H         LINE#         735
  C:15D4H         LINE#         736
  C:15E0H         LINE#         737
  C:15F0H         LINE#         738
  C:15F6H         LINE#         739
  C:15F6H         LINE#         740
  C:15FCH         LINE#         741
  C:15FFH         LINE#         742
  C:15FFH         LINE#         746
  C:1612H         LINE#         747
  C:1612H         LINE#         748
  C:1612H         LINE#         749
  C:1615H         LINE#         750
  C:1615H         LINE#         752
  C:1615H         LINE#         753
  C:1618H         LINE#         754
  C:1618H         LINE#         756
  C:1618H         LINE#         757
  C:161BH         LINE#         758
  C:161BH         LINE#         760
  C:161BH         LINE#         761
  C:161EH         LINE#         762
  C:161EH         LINE#         764
  C:161EH         LINE#         765
  C:1621H         LINE#         766
  C:1621H         LINE#         767
  C:1621H         LINE#         769
  C:1621H         LINE#         770
  -------         ENDPROC       SHOW_2
BL51 BANKED LINKER/LOCATER V6.22                                                      03/19/2018  13:49:43  PAGE 19


  -------         PROC          SHOW_2_1
  C:1B29H         LINE#         776
  C:1B29H         LINE#         777
  C:1B29H         LINE#         779
  C:1B2FH         LINE#         780
  C:1B2FH         LINE#         782
  C:1B31H         LINE#         785
  C:1B33H         LINE#         786
  C:1B35H         LINE#         787
  C:1B37H         LINE#         790
  C:1B3CH         LINE#         791
  C:1B3FH         LINE#         795
  C:1B48H         LINE#         796
  C:1B51H         LINE#         797
  C:1B59H         LINE#         798
  C:1B5AH         LINE#         802
  C:1B5AH         LINE#         803
  C:1B5DH         LINE#         804
  C:1B63H         LINE#         805
  C:1B63H         LINE#         806
  C:1B65H         LINE#         808
  C:1B77H         LINE#         812
  C:1B77H         LINE#         813
  C:1B7EH         LINE#         814
  C:1B85H         LINE#         815
  C:1B8BH         LINE#         816
  C:1B8BH         LINE#         817
  C:1B8BH         LINE#         818
  C:1B8BH         LINE#         819
  -------         ENDPROC       SHOW_2_1
  -------         PROC          SHOW_2_2
  C:0DFAH         LINE#         826
  C:0DFAH         LINE#         827
  C:0DFAH         LINE#         829
  C:0E00H         LINE#         830
  C:0E00H         LINE#         831
  C:0E02H         LINE#         833
  C:0E05H         LINE#         834
  C:0E08H         LINE#         835
  C:0E0BH         LINE#         837
  C:0E10H         LINE#         839
  C:0E19H         LINE#         840
  C:0E22H         LINE#         841
  C:0E2AH         LINE#         842
  C:0E2BH         LINE#         846
  C:0E2BH         LINE#         849
  C:0E3AH         LINE#         850
  C:0E3AH         LINE#         851
  C:0E3DH         LINE#         852
  C:0E45H         LINE#         853
  C:0E45H         LINE#         854
  C:0E47H         LINE#         856
  C:0E5CH         LINE#         860
  C:0E5CH         LINE#         861
  C:0E63H         LINE#         862
  C:0E6AH         LINE#         863
  C:0E70H         LINE#         864
BL51 BANKED LINKER/LOCATER V6.22                                                      03/19/2018  13:49:43  PAGE 20


  C:0E70H         LINE#         865
  C:0E70H         LINE#         866
  C:0E73H         LINE#         870
  C:0E79H         LINE#         871
  C:0E79H         LINE#         872
  C:0E7CH         LINE#         873
  C:0E7FH         LINE#         874
  C:0E82H         LINE#         875
  C:0E85H         LINE#         876
  C:0E88H         LINE#         878
  C:0E97H         LINE#         879
  C:0E97H         LINE#         880
  C:0E9AH         LINE#         881
  C:0EA2H         LINE#         882
  C:0EA2H         LINE#         883
  C:0EA4H         LINE#         884
  C:0EA7H         LINE#         885
  C:0EADH         LINE#         886
  C:0EADH         LINE#         887
  C:0EBBH         LINE#         888
  C:0EC6H         LINE#         889
  C:0ED3H         LINE#         890
  C:0ED6H         LINE#         891
  C:0EDFH         LINE#         892
  C:0EDFH         LINE#         893
  C:0EE3H         LINE#         894
  C:0EE6H         LINE#         895
  C:0EF0H         LINE#         896
  C:0EF0H         LINE#         897
  C:0EF0H         LINE#         898
  C:0EF3H         LINE#         904
  C:0EFDH         LINE#         905
  C:0EFDH         LINE#         906
  C:0F00H         LINE#         907
  C:0F0EH         LINE#         908
  C:0F19H         LINE#         909
  C:0F26H         LINE#         911
  C:0F2FH         LINE#         912
  C:0F38H         LINE#         913
  C:0F40H         LINE#         914
  C:0F42H         LINE#         916
  C:0F42H         LINE#         917
  C:0F45H         LINE#         918
  C:0F4BH         LINE#         919
  C:0F4BH         LINE#         920
  C:0F4DH         LINE#         922
  C:0F60H         LINE#         926
  C:0F60H         LINE#         927
  C:0F68H         LINE#         928
  C:0F70H         LINE#         929
  C:0F77H         LINE#         930
  C:0F77H         LINE#         931
  C:0F77H         LINE#         932
  C:0F77H         LINE#         936
  C:0F7FH         LINE#         937
  C:0F7FH         LINE#         938
  -------         ENDPROC       SHOW_2_2
BL51 BANKED LINKER/LOCATER V6.22                                                      03/19/2018  13:49:43  PAGE 21


  -------         PROC          SHOW_2_3
  C:07D9H         LINE#         946
  C:07D9H         LINE#         947
  C:07D9H         LINE#         950
  C:07DFH         LINE#         951
  C:07DFH         LINE#         953
  C:07E1H         LINE#         956
  C:07E6H         LINE#         957
  C:07E9H         LINE#         958
  C:07ECH         LINE#         959
  C:07EFH         LINE#         961
  C:07F8H         LINE#         962
  C:0801H         LINE#         963
  C:0809H         LINE#         964
  C:080AH         LINE#         971
  C:080AH         LINE#         974
  C:0819H         LINE#         975
  C:0819H         LINE#         977
  C:0821H         LINE#         978
  C:0821H         LINE#         979
  C:0824H         LINE#         980
  C:0827H         LINE#         981
  C:082AH         LINE#         982
  C:082DH         LINE#         985
  C:082DH         LINE#         987
  C:083BH         LINE#         988
  C:083BH         LINE#         989
  C:0849H         LINE#         990
  C:0854H         LINE#         991
  C:0861H         LINE#         993
  C:0864H         LINE#         994
  C:086DH         LINE#         995
  C:086DH         LINE#         996
  C:086FH         LINE#         997
  C:086FH         LINE#         998
  C:086FH         LINE#         999
  C:086FH         LINE#         1000
  C:0872H         LINE#         1005
  C:0881H         LINE#         1006
  C:0881H         LINE#         1007
  C:0886H         LINE#         1008
  C:0889H         LINE#         1016
  C:088FH         LINE#         1017
  C:088FH         LINE#         1018
  C:0893H         LINE#         1019
  C:0896H         LINE#         1021
  C:089FH         LINE#         1022
  C:08A8H         LINE#         1023
  C:08B0H         LINE#         1024
  C:08B3H         LINE#         1028
  C:08C2H         LINE#         1029
  C:08C2H         LINE#         1030
  C:08F2H         LINE#         1031
  C:08F2H         LINE#         1032
  C:08F2H         LINE#         1033
  C:08F2H         LINE#         1034
  C:08F2H         LINE#         1035
BL51 BANKED LINKER/LOCATER V6.22                                                      03/19/2018  13:49:43  PAGE 22


  C:08F2H         LINE#         1036
  C:08F2H         LINE#         1037
  C:08F2H         LINE#         1038
  C:08FAH         LINE#         1039
  C:0902H         LINE#         1040
  C:0909H         LINE#         1042
  C:093BH         LINE#         1046
  C:093BH         LINE#         1047
  C:093EH         LINE#         1048
  C:0948H         LINE#         1049
  C:0958H         LINE#         1050
  C:0958H         LINE#         1051
  C:095BH         LINE#         1053
  C:095BH         LINE#         1054
  C:095BH         LINE#         1055
  C:095BH         LINE#         1056
  C:095BH         LINE#         1057
  C:095BH         LINE#         1058
  C:0965H         LINE#         1059
  C:096FH         LINE#         1060
  C:0978H         LINE#         1062
  C:09A5H         LINE#         1066
  C:09A5H         LINE#         1067
  C:09A8H         LINE#         1068
  C:09A8H         LINE#         1069
  C:09AAH         LINE#         1071
  C:09AAH         LINE#         1072
  C:09AAH         LINE#         1073
  C:09B2H         LINE#         1074
  C:09BAH         LINE#         1075
  C:09C1H         LINE#         1077
  C:09CDH         LINE#         1081
  C:09CDH         LINE#         1082
  C:09D0H         LINE#         1083
  C:09D0H         LINE#         1084
  C:09D2H         LINE#         1085
  C:09D2H         LINE#         1086
  C:09D2H         LINE#         1091
  C:09DEH         LINE#         1092
  C:09DEH         LINE#         1093
  C:09E1H         LINE#         1094
  C:09E6H         LINE#         1095
  C:09E6H         LINE#         1096
  C:09E8H         LINE#         1098
  C:09F6H         LINE#         1099
  C:0A04H         LINE#         1100
  C:0A12H         LINE#         1101
  C:0A12H         LINE#         1102
  C:0A12H         LINE#         1107
  C:0A1AH         LINE#         1108
  C:0A1AH         LINE#         1109
  -------         ENDPROC       SHOW_2_3
  -------         PROC          SHOW_2_4
  C:0C56H         LINE#         1116
  C:0C56H         LINE#         1117
  C:0C56H         LINE#         1120
  C:0C5DH         LINE#         1121
BL51 BANKED LINKER/LOCATER V6.22                                                      03/19/2018  13:49:43  PAGE 23


  C:0C5DH         LINE#         1123
  C:0C5EH         LINE#         1127
  C:0C60H         LINE#         1128
  C:0C62H         LINE#         1129
  C:0C64H         LINE#         1131
  C:0C6DH         LINE#         1132
  C:0C76H         LINE#         1133
  C:0C7EH         LINE#         1136
  C:0C84H         LINE#         1137
  C:0C87H         LINE#         1138
  C:0C8AH         LINE#         1141
  C:0C8BH         LINE#         1148
  C:0C8BH         LINE#         1152
  C:0C9AH         LINE#         1153
  C:0C9AH         LINE#         1154
  C:0C9DH         LINE#         1155
  C:0CA5H         LINE#         1156
  C:0CA5H         LINE#         1157
  C:0CA7H         LINE#         1158
  C:0CBCH         LINE#         1162
  C:0CBCH         LINE#         1163
  C:0CBCH         LINE#         1164
  C:0CBCH         LINE#         1165
  C:0CBCH         LINE#         1166
  C:0CBCH         LINE#         1167
  C:0CBCH         LINE#         1168
  C:0CBEH         LINE#         1178
  C:0CC4H         LINE#         1179
  C:0CC4H         LINE#         1180
  C:0CC8H         LINE#         1181
  C:0CCBH         LINE#         1182
  C:0CCEH         LINE#         1183
  C:0CD1H         LINE#         1185
  C:0CE3H         LINE#         1186
  C:0CE3H         LINE#         1187
  C:0CE6H         LINE#         1188
  C:0CEEH         LINE#         1189
  C:0CEEH         LINE#         1190
  C:0CF0H         LINE#         1192
  C:0CFCH         LINE#         1193
  C:0CFCH         LINE#         1194
  C:0CFCH         LINE#         1195
  C:0CFCH         LINE#         1196
  C:0D31H         LINE#         1200
  C:0D31H         LINE#         1201
  C:0D38H         LINE#         1202
  C:0D3FH         LINE#         1203
  C:0D45H         LINE#         1204
  C:0D48H         LINE#         1206
  C:0D48H         LINE#         1207
  C:0D4BH         LINE#         1208
  C:0D4BH         LINE#         1209
  C:0D4EH         LINE#         1212
  C:0D4EH         LINE#         1213
  C:0D4EH         LINE#         1214
  C:0D51H         LINE#         1215
  C:0D54H         LINE#         1216
BL51 BANKED LINKER/LOCATER V6.22                                                      03/19/2018  13:49:43  PAGE 24


  C:0D56H         LINE#         1217
  C:0D58H         LINE#         1219
  C:0D61H         LINE#         1220
  C:0D61H         LINE#         1221
  C:0D63H         LINE#         1222
  C:0D66H         LINE#         1224
  C:0D68H         LINE#         1225
  C:0D6AH         LINE#         1226
  C:0D6CH         LINE#         1228
  C:0D6FH         LINE#         1229
  C:0D74H         LINE#         1230
  C:0D74H         LINE#         1231
  C:0D76H         LINE#         1232
  C:0D76H         LINE#         1234
  C:0D89H         LINE#         1235
  C:0D99H         LINE#         1236
  C:0DABH         LINE#         1237
  C:0DABH         LINE#         1238
  C:0DADH         LINE#         1239
  C:0DADH         LINE#         1240
  C:0DADH         LINE#         1241
  C:0DADH         LINE#         1248
  C:0DB6H         LINE#         1249
  C:0DB6H         LINE#         1250
  C:0DBAH         LINE#         1251
  C:0DBDH         LINE#         1252
  C:0DC0H         LINE#         1253
  C:0DC2H         LINE#         1260
  C:0DCBH         LINE#         1261
  C:0DCBH         LINE#         1262
  C:0DCEH         LINE#         1263
  C:0DD1H         LINE#         1264
  C:0DD4H         LINE#         1265
  C:0DD6H         LINE#         1267
  C:0DD6H         LINE#         1268
  C:0DDFH         LINE#         1269
  C:0DE8H         LINE#         1270
  C:0DF1H         LINE#         1271
  C:0DF1H         LINE#         1275
  C:0DF9H         LINE#         1276
  C:0DF9H         LINE#         1277
  -------         ENDPROC       SHOW_2_4
  -------         PROC          SHOW_3
  C:1622H         LINE#         1289
  C:1622H         LINE#         1290
  C:1622H         LINE#         1292
  C:1627H         LINE#         1293
  C:1627H         LINE#         1294
  C:162AH         LINE#         1295
  C:162DH         LINE#         1297
  C:1632H         LINE#         1299
  C:1639H         LINE#         1300
  C:1639H         LINE#         1301
  C:163CH         LINE#         1302
  C:163FH         LINE#         1303
  C:163FH         LINE#         1304
  C:1640H         LINE#         1309
BL51 BANKED LINKER/LOCATER V6.22                                                      03/19/2018  13:49:43  PAGE 25


  C:1640H         LINE#         1310
  C:1648H         LINE#         1311
  C:165AH         LINE#         1312
  C:1666H         LINE#         1313
  C:1672H         LINE#         1314
  C:167EH         LINE#         1315
  C:168EH         LINE#         1316
  C:1694H         LINE#         1317
  C:1694H         LINE#         1318
  C:169AH         LINE#         1319
  C:169DH         LINE#         1320
  C:169DH         LINE#         1323
  C:16B0H         LINE#         1324
  C:16B0H         LINE#         1325
  C:16B0H         LINE#         1326
  C:16B3H         LINE#         1327
  C:16B3H         LINE#         1329
  C:16B3H         LINE#         1330
  C:16B6H         LINE#         1331
  C:16B6H         LINE#         1333
  C:16B6H         LINE#         1334
  C:16B9H         LINE#         1335
  C:16B9H         LINE#         1337
  C:16B9H         LINE#         1338
  C:16BCH         LINE#         1339
  C:16BCH         LINE#         1341
  C:16BCH         LINE#         1342
  C:16BFH         LINE#         1343
  C:16BFH         LINE#         1344
  C:16BFH         LINE#         1346
  C:16BFH         LINE#         1347
  -------         ENDPROC       SHOW_3
  -------         PROC          SHOW_3_1
  C:007EH         LINE#         1354
  C:007EH         LINE#         1355
  C:007EH         LINE#         1357
  C:0084H         LINE#         1358
  C:0084H         LINE#         1360
  C:0086H         LINE#         1362
  C:0088H         LINE#         1363
  C:008AH         LINE#         1364
  C:008CH         LINE#         1367
  C:0091H         LINE#         1368
  C:0094H         LINE#         1369
  C:0097H         LINE#         1370
  C:009AH         LINE#         1371
  C:009DH         LINE#         1372
  C:00A0H         LINE#         1373
  C:00A4H         LINE#         1375
  C:00A7H         LINE#         1378
  C:00A8H         LINE#         1384
  C:00A8H         LINE#         1385
  C:00BAH         LINE#         1386
  C:00BAH         LINE#         1387
  C:00BDH         LINE#         1388
  C:00C8H         LINE#         1389
  C:00C8H         LINE#         1390
BL51 BANKED LINKER/LOCATER V6.22                                                      03/19/2018  13:49:43  PAGE 26


  C:00CCH         LINE#         1392
  C:00D8H         LINE#         1393
  C:00D8H         LINE#         1394
  C:00D8H         LINE#         1395
  C:00D8H         LINE#         1396
  C:00E7H         LINE#         1397
  C:00F3H         LINE#         1398
  C:0101H         LINE#         1400
  C:0109H         LINE#         1401
  C:0111H         LINE#         1402
  C:0118H         LINE#         1403
  C:011BH         LINE#         1404
  C:011EH         LINE#         1406
  C:011EH         LINE#         1407
  C:011EH         LINE#         1408
  C:0131H         LINE#         1409
  C:0131H         LINE#         1410
  C:0131H         LINE#         1411
  C:0131H         LINE#         1412
  C:0131H         LINE#         1413
  C:0133H         LINE#         1415
  C:0133H         LINE#         1416
  C:0137H         LINE#         1417
  C:013AH         LINE#         1418
  C:0142H         LINE#         1419
  C:0142H         LINE#         1420
  C:0144H         LINE#         1421
  C:0144H         LINE#         1422
  C:0144H         LINE#         1424
  C:0144H         LINE#         1432
  C:014AH         LINE#         1433
  C:014AH         LINE#         1434
  C:014EH         LINE#         1435
  C:0151H         LINE#         1436
  C:0154H         LINE#         1437
  C:0157H         LINE#         1438
  C:0160H         LINE#         1439
  C:0169H         LINE#         1440
  C:0171H         LINE#         1441
  C:0173H         LINE#         1445
  C:017FH         LINE#         1446
  C:017FH         LINE#         1447
  C:0182H         LINE#         1448
  C:0187H         LINE#         1449
  C:0187H         LINE#         1450
  C:0189H         LINE#         1452
  C:019CH         LINE#         1456
  C:019CH         LINE#         1457
  C:01A4H         LINE#         1458
  C:01ACH         LINE#         1459
  C:01B3H         LINE#         1460
  C:01B3H         LINE#         1461
  C:01B3H         LINE#         1462
  C:01B3H         LINE#         1465
  C:01BBH         LINE#         1466
  C:01BBH         LINE#         1467
  -------         ENDPROC       SHOW_3_1
BL51 BANKED LINKER/LOCATER V6.22                                                      03/19/2018  13:49:43  PAGE 27


  -------         PROC          SHOW_3_2
  C:0A1BH         LINE#         1474
  C:0A1BH         LINE#         1475
  C:0A1BH         LINE#         1478
  C:0A22H         LINE#         1479
  C:0A22H         LINE#         1481
  C:0A23H         LINE#         1483
  C:0A25H         LINE#         1484
  C:0A27H         LINE#         1485
  C:0A29H         LINE#         1489
  C:0A2EH         LINE#         1490
  C:0A31H         LINE#         1491
  C:0A34H         LINE#         1492
  C:0A37H         LINE#         1496
  C:0A40H         LINE#         1497
  C:0A49H         LINE#         1498
  C:0A51H         LINE#         1500
  C:0A52H         LINE#         1507
  C:0A52H         LINE#         1511
  C:0A64H         LINE#         1512
  C:0A64H         LINE#         1513
  C:0A67H         LINE#         1514
  C:0A6FH         LINE#         1515
  C:0A6FH         LINE#         1516
  C:0A71H         LINE#         1517
  C:0A7CH         LINE#         1518
  C:0A7CH         LINE#         1519
  C:0A7CH         LINE#         1520
  C:0A7CH         LINE#         1521
  C:0A8FH         LINE#         1525
  C:0A8FH         LINE#         1526
  C:0A8FH         LINE#         1527
  C:0A8FH         LINE#         1528
  C:0A8FH         LINE#         1529
  C:0A92H         LINE#         1532
  C:0A92H         LINE#         1533
  C:0A96H         LINE#         1534
  C:0A99H         LINE#         1535
  C:0A9FH         LINE#         1536
  C:0A9FH         LINE#         1537
  C:0AA1H         LINE#         1538
  C:0AA1H         LINE#         1540
  C:0AB4H         LINE#         1541
  C:0AC4H         LINE#         1542
  C:0AD6H         LINE#         1543
  C:0AD6H         LINE#         1544
  C:0AD9H         LINE#         1546
  C:0AD9H         LINE#         1547
  C:0AD9H         LINE#         1548
  C:0B0FH         LINE#         1552
  C:0B0FH         LINE#         1553
  C:0B16H         LINE#         1554
  C:0B1DH         LINE#         1555
  C:0B23H         LINE#         1556
  C:0B26H         LINE#         1559
  C:0B26H         LINE#         1560
  C:0B2FH         LINE#         1561
BL51 BANKED LINKER/LOCATER V6.22                                                      03/19/2018  13:49:43  PAGE 28


  C:0B2FH         LINE#         1562
  C:0B32H         LINE#         1563
  C:0B32H         LINE#         1564
  C:0B32H         LINE#         1565
  C:0B35H         LINE#         1566
  C:0B35H         LINE#         1567
  C:0B35H         LINE#         1568
  C:0B35H         LINE#         1578
  C:0B3BH         LINE#         1579
  C:0B3BH         LINE#         1580
  C:0B3FH         LINE#         1581
  C:0B42H         LINE#         1582
  C:0B4BH         LINE#         1583
  C:0B54H         LINE#         1584
  C:0B56H         LINE#         1585
  C:0B59H         LINE#         1587
  C:0B68H         LINE#         1588
  C:0B68H         LINE#         1589
  C:0B6BH         LINE#         1592
  C:0B73H         LINE#         1593
  C:0B73H         LINE#         1594
  C:0B75H         LINE#         1596
  C:0B81H         LINE#         1597
  C:0B81H         LINE#         1598
  C:0B81H         LINE#         1599
  C:0B81H         LINE#         1600
  C:0B8AH         LINE#         1601
  C:0B93H         LINE#         1602
  C:0B9BH         LINE#         1604
  C:0B9EH         LINE#         1605
  C:0BA8H         LINE#         1606
  C:0BB2H         LINE#         1607
  C:0BC2H         LINE#         1608
  C:0BC5H         LINE#         1610
  C:0BC5H         LINE#         1611
  C:0BC5H         LINE#         1612
  C:0BD1H         LINE#         1613
  C:0BD9H         LINE#         1614
  C:0BE0H         LINE#         1616
  C:0BE4H         LINE#         1617
  C:0BE6H         LINE#         1618
  C:0BE6H         LINE#         1619
  C:0BE6H         LINE#         1620
  C:0BE6H         LINE#         1627
  C:0BEFH         LINE#         1628
  C:0BEFH         LINE#         1629
  C:0BF3H         LINE#         1630
  C:0BF6H         LINE#         1631
  C:0BF9H         LINE#         1632
  C:0BFCH         LINE#         1633
  C:0C05H         LINE#         1634
  C:0C0EH         LINE#         1635
  C:0C16H         LINE#         1636
  C:0C18H         LINE#         1638
  C:0C18H         LINE#         1639
  C:0C1BH         LINE#         1640
  C:0C21H         LINE#         1641
BL51 BANKED LINKER/LOCATER V6.22                                                      03/19/2018  13:49:43  PAGE 29


  C:0C21H         LINE#         1642
  C:0C23H         LINE#         1644
  C:0C36H         LINE#         1645
  C:0C36H         LINE#         1646
  C:0C3EH         LINE#         1647
  C:0C46H         LINE#         1648
  C:0C4DH         LINE#         1649
  C:0C4DH         LINE#         1650
  C:0C4DH         LINE#         1651
  C:0C4DH         LINE#         1658
  C:0C55H         LINE#         1659
  C:0C55H         LINE#         1660
  -------         ENDPROC       SHOW_3_2
  -------         PROC          SHOW_3_3
  C:14D9H         LINE#         1668
  C:14D9H         LINE#         1669
  C:14D9H         LINE#         1672
  C:14E0H         LINE#         1673
  C:14E0H         LINE#         1675
  C:14E1H         LINE#         1679
  C:14E4H         LINE#         1680
  C:14E7H         LINE#         1681
  C:14EAH         LINE#         1682
  C:14F3H         LINE#         1683
  C:14FCH         LINE#         1684
  C:1504H         LINE#         1688
  C:150AH         LINE#         1689
  C:150DH         LINE#         1690
  C:1510H         LINE#         1691
  C:1513H         LINE#         1692
  C:1514H         LINE#         1699
  C:1514H         LINE#         1703
  C:1523H         LINE#         1704
  C:1523H         LINE#         1705
  C:1526H         LINE#         1706
  C:152BH         LINE#         1707
  C:152BH         LINE#         1708
  C:152DH         LINE#         1710
  C:1530H         LINE#         1711
  C:1535H         LINE#         1712
  C:1535H         LINE#         1713
  C:1537H         LINE#         1714
  C:1537H         LINE#         1716
  C:1545H         LINE#         1717
  C:1550H         LINE#         1718
  C:155DH         LINE#         1719
  C:155DH         LINE#         1720
  C:155FH         LINE#         1728
  C:1565H         LINE#         1729
  C:1565H         LINE#         1730
  C:1568H         LINE#         1731
  C:156AH         LINE#         1733
  C:1576H         LINE#         1734
  C:1576H         LINE#         1735
  C:157BH         LINE#         1736
  C:157BH         LINE#         1740
  C:1583H         LINE#         1742
BL51 BANKED LINKER/LOCATER V6.22                                                      03/19/2018  13:49:43  PAGE 30


  C:1583H         LINE#         1743
  -------         ENDPROC       SHOW_3_3
  -------         PROC          SHOW_3_4
  C:0592H         LINE#         1750
  C:0592H         LINE#         1751
  C:0592H         LINE#         1754
  C:0599H         LINE#         1755
  C:0599H         LINE#         1757
  C:059AH         LINE#         1761
  C:059CH         LINE#         1762
  C:059EH         LINE#         1763
  C:05A0H         LINE#         1766
  C:05A9H         LINE#         1767
  C:05B2H         LINE#         1768
  C:05BAH         LINE#         1771
  C:05C0H         LINE#         1772
  C:05C3H         LINE#         1773
  C:05C6H         LINE#         1774
  C:05C9H         LINE#         1776
  C:05CCH         LINE#         1777
  C:05CCH         LINE#         1784
  C:05CCH         LINE#         1788
  C:05DBH         LINE#         1789
  C:05DBH         LINE#         1790
  C:05DDH         LINE#         1791
  C:05E0H         LINE#         1801
  C:05E6H         LINE#         1802
  C:05E6H         LINE#         1803
  C:05EAH         LINE#         1805
  C:05EDH         LINE#         1806
  C:05F0H         LINE#         1807
  C:05F3H         LINE#         1809
  C:05F6H         LINE#         1811
  C:05F9H         LINE#         1813
  C:0608H         LINE#         1814
  C:0608H         LINE#         1815
  C:060BH         LINE#         1816
  C:0613H         LINE#         1817
  C:0613H         LINE#         1818
  C:0615H         LINE#         1820
  C:0618H         LINE#         1821
  C:061DH         LINE#         1822
  C:061DH         LINE#         1823
  C:061FH         LINE#         1824
  C:061FH         LINE#         1826
  C:062DH         LINE#         1827
  C:0638H         LINE#         1828
  C:0645H         LINE#         1829
  C:0645H         LINE#         1830
  C:0648H         LINE#         1838
  C:0652H         LINE#         1839
  C:0652H         LINE#         1840
  C:0655H         LINE#         1841
  C:0657H         LINE#         1842
  C:0659H         LINE#         1843
  C:065BH         LINE#         1845
  C:066CH         LINE#         1846
BL51 BANKED LINKER/LOCATER V6.22                                                      03/19/2018  13:49:43  PAGE 31


  C:067CH         LINE#         1847
  C:068EH         LINE#         1848
  C:0692H         LINE#         1849
  C:0695H         LINE#         1851
  C:0698H         LINE#         1852
  C:069BH         LINE#         1853
  C:069EH         LINE#         1857
  C:06B0H         LINE#         1858
  C:06B0H         LINE#         1859
  C:06B3H         LINE#         1860
  C:06BBH         LINE#         1861
  C:06BBH         LINE#         1862
  C:06BDH         LINE#         1864
  C:06C9H         LINE#         1865
  C:06C9H         LINE#         1866
  C:06C9H         LINE#         1867
  C:06C9H         LINE#         1868
  C:0704H         LINE#         1872
  C:0704H         LINE#         1873
  C:070BH         LINE#         1874
  C:0712H         LINE#         1875
  C:0718H         LINE#         1876
  C:071BH         LINE#         1883
  C:071BH         LINE#         1884
  C:071BH         LINE#         1885
  C:0729H         LINE#         1886
  C:0734H         LINE#         1887
  C:0741H         LINE#         1888
  C:0744H         LINE#         1889
  C:0747H         LINE#         1892
  C:0747H         LINE#         1893
  C:0747H         LINE#         1894
  C:075AH         LINE#         1900
  C:075AH         LINE#         1901
  C:0762H         LINE#         1902
  C:076AH         LINE#         1903
  C:0771H         LINE#         1904
  C:0773H         LINE#         1906
  C:0773H         LINE#         1907
  C:0777H         LINE#         1908
  C:077AH         LINE#         1909
  C:0782H         LINE#         1910
  C:0795H         LINE#         1911
  C:07A5H         LINE#         1912
  C:07B7H         LINE#         1913
  C:07BBH         LINE#         1914
  C:07BBH         LINE#         1915
  C:07BDH         LINE#         1916
  C:07BDH         LINE#         1917
  C:07BDH         LINE#         1918
  C:07BDH         LINE#         1924
  C:07C8H         LINE#         1925
  C:07C8H         LINE#         1926
  C:07CBH         LINE#         1927
  C:07CDH         LINE#         1935
  C:07CDH         LINE#         1936
  C:07D0H         LINE#         1937
BL51 BANKED LINKER/LOCATER V6.22                                                      03/19/2018  13:49:43  PAGE 32


  C:07D0H         LINE#         1942
  C:07D8H         LINE#         1943
  C:07D8H         LINE#         1944
  -------         ENDPROC       SHOW_3_4
  -------         ENDMOD        LED_DISPLAY

  -------         MODULE        MCU_CONFIG
  C:0000H         SYMBOL        _ICE_DUMMY_
  D:00B1H         PUBLIC        P0M1
  D:00B2H         PUBLIC        P0M2
  D:0080H         PUBLIC        P0
  D:00B5H         PUBLIC        P2M1
  D:0090H         PUBLIC        P1
  D:00B6H         PUBLIC        P2M2
  D:00A0H         PUBLIC        P2
  D:00B0H         PUBLIC        P3
  D:009CH         PUBLIC        EIE1
  D:00D8H         PUBLIC        PWMCON0
  D:00A8H         PUBLIC        IE
  D:0096H         PUBLIC        CKSWT
  D:00FEH         PUBLIC        EIP1
  D:00C7H         PUBLIC        TA
  D:00B8H         PUBLIC        IP
  B:00E8H.6       PUBLIC        ADCS
  C:211BH         PUBLIC        MCU_Config
  D:0097H         PUBLIC        CKEN
  C:2134H         SYMBOL        GPIO_Init
  D:007CH         PUBLIC        HseStatus
  D:00CBH         PUBLIC        RCMP2H
  D:00F2H         PUBLIC        ADCAQT
  D:00CAH         PUBLIC        RCMP2L
  C:1EE6H         SYMBOL        UART_Init
  D:0098H         PUBLIC        SCON
  D:0089H         PUBLIC        TMOD
  D:0088H         PUBLIC        TCON
  C:217BH         SYMBOL        ADC_Init
  D:00F8H         PUBLIC        SCON_1
  B:00A8H.1       PUBLIC        ET0
  D:008CH         PUBLIC        TH0
  D:00C6H         PUBLIC        RH3
  D:008AH         PUBLIC        TL0
  C:1E17H         SYMBOL        CLK_Init
  D:00C5H         PUBLIC        RL3
  B:00C8H.2       PUBLIC        TR2
  D:00FFH         PUBLIC        EIPH1
  D:00E8H         PUBLIC        ADCCON0
  D:00E1H         PUBLIC        ADCCON1
  D:00E2H         PUBLIC        ADCCON2
  D:00C0H         PUBLIC        I2CON
  C:1EA8H         SYMBOL        TIM_Init
  C:21D5H         SYMBOL        WDT_Init
  D:00C9H         PUBLIC        T2MOD
  D:00C8H         PUBLIC        T2CON
  D:00C4H         PUBLIC        T3CON
  D:008EH         PUBLIC        CKCON
  D:00D0H         PUBLIC        PSW
  D:00AAH         PUBLIC        WDCON
BL51 BANKED LINKER/LOCATER V6.22                                                      03/19/2018  13:49:43  PAGE 33


  -------         PROC          MCU_CONFIG
  C:211BH         LINE#         18
  C:211BH         LINE#         19
  C:211BH         LINE#         21
  C:211EH         LINE#         23
  C:2121H         LINE#         25
  C:2124H         LINE#         27
  C:2127H         LINE#         29
  C:212AH         LINE#         31
  C:212DH         LINE#         33
  C:2130H         LINE#         36
  C:2133H         LINE#         37
  -------         ENDPROC       MCU_CONFIG
  -------         PROC          CLK_INIT
  -------         DO            
  D:0006H         SYMBOL        ClkChgTime
  -------         ENDDO         
  C:1E17H         LINE#         44
  C:1E17H         LINE#         45
  C:1E17H         LINE#         46
  C:1E1BH         LINE#         48
  C:1E1EH         LINE#         49
  C:1E21H         LINE#         50
  C:1E24H         LINE#         53
  C:1E34H         LINE#         56
  C:1E3DH         LINE#         57
  C:1E3DH         LINE#         58
  C:1E40H         LINE#         59
  C:1E43H         LINE#         60
  C:1E46H         LINE#         62
  C:1E49H         LINE#         63
  C:1E4CH         LINE#         64
  C:1E4FH         LINE#         66
  C:1E52H         LINE#         67
  C:1E53H         LINE#         71
  C:1E53H         LINE#         72
  C:1E56H         LINE#         73
  C:1E59H         LINE#         74
  C:1E5CH         LINE#         75
  C:1E5FH         LINE#         76
  C:1E5FH         LINE#         77
  -------         ENDPROC       CLK_INIT
  -------         PROC          GPIO_INIT
  C:2134H         LINE#         84
  C:2134H         LINE#         85
  C:2134H         LINE#         87
  C:2137H         LINE#         88
  C:213AH         LINE#         89
  C:213DH         LINE#         92
  C:2140H         LINE#         93
  C:2143H         LINE#         94
  C:2146H         LINE#         97
  C:2149H         LINE#         98
  C:214CH         LINE#         99
  -------         ENDPROC       GPIO_INIT
  -------         PROC          TIM_INIT
  C:1EA8H         LINE#         106
BL51 BANKED LINKER/LOCATER V6.22                                                      03/19/2018  13:49:43  PAGE 34


  C:1EA8H         LINE#         107
  C:1EA8H         LINE#         109
  C:1EABH         LINE#         110
  C:1EAEH         LINE#         111
  C:1EB5H         LINE#         112
  C:1EB5H         LINE#         113
  C:1EB8H         LINE#         114
  C:1EBBH         LINE#         115
  C:1EBDH         LINE#         117
  C:1EBDH         LINE#         118
  C:1EC0H         LINE#         119
  C:1EC3H         LINE#         120
  C:1EC3H         LINE#         121
  C:1EC5H         LINE#         122
  C:1EC8H         LINE#         125
  C:1ECBH         LINE#         126
  C:1ECEH         LINE#         128
  C:1ED5H         LINE#         129
  C:1ED5H         LINE#         131
  C:1ED8H         LINE#         132
  C:1EDBH         LINE#         133
  C:1EDDH         LINE#         135
  C:1EDDH         LINE#         136
  C:1EE0H         LINE#         137
  C:1EE3H         LINE#         138
  C:1EE3H         LINE#         139
  C:1EE5H         LINE#         140
  -------         ENDPROC       TIM_INIT
  -------         PROC          ADC_INIT
  C:217BH         LINE#         148
  C:217BH         LINE#         149
  C:217BH         LINE#         151
  C:217EH         LINE#         152
  C:2181H         LINE#         155
  C:2184H         LINE#         156
  C:2187H         LINE#         157
  C:218AH         LINE#         158
  C:218DH         LINE#         159
  C:218FH         LINE#         160
  -------         ENDPROC       ADC_INIT
  -------         PROC          UART_INIT
  C:1EE6H         LINE#         170
  C:1EE6H         LINE#         171
  C:1EE6H         LINE#         173
  C:1EE9H         LINE#         174
  C:1EECH         LINE#         175
  C:1EEFH         LINE#         178
  C:1EF2H         LINE#         179
  C:1EF5H         LINE#         180
  C:1EF8H         LINE#         183
  C:1EFBH         LINE#         184
  C:1F02H         LINE#         185
  C:1F02H         LINE#         186
  C:1F05H         LINE#         187
  C:1F08H         LINE#         188
  C:1F0AH         LINE#         190
  C:1F0AH         LINE#         191
BL51 BANKED LINKER/LOCATER V6.22                                                      03/19/2018  13:49:43  PAGE 35


  C:1F0DH         LINE#         192
  C:1F10H         LINE#         193
  C:1F10H         LINE#         194
  C:1F13H         LINE#         196
  C:1F16H         LINE#         197
  C:1F19H         LINE#         201
  C:1F1CH         LINE#         202
  -------         ENDPROC       UART_INIT
  -------         PROC          WDT_INIT
  C:21D5H         LINE#         211
  C:21D5H         LINE#         212
  C:21D5H         LINE#         213
  C:21D8H         LINE#         214
  C:21DBH         LINE#         215
  C:21DEH         LINE#         216
  -------         ENDPROC       WDT_INIT
  -------         ENDMOD        MCU_CONFIG

  -------         MODULE        MOTOR
  C:0000H         SYMBOL        _ICE_DUMMY_
  D:0080H         PUBLIC        P0
  D:0090H         PUBLIC        P1
  D:00A0H         PUBLIC        P2
  D:00B0H         PUBLIC        P3
  D:00D8H         PUBLIC        PWMCON0
  D:00A8H         PUBLIC        IE
  D:005AH         PUBLIC        MOTOR_DATA
  D:0062H         PUBLIC        MotorData
  D:00B8H         PUBLIC        IP
  I:00C0H         PUBLIC        MotorTime
  B:00A0H.0       PUBLIC        P20
  I:00C1H         PUBLIC        MotorStep
  B:00A0H.1       PUBLIC        P21
  B:00A0H.2       PUBLIC        P22
  D:0098H         PUBLIC        SCON
  B:00A0H.3       PUBLIC        P23
  D:0088H         PUBLIC        TCON
  I:00C2H         PUBLIC        MotorDuty
  D:00F8H         PUBLIC        SCON_1
  C:207AH         PUBLIC        Motor_Control
  D:00E8H         PUBLIC        ADCCON0
  D:00C0H         PUBLIC        I2CON
  C:000EH         PUBLIC        Motor_Duty_Control
  I:00C3H         PUBLIC        MotorDutyCnt
  D:00C8H         PUBLIC        T2CON
  D:00D0H         PUBLIC        PSW
  -------         PROC          MOTOR_DUTY_CONTROL
  C:000EH         LINE#         29
  C:000EH         LINE#         30
  C:000EH         LINE#         31
  C:0012H         LINE#         33
  C:0015H         LINE#         34
  C:001BH         LINE#         35
  C:001BH         LINE#         36
  C:001DH         LINE#         37
  C:001DH         LINE#         39
  C:0025H         LINE#         40
BL51 BANKED LINKER/LOCATER V6.22                                                      03/19/2018  13:49:43  PAGE 36


  C:0025H         LINE#         41
[...]
  C:035AH         LINE#         671
  C:035AH         LINE#         672
  C:035AH         LINE#         676
  C:0369H         LINE#         677
  C:0373H         LINE#         680
  C:0376H         LINE#         681
  C:0379H         LINE#         682
  C:0381H         LINE#         683
  C:0381H         LINE#         684
  C:0381H         LINE#         685
  C:0381H         LINE#         686
  C:0384H         LINE#         687
  C:0384H         LINE#         688
  C:0384H         LINE#         689
  C:0386H         LINE#         691
  C:0386H         LINE#         692
  C:0386H         LINE#         693
  C:0389H         LINE#         694
  C:038CH         LINE#         695
  C:038FH         LINE#         696
  C:0390H         LINE#         698
  C:0390H         LINE#         699
  C:0390H         LINE#         701
  C:0393H         LINE#         702
  C:0398H         LINE#         705
  C:039BH         LINE#         706
  C:039BH         LINE#         708
  C:039EH         LINE#         709
  C:039EH         LINE#         710
  C:039EH         LINE#         715
  C:039EH         LINE#         716
  C:039EH         LINE#         717
  C:03A1H         LINE#         718
  C:03A8H         LINE#         719
  C:03A8H         LINE#         720
  C:03ABH         LINE#         721
  C:03ABH         LINE#         722
  C:03AEH         LINE#         723
  C:03B1H         LINE#         724
  C:03B1H         LINE#         725
  C:03B4H         LINE#         733
  C:03B4H         LINE#         734
  C:03B4H         LINE#         735
  C:03C6H         LINE#         736
  C:03C9H         LINE#         737
  C:03CCH         LINE#         738
  C:03CFH         LINE#         740
  C:03CFH         LINE#         741
  C:03CFH         LINE#         742
  C:03D2H         LINE#         748
  C:03D2H         LINE#         749
  C:03D2H         LINE#         753
  C:03E3H         LINE#         754
  C:03EDH         LINE#         757
  C:03F3H         LINE#         758
  C:03F5H         LINE#         759
BL51 BANKED LINKER/LOCATER V6.22                                                      03/19/2018  13:49:43  PAGE 50


  C:03F8H         LINE#         762
  C:03FBH         LINE#         763
  C:0400H         LINE#         765
  C:0400H         LINE#         766
  C:0403H         LINE#         776
  C:0403H         LINE#         777
  C:0403H         LINE#         778
  C:0414H         LINE#         779
  C:0414H         LINE#         780
  C:041BH         LINE#         781
  C:041BH         LINE#         782
  C:041EH         LINE#         783
  C:0421H         LINE#         784
  C:0424H         LINE#         785
  C:0427H         LINE#         786
  C:042AH         LINE#         787
  C:042FH         LINE#         788
  C:042FH         LINE#         789
  C:042FH         LINE#         790
  C:042FH         LINE#         800
  C:042FH         LINE#         801
  C:042FH         LINE#         802
  C:0439H         LINE#         803
  C:0439H         LINE#         804
  C:043AH         LINE#         805
  C:0446H         LINE#         806
  C:0446H         LINE#         807
  C:0449H         LINE#         808
  C:044CH         LINE#         809
  C:044FH         LINE#         810
  C:0452H         LINE#         811
  C:0455H         LINE#         812
  C:0458H         LINE#         813
  C:045AH         LINE#         814
  C:045FH         LINE#         815
  C:0463H         LINE#         816
  C:0463H         LINE#         817
  C:0463H         LINE#         818
  C:0466H         LINE#         819
  C:0466H         LINE#         821
  C:0473H         LINE#         822
  C:048DH         LINE#         823
  C:048DH         LINE#         824
  C:0490H         LINE#         825
  C:0493H         LINE#         826
  C:0496H         LINE#         827
  C:0499H         LINE#         828
  C:049CH         LINE#         829
  C:049FH         LINE#         830
  C:04A1H         LINE#         831
  C:04A3H         LINE#         832
  C:04A5H         LINE#         833
  C:04A5H         LINE#         834
  C:04A5H         LINE#         835
  C:04A8H         LINE#         836
  C:04A8H         LINE#         839
  C:04AFH         LINE#         840
BL51 BANKED LINKER/LOCATER V6.22                                                      03/19/2018  13:49:43  PAGE 51


  C:04BAH         LINE#         841
  C:04C1H         LINE#         842
  C:04CCH         LINE#         843
  C:04CFH         LINE#         844
  C:04D2H         LINE#         845
  C:04D5H         LINE#         846
  C:04D8H         LINE#         847
  C:04DAH         LINE#         848
  C:04E0H         LINE#         849
  C:04E5H         LINE#         850
  C:04EAH         LINE#         851
  C:04EEH         LINE#         852
  C:04F1H         LINE#         853
  C:04F4H         LINE#         854
  C:04F8H         LINE#         855
  C:04FAH         LINE#         857
  C:04FDH         LINE#         858
  C:0500H         LINE#         859
  C:0503H         LINE#         860
  C:0504H         LINE#         864
  C:0504H         LINE#         865
  C:0507H         LINE#         866
  C:050AH         LINE#         867
  C:050DH         LINE#         868
  C:0510H         LINE#         869
  C:0512H         LINE#         870
  C:0517H         LINE#         871
  C:051BH         LINE#         872
  C:051BH         LINE#         873
  C:051BH         LINE#         874
  C:051BH         LINE#         875
  C:051DH         LINE#         877
  C:051DH         LINE#         878
  C:051DH         LINE#         879
  C:0522H         LINE#         880
  C:0522H         LINE#         881
  C:0525H         LINE#         882
  C:0528H         LINE#         883
  C:0529H         LINE#         884
  C:052FH         LINE#         885
  C:052FH         LINE#         886
  C:0533H         LINE#         888
  C:0537H         LINE#         889
  C:053AH         LINE#         890
  C:053DH         LINE#         891
  C:0540H         LINE#         892
  C:0543H         LINE#         893
  C:0545H         LINE#         894
  C:0547H         LINE#         895
  C:054AH         LINE#         896
  C:054DH         LINE#         897
  C:054DH         LINE#         898
  C:054DH         LINE#         899
  C:054DH         LINE#         900
  C:054FH         LINE#         909
  C:054FH         LINE#         910
  C:054FH         LINE#         911
BL51 BANKED LINKER/LOCATER V6.22                                                      03/19/2018  13:49:43  PAGE 52


  C:0553H         LINE#         912
  C:0553H         LINE#         913
  C:0556H         LINE#         914
  C:0559H         LINE#         915
  C:055CH         LINE#         916
  C:055FH         LINE#         917
  C:0562H         LINE#         918
  C:0564H         LINE#         919
  C:0567H         LINE#         920
  C:056CH         LINE#         921
  C:0570H         LINE#         922
  C:0571H         LINE#         923
  C:0571H         LINE#         925
  C:0576H         LINE#         926
  C:0576H         LINE#         927
  C:0579H         LINE#         928
  C:057CH         LINE#         929
  C:057FH         LINE#         930
  C:0582H         LINE#         931
  C:0585H         LINE#         932
  C:0588H         LINE#         933
  C:058BH         LINE#         934
  C:058EH         LINE#         935
  C:0591H         LINE#         936
  C:0591H         LINE#         937
  C:0591H         LINE#         938
  C:0591H         LINE#         939
  -------         ENDPROC       CSR1010_PROCESS
  -------         PROC          _CRC16_CAL
  D:006FH         SYMBOL        Buffer
  -------         DO            
  D:0072H         SYMBOL        ResultBuf
  D:0005H         SYMBOL        CntBuf
  D:0004H         SYMBOL        BitBuf
  -------         ENDDO         
  C:1CE1H         LINE#         947
  C:1CE7H         LINE#         948
  C:1CE7H         LINE#         949
  C:1CECH         LINE#         950
  C:1CEDH         LINE#         951
  C:1CEDH         LINE#         953
  C:1CEDH         LINE#         954
  C:1CEDH         LINE#         955
  C:1CFFH         LINE#         957
  C:1D01H         LINE#         958
  C:1D01H         LINE#         959
  C:1D06H         LINE#         960
  C:1D06H         LINE#         961
  C:1D17H         LINE#         962
  C:1D19H         LINE#         964
  C:1D19H         LINE#         965
  C:1D24H         LINE#         966
  C:1D24H         LINE#         967
  C:1D28H         LINE#         968
  C:1D2CH         LINE#         970
  C:1D30H         LINE#         971
  -------         ENDPROC       _CRC16_CAL
BL51 BANKED LINKER/LOCATER V6.22                                                      03/19/2018  13:49:43  PAGE 53


  -------         PROC          _COLOR_VALUE_GET
  D:0007H         SYMBOL        ColorNumBuf
  -------         DO            
  D:0006H         SYMBOL        TempCnt
  -------         ENDDO         
  C:19E9H         LINE#         976
  C:19E9H         LINE#         977
  C:19E9H         LINE#         978
  C:19EBH         LINE#         980
  C:19F2H         LINE#         981
  C:19F2H         LINE#         982
  C:19F3H         LINE#         983
  C:19F3H         LINE#         984
  C:1A07H         LINE#         985
  C:1A1BH         LINE#         986
  C:1A2FH         LINE#         987
  C:1A34H         LINE#         988
  C:1A34H         LINE#         990
  C:1A34H         LINE#         991
  C:1A3FH         LINE#         992
  C:1A4AH         LINE#         993
  C:1A55H         LINE#         994
  C:1A55H         LINE#         995
  -------         ENDPROC       _COLOR_VALUE_GET
  C:20FBH         SYMBOL        L?0136
  -------         PROC          L?0135
  -------         ENDPROC       L?0135
  C:20FBH         SYMBOL        L?0136
  -------         PROC          _HEX_TO_CHAR
  D:0007H         SYMBOL        HexBuf
  C:2100H         LINE#         1009
  C:2100H         LINE#         1010
  C:2100H         LINE#         1011
  C:2109H         LINE#         1014
  C:210FH         LINE#         1015
  C:210FH         LINE#         1016
  C:2114H         LINE#         1017
  C:2114H         LINE#         1020
  C:2117H         LINE#         1021
  C:211AH         LINE#         1022
  -------         ENDPROC       _HEX_TO_CHAR
  -------         ENDMOD        DATA_PROCESS

  -------         MODULE        FLASH_PRGRM
  C:0000H         SYMBOL        _ICE_DUMMY_
  D:007EH         PUBLIC        FlashSaveFlag
  D:0080H         PUBLIC        P0
  D:0090H         PUBLIC        P1
  D:00A0H         PUBLIC        P2
  D:00B0H         PUBLIC        P3
  D:00D8H         PUBLIC        PWMCON0
  C:10B8H         PUBLIC        Byte_Write_To_APROM
  D:00A8H         PUBLIC        IE
  D:00C7H         PUBLIC        TA
  D:00B8H         PUBLIC        IP
  D:0098H         PUBLIC        SCON
  D:0088H         PUBLIC        TCON
BL51 BANKED LINKER/LOCATER V6.22                                                      03/19/2018  13:49:43  PAGE 54


  D:009FH         PUBLIC        CHPCON
  D:00A5H         PUBLIC        IAPUEN
  D:00F8H         PUBLIC        SCON_1
  D:00A4H         PUBLIC        IAPTRG
  C:0003H         PUBLIC        _Byte_Read_From_APROM
  D:00E8H         PUBLIC        ADCCON0
  D:00C0H         PUBLIC        I2CON
  D:00A7H         PUBLIC        IAPAH
  D:00AEH         PUBLIC        IAPFD
  D:00C8H         PUBLIC        T2CON
  D:00A6H         PUBLIC        IAPAL
  D:00AFH         PUBLIC        IAPCN
  D:00D0H         PUBLIC        PSW
  C:0200H         PUBLIC        DataAPROM
  -------         PROC          BYTE_WRITE_TO_APROM
  C:10B8H         LINE#         24
  C:10B8H         LINE#         25
  C:10B8H         LINE#         26
  C:10BFH         LINE#         27
  C:10BFH         LINE#         28
  C:10C2H         LINE#         31
  C:10C5H         LINE#         34
  C:10C8H         LINE#         35
  C:10CBH         LINE#         36
  C:10CEH         LINE#         38
  C:10D1H         LINE#         39
  C:10D4H         LINE#         40
  C:10D7H         LINE#         42
  C:10DAH         LINE#         43
  C:10DDH         LINE#         44
  C:10DFH         LINE#         45
  C:10E2H         LINE#         46
  C:10E5H         LINE#         47
  C:10E8H         LINE#         48
  C:10EBH         LINE#         52
  C:10EEH         LINE#         53
  C:10F1H         LINE#         54
  C:10F3H         LINE#         55
  C:10F6H         LINE#         56
  C:10F9H         LINE#         57
  C:10FCH         LINE#         58
  C:10FFH         LINE#         61
  C:1102H         LINE#         62
  C:1105H         LINE#         63
  C:1108H         LINE#         64
  C:110BH         LINE#         65
  C:110EH         LINE#         66
  C:1111H         LINE#         67
  C:1114H         LINE#         71
  C:1117H         LINE#         72
  C:111AH         LINE#         73
  C:111DH         LINE#         74
  C:1120H         LINE#         75
  C:1123H         LINE#         76
  C:1126H         LINE#         77
  C:1129H         LINE#         80
  C:112CH         LINE#         81
BL51 BANKED LINKER/LOCATER V6.22                                                      03/19/2018  13:49:43  PAGE 55


  C:112FH         LINE#         82
  C:1132H         LINE#         83
  C:1137H         LINE#         84
  C:113AH         LINE#         85
  C:113DH         LINE#         86
  C:1140H         LINE#         89
  C:1143H         LINE#         90
  C:1146H         LINE#         91
  C:1149H         LINE#         92
  C:114EH         LINE#         93
  C:1151H         LINE#         94
  C:1154H         LINE#         95
  C:1157H         LINE#         98
  C:115AH         LINE#         99
  C:115DH         LINE#         100
  C:1160H         LINE#         101
  C:1165H         LINE#         102
  C:1168H         LINE#         103
  C:116BH         LINE#         104
  C:116EH         LINE#         108
  C:1171H         LINE#         109
  C:1174H         LINE#         110
  C:1177H         LINE#         111
  C:117CH         LINE#         112
  C:117FH         LINE#         113
  C:1182H         LINE#         114
  C:1185H         LINE#         117
  C:1188H         LINE#         118
  C:118BH         LINE#         119
  C:118EH         LINE#         120
  C:1191H         LINE#         121
  C:1194H         LINE#         122
  C:1197H         LINE#         123
  C:119AH         LINE#         126
  C:119DH         LINE#         127
  C:11A0H         LINE#         128
  C:11A3H         LINE#         130
  C:11A6H         LINE#         131
  C:11A9H         LINE#         132
  C:11ACH         LINE#         135
  C:11AFH         LINE#         136
  C:11AFH         LINE#         137
  -------         ENDPROC       BYTE_WRITE_TO_APROM
  -------         PROC          _BYTE_READ_FROM_APROM
  D:0007H         SYMBOL        AddBuf
  C:0003H         LINE#         145
  C:0003H         LINE#         146
  C:0003H         LINE#         147
  C:0009H         LINE#         148
  -------         ENDPROC       _BYTE_READ_FROM_APROM
  -------         ENDMOD        FLASH_PRGRM

  -------         MODULE        LED_CLASS
  C:0000H         SYMBOL        _ICE_DUMMY_
  D:0080H         PUBLIC        P0
  D:0090H         PUBLIC        P1
  D:00A0H         PUBLIC        P2
BL51 BANKED LINKER/LOCATER V6.22                                                      03/19/2018  13:49:43  PAGE 56


  D:00B0H         PUBLIC        P3
  D:00D8H         PUBLIC        PWMCON0
  D:00A8H         PUBLIC        IE
  D:00B8H         PUBLIC        IP
  D:0098H         PUBLIC        SCON
  B:0080H.5       PUBLIC        P05
  D:0088H         PUBLIC        TCON
  B:0080H.6       PUBLIC        P06
  B:0080H.7       PUBLIC        P07
  D:00F8H         PUBLIC        SCON_1
  D:00E8H         PUBLIC        ADCCON0
  D:00C0H         PUBLIC        I2CON
  C:1FEAH         PUBLIC        Led_Update
  D:00C8H         PUBLIC        T2CON
  D:0075H         PUBLIC        DutyB
  D:0076H         PUBLIC        DutyG
  D:0077H         PUBLIC        DutyR
  D:00D0H         PUBLIC        PSW
  -------         PROC          LED_UPDATE
  -------         DO            
  D:0074H         SYMBOL        DutyCnt
  -------         ENDDO         
  C:1FEAH         LINE#         24
  C:1FEAH         LINE#         25
  C:1FEAH         LINE#         28
  C:1FECH         LINE#         29
  C:1FF6H         LINE#         31
  C:2001H         LINE#         32
  C:2003H         LINE#         34
  C:200EH         LINE#         35
  C:2010H         LINE#         37
  C:201AH         LINE#         38
  C:201CH         LINE#         39
  -------         ENDPROC       LED_UPDATE
  -------         ENDMOD        LED_CLASS

  -------         MODULE        TIMER_CTRL
  C:0000H         SYMBOL        _ICE_DUMMY_
  D:0080H         PUBLIC        P0
  D:0065H         PUBLIC        TimerData
  D:0090H         PUBLIC        P1
  D:00A0H         PUBLIC        P2
  D:00B0H         PUBLIC        P3
  D:00D8H         PUBLIC        PWMCON0
  D:00A8H         PUBLIC        IE
  D:00B8H         PUBLIC        IP
  D:0098H         PUBLIC        SCON
  D:0088H         PUBLIC        TCON
  D:00F8H         PUBLIC        SCON_1
  C:190BH         PUBLIC        Count_Down_Control
  D:00E8H         PUBLIC        ADCCON0
  D:00C0H         PUBLIC        I2CON
  D:00C8H         PUBLIC        T2CON
  D:00D0H         PUBLIC        PSW
  -------         PROC          COUNT_DOWN_CONTROL
  C:190BH         LINE#         22
  C:190BH         LINE#         23
BL51 BANKED LINKER/LOCATER V6.22                                                      03/19/2018  13:49:43  PAGE 57


  C:190BH         LINE#         25
  C:190FH         LINE#         30
  C:1914H         LINE#         31
  C:1914H         LINE#         32
  C:1917H         LINE#         33
  C:1919H         LINE#         34
  C:191BH         LINE#         35
  C:191DH         LINE#         36
  C:191FH         LINE#         37
  C:191FH         LINE#         41
  C:1921H         LINE#         42
  C:1928H         LINE#         43
  C:1928H         LINE#         44
  C:192BH         LINE#         45
  C:192DH         LINE#         46
  C:1933H         LINE#         47
  C:1933H         LINE#         48
  C:1936H         LINE#         49
  C:1938H         LINE#         50
  C:193EH         LINE#         51
  C:193EH         LINE#         52
  C:1941H         LINE#         53
  C:1943H         LINE#         54
  C:1949H         LINE#         55
  C:1949H         LINE#         56
  C:194CH         LINE#         57
  C:194CH         LINE#         58
  C:194CH         LINE#         59
  C:194CH         LINE#         60
  C:194CH         LINE#         64
  C:195CH         LINE#         68
  C:195CH         LINE#         69
  C:195FH         LINE#         70
  C:1962H         LINE#         71
  C:1963H         LINE#         74
  C:1974H         LINE#         78
  C:1974H         LINE#         79
  C:1977H         LINE#         80
  C:197AH         LINE#         81
  C:197AH         LINE#         82
  -------         ENDPROC       COUNT_DOWN_CONTROL
  -------         ENDMOD        TIMER_CTRL

  -------         MODULE        ?C?CLDOPTR
  C:11B0H         PUBLIC        ?C?CLDOPTR
  -------         ENDMOD        ?C?CLDOPTR

  -------         MODULE        ?C?UIDIV
  C:11DDH         PUBLIC        ?C?UIDIV
  -------         ENDMOD        ?C?UIDIV

  -------         MODULE        ?C?SIDIV
  C:1232H         PUBLIC        ?C?SIDIV
  -------         ENDMOD        ?C?SIDIV

  -------         MODULE        ?C?CCASE
  C:1268H         PUBLIC        ?C?CCASE
BL51 BANKED LINKER/LOCATER V6.22                                                      03/19/2018  13:49:43  PAGE 58


  -------         ENDMOD        ?C?CCASE

  -------         MODULE        RAND
  D:0078H         PUBLIC        ?SRAND?BYTE
  C:1D80H         PUBLIC        RAND
  C:1DC2H         PUBLIC        _SRAND
  -------         ENDMOD        RAND

Program Size: data=200.0 xdata=0 code=8680
LINK/LOCATE RUN COMPLETE.  0 WARNING(S),  0 ERROR(S)
