Component: ARM Compiler 5.06 update 3 (build 300) Tool: armlink [4d35c9]

==============================================================================

Section Cross References

    normal_display.o(i.All_Color) refers to led_class.o(.bss) for LedData
    normal_display.o(i.All_Off) refers to normal_display.o(i.All_Color) for All_Color
    normal_display.o(i.All_Off) refers to display_ctrl.o(.data) for DisplayData
    normal_display.o(i.Blink) refers to uidiv.o(.text) for __aeabi_uidivmod
    normal_display.o(i.Blink) refers to rand.o(.text) for srand
    normal_display.o(i.Blink) refers to display_ctrl.o(.data) for DisplayData
    normal_display.o(i.Blink) refers to display_ctrl.o(.data) for TempLed
    normal_display.o(i.Blink) refers to led_class.o(.bss) for LedData
    normal_display.o(i.Blink) refers to display_ctrl.o(.data) for TempGrp
    normal_display.o(i.Blink) refers to display_ctrl.o(.data) for SpeedTime
    normal_display.o(i.Blink) refers to display_ctrl.o(.data) for ColorNum
    normal_display.o(i.Blink) refers to display_ctrl.o(.data) for TempColor
    normal_display.o(i.Blink) refers to display_ctrl.o(.bss) for ColorData
    normal_display.o(i.Blink) refers to display_ctrl.o(.bss) for ModeStep
    normal_display.o(i.Blink) refers to display_ctrl.o(.bss) for HoldTime
    normal_display.o(i.Blink) refers to display_ctrl.o(.bss) for ModeTime
    normal_display.o(i.Blue_Flash) refers to normal_display.o(i.All_Color) for All_Color
    normal_display.o(i.Blue_Flash) refers to display_ctrl.o(.data) for DisplayData
    normal_display.o(i.Blue_Flash) refers to display_ctrl.o(.data) for TempR
    normal_display.o(i.Blue_Flash) refers to display_ctrl.o(.data) for TempG
    normal_display.o(i.Blue_Flash) refers to display_ctrl.o(.data) for SpeedTime
    normal_display.o(i.Blue_Flash) refers to display_ctrl.o(.bss) for ModeStep
    normal_display.o(i.Blue_Flash) refers to display_ctrl.o(.data) for TempB
    normal_display.o(i.Color_Show) refers to normal_display.o(i.__ARM_common_switch8) for __ARM_common_switch8
    normal_display.o(i.Color_Show) refers to display_ctrl.o(.data) for DisplayData
    normal_display.o(i.Color_Show) refers to display_ctrl.o(.bss) for ModeStep
    normal_display.o(i.Color_Show) refers to display_ctrl.o(.data) for TempR
    normal_display.o(i.Color_Show) refers to display_ctrl.o(.data) for TempG
    normal_display.o(i.Color_Show) refers to display_ctrl.o(.data) for TempB
    normal_display.o(i.Color_Show) refers to display_ctrl.o(.bss) for ModeTime
    normal_display.o(i.Color_Show) refers to display_ctrl.o(.data) for HorseCnt
    normal_display.o(i.Color_Show) refers to data_process.o(.data) for SynFlag
    normal_display.o(i.Color_Show) refers to display_ctrl.o(.data) for TempLed
    normal_display.o(i.Color_Show) refers to led_class.o(.bss) for LedData
    normal_display.o(i.Color_Show) refers to display_ctrl.o(.data) for TempGrp
    normal_display.o(i.Color_Show) refers to display_ctrl.o(.bss) for HoldTime
    normal_display.o(i.Color_Show) refers to display_ctrl.o(.data) for LedCnt
    normal_display.o(i.Color_Show) refers to display_ctrl.o(.data) for TempCnt
    normal_display.o(i.Flower_Bloom) refers to uidiv.o(.text) for __aeabi_uidivmod
    normal_display.o(i.Flower_Bloom) refers to rand.o(.text) for srand
    normal_display.o(i.Flower_Bloom) refers to display_ctrl.o(.data) for DisplayData
    normal_display.o(i.Flower_Bloom) refers to display_ctrl.o(.data) for TempGrp
    normal_display.o(i.Flower_Bloom) refers to display_ctrl.o(.data) for ColorNum
    normal_display.o(i.Flower_Bloom) refers to display_ctrl.o(.data) for TempColor
    normal_display.o(i.Flower_Bloom) refers to display_ctrl.o(.bss) for ColorData
    normal_display.o(i.Flower_Bloom) refers to display_ctrl.o(.data) for FadeR
    normal_display.o(i.Flower_Bloom) refers to display_ctrl.o(.data) for FadeG
    normal_display.o(i.Flower_Bloom) refers to display_ctrl.o(.data) for FadeB
    normal_display.o(i.Flower_Bloom) refers to display_ctrl.o(.bss) for ModeStep
    normal_display.o(i.Flower_Bloom) refers to display_ctrl.o(.bss) for ModeTime
    normal_display.o(i.Flower_Bloom) refers to display_ctrl.o(.bss) for HoldTime
    normal_display.o(i.Flower_Bloom) refers to led_class.o(.bss) for LedData
    normal_display.o(i.Flower_Bloom) refers to display_ctrl.o(.data) for TempLed
    normal_display.o(i.Flower_Bloom) refers to display_ctrl.o(.data) for SpeedTime
    normal_display.o(i.Flower_Bloom) refers to display_ctrl.o(.data) for LedCnt
    normal_display.o(i.Green_Flash) refers to normal_display.o(i.All_Color) for All_Color
    normal_display.o(i.Green_Flash) refers to display_ctrl.o(.data) for DisplayData
    normal_display.o(i.Green_Flash) refers to display_ctrl.o(.data) for TempR
    normal_display.o(i.Green_Flash) refers to display_ctrl.o(.data) for TempB
    normal_display.o(i.Green_Flash) refers to display_ctrl.o(.data) for SpeedTime
[...]
    printf1.o(i.__0sprintf$1) refers to printf1.o(i._sputc) for _sputc
    printf1.o(i.__0vfprintf$1) refers to printf1.o(i._printf_core) for _printf_core
    printf1.o(i.__0vfprintf$1) refers to retarget.o(i.fputc) for fputc
    printf1.o(i.__0vprintf$1) refers to printf1.o(i._printf_core) for _printf_core
    printf1.o(i.__0vprintf$1) refers to retarget.o(i.fputc) for fputc
    printf1.o(i.__0vprintf$1) refers to retarget.o(.data) for __stdout
    printf1.o(i.__0vsnprintf$1) refers to printf1.o(i._printf_core) for _printf_core
    printf1.o(i.__0vsnprintf$1) refers to printf1.o(i._snputc) for _snputc
    printf1.o(i.__0vsprintf$1) refers to printf1.o(i._printf_core) for _printf_core
    printf1.o(i.__0vsprintf$1) refers to printf1.o(i._sputc) for _sputc
    printf1.o(i._printf_core) refers to uidiv.o(.text) for __aeabi_uidivmod
    printf2.o(i.__0fprintf$2) refers to printf2.o(i._printf_core) for _printf_core
    printf2.o(i.__0fprintf$2) refers to retarget.o(i.fputc) for fputc
    printf2.o(i.__0printf$2) refers to printf2.o(i._printf_core) for _printf_core
    printf2.o(i.__0printf$2) refers to retarget.o(i.fputc) for fputc
    printf2.o(i.__0printf$2) refers to retarget.o(.data) for __stdout
    printf2.o(i.__0snprintf$2) refers to printf2.o(i._printf_core) for _printf_core
    printf2.o(i.__0snprintf$2) refers to printf2.o(i._snputc) for _snputc
    printf2.o(i.__0sprintf$2) refers to printf2.o(i._printf_core) for _printf_core
    printf2.o(i.__0sprintf$2) refers to printf2.o(i._sputc) for _sputc
    printf2.o(i.__0vfprintf$2) refers to printf2.o(i._printf_core) for _printf_core
    printf2.o(i.__0vfprintf$2) refers to retarget.o(i.fputc) for fputc
    printf2.o(i.__0vprintf$2) refers to printf2.o(i._printf_core) for _printf_core
    printf2.o(i.__0vprintf$2) refers to retarget.o(i.fputc) for fputc
    printf2.o(i.__0vprintf$2) refers to retarget.o(.data) for __stdout
    printf2.o(i.__0vsnprintf$2) refers to printf2.o(i._printf_core) for _printf_core
    printf2.o(i.__0vsnprintf$2) refers to printf2.o(i._snputc) for _snputc
    printf2.o(i.__0vsprintf$2) refers to printf2.o(i._printf_core) for _printf_core
    printf2.o(i.__0vsprintf$2) refers to printf2.o(i._sputc) for _sputc
    printf3.o(i.__0fprintf$3) refers to printf3.o(i._printf_core) for _printf_core
    printf3.o(i.__0fprintf$3) refers to retarget.o(i.fputc) for fputc
    printf3.o(i.__0printf$3) refers to printf3.o(i._printf_core) for _printf_core
    printf3.o(i.__0printf$3) refers to retarget.o(i.fputc) for fputc
    printf3.o(i.__0printf$3) refers to retarget.o(.data) for __stdout
    printf3.o(i.__0snprintf$3) refers to printf3.o(i._printf_core) for _printf_core
    printf3.o(i.__0snprintf$3) refers to printf3.o(i._snputc) for _snputc
    printf3.o(i.__0sprintf$3) refers to printf3.o(i._printf_core) for _printf_core
    printf3.o(i.__0sprintf$3) refers to printf3.o(i._sputc) for _sputc
    printf3.o(i.__0vfprintf$3) refers to printf3.o(i._printf_core) for _printf_core
    printf3.o(i.__0vfprintf$3) refers to retarget.o(i.fputc) for fputc
    printf3.o(i.__0vprintf$3) refers to printf3.o(i._printf_core) for _printf_core
    printf3.o(i.__0vprintf$3) refers to retarget.o(i.fputc) for fputc
    printf3.o(i.__0vprintf$3) refers to retarget.o(.data) for __stdout
    printf3.o(i.__0vsnprintf$3) refers to printf3.o(i._printf_core) for _printf_core
    printf3.o(i.__0vsnprintf$3) refers to printf3.o(i._snputc) for _snputc
    printf3.o(i.__0vsprintf$3) refers to printf3.o(i._printf_core) for _printf_core
    printf3.o(i.__0vsprintf$3) refers to printf3.o(i._sputc) for _sputc
    printf3.o(i._printf_core) refers to uidiv.o(.text) for __aeabi_uidivmod
    printf4.o(i.__0fprintf$4) refers to printf4.o(i._printf_core) for _printf_core
    printf4.o(i.__0fprintf$4) refers to retarget.o(i.fputc) for fputc
    printf4.o(i.__0printf$4) refers to printf4.o(i._printf_core) for _printf_core
    printf4.o(i.__0printf$4) refers to retarget.o(i.fputc) for fputc
    printf4.o(i.__0printf$4) refers to retarget.o(.data) for __stdout
    printf4.o(i.__0snprintf$4) refers to printf4.o(i._printf_core) for _printf_core
    printf4.o(i.__0snprintf$4) refers to printf4.o(i._snputc) for _snputc
    printf4.o(i.__0sprintf$4) refers to printf4.o(i._printf_core) for _printf_core
    printf4.o(i.__0sprintf$4) refers to printf4.o(i._sputc) for _sputc
    printf4.o(i.__0vfprintf$4) refers to printf4.o(i._printf_core) for _printf_core
    printf4.o(i.__0vfprintf$4) refers to retarget.o(i.fputc) for fputc
    printf4.o(i.__0vprintf$4) refers to printf4.o(i._printf_core) for _printf_core
    printf4.o(i.__0vprintf$4) refers to retarget.o(i.fputc) for fputc
    printf4.o(i.__0vprintf$4) refers to retarget.o(.data) for __stdout
    printf4.o(i.__0vsnprintf$4) refers to printf4.o(i._printf_core) for _printf_core
    printf4.o(i.__0vsnprintf$4) refers to printf4.o(i._snputc) for _snputc
    printf4.o(i.__0vsprintf$4) refers to printf4.o(i._printf_core) for _printf_core
    printf4.o(i.__0vsprintf$4) refers to printf4.o(i._sputc) for _sputc
    printf4.o(i._printf_core) refers to uldiv.o(.text) for __aeabi_uldivmod
    printf5.o(i.__0fprintf$5) refers to printf5.o(i._printf_core) for _printf_core
    printf5.o(i.__0fprintf$5) refers to retarget.o(i.fputc) for fputc
    printf5.o(i.__0printf$5) refers to printf5.o(i._printf_core) for _printf_core
    printf5.o(i.__0printf$5) refers to retarget.o(i.fputc) for fputc
    printf5.o(i.__0printf$5) refers to retarget.o(.data) for __stdout
    printf5.o(i.__0snprintf$5) refers to printf5.o(i._printf_core) for _printf_core
    printf5.o(i.__0snprintf$5) refers to printf5.o(i._snputc) for _snputc
    printf5.o(i.__0sprintf$5) refers to printf5.o(i._printf_core) for _printf_core
    printf5.o(i.__0sprintf$5) refers to printf5.o(i._sputc) for _sputc
    printf5.o(i.__0vfprintf$5) refers to printf5.o(i._printf_core) for _printf_core
    printf5.o(i.__0vfprintf$5) refers to retarget.o(i.fputc) for fputc
    printf5.o(i.__0vprintf$5) refers to printf5.o(i._printf_core) for _printf_core
    printf5.o(i.__0vprintf$5) refers to retarget.o(i.fputc) for fputc
    printf5.o(i.__0vprintf$5) refers to retarget.o(.data) for __stdout
    printf5.o(i.__0vsnprintf$5) refers to printf5.o(i._printf_core) for _printf_core
    printf5.o(i.__0vsnprintf$5) refers to printf5.o(i._snputc) for _snputc
    printf5.o(i.__0vsprintf$5) refers to printf5.o(i._printf_core) for _printf_core
    printf5.o(i.__0vsprintf$5) refers to printf5.o(i._sputc) for _sputc
    printf5.o(i._printf_core) refers to uldiv.o(.text) for __aeabi_uldivmod
    printf6.o(i.__0fprintf$6) refers to printf6.o(i._printf_core) for _printf_core
    printf6.o(i.__0fprintf$6) refers to retarget.o(i.fputc) for fputc
    printf6.o(i.__0printf$6) refers to printf6.o(i._printf_core) for _printf_core
    printf6.o(i.__0printf$6) refers to retarget.o(i.fputc) for fputc
    printf6.o(i.__0printf$6) refers to retarget.o(.data) for __stdout
    printf6.o(i.__0snprintf$6) refers to printf6.o(i._printf_core) for _printf_core
    printf6.o(i.__0snprintf$6) refers to printf6.o(i._snputc) for _snputc
    printf6.o(i.__0sprintf$6) refers to printf6.o(i._printf_core) for _printf_core
    printf6.o(i.__0sprintf$6) refers to printf6.o(i._sputc) for _sputc
    printf6.o(i.__0vfprintf$6) refers to printf6.o(i._printf_core) for _printf_core
    printf6.o(i.__0vfprintf$6) refers to retarget.o(i.fputc) for fputc
    printf6.o(i.__0vprintf$6) refers to printf6.o(i._printf_core) for _printf_core
    printf6.o(i.__0vprintf$6) refers to retarget.o(i.fputc) for fputc
    printf6.o(i.__0vprintf$6) refers to retarget.o(.data) for __stdout
    printf6.o(i.__0vsnprintf$6) refers to printf6.o(i._printf_core) for _printf_core
    printf6.o(i.__0vsnprintf$6) refers to printf6.o(i._snputc) for _snputc
    printf6.o(i.__0vsprintf$6) refers to printf6.o(i._printf_core) for _printf_core
    printf6.o(i.__0vsprintf$6) refers to printf6.o(i._sputc) for _sputc
    printf6.o(i._printf_core) refers to printf6.o(i._printf_pre_padding) for _printf_pre_padding
    printf6.o(i._printf_core) refers to printf6.o(i._printf_post_padding) for _printf_post_padding
    printf6.o(i._printf_core) refers to uidiv.o(.text) for __aeabi_uidivmod
    printf7.o(i.__0fprintf$7) refers to printf7.o(i._printf_core) for _printf_core
    printf7.o(i.__0fprintf$7) refers to retarget.o(i.fputc) for fputc
    printf7.o(i.__0printf$7) refers to printf7.o(i._printf_core) for _printf_core
    printf7.o(i.__0printf$7) refers to retarget.o(i.fputc) for fputc
    printf7.o(i.__0printf$7) refers to retarget.o(.data) for __stdout
    printf7.o(i.__0snprintf$7) refers to printf7.o(i._printf_core) for _printf_core
    printf7.o(i.__0snprintf$7) refers to printf7.o(i._snputc) for _snputc
    printf7.o(i.__0sprintf$7) refers to printf7.o(i._printf_core) for _printf_core
    printf7.o(i.__0sprintf$7) refers to printf7.o(i._sputc) for _sputc
    printf7.o(i.__0vfprintf$7) refers to printf7.o(i._printf_core) for _printf_core
    printf7.o(i.__0vfprintf$7) refers to retarget.o(i.fputc) for fputc
    printf7.o(i.__0vprintf$7) refers to printf7.o(i._printf_core) for _printf_core
    printf7.o(i.__0vprintf$7) refers to retarget.o(i.fputc) for fputc
    printf7.o(i.__0vprintf$7) refers to retarget.o(.data) for __stdout
    printf7.o(i.__0vsnprintf$7) refers to printf7.o(i._printf_core) for _printf_core
    printf7.o(i.__0vsnprintf$7) refers to printf7.o(i._snputc) for _snputc
    printf7.o(i.__0vsprintf$7) refers to printf7.o(i._printf_core) for _printf_core
    printf7.o(i.__0vsprintf$7) refers to printf7.o(i._sputc) for _sputc
    printf7.o(i._printf_core) refers to printf7.o(i._printf_pre_padding) for _printf_pre_padding
    printf7.o(i._printf_core) refers to printf7.o(i._printf_post_padding) for _printf_post_padding
    printf7.o(i._printf_core) refers to uldiv.o(.text) for __aeabi_uldivmod
    printf8.o(i.__0fprintf$8) refers to printf8.o(i._printf_core) for _printf_core
    printf8.o(i.__0fprintf$8) refers to retarget.o(i.fputc) for fputc
    printf8.o(i.__0printf$8) refers to printf8.o(i._printf_core) for _printf_core
    printf8.o(i.__0printf$8) refers to retarget.o(i.fputc) for fputc
    printf8.o(i.__0printf$8) refers to retarget.o(.data) for __stdout
    printf8.o(i.__0snprintf$8) refers to printf8.o(i._printf_core) for _printf_core
    printf8.o(i.__0snprintf$8) refers to printf8.o(i._snputc) for _snputc
    printf8.o(i.__0sprintf$8) refers to printf8.o(i._printf_core) for _printf_core
    printf8.o(i.__0sprintf$8) refers to printf8.o(i._sputc) for _sputc
    printf8.o(i.__0vfprintf$8) refers to printf8.o(i._printf_core) for _printf_core
    printf8.o(i.__0vfprintf$8) refers to retarget.o(i.fputc) for fputc
    printf8.o(i.__0vprintf$8) refers to printf8.o(i._printf_core) for _printf_core
    printf8.o(i.__0vprintf$8) refers to retarget.o(i.fputc) for fputc
    printf8.o(i.__0vprintf$8) refers to retarget.o(.data) for __stdout
    printf8.o(i.__0vsnprintf$8) refers to printf8.o(i._printf_core) for _printf_core
    printf8.o(i.__0vsnprintf$8) refers to printf8.o(i._snputc) for _snputc
    printf8.o(i.__0vsprintf$8) refers to printf8.o(i._printf_core) for _printf_core
    printf8.o(i.__0vsprintf$8) refers to printf8.o(i._sputc) for _sputc
    printf8.o(i._printf_core) refers to printf8.o(i._printf_pre_padding) for _printf_pre_padding
    printf8.o(i._printf_core) refers to printf8.o(i._printf_post_padding) for _printf_post_padding
    printf8.o(i._printf_core) refers to uldiv.o(.text) for __aeabi_uldivmod
    printfa.o(i.__0fprintf) refers (Special) to iusefp.o(.text) for __I$use$fp
    printfa.o(i.__0fprintf) refers to printfa.o(i._printf_core) for _printf_core
    printfa.o(i.__0fprintf) refers to retarget.o(i.fputc) for fputc
    printfa.o(i.__0printf) refers (Special) to iusefp.o(.text) for __I$use$fp
    printfa.o(i.__0printf) refers to printfa.o(i._printf_core) for _printf_core
    printfa.o(i.__0printf) refers to retarget.o(i.fputc) for fputc
    printfa.o(i.__0printf) refers to retarget.o(.data) for __stdout
    printfa.o(i.__0snprintf) refers (Special) to iusefp.o(.text) for __I$use$fp
    printfa.o(i.__0snprintf) refers to printfa.o(i._printf_core) for _printf_core
    printfa.o(i.__0snprintf) refers to printfa.o(i._snputc) for _snputc
    printfa.o(i.__0sprintf) refers (Special) to iusefp.o(.text) for __I$use$fp
    printfa.o(i.__0sprintf) refers to printfa.o(i._printf_core) for _printf_core
    printfa.o(i.__0sprintf) refers to printfa.o(i._sputc) for _sputc
    printfa.o(i.__0vfprintf) refers (Special) to iusefp.o(.text) for __I$use$fp
    printfa.o(i.__0vfprintf) refers to printfa.o(i._printf_core) for _printf_core
    printfa.o(i.__0vfprintf) refers to retarget.o(i.fputc) for fputc
    printfa.o(i.__0vprintf) refers (Special) to iusefp.o(.text) for __I$use$fp
    printfa.o(i.__0vprintf) refers to printfa.o(i._printf_core) for _printf_core
    printfa.o(i.__0vprintf) refers to retarget.o(i.fputc) for fputc
    printfa.o(i.__0vprintf) refers to retarget.o(.data) for __stdout
    printfa.o(i.__0vsnprintf) refers (Special) to iusefp.o(.text) for __I$use$fp
    printfa.o(i.__0vsnprintf) refers to printfa.o(i._printf_core) for _printf_core
    printfa.o(i.__0vsnprintf) refers to printfa.o(i._snputc) for _snputc
    printfa.o(i.__0vsprintf) refers (Special) to iusefp.o(.text) for __I$use$fp
    printfa.o(i.__0vsprintf) refers to printfa.o(i._printf_core) for _printf_core
    printfa.o(i.__0vsprintf) refers to printfa.o(i._sputc) for _sputc
    printfa.o(i._fp_digits) refers (Special) to iusefp.o(.text) for __I$use$fp
    printfa.o(i._fp_digits) refers to dmul.o(.text) for __aeabi_dmul
    printfa.o(i._fp_digits) refers to ddiv.o(.text) for __aeabi_ddiv
    printfa.o(i._fp_digits) refers to cdrcmple.o(.text) for __aeabi_cdrcmple
    printfa.o(i._fp_digits) refers to dadd.o(.text) for __aeabi_dadd
    printfa.o(i._fp_digits) refers to dfixul.o(.text) for __aeabi_d2ulz
    printfa.o(i._fp_digits) refers to uldiv.o(.text) for __aeabi_uldivmod
    printfa.o(i._printf_core) refers (Special) to iusefp.o(.text) for __I$use$fp
    printfa.o(i._printf_core) refers to printfa.o(i._printf_pre_padding) for _printf_pre_padding
    printfa.o(i._printf_core) refers to uldiv.o(.text) for __aeabi_uldivmod
    printfa.o(i._printf_core) refers to printfa.o(i._printf_post_padding) for _printf_post_padding
    printfa.o(i._printf_core) refers to printfa.o(i._fp_digits) for _fp_digits
    printfa.o(i._printf_core) refers to uidiv.o(.text) for __aeabi_uidivmod
    printfa.o(i._printf_post_padding) refers (Special) to iusefp.o(.text) for __I$use$fp
    printfa.o(i._printf_pre_padding) refers (Special) to iusefp.o(.text) for __I$use$fp
    printfa.o(i._snputc) refers (Special) to iusefp.o(.text) for __I$use$fp
    printfa.o(i._sputc) refers (Special) to iusefp.o(.text) for __I$use$fp
    fmul.o(.text) refers (Special) to iusefp.o(.text) for __I$use$fp
    fdiv.o(.text) refers (Special) to iusefp.o(.text) for __I$use$fp
    fdiv.o(.text) refers to fepilogue.o(.text) for _float_round
    ffltui.o(.text) refers (Special) to iusefp.o(.text) for __I$use$fp
    ffltui.o(.text) refers to fepilogue.o(.text) for _float_epilogue
    ffixui.o(.text) refers (Special) to iusefp.o(.text) for __I$use$fp
    entry2.o(.ARM.Collect$$$$00000001) refers to entry2.o(.ARM.Collect$$$$00002712) for __lit__00000000
    entry2.o(.ARM.Collect$$$$00002712) refers to startup_mini58series.o(STACK) for __initial_sp
    entry2.o(__vectab_stack_and_reset_area) refers to startup_mini58series.o(STACK) for __initial_sp
    entry2.o(__vectab_stack_and_reset_area) refers to entry.o(.ARM.Collect$$$$00000000) for __main
    entry5.o(.ARM.Collect$$$$00000004) refers to init.o(.text) for __scatterload
    entry9a.o(.ARM.Collect$$$$0000000B) refers to showhomeapp.o(i.main) for main
    entry9b.o(.ARM.Collect$$$$0000000C) refers to showhomeapp.o(i.main) for main
    uldiv.o(.text) refers to llushr.o(.text) for __aeabi_llsr
    uldiv.o(.text) refers to llshl.o(.text) for __aeabi_llsl
    dadd.o(.text) refers to llshl.o(.text) for __aeabi_llsl
    dadd.o(.text) refers to llsshr.o(.text) for __aeabi_lasr
    dadd.o(.text) refers to depilogue.o(.text) for _double_epilogue
    dmul.o(.text) refers to depilogue.o(.text) for _double_epilogue
    ddiv.o(.text) refers to depilogue.o(.text) for _double_round
    dfixul.o(.text) refers to llushr.o(.text) for __aeabi_llsr
    dfixul.o(.text) refers to llshl.o(.text) for __aeabi_llsl
    init.o(.text) refers to entry5.o(.ARM.Collect$$$$00000004) for __main_after_scatterload
    depilogue.o(.text) refers to depilogue.o(i.__ARM_clz) for __ARM_clz
    depilogue.o(.text) refers to llshl.o(.text) for __aeabi_llsl
    depilogue.o(.text) refers to llushr.o(.text) for __aeabi_llsr


==============================================================================

Removing Unused input sections from the image.

    Removing normal_display.o(.rev16_text), (4 bytes).
    Removing normal_display.o(.revsh_text), (4 bytes).
    Removing show_1.o(.rev16_text), (4 bytes).
    Removing show_1.o(.revsh_text), (4 bytes).
    Removing show_2.o(.rev16_text), (4 bytes).
    Removing show_2.o(.revsh_text), (4 bytes).
    Removing show_3.o(.rev16_text), (4 bytes).
    Removing show_3.o(.revsh_text), (4 bytes).
    Removing csr1010.o(.rev16_text), (4 bytes).
    Removing csr1010.o(.revsh_text), (4 bytes).
    Removing data_process.o(.rev16_text), (4 bytes).
    Removing data_process.o(.revsh_text), (4 bytes).
    Removing display_ctrl.o(.rev16_text), (4 bytes).
    Removing display_ctrl.o(.revsh_text), (4 bytes).
    Removing display_ctrl.o(.data), (1 bytes).
    Removing display_ctrl.o(.data), (1 bytes).
    Removing display_ctrl.o(.data), (2 bytes).
    Removing display_ctrl.o(.data), (2 bytes).
    Removing display_ctrl.o(.data), (2 bytes).
    Removing flash_prgrm.o(.rev16_text), (4 bytes).
    Removing flash_prgrm.o(.revsh_text), (4 bytes).
    Removing led_class.o(.rev16_text), (4 bytes).
    Removing led_class.o(.revsh_text), (4 bytes).
    Removing mcu_config.o(.rev16_text), (4 bytes).
    Removing mcu_config.o(.revsh_text), (4 bytes).
    Removing showhomeapp.o(.rev16_text), (4 bytes).
    Removing showhomeapp.o(.revsh_text), (4 bytes).
    Removing timer_ctrl.o(.rev16_text), (4 bytes).
    Removing timer_ctrl.o(.revsh_text), (4 bytes).
    Removing bt_control.o(.rev16_text), (4 bytes).
    Removing bt_control.o(.revsh_text), (4 bytes).
    Removing clk.o(.rev16_text), (4 bytes).
    Removing clk.o(.revsh_text), (4 bytes).
    Removing clk.o(i.CLK_DisableCKO), (16 bytes).
    Removing clk.o(i.CLK_DisableModuleClock), (28 bytes).
    Removing clk.o(i.CLK_DisableSysTick), (12 bytes).
    Removing clk.o(i.CLK_DisableXtalRC), (16 bytes).
    Removing clk.o(i.CLK_EnableCKO), (36 bytes).
    Removing clk.o(i.CLK_EnableModuleClock), (28 bytes).
    Removing clk.o(i.CLK_EnableSysTick), (64 bytes).
    Removing clk.o(i.CLK_GetCPUFreq), (16 bytes).
    Removing clk.o(i.CLK_GetHCLKFreq), (16 bytes).
    Removing clk.o(i.CLK_GetHXTFreq), (28 bytes).
    Removing clk.o(i.CLK_GetLXTFreq), (28 bytes).
    Removing clk.o(i.CLK_Idle), (20 bytes).
    Removing clk.o(i.CLK_PowerDown), (28 bytes).
    Removing clk.o(i.CLK_SetModuleClock), (80 bytes).
    Removing clk.o(i.CLK_SetSysTickClockSrc), (20 bytes).
    Removing clk.o(i.CLK_SysTickDelay), (36 bytes).
    Removing fmc.o(.rev16_text), (4 bytes).
    Removing fmc.o(.revsh_text), (4 bytes).
    Removing fmc.o(i.FMC_Close), (16 bytes).
    Removing fmc.o(i.FMC_GetBootSource), (20 bytes).
    Removing fmc.o(i.FMC_GetCRC32Sum), (80 bytes).
    Removing fmc.o(i.FMC_GetVectorPageAddr), (20 bytes).
    Removing fmc.o(i.FMC_ReadCID), (28 bytes).
    Removing fmc.o(i.FMC_ReadConfig), (40 bytes).
    Removing fmc.o(i.FMC_ReadDataFlashBaseAddr), (12 bytes).
    Removing fmc.o(i.FMC_ReadPID), (28 bytes).
    Removing fmc.o(i.FMC_ReadUCID), (32 bytes).
    Removing fmc.o(i.FMC_ReadUID), (28 bytes).
    Removing fmc.o(i.FMC_SetVectorPageAddr), (24 bytes).
    Removing fmc.o(i.FMC_WriteConfig), (64 bytes).
    Removing gpio.o(.rev16_text), (4 bytes).
    Removing gpio.o(.revsh_text), (4 bytes).
    Removing gpio.o(i.GPIO_DisableInt), (28 bytes).
    Removing gpio.o(i.GPIO_EnableInt), (26 bytes).
    Removing pwm.o(.rev16_text), (4 bytes).
    Removing pwm.o(.revsh_text), (4 bytes).
    Removing pwm.o(i.PWM_ClearADCTriggerFlag), (36 bytes).
    Removing pwm.o(i.PWM_ClearCenterIntFlag), (16 bytes).
    Removing pwm.o(i.PWM_ClearDutyIntFlag), (16 bytes).
    Removing pwm.o(i.PWM_ClearFaultBrakeFlag), (12 bytes).
    Removing pwm.o(i.PWM_ClearFaultBrakeIntFlag), (12 bytes).
    Removing pwm.o(i.PWM_ClearPeriodIntFlag), (16 bytes).
    Removing pwm.o(i.PWM_ClearRiseIntFlag), (16 bytes).
    Removing pwm.o(i.PWM_ConfigOutputChannel), (244 bytes).
    Removing pwm.o(i.PWM_DisableADCTrigger), (36 bytes).
    Removing pwm.o(i.PWM_DisableCenterInt), (20 bytes).
    Removing pwm.o(i.PWM_DisableDeadZone), (20 bytes).
    Removing pwm.o(i.PWM_DisableDutyInt), (14 bytes).
    Removing pwm.o(i.PWM_DisableFaultBrakeInt), (20 bytes).
    Removing pwm.o(i.PWM_DisableOutput), (16 bytes).
    Removing pwm.o(i.PWM_DisablePeriodInt), (12 bytes).
    Removing pwm.o(i.PWM_DisableRiseInt), (14 bytes).
    Removing pwm.o(i.PWM_EnableADCTrigger), (48 bytes).
    Removing pwm.o(i.PWM_EnableCenterInt), (36 bytes).
    Removing pwm.o(i.PWM_EnableDeadZone), (40 bytes).
    Removing pwm.o(i.PWM_EnableDutyInt), (14 bytes).
    Removing pwm.o(i.PWM_EnableFaultBrake), (16 bytes).
    Removing pwm.o(i.PWM_EnableFaultBrakeInt), (20 bytes).
    Removing pwm.o(i.PWM_EnableOutput), (16 bytes).
    Removing pwm.o(i.PWM_EnablePeriodInt), (12 bytes).
    Removing pwm.o(i.PWM_EnableRiseInt), (14 bytes).
    Removing pwm.o(i.PWM_ForceStop), (44 bytes).
    Removing pwm.o(i.PWM_GetADCTriggerFlag), (40 bytes).
    Removing pwm.o(i.PWM_GetCenterIntFlag), (24 bytes).
    Removing pwm.o(i.PWM_GetDutyIntFlag), (24 bytes).
    Removing pwm.o(i.PWM_GetFaultBrakeIntFlag), (16 bytes).
    Removing pwm.o(i.PWM_GetPeriodIntFlag), (20 bytes).
    Removing pwm.o(i.PWM_GetRiseIntFlag), (24 bytes).
    Removing pwm.o(i.PWM_Start), (44 bytes).
    Removing pwm.o(i.PWM_Stop), (30 bytes).
    Removing sys.o(.rev16_text), (4 bytes).
    Removing sys.o(.revsh_text), (4 bytes).
    Removing sys.o(i.SYS_ClearResetSrc), (12 bytes).
    Removing sys.o(i.SYS_DisableBOD), (22 bytes).
    Removing sys.o(i.SYS_EnableBOD), (36 bytes).
    Removing sys.o(i.SYS_GetBODStatus), (12 bytes).
    Removing sys.o(i.SYS_GetResetSrc), (8 bytes).
    Removing sys.o(i.SYS_IsRegLocked), (24 bytes).
    Removing sys.o(i.SYS_ReadPDID), (8 bytes).
    Removing sys.o(i.SYS_ResetCPU), (14 bytes).
    Removing sys.o(i.SYS_ResetChip), (14 bytes).
    Removing sys.o(i.SYS_ResetModule), (28 bytes).
    Removing timer.o(.rev16_text), (4 bytes).
    Removing timer.o(.revsh_text), (4 bytes).
    Removing timer.o(i.TIMER_Close), (8 bytes).
    Removing timer.o(i.TIMER_Delay), (168 bytes).
    Removing timer.o(i.TIMER_DisableCapture), (10 bytes).
    Removing timer.o(i.TIMER_DisableEventCounter), (12 bytes).
    Removing timer.o(i.TIMER_EnableCapture), (22 bytes).
    Removing timer.o(i.TIMER_EnableEventCounter), (22 bytes).
    Removing uart.o(.rev16_text), (4 bytes).
    Removing uart.o(.revsh_text), (4 bytes).
    Removing uart.o(i.UART_ClearIntFlag), (44 bytes).
    Removing uart.o(i.UART_Close), (6 bytes).
    Removing uart.o(i.UART_DisableFlowCtrl), (12 bytes).
    Removing uart.o(i.UART_DisableInt), (8 bytes).
    Removing uart.o(i.UART_EnableFlowCtrl), (38 bytes).
    Removing uart.o(i.UART_EnableInt), (8 bytes).
    Removing uart.o(i.UART_Read), (44 bytes).
    Removing uart.o(i.UART_SelectIrDAMode), (120 bytes).
    Removing uart.o(i.UART_SelectRS485Mode), (20 bytes).
    Removing uart.o(i.UART_SetLine_Config), (136 bytes).
    Removing uart.o(i.UART_Write), (44 bytes).
    Removing retarget.o(.rev16_text), (4 bytes).
    Removing retarget.o(.revsh_text), (4 bytes).
    Removing retarget.o(i.GetChar), (20 bytes).
    Removing retarget.o(i.IsDebugFifoEmpty), (16 bytes).
    Removing retarget.o(i.SendChar), (8 bytes).
    Removing retarget.o(i._ttywrch), (8 bytes).
    Removing retarget.o(i.ferror), (6 bytes).
    Removing retarget.o(i.fgetc), (8 bytes).
    Removing retarget.o(i.kbhit), (16 bytes).
    Removing retarget.o(.data), (4 bytes).
    Removing startup_mini58series.o(HEAP), (0 bytes).
    Removing system_mini58series.o(.rev16_text), (4 bytes).
    Removing system_mini58series.o(.revsh_text), (4 bytes).
    Removing system_mini58series.o(i.SystemInit), (2 bytes).
    Removing fmul.o(.text), (122 bytes).
    Removing fdiv.o(.text), (124 bytes).
    Removing ffltui.o(.text), (14 bytes).
    Removing ffixui.o(.text), (40 bytes).
    Removing fepilogue.o(.text), (130 bytes).
    Removing dadd.o(.text), (356 bytes).
    Removing dmul.o(.text), (208 bytes).
    Removing ddiv.o(.text), (240 bytes).
    Removing dfixul.o(.text), (64 bytes).
    Removing cdrcmple.o(.text), (40 bytes).
    Removing depilogue.o(.text), (190 bytes).
    Removing depilogue.o(i.__ARM_clz), (46 bytes).

162 unused section(s) (total 4666 bytes) removed from the image.

==============================================================================

Image Symbol Table

    Local Symbols

    Symbol Name                              Value     Ov Type        Size  Object(Section)

    RESET                                    0x00000000   Section      192  startup_mini58series.o(RESET)
    ../clib/microlib/division.c              0x00000000   Number         0  uidiv.o ABSOLUTE
    ../clib/microlib/division.c              0x00000000   Number         0  uldiv.o ABSOLUTE
    ../clib/microlib/init/entry.s            0x00000000   Number         0  entry7b.o ABSOLUTE
    ../clib/microlib/init/entry.s            0x00000000   Number         0  entry8b.o ABSOLUTE
    ../clib/microlib/init/entry.s            0x00000000   Number         0  entry9b.o ABSOLUTE
    ../clib/microlib/init/entry.s            0x00000000   Number         0  entry.o ABSOLUTE
    ../clib/microlib/init/entry.s            0x00000000   Number         0  entry8a.o ABSOLUTE
    ../clib/microlib/init/entry.s            0x00000000   Number         0  entry10a.o ABSOLUTE
    ../clib/microlib/init/entry.s            0x00000000   Number         0  entry9a.o ABSOLUTE
    ../clib/microlib/init/entry.s            0x00000000   Number         0  entry10b.o ABSOLUTE
    ../clib/microlib/init/entry.s            0x00000000   Number         0  entry11a.o ABSOLUTE
    ../clib/microlib/init/entry.s            0x00000000   Number         0  entry11b.o ABSOLUTE
    ../clib/microlib/init/entry.s            0x00000000   Number         0  entry2.o ABSOLUTE
    ../clib/microlib/init/entry.s            0x00000000   Number         0  entry5.o ABSOLUTE
    ../clib/microlib/init/entry.s            0x00000000   Number         0  entry7a.o ABSOLUTE
    ../clib/microlib/longlong.c              0x00000000   Number         0  llsshr.o ABSOLUTE
    ../clib/microlib/longlong.c              0x00000000   Number         0  llshl.o ABSOLUTE
    ../clib/microlib/longlong.c              0x00000000   Number         0  llushr.o ABSOLUTE
    ../clib/microlib/printf/printf.c         0x00000000   Number         0  printf2.o ABSOLUTE
    ../clib/microlib/printf/printf.c         0x00000000   Number         0  printf1.o ABSOLUTE
    ../clib/microlib/printf/printf.c         0x00000000   Number         0  printf8.o ABSOLUTE
    ../clib/microlib/printf/printf.c         0x00000000   Number         0  printfb.o ABSOLUTE
    ../clib/microlib/printf/printf.c         0x00000000   Number         0  printf0.o ABSOLUTE
    ../clib/microlib/printf/printf.c         0x00000000   Number         0  printf5.o ABSOLUTE
    ../clib/microlib/printf/printf.c         0x00000000   Number         0  printfa.o ABSOLUTE
    ../clib/microlib/printf/printf.c         0x00000000   Number         0  printf7.o ABSOLUTE
    ../clib/microlib/printf/printf.c         0x00000000   Number         0  printf6.o ABSOLUTE
    ../clib/microlib/printf/printf.c         0x00000000   Number         0  printf4.o ABSOLUTE
    ../clib/microlib/printf/printf.c         0x00000000   Number         0  printf3.o ABSOLUTE
    ../clib/microlib/printf/stubs.s          0x00000000   Number         0  stubs.o ABSOLUTE
    ../clib/microlib/stdlib/rand.c           0x00000000   Number         0  rand.o ABSOLUTE
    ../clib/microlib/stubs.s                 0x00000000   Number         0  iusefp.o ABSOLUTE
    ../fplib/microlib/fpadd.c                0x00000000   Number         0  dadd.o ABSOLUTE
    ../fplib/microlib/fpdiv.c                0x00000000   Number         0  ddiv.o ABSOLUTE
    ../fplib/microlib/fpdiv.c                0x00000000   Number         0  fdiv.o ABSOLUTE
    ../fplib/microlib/fpepilogue.c           0x00000000   Number         0  fepilogue.o ABSOLUTE
    ../fplib/microlib/fpepilogue.c           0x00000000   Number         0  depilogue.o ABSOLUTE
    ../fplib/microlib/fpfix.c                0x00000000   Number         0  ffixui.o ABSOLUTE
    ../fplib/microlib/fpfix.c                0x00000000   Number         0  dfixul.o ABSOLUTE
    ../fplib/microlib/fpflt.c                0x00000000   Number         0  ffltui.o ABSOLUTE
    ../fplib/microlib/fpmul.c                0x00000000   Number         0  dmul.o ABSOLUTE
    ../fplib/microlib/fpmul.c                0x00000000   Number         0  fmul.o ABSOLUTE
    ..\AL92Public\Normal_Display.c           0x00000000   Number         0  normal_display.o ABSOLUTE
    ..\AL92Public\Show_1.c                   0x00000000   Number         0  show_1.o ABSOLUTE
    ..\AL92Public\Show_2.c                   0x00000000   Number         0  show_2.o ABSOLUTE
    ..\AL92Public\Show_3.c                   0x00000000   Number         0  show_3.o ABSOLUTE
    ..\FwLib\src\clk.c                       0x00000000   Number         0  clk.o ABSOLUTE
    ..\FwLib\src\fmc.c                       0x00000000   Number         0  fmc.o ABSOLUTE
    ..\FwLib\src\gpio.c                      0x00000000   Number         0  gpio.o ABSOLUTE
    ..\FwLib\src\pwm.c                       0x00000000   Number         0  pwm.o ABSOLUTE
    ..\FwLib\src\sys.c                       0x00000000   Number         0  sys.o ABSOLUTE
    ..\FwLib\src\timer.c                     0x00000000   Number         0  timer.o ABSOLUTE
    ..\FwLib\src\uart.c                      0x00000000   Number         0  uart.o ABSOLUTE
    ..\Public\PublicSrc\BT_Control.c         0x00000000   Number         0  bt_control.o ABSOLUTE
    ..\Public\PublicSrc\CSR1010.c            0x00000000   Number         0  csr1010.o ABSOLUTE
    ..\Public\PublicSrc\Data_Process.c       0x00000000   Number         0  data_process.o ABSOLUTE
    ..\Public\PublicSrc\Display_Ctrl.c       0x00000000   Number         0  display_ctrl.o ABSOLUTE
    ..\Public\PublicSrc\Flash_Prgrm.c        0x00000000   Number         0  flash_prgrm.o ABSOLUTE
    ..\Public\PublicSrc\Led_Class.c          0x00000000   Number         0  led_class.o ABSOLUTE
    ..\Public\PublicSrc\MCU_Config.c         0x00000000   Number         0  mcu_config.o ABSOLUTE
    ..\Public\PublicSrc\ShowHomeApp.c        0x00000000   Number         0  showhomeapp.o ABSOLUTE
    ..\Public\PublicSrc\Timer_Ctrl.c         0x00000000   Number         0  timer_ctrl.o ABSOLUTE
    ..\\AL92Public\\Normal_Display.c         0x00000000   Number         0  normal_display.o ABSOLUTE
    ..\\AL92Public\\Show_1.c                 0x00000000   Number         0  show_1.o ABSOLUTE
    ..\\AL92Public\\Show_2.c                 0x00000000   Number         0  show_2.o ABSOLUTE
    ..\\AL92Public\\Show_3.c                 0x00000000   Number         0  show_3.o ABSOLUTE
    ..\\FwLib\\src\\clk.c                    0x00000000   Number         0  clk.o ABSOLUTE
    ..\\FwLib\\src\\fmc.c                    0x00000000   Number         0  fmc.o ABSOLUTE
    ..\\FwLib\\src\\gpio.c                   0x00000000   Number         0  gpio.o ABSOLUTE
    ..\\FwLib\\src\\pwm.c                    0x00000000   Number         0  pwm.o ABSOLUTE
    ..\\FwLib\\src\\sys.c                    0x00000000   Number         0  sys.o ABSOLUTE
    ..\\FwLib\\src\\timer.c                  0x00000000   Number         0  timer.o ABSOLUTE
    ..\\FwLib\\src\\uart.c                   0x00000000   Number         0  uart.o ABSOLUTE
    ..\\Public\\PublicSrc\\BT_Control.c      0x00000000   Number         0  bt_control.o ABSOLUTE
    ..\\Public\\PublicSrc\\CSR1010.c         0x00000000   Number         0  csr1010.o ABSOLUTE
    ..\\Public\\PublicSrc\\Data_Process.c    0x00000000   Number         0  data_process.o ABSOLUTE
    ..\\Public\\PublicSrc\\Display_Ctrl.c    0x00000000   Number         0  display_ctrl.o ABSOLUTE
    ..\\Public\\PublicSrc\\Flash_Prgrm.c     0x00000000   Number         0  flash_prgrm.o ABSOLUTE
    ..\\Public\\PublicSrc\\Led_Class.c       0x00000000   Number         0  led_class.o ABSOLUTE
    ..\\Public\\PublicSrc\\MCU_Config.c      0x00000000   Number         0  mcu_config.o ABSOLUTE
    ..\\Public\\PublicSrc\\ShowHomeApp.c     0x00000000   Number         0  showhomeapp.o ABSOLUTE
    ..\\Public\\PublicSrc\\Timer_Ctrl.c      0x00000000   Number         0  timer_ctrl.o ABSOLUTE
    RTE\Device\Mini58FDE\retarget.c          0x00000000   Number         0  retarget.o ABSOLUTE
    RTE\Device\Mini58FDE\startup_Mini58Series.s 0x00000000   Number         0  startup_mini58series.o ABSOLUTE
    RTE\Device\Mini58FDE\system_Mini58Series.c 0x00000000   Number         0  system_mini58series.o ABSOLUTE
    RTE\\Device\\Mini58FDE\\retarget.c       0x00000000   Number         0  retarget.o ABSOLUTE
    RTE\\Device\\Mini58FDE\\system_Mini58Series.c 0x00000000   Number         0  system_mini58series.o ABSOLUTE
    cdrcmple.s                               0x00000000   Number         0  cdrcmple.o ABSOLUTE
    dc.s                                     0x00000000   Number         0  dc.o ABSOLUTE
    handlers.s                               0x00000000   Number         0  handlers.o ABSOLUTE
    init.s                                   0x00000000   Number         0  init.o ABSOLUTE
    .ARM.Collect$$$$00000000                 0x000000c0   Section        0  entry.o(.ARM.Collect$$$$00000000)
    .ARM.Collect$$$$00000001                 0x000000c0   Section        4  entry2.o(.ARM.Collect$$$$00000001)
    .ARM.Collect$$$$00000004                 0x000000c4   Section        4  entry5.o(.ARM.Collect$$$$00000004)
    .ARM.Collect$$$$00000008                 0x000000c8   Section        0  entry7b.o(.ARM.Collect$$$$00000008)
    .ARM.Collect$$$$0000000A                 0x000000c8   Section        0  entry8b.o(.ARM.Collect$$$$0000000A)
    .ARM.Collect$$$$0000000B                 0x000000c8   Section        8  entry9a.o(.ARM.Collect$$$$0000000B)
    .ARM.Collect$$$$0000000D                 0x000000d0   Section        0  entry10a.o(.ARM.Collect$$$$0000000D)
    .ARM.Collect$$$$0000000F                 0x000000d0   Section        0  entry11a.o(.ARM.Collect$$$$0000000F)
    .ARM.Collect$$$$00002712                 0x000000d0   Section        4  entry2.o(.ARM.Collect$$$$00002712)
    __lit__00000000                          0x000000d0   Data           4  entry2.o(.ARM.Collect$$$$00002712)
    .emb_text                                0x000000d4   Section       28  retarget.o(.emb_text)
    .text                                    0x000000f0   Section       20  startup_mini58series.o(.text)
    Default_Handler                          0x000000ff   Thumb Code     2  startup_mini58series.o(.text)
    .text                                    0x00000104   Section        0  uidiv.o(.text)
    .text                                    0x00000130   Section        0  rand.o(.text)
    .text                                    0x00000154   Section        0  uldiv.o(.text)
    .text                                    0x000001b4   Section       36  init.o(.text)
    .text                                    0x000001d8   Section        0  llshl.o(.text)
    .text                                    0x000001f8   Section        0  llushr.o(.text)
    i.All_Color                              0x0000021c   Section        0  normal_display.o(i.All_Color)
    i.All_Off                                0x0000023c   Section        0  normal_display.o(i.All_Off)
    i.BT_Power_Control                       0x00000258   Section        0  bt_control.o(i.BT_Power_Control)
    BT_Power_Control                         0x00000259   Thumb Code   168  bt_control.o(i.BT_Power_Control)
    i.BT_Work_Detect                         0x00000310   Section        0  bt_control.o(i.BT_Work_Detect)
    i.Blink                                  0x000003bc   Section        0  normal_display.o(i.Blink)
    i.Blue_Flash                             0x000005f8   Section        0  normal_display.o(i.Blue_Flash)
    i.CLK_DisablePLL                         0x00000674   Section        0  clk.o(i.CLK_DisablePLL)
    i.CLK_EnablePLL                          0x00000684   Section        0  clk.o(i.CLK_EnablePLL)
    i.CLK_EnableXtalRC                       0x00000898   Section        0  clk.o(i.CLK_EnableXtalRC)
    i.CLK_GetPLLClockFreq                    0x000008b0   Section        0  uart.o(i.CLK_GetPLLClockFreq)
    CLK_GetPLLClockFreq                      0x000008b1   Thumb Code    70  uart.o(i.CLK_GetPLLClockFreq)
    i.CLK_Init                               0x00000908   Section        0  mcu_config.o(i.CLK_Init)
    CLK_Init                                 0x00000909   Thumb Code   186  mcu_config.o(i.CLK_Init)
    i.CLK_SetCoreClock                       0x000009dc   Section        0  clk.o(i.CLK_SetCoreClock)
    i.CLK_SetHCLK                            0x00000a60   Section        0  clk.o(i.CLK_SetHCLK)
    i.CLK_WaitClockReady                     0x00000a84   Section        0  clk.o(i.CLK_WaitClockReady)
    i.CSR1010_Process                        0x00000aac   Section        0  data_process.o(i.CSR1010_Process)
    CSR1010_Process                          0x00000aad   Thumb Code   878  data_process.o(i.CSR1010_Process)
    i.Color_Show                             0x00000e50   Section        0  normal_display.o(i.Color_Show)
    i.Color_Value_Get                        0x000010d0   Section        0  data_process.o(i.Color_Value_Get)
    Color_Value_Get                          0x000010d1   Thumb Code  1254  data_process.o(i.Color_Value_Get)
    i.Count_Down_Control                     0x000015bc   Section        0  timer_ctrl.o(i.Count_Down_Control)
    i.Csr1010_Rcv_Byte                       0x00001680   Section        0  csr1010.o(i.Csr1010_Rcv_Byte)
    Csr1010_Rcv_Byte                         0x00001681   Thumb Code    88  csr1010.o(i.Csr1010_Rcv_Byte)
    i.Csr1010_Rcv_Data                       0x000016e4   Section        0  csr1010.o(i.Csr1010_Rcv_Data)
    i.Csr1010_Snd_Data                       0x00001738   Section        0  csr1010.o(i.Csr1010_Snd_Data)
    i.Data_Process                           0x000017c8   Section        0  data_process.o(i.Data_Process)
    i.FMC_Erase                              0x00001808   Section        0  fmc.o(i.FMC_Erase)
    i.FMC_Open                               0x00001838   Section        0  fmc.o(i.FMC_Open)
    i.FMC_Read                               0x00001848   Section        0  fmc.o(i.FMC_Read)
    i.FMC_Write                              0x00001864   Section        0  fmc.o(i.FMC_Write)
    i.Flash_Read_Data                        0x00001880   Section        0  flash_prgrm.o(i.Flash_Read_Data)
    i.Flash_Write_Data                       0x00001948   Section        0  flash_prgrm.o(i.Flash_Write_Data)
    i.Flower_Bloom                           0x00001a1c   Section        0  normal_display.o(i.Flower_Bloom)
    i.GPIO_SetMode                           0x00001cf4   Section        0  gpio.o(i.GPIO_SetMode)
    i.Green_Flash                            0x00001d24   Section        0  normal_display.o(i.Green_Flash)
    i.Hard_Fault_Handler                     0x00001da0   Section        0  retarget.o(i.Hard_Fault_Handler)
    __tagsym$$used                           0x00001da1   Number         0  retarget.o(i.Hard_Fault_Handler)
    i.Hex_To_Char                            0x00001dc8   Section        0  data_process.o(i.Hex_To_Char)
    Hex_To_Char                              0x00001dc9   Thumb Code    22  data_process.o(i.Hex_To_Char)
    i.Instead                                0x00001de0   Section        0  normal_display.o(i.Instead)
    i.Led_Display                            0x000020bc   Section        0  display_ctrl.o(i.Led_Display)
    i.Led_Update                             0x00002174   Section        0  led_class.o(i.Led_Update)
    i.MCU_Config                             0x00002278   Section        0  mcu_config.o(i.MCU_Config)
    i.Password_Process                       0x00002340   Section        0  data_process.o(i.Password_Process)
    Password_Process                         0x00002341   Thumb Code    60  data_process.o(i.Password_Process)
    i.Polar_Light                            0x00002384   Section        0  normal_display.o(i.Polar_Light)
    i.Red_Flash                              0x00002508   Section        0  normal_display.o(i.Red_Flash)
    i.Ripple                                 0x00002584   Section        0  normal_display.o(i.Ripple)
    i.Roll                                   0x000027b8   Section        0  normal_display.o(i.Roll)
    i.SYS_UnlockReg                          0x00002a50   Section        0  flash_prgrm.o(i.SYS_UnlockReg)
    SYS_UnlockReg                            0x00002a51   Thumb Code    24  flash_prgrm.o(i.SYS_UnlockReg)
    i.SYS_UnlockReg                          0x00002a6c   Section        0  mcu_config.o(i.SYS_UnlockReg)
    SYS_UnlockReg                            0x00002a6d   Thumb Code    24  mcu_config.o(i.SYS_UnlockReg)
    i.Sea_Wave                               0x00002a88   Section        0  normal_display.o(i.Sea_Wave)
    i.SendChar_ToUART                        0x00002c84   Section        0  retarget.o(i.SendChar_ToUART)
    i.Show_1                                 0x00002ca4   Section        0  show_1.o(i.Show_1)
    i.Show_1_0                               0x00002d5c   Section        0  show_1.o(i.Show_1_0)
    i.Show_1_1                               0x00002ec0   Section        0  show_1.o(i.Show_1_1)
    i.Show_1_2                               0x00003364   Section        0  show_1.o(i.Show_1_2)
    i.Show_1_3                               0x00003494   Section        0  show_1.o(i.Show_1_3)
    i.Show_2                                 0x00003828   Section        0  show_2.o(i.Show_2)
    i.Show_2_0                               0x000038f0   Section        0  show_2.o(i.Show_2_0)
    i.Show_2_1                               0x00003cf4   Section        0  show_2.o(i.Show_2_1)
    i.Show_2_2                               0x000041b4   Section        0  show_2.o(i.Show_2_2)
    i.Show_2_3                               0x00004558   Section        0  show_2.o(i.Show_2_3)
    i.Show_2_4                               0x00004a1c   Section        0  show_2.o(i.Show_2_4)
    i.Show_3                                 0x00004c30   Section        0  show_3.o(i.Show_3)
    i.Show_3_0                               0x00004cf8   Section        0  show_3.o(i.Show_3_0)
    i.Show_3_1                               0x00005404   Section        0  show_3.o(i.Show_3_1)
    i.Show_3_2                               0x00005aa8   Section        0  show_3.o(i.Show_3_2)
    i.Show_3_3                               0x00005c5c   Section        0  show_3.o(i.Show_3_3)
    i.Show_3_4                               0x00005ed0   Section        0  show_3.o(i.Show_3_4)
    i.Sparkle                                0x00006230   Section        0  normal_display.o(i.Sparkle)
    i.Steady                                 0x000064ac   Section        0  normal_display.o(i.Steady)
    i.Syn_Process                            0x00006540   Section        0  data_process.o(i.Syn_Process)
    Syn_Process                              0x00006541   Thumb Code    74  data_process.o(i.Syn_Process)
    i.SystemCoreClockUpdate                  0x000065a0   Section        0  system_mini58series.o(i.SystemCoreClockUpdate)
    i.TIMER_GetModuleClock                   0x00006640   Section        0  timer.o(i.TIMER_GetModuleClock)
    i.TIMER_Open                             0x00006698   Section        0  timer.o(i.TIMER_Open)
    i.UART0_IRQHandler                       0x000066e8   Section        0  csr1010.o(i.UART0_IRQHandler)
    i.UART_Open                              0x000066f0   Section        0  uart.o(i.UART_Open)
    i.UART_SetTimeoutCnt                     0x00006774   Section        0  uart.o(i.UART_SetTimeoutCnt)
    i.Uart_Clear_Buf                         0x0000678c   Section        0  csr1010.o(i.Uart_Clear_Buf)
    i.User_Data_Init                         0x000067bc   Section        0  data_process.o(i.User_Data_Init)
    i.__0printf$5                            0x000068b8   Section        0  printf5.o(i.__0printf$5)
    i.__ARM_common_switch8                   0x000068d8   Section        0  normal_display.o(i.__ARM_common_switch8)
    i.__scatterload_copy                     0x000068f2   Section       14  handlers.o(i.__scatterload_copy)
    i.__scatterload_null                     0x00006900   Section        2  handlers.o(i.__scatterload_null)
    i.__scatterload_zeroinit                 0x00006902   Section       14  handlers.o(i.__scatterload_zeroinit)
    i._printf_core                           0x00006910   Section        0  printf5.o(i._printf_core)
    _printf_core                             0x00006911   Thumb Code   688  printf5.o(i._printf_core)
    i.fputc                                  0x00006bec   Section        0  retarget.o(i.fputc)
    i.main                                   0x00006bf8   Section        0  showhomeapp.o(i.main)
    i.stackDump                              0x00006c78   Section        0  retarget.o(i.stackDump)
    .constdata                               0x00006d20   Section       54  data_process.o(.constdata)
    .data                                    0x20000000   Section       17  csr1010.o(.data)
    .data                                    0x20000011   Section       19  data_process.o(.data)
    PasswordTime                             0x20000011   Data           1  data_process.o(.data)
    SynRcvTime                               0x20000012   Data           1  data_process.o(.data)
    TypeReplyTime                            0x20000013   Data           1  data_process.o(.data)
    BtInitFlag                               0x20000014   Data           1  data_process.o(.data)
    FlagBuffer                               0x20000015   Data           1  data_process.o(.data)
    .data                                    0x20000024   Section        6  display_ctrl.o(.data)
    .data                                    0x2000002a   Section        1  display_ctrl.o(.data)
    .data                                    0x2000002b   Section        1  display_ctrl.o(.data)
    .data                                    0x2000002c   Section        1  display_ctrl.o(.data)
    .data                                    0x2000002d   Section        1  display_ctrl.o(.data)
    .data                                    0x2000002e   Section        1  display_ctrl.o(.data)
    .data                                    0x2000002f   Section        1  display_ctrl.o(.data)
    .data                                    0x20000030   Section        1  display_ctrl.o(.data)
    .data                                    0x20000031   Section        1  display_ctrl.o(.data)
    .data                                    0x20000032   Section        1  display_ctrl.o(.data)
    .data                                    0x20000033   Section        1  display_ctrl.o(.data)
    .data                                    0x20000034   Section        1  display_ctrl.o(.data)
    .data                                    0x20000035   Section        1  display_ctrl.o(.data)
    .data                                    0x20000036   Section        1  display_ctrl.o(.data)
    .data                                    0x20000037   Section        1  display_ctrl.o(.data)
    .data                                    0x20000038   Section        1  display_ctrl.o(.data)
    .data                                    0x20000039   Section        1  display_ctrl.o(.data)
    .data                                    0x2000003a   Section        1  display_ctrl.o(.data)
    .data                                    0x2000003b   Section        1  display_ctrl.o(.data)
    .data                                    0x2000003c   Section        1  display_ctrl.o(.data)
    .data                                    0x2000003e   Section        2  display_ctrl.o(.data)
    .data                                    0x20000040   Section        1  display_ctrl.o(.data)
    .data                                    0x20000041   Section        1  display_ctrl.o(.data)
    .data                                    0x20000042   Section        2  display_ctrl.o(.data)
    .data                                    0x20000044   Section        2  display_ctrl.o(.data)
    .data                                    0x20000046   Section        1  display_ctrl.o(.data)
    .data                                    0x20000047   Section        1  flash_prgrm.o(.data)
    .data                                    0x20000048   Section        1  led_class.o(.data)
    .data                                    0x20000049   Section        1  mcu_config.o(.data)
    .data                                    0x2000004a   Section       10  timer_ctrl.o(.data)
    TimerChk                                 0x2000004a   Data           2  timer_ctrl.o(.data)
    .data                                    0x20000054   Section       11  bt_control.o(.data)
    BtTime                                   0x20000054   Data           1  bt_control.o(.data)
    PIO11_HighTime                           0x20000058   Data           2  bt_control.o(.data)
    PIO11_LowTime                            0x2000005a   Data           2  bt_control.o(.data)
    BtRcvDataTime                            0x2000005c   Data           3  bt_control.o(.data)
    .data                                    0x20000060   Section        4  retarget.o(.data)
    .data                                    0x20000064   Section        4  system_mini58series.o(.data)
    .data                                    0x20000068   Section       12  system_mini58series.o(.data)
    .data                                    0x20000074   Section        4  rand.o(.data)
    _rand_state                              0x20000074   Data           4  rand.o(.data)
    .bss                                     0x20000078   Section       25  csr1010.o(.bss)
    .bss                                     0x20000091   Section       48  display_ctrl.o(.bss)
    .bss                                     0x200000c1   Section       50  display_ctrl.o(.bss)
    .bss                                     0x200000f3   Section       50  display_ctrl.o(.bss)
    .bss                                     0x20000125   Section       50  display_ctrl.o(.bss)
    .bss                                     0x20000157   Section       50  display_ctrl.o(.bss)
    .bss                                     0x20000189   Section       50  display_ctrl.o(.bss)
    .bss                                     0x200001bb   Section       63  led_class.o(.bss)
    STACK                                    0x20000200   Section      512  startup_mini58series.o(STACK)

    Global Symbols

    Symbol Name                              Value     Ov Type        Size  Object(Section)

    BuildAttributes$$THM_ISAv3M$S$PE$A:L22$X:L11$S22$IEEE1$IW$USESV6$~STKCKD$USESV7$~SHL$OTIME$ROPI$EBA8$MICROLIB$REQ8$PRES8$EABIv2 0x00000000   Number         0  anon$$obj.o ABSOLUTE
    __ARM_use_no_argv                        0x00000000   Number         0  showhomeapp.o ABSOLUTE
    __Vectors                                0x00000000   Data           4  startup_mini58series.o(RESET)
    _printf_a                                0x00000000   Number         0  stubs.o ABSOLUTE
    _printf_c                                0x00000000   Number         0  stubs.o ABSOLUTE
    _printf_charcount                        0x00000000   Number         0  stubs.o ABSOLUTE
    _printf_d                                0x00000000   Number         0  stubs.o ABSOLUTE
    _printf_e                                0x00000000   Number         0  stubs.o ABSOLUTE
    _printf_f                                0x00000000   Number         0  stubs.o ABSOLUTE
    _printf_flags                            0x00000000   Number         0  stubs.o ABSOLUTE
    _printf_fp_dec                           0x00000000   Number         0  stubs.o ABSOLUTE
    _printf_fp_hex                           0x00000000   Number         0  stubs.o ABSOLUTE
    _printf_g                                0x00000000   Number         0  stubs.o ABSOLUTE
    _printf_i                                0x00000000   Number         0  stubs.o ABSOLUTE
    _printf_int_dec                          0x00000000   Number         0  stubs.o ABSOLUTE
    _printf_l                                0x00000000   Number         0  stubs.o ABSOLUTE
    _printf_lc                               0x00000000   Number         0  stubs.o ABSOLUTE
    _printf_ll                               0x00000000   Number         0  stubs.o ABSOLUTE
    _printf_lld                              0x00000000   Number         0  stubs.o ABSOLUTE
    _printf_lli                              0x00000000   Number         0  stubs.o ABSOLUTE
    _printf_llo                              0x00000000   Number         0  stubs.o ABSOLUTE
    _printf_llu                              0x00000000   Number         0  stubs.o ABSOLUTE
    _printf_llx                              0x00000000   Number         0  stubs.o ABSOLUTE
    _printf_longlong_dec                     0x00000000   Number         0  stubs.o ABSOLUTE
    _printf_longlong_hex                     0x00000000   Number         0  stubs.o ABSOLUTE
    _printf_longlong_oct                     0x00000000   Number         0  stubs.o ABSOLUTE
    _printf_ls                               0x00000000   Number         0  stubs.o ABSOLUTE
    _printf_mbtowc                           0x00000000   Number         0  stubs.o ABSOLUTE
    _printf_n                                0x00000000   Number         0  stubs.o ABSOLUTE
    _printf_o                                0x00000000   Number         0  stubs.o ABSOLUTE
    _printf_p                                0x00000000   Number         0  stubs.o ABSOLUTE
    _printf_percent                          0x00000000   Number         0  stubs.o ABSOLUTE
    _printf_pre_padding                      0x00000000   Number         0  stubs.o ABSOLUTE
    _printf_return_value                     0x00000000   Number         0  stubs.o ABSOLUTE
    _printf_s                                0x00000000   Number         0  stubs.o ABSOLUTE
    _printf_sizespec                         0x00000000   Number         0  stubs.o ABSOLUTE
    _printf_str                              0x00000000   Number         0  stubs.o ABSOLUTE
    _printf_truncate_signed                  0x00000000   Number         0  stubs.o ABSOLUTE
    _printf_truncate_unsigned                0x00000000   Number         0  stubs.o ABSOLUTE
    _printf_u                                0x00000000   Number         0  stubs.o ABSOLUTE
    _printf_wc                               0x00000000   Number         0  stubs.o ABSOLUTE
    _printf_wctomb                           0x00000000   Number         0  stubs.o ABSOLUTE
    _printf_widthprec                        0x00000000   Number         0  stubs.o ABSOLUTE
    _printf_x                                0x00000000   Number         0  stubs.o ABSOLUTE
    __cpp_initialize__aeabi_                  - Undefined Weak Reference
    __cxa_finalize                            - Undefined Weak Reference
    __decompress                              - Undefined Weak Reference
    _clock_init                               - Undefined Weak Reference
    _microlib_exit                            - Undefined Weak Reference
    __main                                   0x000000c1   Thumb Code     0  entry.o(.ARM.Collect$$$$00000000)
    _main_stk                                0x000000c1   Thumb Code     0  entry2.o(.ARM.Collect$$$$00000001)
    _main_scatterload                        0x000000c5   Thumb Code     0  entry5.o(.ARM.Collect$$$$00000004)
    __main_after_scatterload                 0x000000c9   Thumb Code     0  entry5.o(.ARM.Collect$$$$00000004)
    _main_clock                              0x000000c9   Thumb Code     0  entry7b.o(.ARM.Collect$$$$00000008)
    _main_cpp_init                           0x000000c9   Thumb Code     0  entry8b.o(.ARM.Collect$$$$0000000A)
    _main_init                               0x000000c9   Thumb Code     0  entry9a.o(.ARM.Collect$$$$0000000B)
    __rt_final_cpp                           0x000000d1   Thumb Code     0  entry10a.o(.ARM.Collect$$$$0000000D)
    __rt_final_exit                          0x000000d1   Thumb Code     0  entry11a.o(.ARM.Collect$$$$0000000F)
    HardFault_Handler                        0x000000d5   Thumb Code    24  retarget.o(.emb_text)
    Reset_Handler                            0x000000f1   Thumb Code     4  startup_mini58series.o(.text)
    NMI_Handler                              0x000000f5   Thumb Code     2  startup_mini58series.o(.text)
    SVC_Handler                              0x000000f9   Thumb Code     2  startup_mini58series.o(.text)
    PendSV_Handler                           0x000000fb   Thumb Code     2  startup_mini58series.o(.text)
    SysTick_Handler                          0x000000fd   Thumb Code     2  startup_mini58series.o(.text)
    ACMP_IRQHandler                          0x000000ff   Thumb Code     0  startup_mini58series.o(.text)
    ADC_IRQHandler                           0x000000ff   Thumb Code     0  startup_mini58series.o(.text)
    BOD_IRQHandler                           0x000000ff   Thumb Code     0  startup_mini58series.o(.text)
    EINT0_IRQHandler                         0x000000ff   Thumb Code     0  startup_mini58series.o(.text)
    EINT1_IRQHandler                         0x000000ff   Thumb Code     0  startup_mini58series.o(.text)
    FB_IRQHandler                            0x000000ff   Thumb Code     0  startup_mini58series.o(.text)
    GPIO01_IRQHandler                        0x000000ff   Thumb Code     0  startup_mini58series.o(.text)
    GPIO234_IRQHandler                       0x000000ff   Thumb Code     0  startup_mini58series.o(.text)
    GPIO5_IRQHandler                         0x000000ff   Thumb Code     0  startup_mini58series.o(.text)
    HIRC_IRQHandler                          0x000000ff   Thumb Code     0  startup_mini58series.o(.text)
    I2C0_IRQHandler                          0x000000ff   Thumb Code     0  startup_mini58series.o(.text)
    I2C1_IRQHandler                          0x000000ff   Thumb Code     0  startup_mini58series.o(.text)
    PDWU_IRQHandler                          0x000000ff   Thumb Code     0  startup_mini58series.o(.text)
    PWM_IRQHandler                           0x000000ff   Thumb Code     0  startup_mini58series.o(.text)
    SPI_IRQHandler                           0x000000ff   Thumb Code     0  startup_mini58series.o(.text)
    TMR0_IRQHandler                          0x000000ff   Thumb Code     0  startup_mini58series.o(.text)
    TMR1_IRQHandler                          0x000000ff   Thumb Code     0  startup_mini58series.o(.text)
    UART1_IRQHandler                         0x000000ff   Thumb Code     0  startup_mini58series.o(.text)
    WDT_IRQHandler                           0x000000ff   Thumb Code     0  startup_mini58series.o(.text)
    __aeabi_uidiv                            0x00000105   Thumb Code     0  uidiv.o(.text)
    __aeabi_uidivmod                         0x00000105   Thumb Code    44  uidiv.o(.text)
    rand                                     0x00000131   Thumb Code    18  rand.o(.text)
    srand                                    0x00000143   Thumb Code     6  rand.o(.text)
    __aeabi_uldivmod                         0x00000155   Thumb Code    96  uldiv.o(.text)
    __scatterload                            0x000001b5   Thumb Code    28  init.o(.text)
    __scatterload_rt2                        0x000001b5   Thumb Code     0  init.o(.text)
    __aeabi_llsl                             0x000001d9   Thumb Code    32  llshl.o(.text)
    _ll_shift_l                              0x000001d9   Thumb Code     0  llshl.o(.text)
    __aeabi_llsr                             0x000001f9   Thumb Code    34  llushr.o(.text)
    _ll_ushift_r                             0x000001f9   Thumb Code     0  llushr.o(.text)
    All_Color                                0x0000021d   Thumb Code    28  normal_display.o(i.All_Color)
    All_Off                                  0x0000023d   Thumb Code    24  normal_display.o(i.All_Off)
    BT_Work_Detect                           0x00000311   Thumb Code   164  bt_control.o(i.BT_Work_Detect)
    Blink                                    0x000003bd   Thumb Code   522  normal_display.o(i.Blink)
    Blue_Flash                               0x000005f9   Thumb Code   100  normal_display.o(i.Blue_Flash)
    CLK_DisablePLL                           0x00000675   Thumb Code    12  clk.o(i.CLK_DisablePLL)
    CLK_EnablePLL                            0x00000685   Thumb Code   478  clk.o(i.CLK_EnablePLL)
    CLK_EnableXtalRC                         0x00000899   Thumb Code    18  clk.o(i.CLK_EnableXtalRC)
    CLK_SetCoreClock                         0x000009dd   Thumb Code   122  clk.o(i.CLK_SetCoreClock)
    CLK_SetHCLK                              0x00000a61   Thumb Code    30  clk.o(i.CLK_SetHCLK)
    CLK_WaitClockReady                       0x00000a85   Thumb Code    32  clk.o(i.CLK_WaitClockReady)
    Color_Show                               0x00000e51   Thumb Code   582  normal_display.o(i.Color_Show)
    Count_Down_Control                       0x000015bd   Thumb Code   184  timer_ctrl.o(i.Count_Down_Control)
    Csr1010_Rcv_Data                         0x000016e5   Thumb Code    74  csr1010.o(i.Csr1010_Rcv_Data)
    Csr1010_Snd_Data                         0x00001739   Thumb Code   130  csr1010.o(i.Csr1010_Snd_Data)
    Data_Process                             0x000017c9   Thumb Code    54  data_process.o(i.Data_Process)
    FMC_Erase                                0x00001809   Thumb Code    42  fmc.o(i.FMC_Erase)
    FMC_Open                                 0x00001839   Thumb Code    12  fmc.o(i.FMC_Open)
    FMC_Read                                 0x00001849   Thumb Code    22  fmc.o(i.FMC_Read)
    FMC_Write                                0x00001865   Thumb Code    22  fmc.o(i.FMC_Write)
    Flash_Read_Data                          0x00001881   Thumb Code   150  flash_prgrm.o(i.Flash_Read_Data)
    Flash_Write_Data                         0x00001949   Thumb Code   160  flash_prgrm.o(i.Flash_Write_Data)
    Flower_Bloom                             0x00001a1d   Thumb Code   662  normal_display.o(i.Flower_Bloom)
    GPIO_SetMode                             0x00001cf5   Thumb Code    46  gpio.o(i.GPIO_SetMode)
    Green_Flash                              0x00001d25   Thumb Code   100  normal_display.o(i.Green_Flash)
    Hard_Fault_Handler                       0x00001da1   Thumb Code    16  retarget.o(i.Hard_Fault_Handler)
    Instead                                  0x00001de1   Thumb Code   648  normal_display.o(i.Instead)
    Led_Display                              0x000020bd   Thumb Code   180  display_ctrl.o(i.Led_Display)
    Led_Update                               0x00002175   Thumb Code   246  led_class.o(i.Led_Update)
    MCU_Config                               0x00002279   Thumb Code   164  mcu_config.o(i.MCU_Config)
    Polar_Light                              0x00002385   Thumb Code   342  normal_display.o(i.Polar_Light)
    Red_Flash                                0x00002509   Thumb Code   100  normal_display.o(i.Red_Flash)
    Ripple                                   0x00002585   Thumb Code   504  normal_display.o(i.Ripple)
    Roll                                     0x000027b9   Thumb Code   604  normal_display.o(i.Roll)
    Sea_Wave                                 0x00002a89   Thumb Code   432  normal_display.o(i.Sea_Wave)
    SendChar_ToUART                          0x00002c85   Thumb Code    26  retarget.o(i.SendChar_ToUART)
    Show_1                                   0x00002ca5   Thumb Code   152  show_1.o(i.Show_1)
    Show_1_0                                 0x00002d5d   Thumb Code   300  show_1.o(i.Show_1_0)
    Show_1_1                                 0x00002ec1   Thumb Code  1176  show_1.o(i.Show_1_1)
    Show_1_2                                 0x00003365   Thumb Code   256  show_1.o(i.Show_1_2)
    Show_1_3                                 0x00003495   Thumb Code   842  show_1.o(i.Show_1_3)
    Show_2                                   0x00003829   Thumb Code   162  show_2.o(i.Show_2)
    Show_2_0                                 0x000038f1   Thumb Code   948  show_2.o(i.Show_2_0)
    Show_2_1                                 0x00003cf5   Thumb Code  1196  show_2.o(i.Show_2_1)
    Show_2_2                                 0x000041b5   Thumb Code   870  show_2.o(i.Show_2_2)
    Show_2_3                                 0x00004559   Thumb Code  1190  show_2.o(i.Show_2_3)
    Show_2_4                                 0x00004a1d   Thumb Code   482  show_2.o(i.Show_2_4)
    Show_3                                   0x00004c31   Thumb Code   160  show_3.o(i.Show_3)
    Show_3_0                                 0x00004cf9   Thumb Code  1750  show_3.o(i.Show_3_0)
    Show_3_1                                 0x00005405   Thumb Code  1648  show_3.o(i.Show_3_1)
    Show_3_2                                 0x00005aa9   Thumb Code   388  show_3.o(i.Show_3_2)
    Show_3_3                                 0x00005c5d   Thumb Code   560  show_3.o(i.Show_3_3)
    Show_3_4                                 0x00005ed1   Thumb Code   794  show_3.o(i.Show_3_4)
    Sparkle                                  0x00006231   Thumb Code   574  normal_display.o(i.Sparkle)
    Steady                                   0x000064ad   Thumb Code   120  normal_display.o(i.Steady)
    SystemCoreClockUpdate                    0x000065a1   Thumb Code   130  system_mini58series.o(i.SystemCoreClockUpdate)
    TIMER_GetModuleClock                     0x00006641   Thumb Code    64  timer.o(i.TIMER_GetModuleClock)
    TIMER_Open                               0x00006699   Thumb Code    80  timer.o(i.TIMER_Open)
    UART0_IRQHandler                         0x000066e9   Thumb Code     8  csr1010.o(i.UART0_IRQHandler)
    UART_Open                                0x000066f1   Thumb Code   114  uart.o(i.UART_Open)
    UART_SetTimeoutCnt                       0x00006775   Thumb Code    22  uart.o(i.UART_SetTimeoutCnt)
    Uart_Clear_Buf                           0x0000678d   Thumb Code    40  csr1010.o(i.Uart_Clear_Buf)
    User_Data_Init                           0x000067bd   Thumb Code   232  data_process.o(i.User_Data_Init)
    __0printf$5                              0x000068b9   Thumb Code    24  printf5.o(i.__0printf$5)
    __1printf$5                              0x000068b9   Thumb Code     0  printf5.o(i.__0printf$5)
    __2printf                                0x000068b9   Thumb Code     0  printf5.o(i.__0printf$5)
    __ARM_common_switch8                     0x000068d9   Thumb Code    26  normal_display.o(i.__ARM_common_switch8)
    __scatterload_copy                       0x000068f3   Thumb Code    14  handlers.o(i.__scatterload_copy)
    __scatterload_null                       0x00006901   Thumb Code     2  handlers.o(i.__scatterload_null)
    __scatterload_zeroinit                   0x00006903   Thumb Code    14  handlers.o(i.__scatterload_zeroinit)
    fputc                                    0x00006bed   Thumb Code    12  retarget.o(i.fputc)
    main                                     0x00006bf9   Thumb Code   110  showhomeapp.o(i.main)
    stackDump                                0x00006c79   Thumb Code    70  retarget.o(i.stackDump)
    COLOR_VECTOR                             0x00006d20   Data          54  data_process.o(.constdata)
    Region$$Table$$Base                      0x00006d58   Number         0  anon$$obj.o(Region$$Table)
    Region$$Table$$Limit                     0x00006d78   Number         0  anon$$obj.o(Region$$Table)
    RcvFlag                                  0x20000000   Data           1  csr1010.o(.data)
    RcvByteStatus                            0x20000001   Data           1  csr1010.o(.data)
    ChkSumReply                              0x20000002   Data           4  csr1010.o(.data)
    SynData                                  0x20000006   Data           5  csr1010.o(.data)
    RcvData                                  0x2000000b   Data           6  csr1010.o(.data)
    SynFlag                                  0x20000016   Data           1  data_process.o(.data)
    ChkSumH                                  0x20000017   Data           1  data_process.o(.data)
    ChkSumL                                  0x20000018   Data           1  data_process.o(.data)
    ChkSumRst                                0x20000019   Data           1  data_process.o(.data)
    ChkSumRstSave                            0x2000001a   Data           1  data_process.o(.data)
    PowerOnNum                               0x2000001b   Data           1  data_process.o(.data)
    WdtRstFlag                               0x2000001c   Data           1  data_process.o(.data)
    NewChkSumH                               0x2000001d   Data           1  data_process.o(.data)
    NewChkSumL                               0x2000001e   Data           1  data_process.o(.data)
    ChkSumRstTime                            0x2000001f   Data           1  data_process.o(.data)
    PasswordFlag                             0x20000020   Data           1  data_process.o(.data)
    SynRcvFlag                               0x20000021   Data           1  data_process.o(.data)
    FlagChkTime                              0x20000022   Data           1  data_process.o(.data)
    FlagChkFlag                              0x20000023   Data           1  data_process.o(.data)
    RndSeed                                  0x20000024   Data           2  display_ctrl.o(.data)
    DisplayData                              0x20000026   Data           4  display_ctrl.o(.data)
    ColorNum                                 0x2000002a   Data           1  display_ctrl.o(.data)
    TempCnt                                  0x2000002b   Data           1  display_ctrl.o(.data)
    TempLed                                  0x2000002c   Data           1  display_ctrl.o(.data)
    LedCnt                                   0x2000002d   Data           1  display_ctrl.o(.data)
    TempR                                    0x2000002e   Data           1  display_ctrl.o(.data)
    TempG                                    0x2000002f   Data           1  display_ctrl.o(.data)
    TempB                                    0x20000030   Data           1  display_ctrl.o(.data)
    FadeR                                    0x20000031   Data           1  display_ctrl.o(.data)
    FadeG                                    0x20000032   Data           1  display_ctrl.o(.data)
    FadeB                                    0x20000033   Data           1  display_ctrl.o(.data)
    TempColor                                0x20000034   Data           1  display_ctrl.o(.data)
    TempGrp                                  0x20000035   Data           1  display_ctrl.o(.data)
    SpeedTime                                0x20000036   Data           1  display_ctrl.o(.data)
    KeepTime                                 0x20000037   Data           1  display_ctrl.o(.data)
    ShowMode                                 0x20000038   Data           1  display_ctrl.o(.data)
    ShowInit                                 0x20000039   Data           1  display_ctrl.o(.data)
    HorseCnt                                 0x2000003a   Data           1  display_ctrl.o(.data)
    RndCnt                                   0x2000003b   Data           1  display_ctrl.o(.data)
    SteadyTime                               0x2000003c   Data           1  display_ctrl.o(.data)
    TimeLine                                 0x2000003e   Data           2  display_ctrl.o(.data)
    TempStep                                 0x20000040   Data           1  display_ctrl.o(.data)
    StepCnt                                  0x20000041   Data           1  display_ctrl.o(.data)
    HorseOrder                               0x20000042   Data           2  display_ctrl.o(.data)
    HorseTotal                               0x20000044   Data           2  display_ctrl.o(.data)
    ModeSynFlag                              0x20000046   Data           1  display_ctrl.o(.data)
    FlashSaveFlag                            0x20000047   Data           1  flash_prgrm.o(.data)
    DirectFlag                               0x20000048   Data           1  led_class.o(.data)
    HseStatus                                0x20000049   Data           1  mcu_config.o(.data)
    TimerData                                0x2000004c   Data           8  timer_ctrl.o(.data)
    BtConStatus                              0x20000055   Data           1  bt_control.o(.data)
    BtRcvDataFlag                            0x20000056   Data           1  bt_control.o(.data)
    BtPowerInitFlag                          0x20000057   Data           1  bt_control.o(.data)
    __stdout                                 0x20000060   Data           4  retarget.o(.data)
    __HSI                                    0x20000064   Data           4  system_mini58series.o(.data)
    PllClock                                 0x20000068   Data           4  system_mini58series.o(.data)
    SystemCoreClock                          0x2000006c   Data           4  system_mini58series.o(.data)
    CyclesPerUs                              0x20000070   Data           4  system_mini58series.o(.data)
    SndData                                  0x20000078   Data           9  csr1010.o(.bss)
    RcvBuffer                                0x20000081   Data          16  csr1010.o(.bss)
    ColorData                                0x20000091   Data          48  display_ctrl.o(.bss)
    ModeTime                                 0x200000c1   Data          50  display_ctrl.o(.bss)
    ModeStep                                 0x200000f3   Data          50  display_ctrl.o(.bss)
    HoldTime                                 0x20000125   Data          50  display_ctrl.o(.bss)
    ModeColor                                0x20000157   Data          50  display_ctrl.o(.bss)
    ModeLed                                  0x20000189   Data          50  display_ctrl.o(.bss)
    LedData                                  0x200001bb   Data          63  led_class.o(.bss)
    __initial_sp                             0x20000400   Data           0  startup_mini58series.o(STACK)



==============================================================================

Memory Map of the image

  Image Entry point : 0x000000f1

  Load Region LR_IROM1 (Base: 0x00000000, Size: 0x00006df0, Max: 0x00008000, ABSOLUTE)

    Execution Region ER_IROM1 (Base: 0x00000000, Size: 0x00006d78, Max: 0x00008000, ABSOLUTE)

    Base Addr    Size         Type   Attr      Idx    E Section Name        Object

    0x00000000   0x000000c0   Data   RO         1555    RESET               startup_mini58series.o
    0x000000c0   0x00000000   Code   RO         1593  * .ARM.Collect$$$$00000000  mc_p.l(entry.o)
    0x000000c0   0x00000004   Code   RO         1870    .ARM.Collect$$$$00000001  mc_p.l(entry2.o)
    0x000000c4   0x00000004   Code   RO         1873    .ARM.Collect$$$$00000004  mc_p.l(entry5.o)
    0x000000c8   0x00000000   Code   RO         1875    .ARM.Collect$$$$00000008  mc_p.l(entry7b.o)
    0x000000c8   0x00000000   Code   RO         1877    .ARM.Collect$$$$0000000A  mc_p.l(entry8b.o)
    0x000000c8   0x00000008   Code   RO         1878    .ARM.Collect$$$$0000000B  mc_p.l(entry9a.o)
    0x000000d0   0x00000000   Code   RO         1880    .ARM.Collect$$$$0000000D  mc_p.l(entry10a.o)
    0x000000d0   0x00000000   Code   RO         1882    .ARM.Collect$$$$0000000F  mc_p.l(entry11a.o)
    0x000000d0   0x00000004   Code   RO         1871    .ARM.Collect$$$$00002712  mc_p.l(entry2.o)
    0x000000d4   0x0000001c   Code   RO         1465    .emb_text           retarget.o
    0x000000f0   0x00000014   Code   RO         1556  * .text               startup_mini58series.o
    0x00000104   0x0000002c   Code   RO         1596    .text               mc_p.l(uidiv.o)
    0x00000130   0x00000024   Code   RO         1598    .text               mc_p.l(rand.o)
    0x00000154   0x00000060   Code   RO         1884    .text               mc_p.l(uldiv.o)
    0x000001b4   0x00000024   Code   RO         1899    .text               mc_p.l(init.o)
    0x000001d8   0x00000020   Code   RO         1901    .text               mc_p.l(llshl.o)
    0x000001f8   0x00000022   Code   RO         1903    .text               mc_p.l(llushr.o)
    0x0000021a   0x00000002   PAD
    0x0000021c   0x00000020   Code   RO            3    i.All_Color         normal_display.o
    0x0000023c   0x0000001c   Code   RO            4    i.All_Off           normal_display.o
    0x00000258   0x000000b8   Code   RO          675    i.BT_Power_Control  bt_control.o
    0x00000310   0x000000ac   Code   RO          676    i.BT_Work_Detect    bt_control.o
    0x000003bc   0x0000023c   Code   RO            5    i.Blink             normal_display.o
    0x000005f8   0x0000007c   Code   RO            6    i.Blue_Flash        normal_display.o
    0x00000674   0x00000010   Code   RO          708    i.CLK_DisablePLL    clk.o
    0x00000684   0x00000214   Code   RO          713    i.CLK_EnablePLL     clk.o
    0x00000898   0x00000018   Code   RO          715    i.CLK_EnableXtalRC  clk.o
    0x000008b0   0x00000058   Code   RO         1365    i.CLK_GetPLLClockFreq  uart.o
    0x00000908   0x000000d4   Code   RO          578    i.CLK_Init          mcu_config.o
    0x000009dc   0x00000084   Code   RO          722    i.CLK_SetCoreClock  clk.o
    0x00000a60   0x00000024   Code   RO          723    i.CLK_SetHCLK       clk.o
    0x00000a84   0x00000028   Code   RO          727    i.CLK_WaitClockReady  clk.o
    0x00000aac   0x000003a4   Code   RO          391    i.CSR1010_Process   data_process.o
    0x00000e50   0x00000280   Code   RO            7    i.Color_Show        normal_display.o
    0x000010d0   0x000004ec   Code   RO          392    i.Color_Value_Get   data_process.o
    0x000015bc   0x000000c4   Code   RO          646    i.Count_Down_Control  timer_ctrl.o
    0x00001680   0x00000064   Code   RO          341    i.Csr1010_Rcv_Byte  csr1010.o
    0x000016e4   0x00000054   Code   RO          342    i.Csr1010_Rcv_Data  csr1010.o
    0x00001738   0x00000090   Code   RO          343    i.Csr1010_Snd_Data  csr1010.o
    0x000017c8   0x00000040   Code   RO          393    i.Data_Process      data_process.o
    0x00001808   0x00000030   Code   RO          854    i.FMC_Erase         fmc.o
    0x00001838   0x00000010   Code   RO          858    i.FMC_Open          fmc.o
    0x00001848   0x0000001c   Code   RO          859    i.FMC_Read          fmc.o
    0x00001864   0x0000001c   Code   RO          867    i.FMC_Write         fmc.o
    0x00001880   0x000000c8   Code   RO          511    i.Flash_Read_Data   flash_prgrm.o
    0x00001948   0x000000d4   Code   RO          512    i.Flash_Write_Data  flash_prgrm.o
    0x00001a1c   0x000002d8   Code   RO            8    i.Flower_Bloom      normal_display.o
    0x00001cf4   0x0000002e   Code   RO          981    i.GPIO_SetMode      gpio.o
    0x00001d22   0x00000002   PAD
    0x00001d24   0x0000007c   Code   RO            9    i.Green_Flash       normal_display.o
    0x00001da0   0x00000028   Code   RO         1467    i.Hard_Fault_Handler  retarget.o
    0x00001dc8   0x00000016   Code   RO          394    i.Hex_To_Char       data_process.o
    0x00001dde   0x00000002   PAD
    0x00001de0   0x000002dc   Code   RO           10    i.Instead           normal_display.o
    0x000020bc   0x000000b8   Code   RO          449    i.Led_Display       display_ctrl.o
    0x00002174   0x00000104   Code   RO          551    i.Led_Update        led_class.o
    0x00002278   0x000000c8   Code   RO          579    i.MCU_Config        mcu_config.o
    0x00002340   0x00000044   Code   RO          395    i.Password_Process  data_process.o
    0x00002384   0x00000184   Code   RO           11    i.Polar_Light       normal_display.o
    0x00002508   0x0000007c   Code   RO           12    i.Red_Flash         normal_display.o
    0x00002584   0x00000234   Code   RO           13    i.Ripple            normal_display.o
    0x000027b8   0x00000298   Code   RO           14    i.Roll              normal_display.o
    0x00002a50   0x0000001c   Code   RO          513    i.SYS_UnlockReg     flash_prgrm.o
    0x00002a6c   0x0000001c   Code   RO          580    i.SYS_UnlockReg     mcu_config.o
    0x00002a88   0x000001fc   Code   RO           15    i.Sea_Wave          normal_display.o
    0x00002c84   0x00000020   Code   RO         1470    i.SendChar_ToUART   retarget.o
    0x00002ca4   0x000000b8   Code   RO          197    i.Show_1            show_1.o
    0x00002d5c   0x00000164   Code   RO          198    i.Show_1_0          show_1.o
    0x00002ec0   0x000004a4   Code   RO          199    i.Show_1_1          show_1.o
    0x00003364   0x00000130   Code   RO          200    i.Show_1_2          show_1.o
    0x00003494   0x00000394   Code   RO          201    i.Show_1_3          show_1.o
    0x00003828   0x000000c8   Code   RO          241    i.Show_2            show_2.o
    0x000038f0   0x00000404   Code   RO          242    i.Show_2_0          show_2.o
    0x00003cf4   0x000004c0   Code   RO          243    i.Show_2_1          show_2.o
    0x000041b4   0x000003a4   Code   RO          244    i.Show_2_2          show_2.o
    0x00004558   0x000004c4   Code   RO          245    i.Show_2_3          show_2.o
    0x00004a1c   0x00000214   Code   RO          246    i.Show_2_4          show_2.o
    0x00004c30   0x000000c8   Code   RO          291    i.Show_3            show_3.o
    0x00004cf8   0x0000070c   Code   RO          292    i.Show_3_0          show_3.o
    0x00005404   0x000006a4   Code   RO          293    i.Show_3_1          show_3.o
    0x00005aa8   0x000001b4   Code   RO          294    i.Show_3_2          show_3.o
    0x00005c5c   0x00000274   Code   RO          295    i.Show_3_3          show_3.o
    0x00005ed0   0x00000360   Code   RO          296    i.Show_3_4          show_3.o
    0x00006230   0x0000027c   Code   RO           16    i.Sparkle           normal_display.o
    0x000064ac   0x00000094   Code   RO           17    i.Steady            normal_display.o
    0x00006540   0x00000060   Code   RO          396    i.Syn_Process       data_process.o
    0x000065a0   0x000000a0   Code   RO         1562    i.SystemCoreClockUpdate  system_mini58series.o
    0x00006640   0x00000058   Code   RO         1309    i.TIMER_GetModuleClock  timer.o
    0x00006698   0x00000050   Code   RO         1310    i.TIMER_Open        timer.o
    0x000066e8   0x00000008   Code   RO          344    i.UART0_IRQHandler  csr1010.o
    0x000066f0   0x00000084   Code   RO         1372    i.UART_Open         uart.o
    0x00006774   0x00000016   Code   RO         1377    i.UART_SetTimeoutCnt  uart.o
    0x0000678a   0x00000002   PAD
    0x0000678c   0x00000030   Code   RO          345    i.Uart_Clear_Buf    csr1010.o
    0x000067bc   0x000000fc   Code   RO          397    i.User_Data_Init    data_process.o
    0x000068b8   0x00000020   Code   RO         1734    i.__0printf$5       mc_p.l(printf5.o)
    0x000068d8   0x0000001a   Code   RO          103    i.__ARM_common_switch8  normal_display.o
    0x000068f2   0x0000000e   Code   RO         1913    i.__scatterload_copy  mc_p.l(handlers.o)
    0x00006900   0x00000002   Code   RO         1914    i.__scatterload_null  mc_p.l(handlers.o)
    0x00006902   0x0000000e   Code   RO         1915    i.__scatterload_zeroinit  mc_p.l(handlers.o)
    0x00006910   0x000002dc   Code   RO         1741    i._printf_core      mc_p.l(printf5.o)
    0x00006bec   0x0000000c   Code   RO         1474    i.fputc             retarget.o
    0x00006bf8   0x00000080   Code   RO          620    i.main              showhomeapp.o
    0x00006c78   0x000000a8   Code   RO         1476    i.stackDump         retarget.o
    0x00006d20   0x00000036   Data   RO          398    .constdata          data_process.o
    0x00006d56   0x00000002   PAD
    0x00006d58   0x00000020   Data   RO         1911    Region$$Table       anon$$obj.o


    Execution Region RW_IRAM1 (Base: 0x20000000, Size: 0x00000400, Max: 0x00001000, ABSOLUTE)

    Base Addr    Size         Type   Attr      Idx    E Section Name        Object

    0x20000000   0x00000011   Data   RW          347    .data               csr1010.o
    0x20000011   0x00000013   Data   RW          399    .data               data_process.o
    0x20000024   0x00000006   Data   RW          456    .data               display_ctrl.o
    0x2000002a   0x00000001   Data   RW          457    .data               display_ctrl.o
    0x2000002b   0x00000001   Data   RW          458    .data               display_ctrl.o
    0x2000002c   0x00000001   Data   RW          459    .data               display_ctrl.o
    0x2000002d   0x00000001   Data   RW          460    .data               display_ctrl.o
    0x2000002e   0x00000001   Data   RW          461    .data               display_ctrl.o
    0x2000002f   0x00000001   Data   RW          462    .data               display_ctrl.o
    0x20000030   0x00000001   Data   RW          463    .data               display_ctrl.o
    0x20000031   0x00000001   Data   RW          465    .data               display_ctrl.o
    0x20000032   0x00000001   Data   RW          466    .data               display_ctrl.o
    0x20000033   0x00000001   Data   RW          467    .data               display_ctrl.o
    0x20000034   0x00000001   Data   RW          468    .data               display_ctrl.o
    0x20000035   0x00000001   Data   RW          469    .data               display_ctrl.o
    0x20000036   0x00000001   Data   RW          470    .data               display_ctrl.o
    0x20000037   0x00000001   Data   RW          471    .data               display_ctrl.o
    0x20000038   0x00000001   Data   RW          472    .data               display_ctrl.o
    0x20000039   0x00000001   Data   RW          473    .data               display_ctrl.o
    0x2000003a   0x00000001   Data   RW          474    .data               display_ctrl.o
    0x2000003b   0x00000001   Data   RW          476    .data               display_ctrl.o
    0x2000003c   0x00000001   Data   RW          477    .data               display_ctrl.o
    0x2000003d   0x00000001   PAD
    0x2000003e   0x00000002   Data   RW          478    .data               display_ctrl.o
    0x20000040   0x00000001   Data   RW          479    .data               display_ctrl.o
    0x20000041   0x00000001   Data   RW          480    .data               display_ctrl.o
    0x20000042   0x00000002   Data   RW          481    .data               display_ctrl.o
    0x20000044   0x00000002   Data   RW          482    .data               display_ctrl.o
    0x20000046   0x00000001   Data   RW          486    .data               display_ctrl.o
    0x20000047   0x00000001   Data   RW          514    .data               flash_prgrm.o
    0x20000048   0x00000001   Data   RW          553    .data               led_class.o
    0x20000049   0x00000001   Data   RW          581    .data               mcu_config.o
    0x2000004a   0x0000000a   Data   RW          647    .data               timer_ctrl.o
    0x20000054   0x0000000b   Data   RW          677    .data               bt_control.o
    0x2000005f   0x00000001   PAD
    0x20000060   0x00000004   Data   RW         1477    .data               retarget.o
    0x20000064   0x00000004   Data   RW         1564    .data               system_mini58series.o
    0x20000068   0x0000000c   Data   RW         1565    .data               system_mini58series.o
    0x20000074   0x00000004   Data   RW         1599    .data               mc_p.l(rand.o)
    0x20000078   0x00000019   Zero   RW          346    .bss                csr1010.o
    0x20000091   0x00000030   Zero   RW          450    .bss                display_ctrl.o
    0x200000c1   0x00000032   Zero   RW          451    .bss                display_ctrl.o
    0x200000f3   0x00000032   Zero   RW          452    .bss                display_ctrl.o
    0x20000125   0x00000032   Zero   RW          453    .bss                display_ctrl.o
    0x20000157   0x00000032   Zero   RW          454    .bss                display_ctrl.o
    0x20000189   0x00000032   Zero   RW          455    .bss                display_ctrl.o
    0x200001bb   0x0000003f   Zero   RW          552    .bss                led_class.o
    0x200001fa   0x00000006   PAD
    0x20000200   0x00000200   Zero   RW         1553    STACK               startup_mini58series.o


==============================================================================

Image component sizes


      Code (inc. data)   RO Data    RW Data    ZI Data      Debug   Object Name

       356         24          0         11          0       2037   bt_control.o
       780         88          0          0          0      10366   clk.o
       384         44          0         17         25       4544   csr1010.o
      2694        192         54         19          0       7577   data_process.o
       184         14          0         34        298       3130   display_ctrl.o
       440        106          0          1          0       8845   flash_prgrm.o
       120         22          0          0          0     125456   fmc.o
        46          0          0          0          0        883   gpio.o
       260         14          0          1         63       1834   led_class.o
       440         66          0          1          0      11793   mcu_config.o
      6038        708          0          0          0     140799   normal_display.o
       280        132          0          4          0       4362   retarget.o
      2948        362          0          0          0       4929   show_1.o
      5128        480          0          0          0       7520   show_2.o
      5632        600          0          0          0       7884   show_3.o
       128         18          0          0          0       3011   showhomeapp.o
        20          4        192          0        512        624   startup_mini58series.o
       160         30          0         16          0       1209   system_mini58series.o
       168         24          0          0          0       1676   timer.o
       196         12          0         10          0       3965   timer_ctrl.o
       242         36          0          0          0       2293   uart.o

    ----------------------------------------------------------------------
     26650       2976        280        116        904     354737   Object Totals
         0          0         32          0          0          0   (incl. Generated)
         6          0          2          2          6          0   (incl. Padding)

    ----------------------------------------------------------------------

      Code (inc. data)   RO Data    RW Data    ZI Data      Debug   Library Member Name

         0          0          0          0          0          0   entry.o
         0          0          0          0          0          0   entry10a.o
         0          0          0          0          0          0   entry11a.o
         8          4          0          0          0          0   entry2.o
         4          0          0          0          0          0   entry5.o
         0          0          0          0          0          0   entry7b.o
         0          0          0          0          0          0   entry8b.o
         8          4          0          0          0          0   entry9a.o
        30          0          0          0          0          0   handlers.o
        36          8          0          0          0         68   init.o
        32          0          0          0          0         68   llshl.o
        34          0          0          0          0         68   llushr.o
       764         52          0          0          0        168   printf5.o
        36         12          0          4          0        120   rand.o
        44          0          0          0          0         72   uidiv.o
        96          0          0          0          0         84   uldiv.o

    ----------------------------------------------------------------------
      1094         80          0          4          0        648   Library Totals
         2          0          0          0          0          0   (incl. Padding)

    ----------------------------------------------------------------------

      Code (inc. data)   RO Data    RW Data    ZI Data      Debug   Library Name

      1092         80          0          4          0        648   mc_p.l

    ----------------------------------------------------------------------
      1094         80          0          4          0        648   Library Totals

    ----------------------------------------------------------------------

==============================================================================


      Code (inc. data)   RO Data    RW Data    ZI Data      Debug   

     27744       3056        280        120        904     351877   Grand Totals
     27744       3056        280        120        904     351877   ELF Image Totals
     27744       3056        280        120          0          0   ROM Totals

==============================================================================

    Total RO  Size (Code + RO Data)                28024 (  27.37kB)
    Total RW  Size (RW Data + ZI Data)              1024 (   1.00kB)
    Total ROM Size (Code + RO Data + RW Data)      28144 (  27.48kB)

==============================================================================

