BL51 BANKED LINKER/LOCATER V6.22                                                        04/16/2018  20:02:15  PAGE 1


BL51 BANKED LINKER/LOCATER V6.22, INVOKED BY:
C:\KEIL\C51\C51\BIN\BL51.EXE .\HexDocument\STARTUP.obj, .\HexDocument\AL67D.obj, .\HexDocument\KeyScan.obj, .\HexDocumen
>> t\Led_Display.obj, .\HexDocument\MCU_Config.obj, .\HexDocument\Motor.obj, .\HexDocument\Ntc_Msr.obj, .\HexDocument\CS
>> R1010.obj, .\HexDocument\Data_Process.obj, .\HexDocument\Flash_Prgrm.obj, .\HexDocument\Led_Class.obj, .\HexDocument\
>> Timer_Ctrl.obj, .\HexDocument\BT_Control.obj TO .\HexDocument\AL67D PRINT (.\AL67D.m51) RAMSIZE (256)


MEMORY MODEL: SMALL


INPUT MODULES INCLUDED:
  .\HexDocument\STARTUP.obj (?C_STARTUP)
  .\HexDocument\AL67D.obj (AL67D)
  .\HexDocument\KeyScan.obj (KEYSCAN)
  .\HexDocument\Led_Display.obj (LED_DISPLAY)
  .\HexDocument\MCU_Config.obj (MCU_CONFIG)
  .\HexDocument\Motor.obj (MOTOR)
  .\HexDocument\Ntc_Msr.obj (NTC_MSR)
  .\HexDocument\CSR1010.obj (CSR1010)
  .\HexDocument\Data_Process.obj (DATA_PROCESS)
  .\HexDocument\Flash_Prgrm.obj (FLASH_PRGRM)
  .\HexDocument\Led_Class.obj (LED_CLASS)
  .\HexDocument\Timer_Ctrl.obj (TIMER_CTRL)
  .\HexDocument\BT_Control.obj (BT_CONTROL)
  C:\KEIL\C51\C51\LIB\C51S.LIB (?C_INIT)
  C:\KEIL\C51\C51\LIB\C51S.LIB (?C?CLDOPTR)
  C:\KEIL\C51\C51\LIB\C51S.LIB (?C?UIDIV)
  C:\KEIL\C51\C51\LIB\C51S.LIB (?C?SIDIV)
  C:\KEIL\C51\C51\LIB\C51S.LIB (?C?CCASE)
  C:\KEIL\C51\C51\LIB\C51S.LIB (RAND)


LINK MAP OF MODULE:  .\HexDocument\AL67D (?C_STARTUP)


            TYPE    BASE      LENGTH    RELOCATION   SEGMENT NAME
            -----------------------------------------------------

            * * * * * * *   D A T A   M E M O R Y   * * * * * * *
            REG     0000H     0008H     ABSOLUTE     "REG BANK 0"
            DATA    0008H     001DH     UNIT         ?DT?DATA_PROCESS
            DATA    0025H     001CH     UNIT         ?DT?LED_DISPLAY
            DATA    0041H     0019H     UNIT         ?DT?CSR1010
            DATA    005AH     000BH     UNIT         ?DT?MOTOR
            DATA    0065H     0008H     UNIT         ?DT?TIMER_CTRL
            DATA    006DH     0007H     UNIT         _DATA_GROUP_
            DATA    0074H     0004H     UNIT         ?DT?LED_CLASS
            DATA    0078H     0004H     UNIT         ?DT?RAND?RAND
            DATA    007CH     0001H     UNIT         ?DT?MCU_CONFIG
            DATA    007DH     0001H     UNIT         ?DT?NTC_MSR
            DATA    007EH     0001H     UNIT         ?DT?FLASH_PRGRM
            IDATA   007FH     0022H     UNIT         ?ID?LED_DISPLAY
            IDATA   00A1H     0012H     UNIT         ?ID?DATA_PROCESS
            IDATA   00B3H     000BH     UNIT         ?ID?BT_CONTROL
            IDATA   00BEH     000AH     UNIT         ?ID?CSR1010
            IDATA   00C8H     0005H     UNIT         ?ID?NTC_MSR
            IDATA   00CDH     0004H     UNIT         ?ID?MOTOR
            IDATA   00D1H     0003H     UNIT         ?ID?KEYSCAN
BL51 BANKED LINKER/LOCATER V6.22                                                      04/16/2018  20:02:15  PAGE 2


            IDATA   00D4H     0001H     UNIT         ?STACK

            * * * * * * *  X D A T A   M E M O R Y  * * * * * * *
            XDATA   0000H     0002H     UNIT         ?XD?TIMER_CTRL

            * * * * * * *   C O D E   M E M O R Y   * * * * * * *
            CODE    0000H     0003H     ABSOLUTE     
            CODE    0003H     0007H     UNIT         ?PR?_BYTE_READ_FROM_APROM?FLASH_PRGRM
                    000AH     0001H                  *** GAP ***
            CODE    000BH     0003H     ABSOLUTE     
            CODE    000EH     006DH     UNIT         ?PR?MOTOR_DUTY_CONTROL?MOTOR
            CODE    007BH     0003H     ABSOLUTE     
            CODE    007EH     013FH     UNIT         ?PR?USER_DATA_INIT?DATA_PROCESS
            CODE    01BDH     0040H     UNIT         ?PR?LED_DUTY_CONTROL?AL67D
                    01FDH     0003H                  *** GAP ***
            CODE    0200H     0080H     ABSOLUTE     
            CODE    0280H     030FH     UNIT         ?PR?CSR1010_PROCESS?DATA_PROCESS
            CODE    058FH     0247H     UNIT         ?PR?SHOW_3_4?LED_DISPLAY
            CODE    07D6H     0242H     UNIT         ?PR?SHOW_2_3?LED_DISPLAY
            CODE    0A18H     023BH     UNIT         ?PR?SHOW_3_2?LED_DISPLAY
            CODE    0C53H     01A4H     UNIT         ?PR?SHOW_2_4?LED_DISPLAY
            CODE    0DF7H     0186H     UNIT         ?PR?SHOW_2_2?LED_DISPLAY
            CODE    0F7DH     013EH     UNIT         ?PR?SHOW_3_1?LED_DISPLAY
            CODE    10BBH     00F8H     UNIT         ?PR?BYTE_WRITE_TO_APROM?FLASH_PRGRM
            CODE    11B3H     00DEH     UNIT         ?C?LIB_CODE
            CODE    1291H     00CDH     UNIT         ?PR?SHOW_1_2?LED_DISPLAY
            CODE    135EH     00C7H     UNIT         ?PR?SHOW_1_4?LED_DISPLAY
            CODE    1425H     00B7H     UNIT         ?PR?_FADE?LED_DISPLAY
            CODE    14DCH     00B3H     UNIT         ?PR?KEY_PROCESS?DATA_PROCESS
            CODE    158FH     00ABH     UNIT         ?PR?SHOW_3_3?LED_DISPLAY
            CODE    163AH     009EH     UNIT         ?PR?SHOW_2?LED_DISPLAY
            CODE    16D8H     009EH     UNIT         ?PR?SHOW_3?LED_DISPLAY
            CODE    1776H     009CH     UNIT         ?PR?COUNT_DOWN_CONTROL?TIMER_CTRL
            CODE    1812H     009AH     UNIT         ?PR?NTC_MSR?NTC_MSR
            CODE    18ACH     0098H     UNIT         ?PR?SHOW_1?LED_DISPLAY
            CODE    1944H     008CH     UNIT         ?C_C51STARTUP
            CODE    19D0H     0079H     UNIT         ?PR?BT_POWER_CONTROL?BT_CONTROL
            CODE    1A49H     0076H     UNIT         ?PR?BT_WORK_DETECT?BT_CONTROL
            CODE    1ABFH     006EH     UNIT         ?PR?_FLASH?LED_DISPLAY
            CODE    1B2DH     006DH     UNIT         ?PR?_COLOR_VALUE_GET?DATA_PROCESS
            CODE    1B9AH     006AH     UNIT         ?PR?CSR1010_SND_DATA?CSR1010
            CODE    1C04H     0069H     UNIT         ?PR?TMPRTR_PROCESS?DATA_PROCESS
            CODE    1C6DH     0063H     UNIT         ?PR?SHOW_2_1?LED_DISPLAY
            CODE    1CD0H     0057H     UNIT         ?PR?BLUE_FLASH?LED_DISPLAY
            CODE    1D27H     0057H     UNIT         ?PR?GREEN_FLASH?LED_DISPLAY
            CODE    1D7EH     0057H     UNIT         ?PR?RED_FLASH?LED_DISPLAY
            CODE    1DD5H     0054H     UNIT         ?C_INITSEG
            CODE    1E29H     0050H     UNIT         ?PR?LED_DISPLAY?LED_DISPLAY
            CODE    1E79H     0050H     UNIT         ?PR?_CRC16_CAL?DATA_PROCESS
            CODE    1EC9H     004FH     UNIT         ?PR?CSR1010_RCV_DATA?CSR1010
            CODE    1F18H     004DH     UNIT         ?PR?RAND?RAND
            CODE    1F65H     004AH     UNIT         ?PR?AD_VAL_GET?NTC_MSR
            CODE    1FAFH     0049H     UNIT         ?PR?CLK_INIT?MCU_CONFIG
            CODE    1FF8H     0048H     UNIT         ?PR?UART_INTERRUPT?CSR1010
            CODE    2040H     003EH     UNIT         ?PR?TIM_INIT?MCU_CONFIG
            CODE    207EH     0037H     UNIT         ?PR?MAIN?AL67D
            CODE    20B5H     0037H     UNIT         ?PR?UART_INIT?MCU_CONFIG
BL51 BANKED LINKER/LOCATER V6.22                                                      04/16/2018  20:02:15  PAGE 3


            CODE    20ECH     0036H     UNIT         ?PR?KEY_SCAN?KEYSCAN
            CODE    2122H     0033H     UNIT         ?PR?SHOW_1_1?LED_DISPLAY
            CODE    2155H     0033H     UNIT         ?PR?SHOW_1_3?LED_DISPLAY
            CODE    2188H     0033H     UNIT         ?PR?CSR1010_RCV_BYTE?CSR1010
            CODE    21BBH     0033H     UNIT         ?PR?LED_UPDATE?LED_CLASS
            CODE    21EEH     002EH     UNIT         ?PR?PASSWORD_PROCESS?DATA_PROCESS
            CODE    221CH     002CH     UNIT         ?PR?MOTOR_CONTROL?MOTOR
            CODE    2248H     002AH     UNIT         ?PR?COUNT_DOWN_PROCESS?DATA_PROCESS
            CODE    2272H     0028H     UNIT         ?PR?GPIO_INIT?MCU_CONFIG
            CODE    229AH     0020H     UNIT         ?PR?_HEX_TO_CHAR?DATA_PROCESS
            CODE    22BAH     0019H     UNIT         ?PR?MCU_CONFIG?MCU_CONFIG
            CODE    22D3H     0018H     UNIT         ?PR?SYN_PROCESS?DATA_PROCESS
            CODE    22EBH     0016H     UNIT         ?PR?FADE_INIT?LED_DISPLAY
            CODE    2301H     0015H     UNIT         ?PR?ADC_INIT?MCU_CONFIG
            CODE    2316H     0012H     UNIT         ?PR?STEADY?LED_DISPLAY
            CODE    2328H     0012H     UNIT         ?PR?FLASH_INIT?LED_DISPLAY
            CODE    233AH     0012H     UNIT         ?PR?DATA_PROCESS?DATA_PROCESS
            CODE    234CH     000FH     UNIT         ?PR?ALL_OFF?LED_DISPLAY
            CODE    235BH     000AH     UNIT         ?PR?WDT_INIT?MCU_CONFIG
            CODE    2365H     000AH     UNIT         ?PR?_CSR1010_SND_BYTE?CSR1010
            CODE    236FH     0004H     UNIT         ?PR?CSR1010_INIT?CSR1010



OVERLAY MAP OF MODULE:   .\HexDocument\AL67D (?C_STARTUP)


SEGMENT                                         DATA_GROUP 
  +--> CALLED SEGMENT                         START    LENGTH
-------------------------------------------------------------
?C_C51STARTUP                                 -----    -----
  +--> ?PR?MAIN?AL67D
  +--> ?C_INITSEG

?PR?MAIN?AL67D                                -----    -----
  +--> ?PR?MCU_CONFIG?MCU_CONFIG
  +--> ?PR?USER_DATA_INIT?DATA_PROCESS
  +--> ?PR?CSR1010_INIT?CSR1010
  +--> ?PR?CSR1010_RCV_DATA?CSR1010
  +--> ?PR?DATA_PROCESS?DATA_PROCESS
  +--> ?PR?CSR1010_SND_DATA?CSR1010
  +--> ?PR?LED_DISPLAY?LED_DISPLAY
  +--> ?PR?NTC_MSR?NTC_MSR
  +--> ?PR?KEY_SCAN?KEYSCAN
  +--> ?PR?MOTOR_CONTROL?MOTOR
  +--> ?PR?COUNT_DOWN_CONTROL?TIMER_CTRL
  +--> ?PR?BYTE_WRITE_TO_APROM?FLASH_PRGRM
  +--> ?PR?BT_WORK_DETECT?BT_CONTROL

?PR?MCU_CONFIG?MCU_CONFIG                     -----    -----
  +--> ?PR?CLK_INIT?MCU_CONFIG
  +--> ?PR?GPIO_INIT?MCU_CONFIG
  +--> ?PR?TIM_INIT?MCU_CONFIG
  +--> ?PR?ADC_INIT?MCU_CONFIG
  +--> ?PR?UART_INIT?MCU_CONFIG
  +--> ?PR?WDT_INIT?MCU_CONFIG

BL51 BANKED LINKER/LOCATER V6.22                                                      04/16/2018  20:02:15  PAGE 4


?PR?USER_DATA_INIT?DATA_PROCESS               -----    -----
  +--> ?PR?_BYTE_READ_FROM_APROM?FLASH_PRGRM
  +--> ?PR?_COLOR_VALUE_GET?DATA_PROCESS
  +--> ?PR?_HEX_TO_CHAR?DATA_PROCESS

?PR?DATA_PROCESS?DATA_PROCESS                 -----    -----
  +--> ?PR?KEY_PROCESS?DATA_PROCESS
  +--> ?PR?TMPRTR_PROCESS?DATA_PROCESS
  +--> ?PR?COUNT_DOWN_PROCESS?DATA_PROCESS
  +--> ?PR?PASSWORD_PROCESS?DATA_PROCESS
  +--> ?PR?SYN_PROCESS?DATA_PROCESS
  +--> ?PR?CSR1010_PROCESS?DATA_PROCESS

?PR?KEY_PROCESS?DATA_PROCESS                  -----    -----
  +--> ?PR?_COLOR_VALUE_GET?DATA_PROCESS

?PR?CSR1010_PROCESS?DATA_PROCESS              006DH    0002H
  +--> ?PR?_COLOR_VALUE_GET?DATA_PROCESS
  +--> ?PR?_CRC16_CAL?DATA_PROCESS
  +--> ?PR?_HEX_TO_CHAR?DATA_PROCESS

?PR?_CRC16_CAL?DATA_PROCESS                   006FH    0005H

?PR?CSR1010_SND_DATA?CSR1010                  006DH    0001H
  +--> ?PR?_CSR1010_SND_BYTE?CSR1010

?PR?LED_DISPLAY?LED_DISPLAY                   -----    -----
  +--> ?PR?ALL_OFF?LED_DISPLAY
  +--> ?PR?STEADY?LED_DISPLAY
  +--> ?PR?_FLASH?LED_DISPLAY
  +--> ?PR?_FADE?LED_DISPLAY
  +--> ?PR?SHOW_1?LED_DISPLAY
  +--> ?PR?SHOW_2?LED_DISPLAY
  +--> ?PR?SHOW_3?LED_DISPLAY
  +--> ?PR?BLUE_FLASH?LED_DISPLAY
  +--> ?PR?GREEN_FLASH?LED_DISPLAY
  +--> ?PR?RED_FLASH?LED_DISPLAY

?PR?_FLASH?LED_DISPLAY                        -----    -----
  +--> ?PR?FLASH_INIT?LED_DISPLAY

?PR?_FADE?LED_DISPLAY                         -----    -----
  +--> ?PR?FADE_INIT?LED_DISPLAY

?PR?SHOW_1?LED_DISPLAY                        -----    -----
  +--> ?PR?ALL_OFF?LED_DISPLAY
  +--> ?PR?SHOW_1_1?LED_DISPLAY
  +--> ?PR?SHOW_1_2?LED_DISPLAY
  +--> ?PR?SHOW_1_3?LED_DISPLAY
  +--> ?PR?SHOW_1_4?LED_DISPLAY

?PR?SHOW_1_1?LED_DISPLAY                      -----    -----
  +--> ?PR?FLASH_INIT?LED_DISPLAY
  +--> ?PR?_FLASH?LED_DISPLAY

?PR?SHOW_1_2?LED_DISPLAY                      -----    -----
  +--> ?PR?FADE_INIT?LED_DISPLAY
BL51 BANKED LINKER/LOCATER V6.22                                                      04/16/2018  20:02:15  PAGE 5


  +--> ?PR?_FADE?LED_DISPLAY
  +--> ?PR?FLASH_INIT?LED_DISPLAY
  +--> ?PR?_FLASH?LED_DISPLAY

?PR?SHOW_1_3?LED_DISPLAY                      -----    -----
  +--> ?PR?FLASH_INIT?LED_DISPLAY
  +--> ?PR?_FLASH?LED_DISPLAY

?PR?SHOW_1_4?LED_DISPLAY                      -----    -----
  +--> ?PR?FADE_INIT?LED_DISPLAY
  +--> ?PR?_FADE?LED_DISPLAY

?PR?SHOW_2?LED_DISPLAY                        -----    -----
  +--> ?PR?ALL_OFF?LED_DISPLAY
  +--> ?PR?SHOW_2_1?LED_DISPLAY
  +--> ?PR?SHOW_2_2?LED_DISPLAY
  +--> ?PR?SHOW_2_3?LED_DISPLAY
  +--> ?PR?SHOW_2_4?LED_DISPLAY

?PR?SHOW_2_3?LED_DISPLAY                      -----    -----
  +--> ?PR?_FLASH?LED_DISPLAY
  +--> ?PR?RAND?RAND

?PR?SHOW_3?LED_DISPLAY                        -----    -----
  +--> ?PR?ALL_OFF?LED_DISPLAY
  +--> ?PR?SHOW_3_1?LED_DISPLAY
  +--> ?PR?SHOW_3_2?LED_DISPLAY
  +--> ?PR?SHOW_3_3?LED_DISPLAY
  +--> ?PR?SHOW_3_4?LED_DISPLAY

?PR?SHOW_3_2?LED_DISPLAY                      -----    -----
  +--> ?PR?RAND?RAND

?PR?SHOW_3_3?LED_DISPLAY                      -----    -----
  +--> ?PR?FLASH_INIT?LED_DISPLAY
  +--> ?PR?_FLASH?LED_DISPLAY

?PR?SHOW_3_4?LED_DISPLAY                      -----    -----
  +--> ?PR?FADE_INIT?LED_DISPLAY
  +--> ?PR?_FLASH?LED_DISPLAY
  +--> ?PR?_FADE?LED_DISPLAY

?PR?NTC_MSR?NTC_MSR                           -----    -----
  +--> ?PR?AD_VAL_GET?NTC_MSR

?PR?AD_VAL_GET?NTC_MSR                        006DH    0001H

?PR?BT_WORK_DETECT?BT_CONTROL                 -----    -----
  +--> ?PR?BT_POWER_CONTROL?BT_CONTROL

*** NEW ROOT ***************************************************

?PR?LED_DUTY_CONTROL?AL67D                    -----    -----
  +--> ?PR?LED_UPDATE?LED_CLASS
  +--> ?PR?MOTOR_DUTY_CONTROL?MOTOR

*** NEW ROOT ***************************************************
BL51 BANKED LINKER/LOCATER V6.22                                                      04/16/2018  20:02:15  PAGE 6



?PR?UART_INTERRUPT?CSR1010                    -----    -----
  +--> ?PR?CSR1010_RCV_BYTE?CSR1010



SYMBOL TABLE OF MODULE:  .\HexDocument\AL67D (?C_STARTUP)

  VALUE           TYPE          NAME
  ----------------------------------

  -------         MODULE        ?C_STARTUP
  C:1944H         SEGMENT       ?C_C51STARTUP
  I:00D4H         SEGMENT       ?STACK
  C:0000H         PUBLIC        ?C_STARTUP
  D:00E0H         SYMBOL        ACC
  D:00F0H         SYMBOL        B
  D:0083H         SYMBOL        DPH
  D:0082H         SYMBOL        DPL
  N:0000H         SYMBOL        IBPSTACK
  N:0100H         SYMBOL        IBPSTACKTOP
  N:0080H         SYMBOL        IDATALEN
  C:1947H         SYMBOL        IDATALOOP
  N:0000H         SYMBOL        PBPSTACK
  N:0100H         SYMBOL        PBPSTACKTOP
  N:0000H         SYMBOL        PDATALEN
  N:0000H         SYMBOL        PDATASTART
  N:0000H         SYMBOL        PPAGE
  N:0000H         SYMBOL        PPAGEENABLE
  D:00A0H         SYMBOL        PPAGE_SFR
  D:0081H         SYMBOL        SP
  C:1944H         SYMBOL        STARTUP1
  N:0000H         SYMBOL        XBPSTACK
  N:0000H         SYMBOL        XBPSTACKTOP
  N:0000H         SYMBOL        XDATALEN
  N:0000H         SYMBOL        XDATASTART
  C:0000H         LINE#         126
  C:1944H         LINE#         133
  C:1946H         LINE#         134
  C:1947H         LINE#         135
  C:1948H         LINE#         136
  C:194AH         LINE#         185
  C:194DH         LINE#         196
  -------         ENDMOD        ?C_STARTUP

  -------         MODULE        AL67D
  C:0000H         SYMBOL        _ICE_DUMMY_
  D:0080H         PUBLIC        P0
  D:0090H         PUBLIC        P1
  D:00A0H         PUBLIC        P2
  D:00B0H         PUBLIC        P3
  D:00D8H         PUBLIC        PWMCON0
  D:00A8H         PUBLIC        IE
  D:00C7H         PUBLIC        TA
  D:00B8H         PUBLIC        IP
  C:207EH         PUBLIC        main
  D:0098H         PUBLIC        SCON
BL51 BANKED LINKER/LOCATER V6.22                                                      04/16/2018  20:02:15  PAGE 7


  D:0088H         PUBLIC        TCON
  D:00F8H         PUBLIC        SCON_1
  B:0088H.5       PUBLIC        TF0
  B:00C8H.7       PUBLIC        TF2
  D:00E8H         PUBLIC        ADCCON0
  D:00C0H         PUBLIC        I2CON
  C:01BDH         PUBLIC        Led_Duty_Control
  D:00C8H         PUBLIC        T2CON
  D:00D0H         PUBLIC        PSW
  D:00AAH         PUBLIC        WDCON
  -------         PROC          LED_DUTY_CONTROL
  C:01BDH         LINE#         19
  C:01DAH         LINE#         22
  C:01DCH         LINE#         25
  C:01DFH         LINE#         28
  C:01E2H         LINE#         29
  -------         ENDPROC       LED_DUTY_CONTROL
  -------         PROC          MAIN
  C:207EH         LINE#         35
  C:207EH         LINE#         36
  C:207EH         LINE#         38
  C:2081H         LINE#         41
  C:2084H         LINE#         43
  C:2087H         LINE#         45
  C:2087H         LINE#         46
  C:2087H         LINE#         47
  C:208AH         LINE#         48
  C:208AH         LINE#         49
  C:208CH         LINE#         51
  C:208FH         LINE#         52
  C:2092H         LINE#         53
  C:2095H         LINE#         55
  C:2098H         LINE#         57
  C:209BH         LINE#         59
  C:209EH         LINE#         61
  C:20A1H         LINE#         63
  C:20A4H         LINE#         65
  C:20A7H         LINE#         67
  C:20AAH         LINE#         69
  C:20ADH         LINE#         71
  C:20B0H         LINE#         73
  C:20B3H         LINE#         74
  C:20B3H         LINE#         75
  -------         ENDPROC       MAIN
  -------         ENDMOD        AL67D

  -------         MODULE        KEYSCAN
  C:0000H         SYMBOL        _ICE_DUMMY_
  D:0080H         PUBLIC        P0
  D:0090H         PUBLIC        P1
  D:00A0H         PUBLIC        P2
  D:00B0H         PUBLIC        P3
  D:00D8H         PUBLIC        PWMCON0
  D:00A8H         PUBLIC        IE
  C:20ECH         PUBLIC        Key_Scan
  D:00B8H         PUBLIC        IP
  I:00D1H         PUBLIC        KeyStatus
BL51 BANKED LINKER/LOCATER V6.22                                                      04/16/2018  20:02:15  PAGE 8


  D:0098H         PUBLIC        SCON
  D:0088H         PUBLIC        TCON
  B:00A0H.6       PUBLIC        P26
  I:00D2H         PUBLIC        KeyLongFlag
  I:00D3H         PUBLIC        KeyTime
  D:00F8H         PUBLIC        SCON_1
  D:00E8H         PUBLIC        ADCCON0
  D:00C0H         PUBLIC        I2CON
  D:00C8H         PUBLIC        T2CON
  D:00D0H         PUBLIC        PSW
  -------         PROC          KEY_SCAN
  C:20ECH         LINE#         21
  C:20ECH         LINE#         22
  C:20ECH         LINE#         23
  C:20F3H         LINE#         25
  C:20F6H         LINE#         26
  C:20F6H         LINE#         27
  C:20F9H         LINE#         28
  C:20FFH         LINE#         29
  C:20FFH         LINE#         30
  C:2101H         LINE#         31
  C:2105H         LINE#         32
  C:2105H         LINE#         33
  C:2107H         LINE#         34
  C:210AH         LINE#         35
  C:210AH         LINE#         36
  C:210AH         LINE#         37
  C:210BH         LINE#         41
  C:210BH         LINE#         42
  C:2117H         LINE#         43
  C:2117H         LINE#         44
  C:211BH         LINE#         45
  C:211BH         LINE#         47
  C:211FH         LINE#         48
  C:2121H         LINE#         49
  C:2121H         LINE#         52
  -------         ENDPROC       KEY_SCAN
  -------         ENDMOD        KEYSCAN

  -------         MODULE        LED_DISPLAY
  C:0000H         SYMBOL        _ICE_DUMMY_
  D:0025H         PUBLIC        ColorData
  D:0080H         PUBLIC        P0
  D:0090H         PUBLIC        P1
  D:00A0H         PUBLIC        P2
  D:00B0H         PUBLIC        P3
  I:007FH         PUBLIC        SpeedTime
  D:00D8H         PUBLIC        PWMCON0
  I:0080H         PUBLIC        ModeColor
  D:00A8H         PUBLIC        IE
  C:234CH         SYMBOL        All_Off
  I:0083H         PUBLIC        ModeTime
  D:00B8H         PUBLIC        IP
  I:0086H         PUBLIC        HoldTime
  I:0089H         PUBLIC        TempColor
  I:008AH         PUBLIC        TimeLine
  I:008CH         PUBLIC        ModeLed
BL51 BANKED LINKER/LOCATER V6.22                                                      04/16/2018  20:02:15  PAGE 9


  I:008FH         PUBLIC        ModeMicroSec
  I:0091H         PUBLIC        ModeStep
  I:0094H         PUBLIC        RndSeed
  I:0096H         PUBLIC        ShowMode
  I:0097H         PUBLIC        TempLed
  I:0098H         PUBLIC        FadeB
  C:18ACH         SYMBOL        Show_1
  D:0098H         PUBLIC        SCON
  C:163AH         SYMBOL        Show_2
  D:0088H         PUBLIC        TCON
  C:16D8H         SYMBOL        Show_3
  I:0099H         PUBLIC        FadeG
  I:009AH         PUBLIC        ShowInit
  I:009BH         PUBLIC        LedCnt
  I:009CH         PUBLIC        TempCnt
  I:009DH         PUBLIC        FadeR
  C:2122H         SYMBOL        Show_1_1
  C:1D27H         SYMBOL        Green_Flash
  D:00F8H         PUBLIC        SCON_1
  C:1C6DH         SYMBOL        Show_2_1
  C:1291H         SYMBOL        Show_1_2
  C:0F7DH         SYMBOL        Show_3_1
  C:0DF7H         SYMBOL        Show_2_2
  C:2155H         SYMBOL        Show_1_3
  C:0A18H         SYMBOL        Show_3_2
  C:07D6H         SYMBOL        Show_2_3
  C:135EH         SYMBOL        Show_1_4
  C:158FH         SYMBOL        Show_3_3
  C:0C53H         SYMBOL        Show_2_4
  C:058FH         SYMBOL        Show_3_4
  C:1E29H         PUBLIC        Led_Display
  D:003DH         PUBLIC        DisplayData
  I:009EH         PUBLIC        TempB
  D:00E8H         PUBLIC        ADCCON0
  C:1CD0H         SYMBOL        Blue_Flash
  D:00C0H         PUBLIC        I2CON
  I:009FH         PUBLIC        TempG
  C:2328H         SYMBOL        Flash_Init
  D:00C8H         PUBLIC        T2CON
  C:22EBH         SYMBOL        Fade_Init
  I:00A0H         PUBLIC        TempR
  C:2316H         SYMBOL        Steady
  C:1D7EH         SYMBOL        Red_Flash
  C:1ABFH         SYMBOL        _Flash
  C:1425H         SYMBOL        _Fade
  D:00D0H         PUBLIC        PSW
  -------         PROC          LED_DISPLAY
  C:1E29H         LINE#         49
  C:1E29H         LINE#         50
  C:1E29H         LINE#         51
  C:1E50H         LINE#         52
  C:1E50H         LINE#         53
  C:1E53H         LINE#         54
  C:1E56H         LINE#         55
  C:1E5BH         LINE#         56
  C:1E60H         LINE#         58
  C:1E63H         LINE#         59
BL51 BANKED LINKER/LOCATER V6.22                                                      04/16/2018  20:02:15  PAGE 10


  C:1E66H         LINE#         60
  C:1E69H         LINE#         62
  C:1E6CH         LINE#         63
  C:1E6FH         LINE#         64
  C:1E72H         LINE#         65
  C:1E72H         LINE#         66
  C:1E72H         LINE#         67
  C:1E75H         LINE#         68
  C:1E78H         LINE#         69
  C:1E78H         LINE#         70
  C:1E78H         LINE#         71
  -------         ENDPROC       LED_DISPLAY
  -------         PROC          BLUE_FLASH
  C:1CD0H         LINE#         77
  C:1CD0H         LINE#         78
  C:1CD0H         LINE#         79
  C:1CD5H         LINE#         80
  C:1CD5H         LINE#         81
  C:1CD8H         LINE#         82
  C:1CDBH         LINE#         83
  C:1CDDH         LINE#         84
  C:1CDFH         LINE#         85
  C:1CE1H         LINE#         86
  C:1CE3H         LINE#         87
  C:1CE5H         LINE#         88
  C:1CE8H         LINE#         89
  C:1CECH         LINE#         92
  C:1CECH         LINE#         95
  C:1CF4H         LINE#         96
  C:1CF4H         LINE#         97
  C:1CF6H         LINE#         99
  C:1CF6H         LINE#         100
  C:1CFAH         LINE#         103
  C:1D06H         LINE#         104
  C:1D0AH         LINE#         107
  C:1D0DH         LINE#         108
  C:1D13H         LINE#         109
  C:1D13H         LINE#         110
  C:1D16H         LINE#         111
  C:1D19H         LINE#         112
  C:1D19H         LINE#         115
  C:1D1EH         LINE#         116
  C:1D22H         LINE#         117
  C:1D26H         LINE#         118
  -------         ENDPROC       BLUE_FLASH
  -------         PROC          GREEN_FLASH
  C:1D27H         LINE#         123
  C:1D27H         LINE#         124
  C:1D27H         LINE#         125
  C:1D2CH         LINE#         126
  C:1D2CH         LINE#         127
  C:1D2FH         LINE#         128
  C:1D32H         LINE#         129
  C:1D34H         LINE#         130
  C:1D36H         LINE#         131
  C:1D38H         LINE#         132
  C:1D3AH         LINE#         133
BL51 BANKED LINKER/LOCATER V6.22                                                      04/16/2018  20:02:15  PAGE 11


  C:1D3CH         LINE#         134
  C:1D3FH         LINE#         135
  C:1D43H         LINE#         138
  C:1D43H         LINE#         141
  C:1D4BH         LINE#         142
  C:1D4BH         LINE#         143
  C:1D4DH         LINE#         145
  C:1D4DH         LINE#         146
  C:1D51H         LINE#         149
  C:1D5DH         LINE#         150
  C:1D61H         LINE#         153
  C:1D64H         LINE#         154
  C:1D6AH         LINE#         155
  C:1D6AH         LINE#         156
  C:1D6DH         LINE#         157
  C:1D70H         LINE#         158
  C:1D70H         LINE#         161
  C:1D75H         LINE#         162
  C:1D79H         LINE#         163
  C:1D7DH         LINE#         164
  -------         ENDPROC       GREEN_FLASH
  -------         PROC          RED_FLASH
  C:1D7EH         LINE#         170
  C:1D7EH         LINE#         171
  C:1D7EH         LINE#         172
  C:1D83H         LINE#         173
  C:1D83H         LINE#         174
  C:1D86H         LINE#         175
  C:1D89H         LINE#         176
  C:1D8BH         LINE#         177
  C:1D8DH         LINE#         178
  C:1D8FH         LINE#         179
  C:1D91H         LINE#         180
  C:1D93H         LINE#         181
  C:1D96H         LINE#         182
  C:1D9AH         LINE#         185
  C:1D9AH         LINE#         188
  C:1DA2H         LINE#         189
  C:1DA2H         LINE#         190
  C:1DA4H         LINE#         192
  C:1DA4H         LINE#         193
  C:1DA8H         LINE#         196
  C:1DB4H         LINE#         197
  C:1DB8H         LINE#         200
  C:1DBBH         LINE#         201
  C:1DC1H         LINE#         202
  C:1DC1H         LINE#         203
  C:1DC4H         LINE#         204
  C:1DC7H         LINE#         205
  C:1DC7H         LINE#         208
  C:1DCCH         LINE#         209
  C:1DD0H         LINE#         210
  C:1DD4H         LINE#         211
  -------         ENDPROC       RED_FLASH
  -------         PROC          ALL_OFF
  C:234CH         LINE#         218
  C:234CH         LINE#         219
BL51 BANKED LINKER/LOCATER V6.22                                                      04/16/2018  20:02:15  PAGE 12


  C:234CH         LINE#         220
  C:2351H         LINE#         221
  C:2351H         LINE#         222
  C:2354H         LINE#         223
  C:2356H         LINE#         224
  C:2358H         LINE#         225
  C:235AH         LINE#         226
  C:235AH         LINE#         227
  -------         ENDPROC       ALL_OFF
  -------         PROC          STEADY
  C:2316H         LINE#         234
  C:2316H         LINE#         235
  C:2316H         LINE#         236
  C:231BH         LINE#         237
  C:231BH         LINE#         238
  C:231EH         LINE#         239
  C:2321H         LINE#         240
  C:2324H         LINE#         241
  C:2327H         LINE#         242
  C:2327H         LINE#         243
  -------         ENDPROC       STEADY
  -------         PROC          FLASH_INIT
  C:2328H         LINE#         250
  C:2328H         LINE#         251
  C:2328H         LINE#         252
  C:232BH         LINE#         253
  C:232DH         LINE#         254
  C:232FH         LINE#         255
  C:2333H         LINE#         256
  C:2336H         LINE#         257
  C:2339H         LINE#         258
  -------         ENDPROC       FLASH_INIT
  -------         PROC          FADE_INIT
  C:22EBH         LINE#         263
  C:22EBH         LINE#         264
  C:22EBH         LINE#         265
  C:22EEH         LINE#         266
  C:22F0H         LINE#         267
  C:22F2H         LINE#         268
  C:22F5H         LINE#         269
  C:22F7H         LINE#         270
  C:22F9H         LINE#         271
  C:22FCH         LINE#         272
  C:22FEH         LINE#         273
  C:2300H         LINE#         274
  -------         ENDPROC       FADE_INIT
  -------         PROC          _FLASH
  D:0007H         SYMBOL        AllFlag
  C:1ABFH         LINE#         281
  C:1ABFH         LINE#         282
  C:1ABFH         LINE#         283
  C:1AC4H         LINE#         284
  C:1AC4H         LINE#         285
  C:1AC7H         LINE#         287
  C:1ACAH         LINE#         289
  C:1ACAH         LINE#         291
  C:1AD3H         LINE#         292
BL51 BANKED LINKER/LOCATER V6.22                                                      04/16/2018  20:02:15  PAGE 13


  C:1AD3H         LINE#         293
  C:1AD6H         LINE#         294
  C:1ADBH         LINE#         295
  C:1ADBH         LINE#         296
  C:1ADEH         LINE#         297
  C:1AE0H         LINE#         298
  C:1AE4H         LINE#         299
  C:1AE4H         LINE#         300
  C:1AE7H         LINE#         301
  C:1AEBH         LINE#         302
  C:1AEBH         LINE#         303
  C:1AEBH         LINE#         305
  C:1AF4H         LINE#         306
  C:1AF4H         LINE#         307
  C:1AF7H         LINE#         308
  C:1AFCH         LINE#         309
  C:1AFCH         LINE#         310
  C:1AFFH         LINE#         311
  C:1B01H         LINE#         312
  C:1B05H         LINE#         313
  C:1B05H         LINE#         314
  C:1B08H         LINE#         315
  C:1B0CH         LINE#         316
  C:1B0CH         LINE#         317
  C:1B0CH         LINE#         319
  C:1B15H         LINE#         320
  C:1B15H         LINE#         321
  C:1B18H         LINE#         322
  C:1B1DH         LINE#         323
  C:1B1DH         LINE#         324
  C:1B20H         LINE#         325
  C:1B21H         LINE#         326
  C:1B25H         LINE#         327
  C:1B25H         LINE#         328
  C:1B28H         LINE#         329
  C:1B2CH         LINE#         330
  C:1B2CH         LINE#         331
  C:1B2CH         LINE#         332
  -------         ENDPROC       _FLASH
  -------         PROC          _FADE
  D:0007H         SYMBOL        AllFlag
  C:1425H         LINE#         339
  C:1425H         LINE#         340
  C:1425H         LINE#         341
  C:142AH         LINE#         342
  C:142AH         LINE#         343
  C:142DH         LINE#         345
  C:1430H         LINE#         347
  C:1430H         LINE#         350
  C:143BH         LINE#         351
  C:143BH         LINE#         352
  C:143EH         LINE#         353
  C:1444H         LINE#         354
  C:1444H         LINE#         355
  C:1446H         LINE#         356
  C:144BH         LINE#         357
  C:144BH         LINE#         358
BL51 BANKED LINKER/LOCATER V6.22                                                      04/16/2018  20:02:15  PAGE 14


  C:144BH         LINE#         359
  C:144BH         LINE#         360
  C:1456H         LINE#         361
  C:1459H         LINE#         362
  C:145BH         LINE#         364
  C:145BH         LINE#         365
  C:145BH         LINE#         366
  C:1466H         LINE#         367
  C:146AH         LINE#         368
  C:146AH         LINE#         369
  C:146AH         LINE#         370
  C:146AH         LINE#         371
  C:146AH         LINE#         373
  C:1475H         LINE#         374
  C:1475H         LINE#         375
  C:1478H         LINE#         376
  C:147EH         LINE#         377
  C:147EH         LINE#         378
  C:1480H         LINE#         379
  C:1485H         LINE#         380
  C:1485H         LINE#         381
  C:1485H         LINE#         382
  C:1485H         LINE#         383
  C:1490H         LINE#         384
  C:1493H         LINE#         385
  C:1495H         LINE#         387
  C:1495H         LINE#         388
  C:1495H         LINE#         389
  C:14A0H         LINE#         390
  C:14A4H         LINE#         391
  C:14A4H         LINE#         392
  C:14A4H         LINE#         393
  C:14A4H         LINE#         394
  C:14A4H         LINE#         397
  C:14AFH         LINE#         398
  C:14AFH         LINE#         399
  C:14B2H         LINE#         400
  C:14B8H         LINE#         401
  C:14B8H         LINE#         402
  C:14BAH         LINE#         403
  C:14BFH         LINE#         404
  C:14BFH         LINE#         405
  C:14BFH         LINE#         406
  C:14BFH         LINE#         407
  C:14C9H         LINE#         408
  C:14CCH         LINE#         409
  C:14CDH         LINE#         411
  C:14CDH         LINE#         412
  C:14CDH         LINE#         413
  C:14D7H         LINE#         414
  C:14DBH         LINE#         415
  C:14DBH         LINE#         416
  C:14DBH         LINE#         417
  C:14DBH         LINE#         418
  C:14DBH         LINE#         420
  -------         ENDPROC       _FADE
  -------         PROC          SHOW_1
BL51 BANKED LINKER/LOCATER V6.22                                                      04/16/2018  20:02:15  PAGE 15


  C:18ACH         LINE#         431
  C:18ACH         LINE#         432
  C:18ACH         LINE#         434
  C:18B1H         LINE#         435
  C:18B1H         LINE#         436
  C:18B4H         LINE#         437
  C:18B7H         LINE#         439
  C:18BCH         LINE#         440
  C:18C0H         LINE#         441
  C:18C0H         LINE#         442
  C:18C3H         LINE#         443
  C:18C6H         LINE#         444
  C:18C6H         LINE#         445
  C:18C9H         LINE#         446
  C:18CBH         LINE#         447
  C:18CDH         LINE#         448
  C:18CEH         LINE#         453
  C:18CEH         LINE#         454
  C:18D6H         LINE#         455
  C:18E8H         LINE#         456
  C:18F4H         LINE#         457
  C:1902H         LINE#         458
  C:1912H         LINE#         459
  C:1918H         LINE#         460
  C:1918H         LINE#         461
  C:191EH         LINE#         462
  C:1921H         LINE#         463
  C:1921H         LINE#         468
  C:1934H         LINE#         469
  C:1934H         LINE#         470
  C:1934H         LINE#         471
  C:1937H         LINE#         472
  C:1937H         LINE#         474
  C:1937H         LINE#         475
  C:193AH         LINE#         476
  C:193AH         LINE#         478
  C:193AH         LINE#         479
  C:193DH         LINE#         480
  C:193DH         LINE#         482
  C:193DH         LINE#         483
  C:1940H         LINE#         484
  C:1940H         LINE#         486
  C:1940H         LINE#         487
  C:1943H         LINE#         488
  C:1943H         LINE#         489
  C:1943H         LINE#         490
  C:1943H         LINE#         491
  -------         ENDPROC       SHOW_1
  -------         PROC          SHOW_1_1
  C:2122H         LINE#         496
  C:2122H         LINE#         497
  C:2122H         LINE#         499
  C:2128H         LINE#         500
  C:2128H         LINE#         501
  C:212AH         LINE#         503
  C:212FH         LINE#         504
  C:2132H         LINE#         506
BL51 BANKED LINKER/LOCATER V6.22                                                      04/16/2018  20:02:15  PAGE 16


  C:2132H         LINE#         509
  C:213EH         LINE#         510
  C:213EH         LINE#         511
  C:2143H         LINE#         512
  C:2145H         LINE#         515
  C:2145H         LINE#         516
  C:2148H         LINE#         517
  C:214AH         LINE#         518
  C:214CH         LINE#         519
  C:214CH         LINE#         523
  C:2154H         LINE#         524
  -------         ENDPROC       SHOW_1_1
  -------         PROC          SHOW_1_2
  C:1291H         LINE#         529
  C:1291H         LINE#         530
  C:1291H         LINE#         532
  C:1297H         LINE#         533
  C:1297H         LINE#         534
  C:1299H         LINE#         536
  C:129CH         LINE#         538
  C:12A3H         LINE#         540
  C:12A3H         LINE#         543
  C:12B2H         LINE#         544
  C:12B2H         LINE#         545
  C:12B7H         LINE#         546
  C:12BAH         LINE#         548
  C:12C0H         LINE#         549
  C:12C0H         LINE#         550
  C:12C0H         LINE#         551
  C:12C2H         LINE#         552
  C:12D1H         LINE#         553
  C:12D1H         LINE#         554
  C:12D1H         LINE#         555
  C:12D3H         LINE#         557
  C:12D9H         LINE#         558
  C:12D9H         LINE#         559
  C:12DDH         LINE#         560
  C:12E0H         LINE#         561
  C:12E2H         LINE#         562
  C:12F1H         LINE#         563
  C:12F1H         LINE#         564
  C:12F4H         LINE#         565
  C:12F9H         LINE#         566
  C:12F9H         LINE#         567
  C:12FBH         LINE#         568
  C:1309H         LINE#         569
  C:1314H         LINE#         570
  C:1321H         LINE#         571
  C:1324H         LINE#         572
  C:132CH         LINE#         573
  C:132CH         LINE#         574
  C:132EH         LINE#         576
  C:1334H         LINE#         577
  C:1334H         LINE#         578
  C:1337H         LINE#         579
  C:1339H         LINE#         580
  C:1345H         LINE#         581
BL51 BANKED LINKER/LOCATER V6.22                                                      04/16/2018  20:02:15  PAGE 17


  C:1345H         LINE#         582
  C:134AH         LINE#         583
  C:134CH         LINE#         585
  C:134CH         LINE#         586
  C:1350H         LINE#         587
  C:1353H         LINE#         588
  C:1355H         LINE#         589
  C:1355H         LINE#         591
  C:135DH         LINE#         592
  -------         ENDPROC       SHOW_1_2
  -------         PROC          SHOW_1_3
  C:2155H         LINE#         597
  C:2155H         LINE#         598
  C:2155H         LINE#         599
  C:215BH         LINE#         600
  C:215BH         LINE#         601
  C:215DH         LINE#         603
  C:2162H         LINE#         605
  C:2165H         LINE#         607
  C:2165H         LINE#         609
  C:2171H         LINE#         610
  C:2171H         LINE#         611
  C:2176H         LINE#         612
  C:2178H         LINE#         615
  C:2178H         LINE#         616
  C:217BH         LINE#         617
  C:217DH         LINE#         618
  C:217FH         LINE#         619
  C:217FH         LINE#         621
  C:2187H         LINE#         622
  -------         ENDPROC       SHOW_1_3
  -------         PROC          SHOW_1_4
  C:135EH         LINE#         627
  C:135EH         LINE#         628
  C:135EH         LINE#         630
  C:1364H         LINE#         631
  C:1364H         LINE#         632
  C:1366H         LINE#         634
  C:1369H         LINE#         636
  C:1370H         LINE#         638
  C:1370H         LINE#         641
  C:137FH         LINE#         642
  C:137FH         LINE#         643
  C:1384H         LINE#         644
  C:1387H         LINE#         646
  C:138DH         LINE#         647
  C:138DH         LINE#         648
  C:1391H         LINE#         649
  C:1394H         LINE#         650
  C:1397H         LINE#         651
  C:13A3H         LINE#         652
  C:13A3H         LINE#         653
  C:13A6H         LINE#         654
  C:13ABH         LINE#         655
  C:13ABH         LINE#         656
  C:13ADH         LINE#         658
  C:13BBH         LINE#         659
BL51 BANKED LINKER/LOCATER V6.22                                                      04/16/2018  20:02:15  PAGE 18


  C:13C6H         LINE#         660
  C:13D3H         LINE#         662
  C:13D6H         LINE#         663
  C:13DCH         LINE#         664
  C:13DCH         LINE#         665
  C:13DEH         LINE#         666
  C:13DEH         LINE#         667
  C:13DEH         LINE#         668
  C:13E0H         LINE#         671
  C:13E0H         LINE#         672
  C:13E3H         LINE#         673
  C:13E9H         LINE#         674
  C:13E9H         LINE#         675
  C:13EBH         LINE#         677
  C:13F9H         LINE#         678
  C:1404H         LINE#         679
  C:1411H         LINE#         681
  C:1414H         LINE#         682
  C:141AH         LINE#         683
  C:141AH         LINE#         684
  C:141CH         LINE#         685
  C:141CH         LINE#         686
  C:141CH         LINE#         687
  C:141CH         LINE#         689
  C:1424H         LINE#         690
  -------         ENDPROC       SHOW_1_4
  -------         PROC          SHOW_2
  C:163AH         LINE#         712
  C:163AH         LINE#         713
  C:163AH         LINE#         715
  C:163FH         LINE#         716
  C:163FH         LINE#         717
  C:1642H         LINE#         718
  C:1645H         LINE#         720
  C:164AH         LINE#         721
  C:1651H         LINE#         722
  C:1651H         LINE#         723
  C:1654H         LINE#         724
  C:1657H         LINE#         725
  C:1657H         LINE#         726
  C:1658H         LINE#         731
  C:1658H         LINE#         732
  C:1660H         LINE#         733
  C:1672H         LINE#         734
  C:167EH         LINE#         735
  C:168AH         LINE#         736
  C:1696H         LINE#         737
  C:16A6H         LINE#         738
  C:16ACH         LINE#         739
  C:16ACH         LINE#         740
  C:16B2H         LINE#         741
  C:16B5H         LINE#         742
  C:16B5H         LINE#         746
  C:16C8H         LINE#         747
  C:16C8H         LINE#         748
  C:16C8H         LINE#         749
  C:16CBH         LINE#         750
BL51 BANKED LINKER/LOCATER V6.22                                                      04/16/2018  20:02:15  PAGE 19


  C:16CBH         LINE#         752
  C:16CBH         LINE#         753
  C:16CEH         LINE#         754
  C:16CEH         LINE#         756
  C:16CEH         LINE#         757
  C:16D1H         LINE#         758
  C:16D1H         LINE#         760
  C:16D1H         LINE#         761
  C:16D4H         LINE#         762
  C:16D4H         LINE#         764
  C:16D4H         LINE#         765
  C:16D7H         LINE#         766
  C:16D7H         LINE#         767
  C:16D7H         LINE#         769
  C:16D7H         LINE#         770
  -------         ENDPROC       SHOW_2
  -------         PROC          SHOW_2_1
  C:1C6DH         LINE#         776
  C:1C6DH         LINE#         777
  C:1C6DH         LINE#         779
  C:1C73H         LINE#         780
  C:1C73H         LINE#         782
  C:1C75H         LINE#         785
  C:1C77H         LINE#         786
  C:1C79H         LINE#         787
  C:1C7BH         LINE#         790
  C:1C80H         LINE#         791
  C:1C83H         LINE#         795
  C:1C8CH         LINE#         796
  C:1C95H         LINE#         797
  C:1C9DH         LINE#         798
  C:1C9EH         LINE#         802
  C:1C9EH         LINE#         803
  C:1CA1H         LINE#         804
  C:1CA7H         LINE#         805
  C:1CA7H         LINE#         806
  C:1CA9H         LINE#         808
  C:1CBBH         LINE#         812
  C:1CBBH         LINE#         813
  C:1CC2H         LINE#         814
  C:1CC9H         LINE#         815
  C:1CCFH         LINE#         816
  C:1CCFH         LINE#         817
  C:1CCFH         LINE#         818
  C:1CCFH         LINE#         819
  -------         ENDPROC       SHOW_2_1
  -------         PROC          SHOW_2_2
  C:0DF7H         LINE#         826
  C:0DF7H         LINE#         827
  C:0DF7H         LINE#         829
  C:0DFDH         LINE#         830
  C:0DFDH         LINE#         831
  C:0DFFH         LINE#         833
  C:0E02H         LINE#         834
  C:0E05H         LINE#         835
  C:0E08H         LINE#         837
  C:0E0DH         LINE#         839
BL51 BANKED LINKER/LOCATER V6.22                                                      04/16/2018  20:02:15  PAGE 20


  C:0E16H         LINE#         840
  C:0E1FH         LINE#         841
  C:0E27H         LINE#         842
  C:0E28H         LINE#         846
  C:0E28H         LINE#         849
  C:0E37H         LINE#         850
  C:0E37H         LINE#         851
  C:0E3AH         LINE#         852
  C:0E42H         LINE#         853
  C:0E42H         LINE#         854
  C:0E44H         LINE#         856
  C:0E59H         LINE#         860
  C:0E59H         LINE#         861
  C:0E60H         LINE#         862
  C:0E67H         LINE#         863
  C:0E6DH         LINE#         864
  C:0E6DH         LINE#         865
  C:0E6DH         LINE#         866
  C:0E70H         LINE#         870
  C:0E76H         LINE#         871
  C:0E76H         LINE#         872
  C:0E79H         LINE#         873
  C:0E7CH         LINE#         874
  C:0E7FH         LINE#         875
  C:0E82H         LINE#         876
  C:0E85H         LINE#         878
  C:0E94H         LINE#         879
  C:0E94H         LINE#         880
  C:0E97H         LINE#         881
  C:0E9FH         LINE#         882
  C:0E9FH         LINE#         883
  C:0EA1H         LINE#         884
  C:0EA4H         LINE#         885
  C:0EAAH         LINE#         886
  C:0EAAH         LINE#         887
  C:0EB8H         LINE#         888
  C:0EC3H         LINE#         889
  C:0ED0H         LINE#         890
  C:0ED3H         LINE#         891
  C:0EDCH         LINE#         892
  C:0EDCH         LINE#         893
  C:0EE0H         LINE#         894
  C:0EE3H         LINE#         895
  C:0EEDH         LINE#         896
  C:0EEDH         LINE#         897
  C:0EEDH         LINE#         898
  C:0EF0H         LINE#         904
  C:0EFAH         LINE#         905
  C:0EFAH         LINE#         906
  C:0EFDH         LINE#         907
  C:0F0BH         LINE#         908
  C:0F16H         LINE#         909
  C:0F23H         LINE#         911
  C:0F2CH         LINE#         912
  C:0F35H         LINE#         913
  C:0F3DH         LINE#         914
  C:0F3FH         LINE#         916
BL51 BANKED LINKER/LOCATER V6.22                                                      04/16/2018  20:02:15  PAGE 21


  C:0F3FH         LINE#         917
  C:0F42H         LINE#         918
  C:0F48H         LINE#         919
  C:0F48H         LINE#         920
  C:0F4AH         LINE#         922
  C:0F5DH         LINE#         926
  C:0F5DH         LINE#         927
  C:0F65H         LINE#         928
  C:0F6DH         LINE#         929
  C:0F74H         LINE#         930
  C:0F74H         LINE#         931
  C:0F74H         LINE#         932
  C:0F74H         LINE#         936
  C:0F7CH         LINE#         937
  C:0F7CH         LINE#         938
  -------         ENDPROC       SHOW_2_2
  -------         PROC          SHOW_2_3
  C:07D6H         LINE#         946
  C:07D6H         LINE#         947
  C:07D6H         LINE#         950
  C:07DCH         LINE#         951
  C:07DCH         LINE#         953
  C:07DEH         LINE#         956
  C:07E3H         LINE#         957
  C:07E6H         LINE#         958
  C:07E9H         LINE#         959
  C:07ECH         LINE#         961
  C:07F5H         LINE#         962
  C:07FEH         LINE#         963
  C:0806H         LINE#         964
  C:0807H         LINE#         971
  C:0807H         LINE#         974
  C:0816H         LINE#         975
  C:0816H         LINE#         977
  C:081EH         LINE#         978
  C:081EH         LINE#         979
  C:0821H         LINE#         980
  C:0824H         LINE#         981
  C:0827H         LINE#         982
  C:082AH         LINE#         985
  C:082AH         LINE#         987
  C:0838H         LINE#         988
  C:0838H         LINE#         989
  C:0846H         LINE#         990
  C:0851H         LINE#         991
  C:085EH         LINE#         993
  C:0861H         LINE#         994
  C:086AH         LINE#         995
  C:086AH         LINE#         996
  C:086CH         LINE#         997
  C:086CH         LINE#         998
  C:086CH         LINE#         999
  C:086CH         LINE#         1000
  C:086FH         LINE#         1005
  C:087EH         LINE#         1006
  C:087EH         LINE#         1007
  C:0883H         LINE#         1008
BL51 BANKED LINKER/LOCATER V6.22                                                      04/16/2018  20:02:15  PAGE 22


  C:0886H         LINE#         1016
  C:088CH         LINE#         1017
  C:088CH         LINE#         1018
  C:0890H         LINE#         1019
  C:0893H         LINE#         1021
  C:089CH         LINE#         1022
  C:08A5H         LINE#         1023
  C:08ADH         LINE#         1024
  C:08B0H         LINE#         1028
  C:08BFH         LINE#         1029
  C:08BFH         LINE#         1030
  C:08EFH         LINE#         1031
  C:08EFH         LINE#         1032
  C:08EFH         LINE#         1033
  C:08EFH         LINE#         1034
  C:08EFH         LINE#         1035
  C:08EFH         LINE#         1036
  C:08EFH         LINE#         1037
  C:08EFH         LINE#         1038
  C:08F7H         LINE#         1039
  C:08FFH         LINE#         1040
  C:0906H         LINE#         1042
  C:0938H         LINE#         1046
  C:0938H         LINE#         1047
  C:093BH         LINE#         1048
  C:0945H         LINE#         1049
  C:0955H         LINE#         1050
  C:0955H         LINE#         1051
  C:0958H         LINE#         1053
  C:0958H         LINE#         1054
  C:0958H         LINE#         1055
  C:0958H         LINE#         1056
  C:0958H         LINE#         1057
  C:0958H         LINE#         1058
  C:0962H         LINE#         1059
  C:096CH         LINE#         1060
  C:0975H         LINE#         1062
  C:09A2H         LINE#         1066
  C:09A2H         LINE#         1067
  C:09A5H         LINE#         1068
  C:09A5H         LINE#         1069
  C:09A7H         LINE#         1071
  C:09A7H         LINE#         1072
  C:09A7H         LINE#         1073
  C:09AFH         LINE#         1074
  C:09B7H         LINE#         1075
  C:09BEH         LINE#         1077
  C:09CAH         LINE#         1081
  C:09CAH         LINE#         1082
  C:09CDH         LINE#         1083
  C:09CDH         LINE#         1084
  C:09CFH         LINE#         1085
  C:09CFH         LINE#         1086
  C:09CFH         LINE#         1091
  C:09DBH         LINE#         1092
  C:09DBH         LINE#         1093
  C:09DEH         LINE#         1094
BL51 BANKED LINKER/LOCATER V6.22                                                      04/16/2018  20:02:15  PAGE 23


  C:09E3H         LINE#         1095
  C:09E3H         LINE#         1096
  C:09E5H         LINE#         1098
  C:09F3H         LINE#         1099
  C:0A01H         LINE#         1100
  C:0A0FH         LINE#         1101
  C:0A0FH         LINE#         1102
  C:0A0FH         LINE#         1107
  C:0A17H         LINE#         1108
  C:0A17H         LINE#         1109
  -------         ENDPROC       SHOW_2_3
  -------         PROC          SHOW_2_4
  C:0C53H         LINE#         1116
  C:0C53H         LINE#         1117
  C:0C53H         LINE#         1120
  C:0C5AH         LINE#         1121
  C:0C5AH         LINE#         1123
  C:0C5BH         LINE#         1127
  C:0C5DH         LINE#         1128
  C:0C5FH         LINE#         1129
  C:0C61H         LINE#         1131
  C:0C6AH         LINE#         1132
  C:0C73H         LINE#         1133
  C:0C7BH         LINE#         1136
  C:0C81H         LINE#         1137
  C:0C84H         LINE#         1138
  C:0C87H         LINE#         1141
  C:0C88H         LINE#         1148
  C:0C88H         LINE#         1152
  C:0C97H         LINE#         1153
  C:0C97H         LINE#         1154
  C:0C9AH         LINE#         1155
  C:0CA2H         LINE#         1156
  C:0CA2H         LINE#         1157
  C:0CA4H         LINE#         1158
  C:0CB9H         LINE#         1162
  C:0CB9H         LINE#         1163
  C:0CB9H         LINE#         1164
  C:0CB9H         LINE#         1165
  C:0CB9H         LINE#         1166
  C:0CB9H         LINE#         1167
  C:0CB9H         LINE#         1168
  C:0CBBH         LINE#         1178
  C:0CC1H         LINE#         1179
  C:0CC1H         LINE#         1180
  C:0CC5H         LINE#         1181
  C:0CC8H         LINE#         1182
  C:0CCBH         LINE#         1183
  C:0CCEH         LINE#         1185
  C:0CE0H         LINE#         1186
  C:0CE0H         LINE#         1187
  C:0CE3H         LINE#         1188
  C:0CEBH         LINE#         1189
  C:0CEBH         LINE#         1190
  C:0CEDH         LINE#         1192
  C:0CF9H         LINE#         1193
  C:0CF9H         LINE#         1194
BL51 BANKED LINKER/LOCATER V6.22                                                      04/16/2018  20:02:15  PAGE 24


  C:0CF9H         LINE#         1195
  C:0CF9H         LINE#         1196
  C:0D2EH         LINE#         1200
  C:0D2EH         LINE#         1201
  C:0D35H         LINE#         1202
  C:0D3CH         LINE#         1203
  C:0D42H         LINE#         1204
  C:0D45H         LINE#         1206
  C:0D45H         LINE#         1207
  C:0D48H         LINE#         1208
  C:0D48H         LINE#         1209
  C:0D4BH         LINE#         1212
  C:0D4BH         LINE#         1213
  C:0D4BH         LINE#         1214
  C:0D4EH         LINE#         1215
  C:0D51H         LINE#         1216
  C:0D53H         LINE#         1217
  C:0D55H         LINE#         1219
  C:0D5EH         LINE#         1220
  C:0D5EH         LINE#         1221
  C:0D60H         LINE#         1222
  C:0D63H         LINE#         1224
  C:0D65H         LINE#         1225
  C:0D67H         LINE#         1226
  C:0D69H         LINE#         1228
  C:0D6CH         LINE#         1229
  C:0D71H         LINE#         1230
  C:0D71H         LINE#         1231
  C:0D73H         LINE#         1232
  C:0D73H         LINE#         1234
  C:0D86H         LINE#         1235
  C:0D96H         LINE#         1236
  C:0DA8H         LINE#         1237
  C:0DA8H         LINE#         1238
  C:0DAAH         LINE#         1239
  C:0DAAH         LINE#         1240
  C:0DAAH         LINE#         1241
  C:0DAAH         LINE#         1248
  C:0DB3H         LINE#         1249
  C:0DB3H         LINE#         1250
  C:0DB7H         LINE#         1251
  C:0DBAH         LINE#         1252
  C:0DBDH         LINE#         1253
  C:0DBFH         LINE#         1260
  C:0DC8H         LINE#         1261
  C:0DC8H         LINE#         1262
  C:0DCBH         LINE#         1263
  C:0DCEH         LINE#         1264
  C:0DD1H         LINE#         1265
  C:0DD3H         LINE#         1267
  C:0DD3H         LINE#         1268
  C:0DDCH         LINE#         1269
  C:0DE5H         LINE#         1270
  C:0DEEH         LINE#         1271
  C:0DEEH         LINE#         1275
  C:0DF6H         LINE#         1276
  C:0DF6H         LINE#         1277
BL51 BANKED LINKER/LOCATER V6.22                                                      04/16/2018  20:02:15  PAGE 25


  -------         ENDPROC       SHOW_2_4
  -------         PROC          SHOW_3
  C:16D8H         LINE#         1289
  C:16D8H         LINE#         1290
  C:16D8H         LINE#         1292
  C:16DDH         LINE#         1293
  C:16DDH         LINE#         1294
  C:16E0H         LINE#         1295
  C:16E3H         LINE#         1297
  C:16E8H         LINE#         1299
  C:16EFH         LINE#         1300
  C:16EFH         LINE#         1301
  C:16F2H         LINE#         1302
  C:16F5H         LINE#         1303
  C:16F5H         LINE#         1304
  C:16F6H         LINE#         1309
  C:16F6H         LINE#         1310
  C:16FEH         LINE#         1311
  C:1710H         LINE#         1312
  C:171CH         LINE#         1313
  C:1728H         LINE#         1314
  C:1734H         LINE#         1315
  C:1744H         LINE#         1316
  C:174AH         LINE#         1317
  C:174AH         LINE#         1318
  C:1750H         LINE#         1319
  C:1753H         LINE#         1320
  C:1753H         LINE#         1323
  C:1766H         LINE#         1324
  C:1766H         LINE#         1325
  C:1766H         LINE#         1326
  C:1769H         LINE#         1327
  C:1769H         LINE#         1329
  C:1769H         LINE#         1330
  C:176CH         LINE#         1331
  C:176CH         LINE#         1333
  C:176CH         LINE#         1334
  C:176FH         LINE#         1335
  C:176FH         LINE#         1337
  C:176FH         LINE#         1338
  C:1772H         LINE#         1339
  C:1772H         LINE#         1341
  C:1772H         LINE#         1342
  C:1775H         LINE#         1343
  C:1775H         LINE#         1344
  C:1775H         LINE#         1346
  C:1775H         LINE#         1347
  -------         ENDPROC       SHOW_3
  -------         PROC          SHOW_3_1
  C:0F7DH         LINE#         1354
  C:0F7DH         LINE#         1355
  C:0F7DH         LINE#         1357
  C:0F83H         LINE#         1358
  C:0F83H         LINE#         1360
  C:0F85H         LINE#         1362
  C:0F87H         LINE#         1363
  C:0F89H         LINE#         1364
BL51 BANKED LINKER/LOCATER V6.22                                                      04/16/2018  20:02:15  PAGE 26


  C:0F8BH         LINE#         1367
  C:0F90H         LINE#         1368
  C:0F93H         LINE#         1369
  C:0F96H         LINE#         1370
  C:0F99H         LINE#         1371
  C:0F9CH         LINE#         1372
  C:0F9FH         LINE#         1373
  C:0FA3H         LINE#         1375
  C:0FA6H         LINE#         1378
  C:0FA7H         LINE#         1384
  C:0FA7H         LINE#         1385
  C:0FB9H         LINE#         1386
  C:0FB9H         LINE#         1387
  C:0FBCH         LINE#         1388
  C:0FC7H         LINE#         1389
  C:0FC7H         LINE#         1390
  C:0FCBH         LINE#         1392
  C:0FD7H         LINE#         1393
  C:0FD7H         LINE#         1394
  C:0FD7H         LINE#         1395
  C:0FD7H         LINE#         1396
  C:0FE6H         LINE#         1397
  C:0FF2H         LINE#         1398
  C:1000H         LINE#         1400
  C:1008H         LINE#         1401
  C:1010H         LINE#         1402
  C:1017H         LINE#         1403
  C:101AH         LINE#         1404
  C:101DH         LINE#         1406
  C:101DH         LINE#         1407
  C:101DH         LINE#         1408
  C:1030H         LINE#         1409
  C:1030H         LINE#         1410
  C:1030H         LINE#         1411
  C:1030H         LINE#         1412
  C:1030H         LINE#         1413
  C:1032H         LINE#         1415
  C:1032H         LINE#         1416
  C:1036H         LINE#         1417
  C:1039H         LINE#         1418
  C:1041H         LINE#         1419
  C:1041H         LINE#         1420
  C:1043H         LINE#         1421
  C:1043H         LINE#         1422
  C:1043H         LINE#         1424
  C:1043H         LINE#         1432
  C:1049H         LINE#         1433
  C:1049H         LINE#         1434
  C:104DH         LINE#         1435
  C:1050H         LINE#         1436
  C:1053H         LINE#         1437
  C:1056H         LINE#         1438
  C:105FH         LINE#         1439
  C:1068H         LINE#         1440
  C:1070H         LINE#         1441
  C:1072H         LINE#         1445
  C:107EH         LINE#         1446
BL51 BANKED LINKER/LOCATER V6.22                                                      04/16/2018  20:02:15  PAGE 27


  C:107EH         LINE#         1447
  C:1081H         LINE#         1448
  C:1086H         LINE#         1449
  C:1086H         LINE#         1450
  C:1088H         LINE#         1452
  C:109BH         LINE#         1456
  C:109BH         LINE#         1457
  C:10A3H         LINE#         1458
  C:10ABH         LINE#         1459
  C:10B2H         LINE#         1460
  C:10B2H         LINE#         1461
  C:10B2H         LINE#         1462
  C:10B2H         LINE#         1465
  C:10BAH         LINE#         1466
  C:10BAH         LINE#         1467
  -------         ENDPROC       SHOW_3_1
  -------         PROC          SHOW_3_2
  C:0A18H         LINE#         1474
  C:0A18H         LINE#         1475
  C:0A18H         LINE#         1478
  C:0A1FH         LINE#         1479
  C:0A1FH         LINE#         1481
  C:0A20H         LINE#         1483
  C:0A22H         LINE#         1484
  C:0A24H         LINE#         1485
  C:0A26H         LINE#         1489
  C:0A2BH         LINE#         1490
  C:0A2EH         LINE#         1491
  C:0A31H         LINE#         1492
  C:0A34H         LINE#         1496
  C:0A3DH         LINE#         1497
  C:0A46H         LINE#         1498
  C:0A4EH         LINE#         1500
  C:0A4FH         LINE#         1507
  C:0A4FH         LINE#         1511
  C:0A61H         LINE#         1512
  C:0A61H         LINE#         1513
  C:0A64H         LINE#         1514
  C:0A6CH         LINE#         1515
  C:0A6CH         LINE#         1516
  C:0A6EH         LINE#         1517
  C:0A79H         LINE#         1518
  C:0A79H         LINE#         1519
  C:0A79H         LINE#         1520
  C:0A79H         LINE#         1521
  C:0A8CH         LINE#         1525
  C:0A8CH         LINE#         1526
  C:0A8CH         LINE#         1527
  C:0A8CH         LINE#         1528
  C:0A8CH         LINE#         1529
  C:0A8FH         LINE#         1532
  C:0A8FH         LINE#         1533
  C:0A93H         LINE#         1534
  C:0A96H         LINE#         1535
  C:0A9CH         LINE#         1536
  C:0A9CH         LINE#         1537
  C:0A9EH         LINE#         1538
BL51 BANKED LINKER/LOCATER V6.22                                                      04/16/2018  20:02:15  PAGE 28


  C:0A9EH         LINE#         1540
  C:0AB1H         LINE#         1541
  C:0AC1H         LINE#         1542
  C:0AD3H         LINE#         1543
  C:0AD3H         LINE#         1544
  C:0AD6H         LINE#         1546
  C:0AD6H         LINE#         1547
  C:0AD6H         LINE#         1548
  C:0B0CH         LINE#         1552
  C:0B0CH         LINE#         1553
  C:0B13H         LINE#         1554
  C:0B1AH         LINE#         1555
  C:0B20H         LINE#         1556
  C:0B23H         LINE#         1559
  C:0B23H         LINE#         1560
  C:0B2CH         LINE#         1561
  C:0B2CH         LINE#         1562
  C:0B2FH         LINE#         1563
  C:0B2FH         LINE#         1564
  C:0B2FH         LINE#         1565
  C:0B32H         LINE#         1566
  C:0B32H         LINE#         1567
  C:0B32H         LINE#         1568
  C:0B32H         LINE#         1578
  C:0B38H         LINE#         1579
  C:0B38H         LINE#         1580
  C:0B3CH         LINE#         1581
  C:0B3FH         LINE#         1582
  C:0B48H         LINE#         1583
  C:0B51H         LINE#         1584
  C:0B53H         LINE#         1585
  C:0B56H         LINE#         1587
  C:0B65H         LINE#         1588
  C:0B65H         LINE#         1589
  C:0B68H         LINE#         1592
  C:0B70H         LINE#         1593
  C:0B70H         LINE#         1594
  C:0B72H         LINE#         1596
  C:0B7EH         LINE#         1597
  C:0B7EH         LINE#         1598
  C:0B7EH         LINE#         1599
  C:0B7EH         LINE#         1600
  C:0B87H         LINE#         1601
  C:0B90H         LINE#         1602
  C:0B98H         LINE#         1604
  C:0B9BH         LINE#         1605
  C:0BA5H         LINE#         1606
  C:0BAFH         LINE#         1607
  C:0BBFH         LINE#         1608
  C:0BC2H         LINE#         1610
  C:0BC2H         LINE#         1611
  C:0BC2H         LINE#         1612
  C:0BCEH         LINE#         1613
  C:0BD6H         LINE#         1614
  C:0BDDH         LINE#         1616
  C:0BE1H         LINE#         1617
  C:0BE3H         LINE#         1618
BL51 BANKED LINKER/LOCATER V6.22                                                      04/16/2018  20:02:15  PAGE 29


  C:0BE3H         LINE#         1619
  C:0BE3H         LINE#         1620
  C:0BE3H         LINE#         1627
  C:0BECH         LINE#         1628
  C:0BECH         LINE#         1629
  C:0BF0H         LINE#         1630
  C:0BF3H         LINE#         1631
  C:0BF6H         LINE#         1632
  C:0BF9H         LINE#         1633
  C:0C02H         LINE#         1634
  C:0C0BH         LINE#         1635
  C:0C13H         LINE#         1636
  C:0C15H         LINE#         1638
  C:0C15H         LINE#         1639
  C:0C18H         LINE#         1640
  C:0C1EH         LINE#         1641
  C:0C1EH         LINE#         1642
  C:0C20H         LINE#         1644
  C:0C33H         LINE#         1645
  C:0C33H         LINE#         1646
  C:0C3BH         LINE#         1647
  C:0C43H         LINE#         1648
  C:0C4AH         LINE#         1649
  C:0C4AH         LINE#         1650
  C:0C4AH         LINE#         1651
  C:0C4AH         LINE#         1658
  C:0C52H         LINE#         1659
  C:0C52H         LINE#         1660
  -------         ENDPROC       SHOW_3_2
  -------         PROC          SHOW_3_3
  C:158FH         LINE#         1668
  C:158FH         LINE#         1669
  C:158FH         LINE#         1672
  C:1596H         LINE#         1673
  C:1596H         LINE#         1675
  C:1597H         LINE#         1679
  C:159AH         LINE#         1680
  C:159DH         LINE#         1681
  C:15A0H         LINE#         1682
  C:15A9H         LINE#         1683
  C:15B2H         LINE#         1684
  C:15BAH         LINE#         1688
  C:15C0H         LINE#         1689
  C:15C3H         LINE#         1690
  C:15C6H         LINE#         1691
  C:15C9H         LINE#         1692
  C:15CAH         LINE#         1699
  C:15CAH         LINE#         1703
  C:15D9H         LINE#         1704
  C:15D9H         LINE#         1705
  C:15DCH         LINE#         1706
  C:15E1H         LINE#         1707
  C:15E1H         LINE#         1708
  C:15E3H         LINE#         1710
  C:15E6H         LINE#         1711
  C:15EBH         LINE#         1712
  C:15EBH         LINE#         1713
BL51 BANKED LINKER/LOCATER V6.22                                                      04/16/2018  20:02:15  PAGE 30


  C:15EDH         LINE#         1714
  C:15EDH         LINE#         1716
  C:15FBH         LINE#         1717
  C:1606H         LINE#         1718
  C:1613H         LINE#         1719
  C:1613H         LINE#         1720
  C:1615H         LINE#         1728
  C:161BH         LINE#         1729
  C:161BH         LINE#         1730
  C:161EH         LINE#         1731
  C:1620H         LINE#         1733
  C:162CH         LINE#         1734
  C:162CH         LINE#         1735
  C:1631H         LINE#         1736
  C:1631H         LINE#         1740
  C:1639H         LINE#         1742
  C:1639H         LINE#         1743
  -------         ENDPROC       SHOW_3_3
  -------         PROC          SHOW_3_4
  C:058FH         LINE#         1750
  C:058FH         LINE#         1751
  C:058FH         LINE#         1754
  C:0596H         LINE#         1755
  C:0596H         LINE#         1757
  C:0597H         LINE#         1761
  C:0599H         LINE#         1762
  C:059BH         LINE#         1763
  C:059DH         LINE#         1766
  C:05A6H         LINE#         1767
  C:05AFH         LINE#         1768
  C:05B7H         LINE#         1771
  C:05BDH         LINE#         1772
  C:05C0H         LINE#         1773
  C:05C3H         LINE#         1774
  C:05C6H         LINE#         1776
  C:05C9H         LINE#         1777
  C:05C9H         LINE#         1784
  C:05C9H         LINE#         1788
  C:05D8H         LINE#         1789
  C:05D8H         LINE#         1790
  C:05DAH         LINE#         1791
  C:05DDH         LINE#         1801
  C:05E3H         LINE#         1802
  C:05E3H         LINE#         1803
  C:05E7H         LINE#         1805
  C:05EAH         LINE#         1806
  C:05EDH         LINE#         1807
  C:05F0H         LINE#         1809
  C:05F3H         LINE#         1811
  C:05F6H         LINE#         1813
  C:0605H         LINE#         1814
  C:0605H         LINE#         1815
  C:0608H         LINE#         1816
  C:0610H         LINE#         1817
  C:0610H         LINE#         1818
  C:0612H         LINE#         1820
  C:0615H         LINE#         1821
BL51 BANKED LINKER/LOCATER V6.22                                                      04/16/2018  20:02:15  PAGE 31


  C:061AH         LINE#         1822
  C:061AH         LINE#         1823
  C:061CH         LINE#         1824
  C:061CH         LINE#         1826
  C:062AH         LINE#         1827
  C:0635H         LINE#         1828
  C:0642H         LINE#         1829
  C:0642H         LINE#         1830
  C:0645H         LINE#         1838
  C:064FH         LINE#         1839
  C:064FH         LINE#         1840
  C:0652H         LINE#         1841
  C:0654H         LINE#         1842
  C:0656H         LINE#         1843
  C:0658H         LINE#         1845
  C:0669H         LINE#         1846
  C:0679H         LINE#         1847
  C:068BH         LINE#         1848
  C:068FH         LINE#         1849
  C:0692H         LINE#         1851
  C:0695H         LINE#         1852
  C:0698H         LINE#         1853
  C:069BH         LINE#         1857
  C:06ADH         LINE#         1858
  C:06ADH         LINE#         1859
  C:06B0H         LINE#         1860
  C:06B8H         LINE#         1861
  C:06B8H         LINE#         1862
  C:06BAH         LINE#         1864
  C:06C6H         LINE#         1865
  C:06C6H         LINE#         1866
  C:06C6H         LINE#         1867
  C:06C6H         LINE#         1868
  C:0701H         LINE#         1872
  C:0701H         LINE#         1873
  C:0708H         LINE#         1874
  C:070FH         LINE#         1875
  C:0715H         LINE#         1876
  C:0718H         LINE#         1883
  C:0718H         LINE#         1884
  C:0718H         LINE#         1885
  C:0726H         LINE#         1886
  C:0731H         LINE#         1887
  C:073EH         LINE#         1888
  C:0741H         LINE#         1889
  C:0744H         LINE#         1892
  C:0744H         LINE#         1893
  C:0744H         LINE#         1894
  C:0757H         LINE#         1900
  C:0757H         LINE#         1901
  C:075FH         LINE#         1902
  C:0767H         LINE#         1903
  C:076EH         LINE#         1904
  C:0770H         LINE#         1906
  C:0770H         LINE#         1907
  C:0774H         LINE#         1908
  C:0777H         LINE#         1909
BL51 BANKED LINKER/LOCATER V6.22                                                      04/16/2018  20:02:15  PAGE 32


  C:077FH         LINE#         1910
  C:0792H         LINE#         1911
  C:07A2H         LINE#         1912
  C:07B4H         LINE#         1913
  C:07B8H         LINE#         1914
  C:07B8H         LINE#         1915
  C:07BAH         LINE#         1916
  C:07BAH         LINE#         1917
  C:07BAH         LINE#         1918
  C:07BAH         LINE#         1924
  C:07C5H         LINE#         1925
  C:07C5H         LINE#         1926
  C:07C8H         LINE#         1927
  C:07CAH         LINE#         1935
  C:07CAH         LINE#         1936
  C:07CDH         LINE#         1937
  C:07CDH         LINE#         1942
  C:07D5H         LINE#         1943
  C:07D5H         LINE#         1944
  -------         ENDPROC       SHOW_3_4
  -------         ENDMOD        LED_DISPLAY

  -------         MODULE        MCU_CONFIG
  C:0000H         SYMBOL        _ICE_DUMMY_
  D:00B1H         PUBLIC        P0M1
  D:00B2H         PUBLIC        P0M2
  D:0080H         PUBLIC        P0
  D:00B5H         PUBLIC        P2M1
  D:0090H         PUBLIC        P1
  D:00B6H         PUBLIC        P2M2
  D:00A0H         PUBLIC        P2
  D:00B0H         PUBLIC        P3
  D:009CH         PUBLIC        EIE1
  D:00D8H         PUBLIC        PWMCON0
  D:00A8H         PUBLIC        IE
  D:0096H         PUBLIC        CKSWT
  D:00FEH         PUBLIC        EIP1
  D:00C7H         PUBLIC        TA
  D:00B8H         PUBLIC        IP
  B:00E8H.6       PUBLIC        ADCS
  C:22BAH         PUBLIC        MCU_Config
  D:0097H         PUBLIC        CKEN
  C:2272H         SYMBOL        GPIO_Init
  D:007CH         PUBLIC        HseStatus
  D:00CBH         PUBLIC        RCMP2H
  D:00F2H         PUBLIC        ADCAQT
  D:00CAH         PUBLIC        RCMP2L
  C:20B5H         SYMBOL        UART_Init
  D:0098H         PUBLIC        SCON
  D:0089H         PUBLIC        TMOD
  D:0088H         PUBLIC        TCON
  C:2301H         SYMBOL        ADC_Init
  D:00F8H         PUBLIC        SCON_1
  B:00A8H.1       PUBLIC        ET0
  D:008CH         PUBLIC        TH0
  D:00C6H         PUBLIC        RH3
  D:008AH         PUBLIC        TL0
BL51 BANKED LINKER/LOCATER V6.22                                                      04/16/2018  20:02:15  PAGE 33


  C:1FAFH         SYMBOL        CLK_Init
  D:00C5H         PUBLIC        RL3
  B:00C8H.2       PUBLIC        TR2
  D:00FFH         PUBLIC        EIPH1
  D:00E8H         PUBLIC        ADCCON0
  D:00E1H         PUBLIC        ADCCON1
  D:00E2H         PUBLIC        ADCCON2
  D:00C0H         PUBLIC        I2CON
  C:2040H         SYMBOL        TIM_Init
  C:235BH         SYMBOL        WDT_Init
  D:00C9H         PUBLIC        T2MOD
  D:00C8H         PUBLIC        T2CON
  D:00C4H         PUBLIC        T3CON
  D:008EH         PUBLIC        CKCON
  D:00D0H         PUBLIC        PSW
  D:00AAH         PUBLIC        WDCON
  -------         PROC          MCU_CONFIG
  C:22BAH         LINE#         18
  C:22BAH         LINE#         19
  C:22BAH         LINE#         21
  C:22BDH         LINE#         23
  C:22C0H         LINE#         25
  C:22C3H         LINE#         27
  C:22C6H         LINE#         29
  C:22C9H         LINE#         31
  C:22CCH         LINE#         33
  C:22CFH         LINE#         36
  C:22D2H         LINE#         37
  -------         ENDPROC       MCU_CONFIG
  -------         PROC          CLK_INIT
  -------         DO            
  D:0006H         SYMBOL        ClkChgTime
  -------         ENDDO         
  C:1FAFH         LINE#         44
  C:1FAFH         LINE#         45
  C:1FAFH         LINE#         46
  C:1FB3H         LINE#         48
  C:1FB6H         LINE#         49
  C:1FB9H         LINE#         50
  C:1FBCH         LINE#         53
  C:1FCCH         LINE#         56
  C:1FD5H         LINE#         57
  C:1FD5H         LINE#         58
  C:1FD8H         LINE#         59
  C:1FDBH         LINE#         60
  C:1FDEH         LINE#         62
  C:1FE1H         LINE#         63
  C:1FE4H         LINE#         64
  C:1FE7H         LINE#         66
  C:1FEAH         LINE#         67
  C:1FEBH         LINE#         71
  C:1FEBH         LINE#         72
  C:1FEEH         LINE#         73
  C:1FF1H         LINE#         74
  C:1FF4H         LINE#         75
  C:1FF7H         LINE#         76
  C:1FF7H         LINE#         77
BL51 BANKED LINKER/LOCATER V6.22                                                      04/16/2018  20:02:15  PAGE 34


  -------         ENDPROC       CLK_INIT
  -------         PROC          GPIO_INIT
  C:2272H         LINE#         84
  C:2272H         LINE#         85
  C:2272H         LINE#         87
  C:2275H         LINE#         88
  C:2278H         LINE#         89
  C:227BH         LINE#         92
  C:227EH         LINE#         93
  C:2281H         LINE#         94
  C:2284H         LINE#         97
  C:2287H         LINE#         98
  C:228AH         LINE#         101
  C:228DH         LINE#         102
  C:2290H         LINE#         103
  C:2293H         LINE#         104
  C:2296H         LINE#         105
  C:2299H         LINE#         107
  -------         ENDPROC       GPIO_INIT
  -------         PROC          TIM_INIT
  C:2040H         LINE#         114
  C:2040H         LINE#         115
  C:2040H         LINE#         117
  C:2043H         LINE#         118
  C:2046H         LINE#         119
  C:204DH         LINE#         120
  C:204DH         LINE#         121
  C:2050H         LINE#         122
  C:2053H         LINE#         123
  C:2055H         LINE#         125
  C:2055H         LINE#         126
  C:2058H         LINE#         127
  C:205BH         LINE#         128
  C:205BH         LINE#         129
  C:205DH         LINE#         130
  C:2060H         LINE#         133
  C:2063H         LINE#         134
  C:2066H         LINE#         136
  C:206DH         LINE#         137
  C:206DH         LINE#         139
  C:2070H         LINE#         140
  C:2073H         LINE#         141
  C:2075H         LINE#         143
  C:2075H         LINE#         144
  C:2078H         LINE#         145
  C:207BH         LINE#         146
  C:207BH         LINE#         147
  C:207DH         LINE#         148
  -------         ENDPROC       TIM_INIT
  -------         PROC          ADC_INIT
  C:2301H         LINE#         156
  C:2301H         LINE#         157
  C:2301H         LINE#         159
  C:2304H         LINE#         160
  C:2307H         LINE#         163
  C:230AH         LINE#         164
  C:230DH         LINE#         165
BL51 BANKED LINKER/LOCATER V6.22                                                      04/16/2018  20:02:15  PAGE 35


  C:2310H         LINE#         166
  C:2313H         LINE#         167
  C:2315H         LINE#         168
  -------         ENDPROC       ADC_INIT
  -------         PROC          UART_INIT
  C:20B5H         LINE#         178
  C:20B5H         LINE#         179
  C:20B5H         LINE#         181
  C:20B8H         LINE#         182
  C:20BBH         LINE#         183
  C:20BEH         LINE#         186
  C:20C1H         LINE#         187
  C:20C4H         LINE#         188
  C:20C7H         LINE#         191
  C:20CAH         LINE#         192
  C:20D1H         LINE#         193
  C:20D1H         LINE#         194
  C:20D4H         LINE#         195
  C:20D7H         LINE#         196
  C:20D9H         LINE#         198
  C:20D9H         LINE#         199
  C:20DCH         LINE#         200
  C:20DFH         LINE#         201
  C:20DFH         LINE#         202
  C:20E2H         LINE#         204
  C:20E5H         LINE#         205
  C:20E8H         LINE#         209
  C:20EBH         LINE#         210
  -------         ENDPROC       UART_INIT
  -------         PROC          WDT_INIT
  C:235BH         LINE#         219
  C:235BH         LINE#         220
  C:235BH         LINE#         221
  C:235EH         LINE#         222
  C:2361H         LINE#         223
  C:2364H         LINE#         224
  -------         ENDPROC       WDT_INIT
  -------         ENDMOD        MCU_CONFIG

  -------         MODULE        MOTOR
  C:0000H         SYMBOL        _ICE_DUMMY_
  D:0080H         PUBLIC        P0
  D:0090H         PUBLIC        P1
  D:00A0H         PUBLIC        P2
  D:00B0H         PUBLIC        P3
  D:00D8H         PUBLIC        PWMCON0
  D:00A8H         PUBLIC        IE
  D:005AH         PUBLIC        MOTOR_DATA
[...]
  C:054AH         LINE#         913
  C:054AH         LINE#         914
  C:054CH         LINE#         923
  C:054CH         LINE#         924
  C:054CH         LINE#         925
  C:0550H         LINE#         926
  C:0550H         LINE#         927
  C:0553H         LINE#         928
  C:0556H         LINE#         929
  C:0559H         LINE#         930
  C:055CH         LINE#         931
  C:055FH         LINE#         932
  C:0561H         LINE#         933
  C:0564H         LINE#         934
  C:0569H         LINE#         935
  C:056DH         LINE#         936
  C:056EH         LINE#         937
  C:056EH         LINE#         939
  C:0573H         LINE#         940
  C:0573H         LINE#         941
  C:0576H         LINE#         942
  C:0579H         LINE#         943
  C:057CH         LINE#         944
BL51 BANKED LINKER/LOCATER V6.22                                                      04/16/2018  20:02:15  PAGE 53


  C:057FH         LINE#         945
  C:0582H         LINE#         946
  C:0585H         LINE#         947
  C:0588H         LINE#         948
  C:058BH         LINE#         949
  C:058EH         LINE#         950
  C:058EH         LINE#         951
  C:058EH         LINE#         952
  C:058EH         LINE#         953
  -------         ENDPROC       CSR1010_PROCESS
  -------         PROC          _CRC16_CAL
  D:006FH         SYMBOL        Buffer
  -------         DO            
  D:0072H         SYMBOL        ResultBuf
  D:0005H         SYMBOL        CntBuf
  D:0004H         SYMBOL        BitBuf
  -------         ENDDO         
  C:1E79H         LINE#         961
  C:1E7FH         LINE#         962
  C:1E7FH         LINE#         963
  C:1E84H         LINE#         964
  C:1E85H         LINE#         965
  C:1E85H         LINE#         967
  C:1E85H         LINE#         968
  C:1E85H         LINE#         969
  C:1E97H         LINE#         971
  C:1E99H         LINE#         972
  C:1E99H         LINE#         973
  C:1E9EH         LINE#         974
  C:1E9EH         LINE#         975
  C:1EAFH         LINE#         976
  C:1EB1H         LINE#         978
  C:1EB1H         LINE#         979
  C:1EBCH         LINE#         980
  C:1EBCH         LINE#         981
  C:1EC0H         LINE#         982
  C:1EC4H         LINE#         984
  C:1EC8H         LINE#         985
  -------         ENDPROC       _CRC16_CAL
  -------         PROC          _COLOR_VALUE_GET
  D:0007H         SYMBOL        ColorNumBuf
  -------         DO            
  D:0006H         SYMBOL        TempCnt
  -------         ENDDO         
  C:1B2DH         LINE#         990
  C:1B2DH         LINE#         991
  C:1B2DH         LINE#         992
  C:1B2FH         LINE#         994
  C:1B36H         LINE#         995
  C:1B36H         LINE#         996
  C:1B37H         LINE#         997
  C:1B37H         LINE#         998
  C:1B4BH         LINE#         999
  C:1B5FH         LINE#         1000
  C:1B73H         LINE#         1001
  C:1B78H         LINE#         1002
  C:1B78H         LINE#         1004
BL51 BANKED LINKER/LOCATER V6.22                                                      04/16/2018  20:02:15  PAGE 54


  C:1B78H         LINE#         1005
  C:1B83H         LINE#         1006
  C:1B8EH         LINE#         1007
  C:1B99H         LINE#         1008
  C:1B99H         LINE#         1009
  -------         ENDPROC       _COLOR_VALUE_GET
  C:229AH         SYMBOL        L?0138
  -------         PROC          L?0137
  -------         ENDPROC       L?0137
  C:229AH         SYMBOL        L?0138
  -------         PROC          _HEX_TO_CHAR
  D:0007H         SYMBOL        HexBuf
  C:229FH         LINE#         1023
  C:229FH         LINE#         1024
  C:229FH         LINE#         1025
  C:22A8H         LINE#         1028
  C:22AEH         LINE#         1029
  C:22AEH         LINE#         1030
  C:22B3H         LINE#         1031
  C:22B3H         LINE#         1034
  C:22B6H         LINE#         1035
  C:22B9H         LINE#         1036
  -------         ENDPROC       _HEX_TO_CHAR
  -------         ENDMOD        DATA_PROCESS

  -------         MODULE        FLASH_PRGRM
  C:0000H         SYMBOL        _ICE_DUMMY_
  D:007EH         PUBLIC        FlashSaveFlag
  D:0080H         PUBLIC        P0
  D:0090H         PUBLIC        P1
  D:00A0H         PUBLIC        P2
  D:00B0H         PUBLIC        P3
  D:00D8H         PUBLIC        PWMCON0
  C:10BBH         PUBLIC        Byte_Write_To_APROM
  D:00A8H         PUBLIC        IE
  D:00C7H         PUBLIC        TA
  D:00B8H         PUBLIC        IP
  D:0098H         PUBLIC        SCON
  D:0088H         PUBLIC        TCON
  D:009FH         PUBLIC        CHPCON
  D:00A5H         PUBLIC        IAPUEN
  D:00F8H         PUBLIC        SCON_1
  D:00A4H         PUBLIC        IAPTRG
  C:0003H         PUBLIC        _Byte_Read_From_APROM
  D:00E8H         PUBLIC        ADCCON0
  D:00C0H         PUBLIC        I2CON
  D:00A7H         PUBLIC        IAPAH
  D:00AEH         PUBLIC        IAPFD
  D:00C8H         PUBLIC        T2CON
  D:00A6H         PUBLIC        IAPAL
  D:00AFH         PUBLIC        IAPCN
  D:00D0H         PUBLIC        PSW
  C:0200H         PUBLIC        DataAPROM
  -------         PROC          BYTE_WRITE_TO_APROM
  C:10BBH         LINE#         24
  C:10BBH         LINE#         25
  C:10BBH         LINE#         26
BL51 BANKED LINKER/LOCATER V6.22                                                      04/16/2018  20:02:15  PAGE 55


  C:10C2H         LINE#         27
  C:10C2H         LINE#         28
  C:10C5H         LINE#         31
  C:10C8H         LINE#         34
  C:10CBH         LINE#         35
  C:10CEH         LINE#         36
  C:10D1H         LINE#         38
  C:10D4H         LINE#         39
  C:10D7H         LINE#         40
  C:10DAH         LINE#         42
  C:10DDH         LINE#         43
  C:10E0H         LINE#         44
  C:10E2H         LINE#         45
  C:10E5H         LINE#         46
  C:10E8H         LINE#         47
  C:10EBH         LINE#         48
  C:10EEH         LINE#         52
  C:10F1H         LINE#         53
  C:10F4H         LINE#         54
  C:10F6H         LINE#         55
  C:10F9H         LINE#         56
  C:10FCH         LINE#         57
  C:10FFH         LINE#         58
  C:1102H         LINE#         61
  C:1105H         LINE#         62
  C:1108H         LINE#         63
  C:110BH         LINE#         64
  C:110EH         LINE#         65
  C:1111H         LINE#         66
  C:1114H         LINE#         67
  C:1117H         LINE#         71
  C:111AH         LINE#         72
  C:111DH         LINE#         73
  C:1120H         LINE#         74
  C:1123H         LINE#         75
  C:1126H         LINE#         76
  C:1129H         LINE#         77
  C:112CH         LINE#         80
  C:112FH         LINE#         81
  C:1132H         LINE#         82
  C:1135H         LINE#         83
  C:113AH         LINE#         84
  C:113DH         LINE#         85
  C:1140H         LINE#         86
  C:1143H         LINE#         89
  C:1146H         LINE#         90
  C:1149H         LINE#         91
  C:114CH         LINE#         92
  C:1151H         LINE#         93
  C:1154H         LINE#         94
  C:1157H         LINE#         95
  C:115AH         LINE#         98
  C:115DH         LINE#         99
  C:1160H         LINE#         100
  C:1163H         LINE#         101
  C:1168H         LINE#         102
  C:116BH         LINE#         103
BL51 BANKED LINKER/LOCATER V6.22                                                      04/16/2018  20:02:15  PAGE 56


  C:116EH         LINE#         104
  C:1171H         LINE#         108
  C:1174H         LINE#         109
  C:1177H         LINE#         110
  C:117AH         LINE#         111
  C:117FH         LINE#         112
  C:1182H         LINE#         113
  C:1185H         LINE#         114
  C:1188H         LINE#         117
  C:118BH         LINE#         118
  C:118EH         LINE#         119
  C:1191H         LINE#         120
  C:1194H         LINE#         121
  C:1197H         LINE#         122
  C:119AH         LINE#         123
  C:119DH         LINE#         126
  C:11A0H         LINE#         127
  C:11A3H         LINE#         128
  C:11A6H         LINE#         130
  C:11A9H         LINE#         131
  C:11ACH         LINE#         132
  C:11AFH         LINE#         135
  C:11B2H         LINE#         136
  C:11B2H         LINE#         137
  -------         ENDPROC       BYTE_WRITE_TO_APROM
  -------         PROC          _BYTE_READ_FROM_APROM
  D:0007H         SYMBOL        AddBuf
  C:0003H         LINE#         145
  C:0003H         LINE#         146
  C:0003H         LINE#         147
  C:0009H         LINE#         148
  -------         ENDPROC       _BYTE_READ_FROM_APROM
  -------         ENDMOD        FLASH_PRGRM

  -------         MODULE        LED_CLASS
  C:0000H         SYMBOL        _ICE_DUMMY_
  D:0080H         PUBLIC        P0
  D:0090H         PUBLIC        P1
  D:00A0H         PUBLIC        P2
  D:00B0H         PUBLIC        P3
  D:00D8H         PUBLIC        PWMCON0
  D:00A8H         PUBLIC        IE
  D:00B8H         PUBLIC        IP
  D:0098H         PUBLIC        SCON
  B:0080H.5       PUBLIC        P05
  D:0088H         PUBLIC        TCON
  B:0080H.6       PUBLIC        P06
  B:0080H.7       PUBLIC        P07
  D:00F8H         PUBLIC        SCON_1
  D:00E8H         PUBLIC        ADCCON0
  D:00C0H         PUBLIC        I2CON
  C:21BBH         PUBLIC        Led_Update
  D:00C8H         PUBLIC        T2CON
  D:0075H         PUBLIC        DutyB
  D:0076H         PUBLIC        DutyG
  D:0077H         PUBLIC        DutyR
  D:00D0H         PUBLIC        PSW
BL51 BANKED LINKER/LOCATER V6.22                                                      04/16/2018  20:02:15  PAGE 57


  -------         PROC          LED_UPDATE
  -------         DO            
  D:0074H         SYMBOL        DutyCnt
  -------         ENDDO         
  C:21BBH         LINE#         24
  C:21BBH         LINE#         25
  C:21BBH         LINE#         28
  C:21BDH         LINE#         29
  C:21C7H         LINE#         31
  C:21D2H         LINE#         32
  C:21D4H         LINE#         34
  C:21DFH         LINE#         35
  C:21E1H         LINE#         37
  C:21EBH         LINE#         38
  C:21EDH         LINE#         39
  -------         ENDPROC       LED_UPDATE
  -------         ENDMOD        LED_CLASS

  -------         MODULE        TIMER_CTRL
  C:0000H         SYMBOL        _ICE_DUMMY_
  D:0080H         PUBLIC        P0
  D:0065H         PUBLIC        TimerData
  D:0090H         PUBLIC        P1
  D:00A0H         PUBLIC        P2
  D:00B0H         PUBLIC        P3
  D:00D8H         PUBLIC        PWMCON0
  D:00A8H         PUBLIC        IE
  D:00B8H         PUBLIC        IP
  X:0000H         PUBLIC        TimerChk
  D:0098H         PUBLIC        SCON
  D:0088H         PUBLIC        TCON
  D:00F8H         PUBLIC        SCON_1
  C:1776H         PUBLIC        Count_Down_Control
  D:00E8H         PUBLIC        ADCCON0
  D:00C0H         PUBLIC        I2CON
  D:00C8H         PUBLIC        T2CON
  D:00D0H         PUBLIC        PSW
  -------         PROC          COUNT_DOWN_CONTROL
  C:1776H         LINE#         24
  C:1776H         LINE#         25
  C:1776H         LINE#         27
  C:177DH         LINE#         32
  C:1782H         LINE#         33
  C:1782H         LINE#         34
  C:1785H         LINE#         35
  C:1787H         LINE#         36
  C:1789H         LINE#         37
  C:178BH         LINE#         38
  C:178DH         LINE#         39
  C:1793H         LINE#         40
  C:1793H         LINE#         44
  C:1795H         LINE#         45
  C:179CH         LINE#         46
  C:179CH         LINE#         47
  C:179FH         LINE#         48
  C:17ADH         LINE#         49
  C:17BCH         LINE#         50
BL51 BANKED LINKER/LOCATER V6.22                                                      04/16/2018  20:02:15  PAGE 58


  C:17BCH         LINE#         51
  C:17C1H         LINE#         53
  C:17C1H         LINE#         54
  C:17C3H         LINE#         55
  C:17CAH         LINE#         56
  C:17CAH         LINE#         57
  C:17CDH         LINE#         58
  C:17CFH         LINE#         59
  C:17D5H         LINE#         60
  C:17D5H         LINE#         61
  C:17D8H         LINE#         62
  C:17DAH         LINE#         63
  C:17E0H         LINE#         64
  C:17E0H         LINE#         65
  C:17E3H         LINE#         66
  C:17E3H         LINE#         67
  C:17E3H         LINE#         68
  C:17E3H         LINE#         69
  C:17E3H         LINE#         73
  C:17F3H         LINE#         77
  C:17F3H         LINE#         78
  C:17F6H         LINE#         79
  C:17F9H         LINE#         80
  C:17FAH         LINE#         83
  C:180BH         LINE#         87
  C:180BH         LINE#         88
  C:180EH         LINE#         89
  C:1811H         LINE#         90
  C:1811H         LINE#         91
  -------         ENDPROC       COUNT_DOWN_CONTROL
  -------         ENDMOD        TIMER_CTRL

  -------         MODULE        BT_CONTROL
  C:0000H         SYMBOL        _ICE_DUMMY_
  D:0080H         PUBLIC        P0
  D:00B5H         PUBLIC        P2M1
  D:0090H         PUBLIC        P1
  D:00B6H         PUBLIC        P2M2
  D:00A0H         PUBLIC        P2
  D:00B0H         PUBLIC        P3
  D:00D8H         PUBLIC        PWMCON0
  D:00A8H         PUBLIC        IE
  D:00B8H         PUBLIC        IP
  B:0080H.1       PUBLIC        P01
  B:0080H.4       PUBLIC        P04
  D:0098H         PUBLIC        SCON
  D:0088H         PUBLIC        TCON
  B:00A0H.4       PUBLIC        P24
  B:00A0H.5       PUBLIC        P25
  I:00B3H         PUBLIC        PIO11_HighTime
  D:00F8H         PUBLIC        SCON_1
  I:00B5H         PUBLIC        BtTime
  C:19D0H         SYMBOL        BT_Power_Control
  C:1A49H         PUBLIC        BT_Work_Detect
  D:00E8H         PUBLIC        ADCCON0
  I:00B6H         PUBLIC        BtPowerInitFlag
  D:00C0H         PUBLIC        I2CON
BL51 BANKED LINKER/LOCATER V6.22                                                      04/16/2018  20:02:15  PAGE 59


  I:00B7H         PUBLIC        BtRcvDataFlag
  I:00B8H         PUBLIC        BtConStatus
  D:00C8H         PUBLIC        T2CON
  I:00B9H         PUBLIC        PIO11_LowTime
  I:00BBH         PUBLIC        BtRcvDataTime
  D:00D0H         PUBLIC        PSW
  -------         PROC          BT_WORK_DETECT
  C:1A49H         LINE#         25
  C:1A49H         LINE#         26
  C:1A49H         LINE#         30
  C:1A4CH         LINE#         31
  C:1A4CH         LINE#         32
  C:1A50H         LINE#         33
  C:1A52H         LINE#         35
  C:1A55H         LINE#         36
  C:1A5BH         LINE#         37
  C:1A5BH         LINE#         38
  C:1A5DH         LINE#         39
  C:1A5FH         LINE#         40
  C:1A64H         LINE#         41
  C:1A64H         LINE#         42
  C:1A64H         LINE#         43
  C:1A64H         LINE#         44
  C:1A64H         LINE#         45
  C:1A64H         LINE#         46
  C:1A64H         LINE#         47
  C:1A66H         LINE#         49
  C:1A66H         LINE#         50
  C:1A6AH         LINE#         51
  C:1A6CH         LINE#         53
  C:1A6FH         LINE#         54
  C:1A75H         LINE#         55
  C:1A75H         LINE#         56
  C:1A77H         LINE#         57
  C:1A79H         LINE#         58
  C:1A7EH         LINE#         59
  C:1A7EH         LINE#         60
  C:1A80H         LINE#         61
  C:1A84H         LINE#         62
  C:1A88H         LINE#         63
  C:1A88H         LINE#         64
  C:1A88H         LINE#         65
  C:1A88H         LINE#         71
  C:1A8EH         LINE#         72
  C:1A8EH         LINE#         73
  C:1A90H         LINE#         74
  C:1A93H         LINE#         75
  C:1A95H         LINE#         76
  C:1A97H         LINE#         77
  C:1A97H         LINE#         81
  C:1A9AH         LINE#         82
  C:1AA0H         LINE#         83
  C:1AA0H         LINE#         84
  C:1AA2H         LINE#         85
  C:1AA4H         LINE#         86
  C:1AA9H         LINE#         87
  C:1AA9H         LINE#         88
BL51 BANKED LINKER/LOCATER V6.22                                                      04/16/2018  20:02:15  PAGE 60


  C:1AABH         LINE#         89
  C:1AADH         LINE#         90
  C:1AB2H         LINE#         91
  C:1AB2H         LINE#         92
  C:1AB4H         LINE#         93
  C:1AB8H         LINE#         94
  C:1ABCH         LINE#         95
  C:1ABCH         LINE#         96
  C:1ABCH         LINE#         97
  C:1ABCH         LINE#         101
  -------         ENDPROC       BT_WORK_DETECT
  -------         PROC          BT_POWER_CONTROL
  C:19D0H         LINE#         113
  C:19D0H         LINE#         114
  C:19D0H         LINE#         115
  C:19DEH         LINE#         116
  C:19DEH         LINE#         117
  C:19DEH         LINE#         119
  C:19DEH         LINE#         120
  C:19DEH         LINE#         121
  C:19E4H         LINE#         122
  C:19E4H         LINE#         123
  C:19E6H         LINE#         124
  C:19E8H         LINE#         125
  C:19EAH         LINE#         126
  C:19EAH         LINE#         128
  C:19EDH         LINE#         129
  C:19F3H         LINE#         130
  C:19F3H         LINE#         131
  C:19F5H         LINE#         132
  C:19F8H         LINE#         133
  C:19FBH         LINE#         134
  C:19FEH         LINE#         135
  C:1A01H         LINE#         136
  C:1A04H         LINE#         137
  C:1A04H         LINE#         138
  C:1A05H         LINE#         140
  C:1A05H         LINE#         141
  C:1A05H         LINE#         142
  C:1A09H         LINE#         143
  C:1A0BH         LINE#         144
  C:1A0DH         LINE#         145
  C:1A10H         LINE#         146
  C:1A12H         LINE#         147
  C:1A15H         LINE#         148
  C:1A18H         LINE#         149
  C:1A1AH         LINE#         150
  C:1A1CH         LINE#         151
  C:1A1DH         LINE#         153
  C:1A1DH         LINE#         154
  C:1A1DH         LINE#         155
  C:1A23H         LINE#         156
  C:1A23H         LINE#         157
  C:1A25H         LINE#         158
  C:1A27H         LINE#         159
  C:1A29H         LINE#         160
  C:1A2BH         LINE#         161
BL51 BANKED LINKER/LOCATER V6.22                                                      04/16/2018  20:02:15  PAGE 61


  C:1A2EH         LINE#         162
  C:1A31H         LINE#         163
  C:1A33H         LINE#         164
  C:1A35H         LINE#         165
  C:1A35H         LINE#         167
  C:1A38H         LINE#         168
  C:1A3EH         LINE#         169
  C:1A3EH         LINE#         170
  C:1A40H         LINE#         171
  C:1A44H         LINE#         172
  C:1A48H         LINE#         173
  C:1A48H         LINE#         174
  C:1A48H         LINE#         175
  C:1A48H         LINE#         176
  -------         ENDPROC       BT_POWER_CONTROL
  -------         ENDMOD        BT_CONTROL

  -------         MODULE        ?C?CLDOPTR
  C:11B3H         PUBLIC        ?C?CLDOPTR
  -------         ENDMOD        ?C?CLDOPTR

  -------         MODULE        ?C?UIDIV
  C:11E0H         PUBLIC        ?C?UIDIV
  -------         ENDMOD        ?C?UIDIV

  -------         MODULE        ?C?SIDIV
  C:1235H         PUBLIC        ?C?SIDIV
  -------         ENDMOD        ?C?SIDIV

  -------         MODULE        ?C?CCASE
  C:126BH         PUBLIC        ?C?CCASE
  -------         ENDMOD        ?C?CCASE

  -------         MODULE        RAND
  D:0078H         PUBLIC        ?SRAND?BYTE
  C:1F18H         PUBLIC        RAND
  C:1F5AH         PUBLIC        _SRAND
  -------         ENDMOD        RAND

Program Size: data=213.0 xdata=2 code=9071
LINK/LOCATE RUN COMPLETE.  0 WARNING(S),  0 ERROR(S)
