C51 COMPILER V9.52.0.0   CONFIG                                                            08/11/2018 17:41:13 PAGE 1   


C51 COMPILER V9.52.0.0, COMPILATION OF MODULE CONFIG
OBJECT MODULE PLACED IN Config.obj
COMPILER INVOKED BY: C:\Keil\C51\C51\BIN\C51.EXE UserAPP\Config.c BROWSE INCDIR(.\UserAPP) DEBUG OBJECTEXTEND PRINT(.\Co
                    -nfig.lst) TABS(2) OBJECT(Config.obj)

line level    source

   1          /********************************************************************
   2            *
   3            * FILE NAME      Config.c
   4            *
   5          *********************************************************************/
   6          #include "Config.h"
   7          
   8          
   9          //Arguments
  10          bit BitTemp;
  11          
  12          /********************************************************************
  13            *
  14            * FunctioName    MCU_Config()
  15            *
  16          *********************************************************************/
  17          void MCU_Config(void)
  18          {
  19   1        // Disable Interrupt
  20   1        IE &= ~BIT7;
  21   1        
  22   1        CLK_Init();
  23   1        
  24   1        GPIO_Init();
  25   1        
  26   1        TIM_Init();
  27   1        
  28   1        USART_Init();
  29   1        
  30   1        
  31   1        // Enable Interrupt
  32   1        IE |= BIT7;
  33   1      }
  34          
  35          
  36          
  37          //-----------------------------------------------------------------
  38          // FunctionName   CLK_Init
  39          //-----------------------------------------------------------------
  40          static void CLK_Init(void)
  41          {
  42   1        TA      = 0xAA;
  43   1        TA      = 0x55;
  44   1        CKSWT  &= ~(BIT1 | BIT0);       //Select HIRC as system clock Sys_Clk = 22.118M
  45   1      }
  46          
  47          
  48          //-----------------------------------------------------------------
  49          // FunctionName   GPIO_Init
  50          //-----------------------------------------------------------------
  51          static void GPIO_Init(void)
  52          {
  53   1        // P21 - PIO11
  54   1        P2M1  |= (BIT1);
C51 COMPILER V9.52.0.0   CONFIG                                                            08/11/2018 17:41:13 PAGE 2   

  55   1        P2M2  &= ~(BIT1);
  56   1        
  57   1        //P23 - VDD_CE
  58   1        P2M1 &= ~BIT3;
  59   1        P2M2 |= BIT3;
  60   1        
  61   1        //P07 - Comm
  62   1        P0M1 &= ~BIT7;
  63   1        P0M2 |= BIT7;
  64   1        P0 &= ~BIT7;
  65   1        
  66   1        SET_SFRPAGE;
  67   1        P0SR |= BIT7;
  68   1        CLR_SFRPAGE;
  69   1        
  70   1        
  71   1        PORT_BT_CE = SET;
  72   1      }
  73          
  74          
  75          //-----------------------------------------------------------------
  76          // FunctionName   TIM_Init
  77          //-----------------------------------------------------------------
  78          static void TIM_Init(void)
  79          {
  80   1        T2CON   = 0x0;
  81   1        T2MOD   = 0xA0;     // 22.118 / 16 = 1.382375M
  82   1          
  83   1        RCMP2L  = 0x00;
  84   1        RCMP2H  = 0xCA;     // 10ms
  85   1        
  86   1        TR2   = 1;
  87   1        
  88   1        TMOD  = 0x20;     // 8bit timers1 anto reload
  89   1        TCON  = 0;        
  90   1        CKCON = 0x00;     // Syst = 22.118M / 12 = 1.84316666...
  91   1        TL1 = 0x00;
  92   1        TH1   = 250;      // 1.84316666M / ((256 - 250) * 32) = 9600
  93   1        
  94   1        TR1   = 1;
  95   1      }
  96          
  97          
  98          //-----------------------------------------------------------------
  99          // FunctionName   USART_Init
 100          //-----------------------------------------------------------------
 101          static void USART_Init(void)
 102          {
 103   1        // P24 Rx_1, P25 Tx_1, P20 Rx_0
 104   1        P2M1  &= ~(BIT0 | BIT4 | BIT5);
 105   1        P2M2  &= ~(BIT0 | BIT4 | BIT5);
 106   1        P2    |= (BIT0 | BIT4 | BIT5);    // P24 = 1, P25 = 1
 107   1        
 108   1        //P03 Tx_0
 109   1        P0M1  &= ~BIT3;
 110   1        P0M2  &= ~BIT3;
 111   1        P0    |= BIT3;    // P03 = 1
 112   1        
 113   1        
 114   1        
 115   1        // Set USART0 & USART1
 116   1        SCON    = 0x50;
C51 COMPILER V9.52.0.0   CONFIG                                                            08/11/2018 17:41:13 PAGE 3   

 117   1        SCON_1  = 0x50;   // work at mode 1
 118   1        T3CON   |= BIT7;
 119   1        T3CON   &= ~BIT6;
 120   1        
 121   1        /* Bond Rate 9600 */
 122   1        T3CON &= ~(BIT0 | BIT1 | BIT2);
 123   1        RH3   = 0xFF;
 124   1        RL3   = 0x70;   // Rate = 22.118M / (16 * (0xffff - 0xff70 + 1))  = 22.118M / (16 * 144) = 9600;
 125   1        T3CON |= BIT3;
 126   1        
 127   1        EIP1  |= BIT0;
 128   1        EIPH1 |= BIT0;
 129   1        
 130   1      
 131   1        /* Receive Interrupt Enable */
 132   1        IE    |= BIT4;
 133   1        EIE1  |= BIT0;
 134   1      }
 135          
 136          


MODULE INFORMATION:   STATIC OVERLAYABLE
   CODE SIZE        =    177    ----
   CONSTANT SIZE    =   ----    ----
   XDATA SIZE       =   ----    ----
   PDATA SIZE       =   ----    ----
   DATA SIZE        =   ----    ----
   IDATA SIZE       =   ----    ----
   BIT SIZE         =      1    ----
END OF MODULE INFORMATION.


C51 COMPILATION COMPLETE.  0 WARNING(S),  0 ERROR(S)
