C51 COMPILER V9.52.0.0   DATA_PROCESS                                                      08/11/2018 17:41:13 PAGE 1   


C51 COMPILER V9.52.0.0, COMPILATION OF MODULE DATA_PROCESS
OBJECT MODULE PLACED IN Data_Process.obj
COMPILER INVOKED BY: C:\Keil\C51\C51\BIN\C51.EXE UserAPP\Data_Process.c BROWSE INCDIR(.\UserAPP) DEBUG OBJECTEXTEND PRIN
                    -T(.\Data_Process.lst) TABS(2) OBJECT(Data_Process.obj)

line level    source

   1          /********************************************************************
   2            *
   3            * FILE NAME      Data_Process.c
   4            *
   5          *********************************************************************/
   6          #include "Data_Process.h"
   7          
   8          _Uint8        NormalMode;
   9          _Uint8        ShowMode;
  10          _Uint8        NormalColor;
  11          _Uint8        ShowColor;
  12          
  13          
  14          EN_ERR_NUM   ErrNum;
  15          
  16          _Uint8        FlagChkTime;
  17          _Flag         FlagChkFlag;
  18          
  19          _Sint16       RndSeed;
  20          
  21          
  22          /********************************************************************
  23            *
  24            * FunctionName    User_Data_Init
  25            *
  26          *********************************************************************/
  27          void User_Data_Init(void)
  28          {
  29   1        NormalMode    = Byte_Read_From_APROM(APROM_NORMAL_MODE);
  30   1        NormalColor   = Byte_Read_From_APROM(APROM_NORMAL_COLOR);
  31   1        ShowMode      = Byte_Read_From_APROM(APROM_SHOW_MODE);
  32   1        ShowColor     = Byte_Read_From_APROM(APROM_SHOW_COLOR);
  33   1      
  34   1        if (NormalMode > NORMAL_MODE_MAX){
  35   2          NormalMode = 1;
  36   2          FlashSaveFlag = TRUE;
  37   2        }
  38   1      
  39   1        if (NormalColor > NORMAL_COLOR_MAX){
  40   2          NormalColor = 0;
  41   2          FlashSaveFlag = TRUE;
  42   2        }
  43   1      
  44   1        if (ShowMode > SHOW_MODE_MAX){
  45   2          ShowMode = 1;
  46   2          FlashSaveFlag = TRUE;
  47   2        }
  48   1      
  49   1        if (ShowColor > SHOW_COLOR_MAX){
  50   2          NormalMode = 1;
  51   2          FlashSaveFlag = TRUE;
  52   2        }
  53   1      }
  54          
C51 COMPILER V9.52.0.0   DATA_PROCESS                                                      08/11/2018 17:41:13 PAGE 2   

  55          
  56          
  57          /********************************************************************
  58            *
  59            * FunctionName    Data_Process
  60            *
  61          *********************************************************************/
  62          void Data_Process(void)
  63          {
  64   1        RndSeed += 199;
  65   1        Key_Process();
  66   1      
  67   1        CSR1010_Process();
  68   1      
  69   1        Wifi_Process();
  70   1      }
  71          
  72          
  73          //-------------------------------------------------------------------
  74          // FunctionName     Key_Process
  75          //-------------------------------------------------------------------
  76          static void Key_Process(void)
  77          {
  78   1        if (KeyStatus == KEY_1_SHORT)
  79   1        {
  80   2      
  81   2        }
  82   1        else if (KeyStatus == KEY_2_SHORT)
  83   1        {
  84   2      
  85   2        }
  86   1        else
  87   1        {
  88   2          KeyStatus = KEY_IDLE;
  89   2        }
  90   1      }
  91          
  92          
  93          //-------------------------------------------------------------------
  94          // FunctionName     CSR1010_Process
  95          //-------------------------------------------------------------------
  96          static void CSR1010_Process(void)
  97          {
  98   1        static  _Uint8      TypeReplyTime;
  99   1        static  _Flag       BtInitFlag;               //bluetooth intialization' flag
 100   1        static  _Uint8      FlagBuffer  = 0xFF;
 101   1      
 102   1        /* Initialize the CSR1010's broadcast name after 3 seconds*/
 103   1        if (BtInitFlag == FALSE)
 104   1        {
 105   2          //----------------------------------------------------------------------
 106   2          // if device haven't received command FD F0 FE within 1 second after power on,
 107   2          // send the type to CSR1010
 108   2          //-----------------------------------------------------------------------
 109   2          TypeReplyTime++;
 110   2          if (TypeReplyTime >= 150)
 111   2          {
 112   3            BtInitFlag          = TRUE;
 113   3            SndData[1].SndStatus    = SND_TYPE;
 114   3          }
 115   2        }
 116   1      
C51 COMPILER V9.52.0.0   DATA_PROCESS                                                      08/11/2018 17:41:13 PAGE 3   

 117   1        //-----------------------------------------------------------------------
 118   1        // if the device haven't received any command within 300ms,
 119   1        // clear the flagstatus
 120   1        //-----------------------------------------------------------------------
 121   1        if (FlagChkFlag)
 122   1        {
 123   2          FlagChkTime++;
 124   2          if (FlagChkTime >= 15)
 125   2          {
 126   3            FlagChkTime   = 0;
 127   3            FlagBuffer    = 0xFF;
 128   3            FlagChkFlag   = FALSE;
 129   3          }
 130   2        }
 131   1      
 132   1      
 133   1      
 134   1        /* Check the received flag, when it is false, return */
 135   1        if (RcvFlag[1] == FALSE)    return;
 136   1      
 137   1      
 138   1        /* Received the command from CSR1010
 139   1         * Clear the received flag
 140   1         */
 141   1        RcvFlag[1]      = FALSE;
 142   1        FlagChkFlag   = TRUE;
 143   1        FlagChkTime   = 0;
 144   1        BtRcvDataFlag = TRUE;
 145   1      
 146   1      
 147   1        /* CSR1010 Initialize         */
 148   1        if (BtInitFlag == FALSE)
 149   1        {
 150   2          if (RcvData[1].DataBuf[0] == 0xF0)
 151   2          {
 152   3            BtInitFlag = TRUE;
 153   3            SndData[1].SndStatus    = SND_TYPE;
 154   3            return;
 155   3          }
 156   2        }
 157   1      
 158   1      
 159   1      
 160   1      
 161   1      }
 162          
 163          //-------------------------------------------------------------------
 164          // FunctionName     Wifi_Process
 165          //-------------------------------------------------------------------
 166          static void Wifi_Process(void)
 167          {
 168   1        static _Uint8   FlagByte = 0x1;
 169   1        _Flag           FlagChgFlag = FALSE;
 170   1        UART_Cmd_T      CmdBuffer;
 171   1        _Uint8          LengthBuffer;
 172   1        _Uint8          InfoBuffer;
 173   1        _Flag           ErrFlag;
 174   1      
 175   1        if (RcvFlag[0] == FALSE)    return;
 176   1        RcvFlag[0] = FALSE;
 177   1      
 178   1        CmdBuffer     = RcvData[0].DataBuf[1];
C51 COMPILER V9.52.0.0   DATA_PROCESS                                                      08/11/2018 17:41:13 PAGE 4   

 179   1        LengthBuffer  = RcvData[0].DataBuf[3];
 180   1        InfoBuffer    = RcvData[0].DataBuf[4];
 181   1      
 182   1        if (LengthBuffer > 0)
 183   1        {
 184   2          switch (CmdBuffer)
 185   2          {
 186   3            //About the wifi status
 187   3            case CMD_WIFI_STATUS:{
 188   4              if (InfoBuffer == 0x1){
 189   5                if (LedMode != LED_WIFI_STANDBY){
 190   6                  LedMode   = LED_WIFI_STANDBY;
 191   6                  LedInit   = TRUE;
 192   6                }
 193   5              }
 194   4              else if (InfoBuffer == 0x2){
 195   5                if (LedMode != LED_WIFI_DISCONNECT){
 196   6                  LedMode   = LED_WIFI_DISCONNECT;
 197   6                  LedInit   = TRUE;
 198   6                }
 199   5              }
 200   4              else if (InfoBuffer == 0x4){
 201   5                if (LedMode != LED_WIFI_CONNECTED){
 202   6                  LedMode   = LED_WIFI_CONNECTED;
 203   6                  LedInit   = TRUE;
 204   6                }
 205   5              }
 206   4            } break;
 207   3      
 208   3            //Setting specific color or theme
 209   3            case CMD_THEME_SET:{
 210   4              //Error check
 211   4              if (InfoBuffer > NORMAL_COLOR_MAX){
 212   5                ErrNum = ERR_COLOR_RANGE;
 213   5                break;
 214   5              }
 215   4      
 216   4              if (NormalMode > 0x8){
 217   5                NormalMode = 0x1;
 218   5              }
 219   4      
 220   4              //Change the color
 221   4              NormalColor = InfoBuffer;
 222   4      
 223   4              SndData[1].SndStatus  = SND_BROADCAST;
 224   4              SndData[1].DataBuf[0] = 0x3  | (FlagByte << 4);
 225   4              SndData[1].DataBuf[1] = 0x00;
 226   4              SndData[1].DataBuf[2] = 0xFF;
 227   4              SndData[1].DataBuf[3] = 0xFF;
 228   4              SndData[1].DataBuf[4] = 0x03  | (FlagByte << 4);
 229   4              SndData[1].DataBuf[5] = NormalMode;
 230   4              SndData[1].DataBuf[6] = NormalColor;
 231   4              SndData[1].DataBuf[7] = 0;
 232   4              SndData[1].DataBuf[8] = 0;
 233   4              SndData[1].DataBuf[9] = 0;
 234   4      
 235   4              FlagChgFlag = TRUE;
 236   4              FlashSaveFlag = TRUE;
 237   4              LedMode       = LED_NORMAL;
 238   4              LedInit       = TRUE;
 239   4            } break;
 240   3      
C51 COMPILER V9.52.0.0   DATA_PROCESS                                                      08/11/2018 17:41:13 PAGE 5   

 241   3      
 242   3      
 243   3            //Setting specific mode
 244   3            case CMD_NORMAL_MODE:{
 245   4              //Error check
 246   4              if (InfoBuffer > NORMAL_MODE_MAX){
 247   5                ErrNum = ERR_MODE_RANGE;
 248   5                break;
 249   5              }
 250   4      
 251   4              //Setting mode
 252   4              NormalMode = InfoBuffer + 1;
 253   4      
 254   4              SndData[1].SndStatus  = SND_BROADCAST;
 255   4              SndData[1].DataBuf[0] = 0x3  | (FlagByte << 4);
 256   4              SndData[1].DataBuf[1] = 0x00;
 257   4              SndData[1].DataBuf[2] = 0xFF;
 258   4              SndData[1].DataBuf[3] = 0xFF;
 259   4              SndData[1].DataBuf[4] = 0x03  | (FlagByte << 4);
 260   4              SndData[1].DataBuf[5] = NormalMode;
 261   4              SndData[1].DataBuf[6] = NormalColor;
 262   4              SndData[1].DataBuf[7] = 0;
 263   4              SndData[1].DataBuf[8] = 0;
 264   4              SndData[1].DataBuf[9] = 0;
 265   4      
 266   4              FlagChgFlag = TRUE;
 267   4              FlashSaveFlag = TRUE;
 268   4              LedMode       = LED_NORMAL;
 269   4              LedInit       = TRUE;
 270   4            } break;
 271   3      
 272   3      
 273   3            //Show
 274   3            case CMD_SHOW_MODE:{
 275   4              //Error check
 276   4              if (InfoBuffer > SHOW_COLOR_MAX){
 277   5                ErrNum = ERR_SHOW_RANGE;
 278   5                break;
 279   5              }
 280   4      
 281   4              //Random one mode
 282   4              srand(RndSeed);
 283   4              ShowMode = ((_Uint8)rand()) % 3 + 1;
 284   4      
 285   4              //Setting show mode
 286   4              ShowColor = InfoBuffer;
 287   4      
 288   4              SndData[1].SndStatus  = SND_BROADCAST;
 289   4              SndData[1].DataBuf[0] = 0x3  | (FlagByte << 4);
 290   4              SndData[1].DataBuf[1] = 0x00;
 291   4              SndData[1].DataBuf[2] = 0xFF;
 292   4              SndData[1].DataBuf[3] = 0xFF;
 293   4              SndData[1].DataBuf[4] = 0x0A  | (FlagByte << 4);
 294   4              SndData[1].DataBuf[5] = ShowMode;
 295   4              SndData[1].DataBuf[6] = ShowColor;
 296   4              SndData[1].DataBuf[7] = 0;
 297   4              SndData[1].DataBuf[8] = 0;
 298   4              SndData[1].DataBuf[9] = 0;
 299   4      
 300   4              FlagChgFlag = TRUE;
 301   4              FlashSaveFlag = TRUE;
 302   4              LedMode       = LED_NORMAL;
C51 COMPILER V9.52.0.0   DATA_PROCESS                                                      08/11/2018 17:41:13 PAGE 6   

 303   4              LedInit       = TRUE;
 304   4            } break;
 305   3      
 306   3      
 307   3            // Setting timer
 308   3            case CMD_TIMER_SET:{
 309   4              //Err check
 310   4      //        if (InfoBuffer > 8 || (InfoBuffer % 2 == 1)){
 311   4      //          ErrNum = ERR_TIMER_INVALID;
 312   4      //          break;
 313   4      //        }
 314   4      
 315   4              SndData[1].SndStatus  = SND_BROADCAST;
 316   4              SndData[1].DataBuf[0] = 0x3  | (FlagByte << 4);
 317   4              SndData[1].DataBuf[1] = 0x00;
 318   4              SndData[1].DataBuf[2] = 0xFF;
 319   4              SndData[1].DataBuf[3] = 0xFF;
 320   4              SndData[1].DataBuf[4] = 0x05 | (FlagByte << 4);
 321   4              SndData[1].DataBuf[5] = InfoBuffer;
 322   4              SndData[1].DataBuf[6] = 0x0;
 323   4              SndData[1].DataBuf[7] = 0;
 324   4              SndData[1].DataBuf[8] = 0;
 325   4              SndData[1].DataBuf[9] = 0;
 326   4      
 327   4              FlagChgFlag = TRUE;
 328   4              FlashSaveFlag = TRUE;
 329   4              LedMode       = LED_NORMAL;
 330   4              LedInit       = TRUE;
 331   4            } break;
 332   3      
 333   3            // Error
 334   3            default:
 335   3            {
 336   4              ErrFlag = TRUE;
 337   4            } break;
 338   3          }
 339   2        }
 340   1      
 341   1        else
 342   1        {
 343   2          // Turn Off
 344   2          if (CmdBuffer == CMD_SOCKET_OFF){
 345   3            SndData[1].SndStatus  = SND_BROADCAST;
 346   3            SndData[1].DataBuf[0] = 0x3  | (FlagByte << 4);
 347   3            SndData[1].DataBuf[1] = 0x00;
 348   3            SndData[1].DataBuf[2] = 0xFF;
 349   3            SndData[1].DataBuf[3] = 0xFF;
 350   3            SndData[1].DataBuf[4] = 0x03 | (FlagByte << 4);
 351   3            SndData[1].DataBuf[5] = 0x0;
 352   3            SndData[1].DataBuf[6] = 0x0;
 353   3            SndData[1].DataBuf[7] = 0;
 354   3            SndData[1].DataBuf[8] = 0;
 355   3            SndData[1].DataBuf[9] = 0;
 356   3      
 357   3            FlagChgFlag = TRUE;
 358   3            LedMode       = LED_NORMAL;
 359   3            LedInit       = TRUE;
 360   3          }
 361   2      
 362   2          // Turn On
 363   2          else if (CmdBuffer == CMD_SOCKET_ON){
 364   3            SndData[1].SndStatus  = SND_BROADCAST;
C51 COMPILER V9.52.0.0   DATA_PROCESS                                                      08/11/2018 17:41:13 PAGE 7   

 365   3            SndData[1].DataBuf[0] = 0x3  | (FlagByte << 4);
 366   3            SndData[1].DataBuf[1] = 0x00;
 367   3            SndData[1].DataBuf[2] = 0xFF;
 368   3            SndData[1].DataBuf[3] = 0xFF;
 369   3            SndData[1].DataBuf[4] = 0x03 | (FlagByte << 4);
 370   3            SndData[1].DataBuf[5] = 0xFF;
 371   3            SndData[1].DataBuf[6] = 0x0;
 372   3            SndData[1].DataBuf[7] = 0;
 373   3            SndData[1].DataBuf[8] = 0;
 374   3            SndData[1].DataBuf[9] = 0;
 375   3      
 376   3            FlagChgFlag = TRUE;
 377   3            LedMode       = LED_NORMAL;
 378   3            LedInit       = TRUE;
 379   3          }
 380   2      
 381   2          // Error
 382   2          else
 383   2          {
 384   3            ErrNum = ERR_CMD_INVALID;
 385   3          }
 386   2        }
 387   1      
 388   1      
 389   1        // Error occur
 390   1        if (FlagChgFlag)
 391   1        {
 392   2          FlagByte++;
 393   2          if (FlagByte > 16)  FlagByte = 1;
 394   2        }
 395   1      }


MODULE INFORMATION:   STATIC OVERLAYABLE
   CODE SIZE        =    628    ----
   CONSTANT SIZE    =   ----    ----
   XDATA SIZE       =   ----    ----
   PDATA SIZE       =   ----    ----
   DATA SIZE        =     13       3
   IDATA SIZE       =   ----    ----
   BIT SIZE         =   ----    ----
END OF MODULE INFORMATION.


C51 COMPILATION COMPLETE.  0 WARNING(S),  0 ERROR(S)
